/opt/amdgpu/share/libdrm/amdgpu.ids: No such file or directory
/opt/amdgpu/share/libdrm/amdgpu.ids: No such file or directory
/opt/amdgpu/share/libdrm/amdgpu.ids: No such file or directory
/opt/amdgpu/share/libdrm/amdgpu.ids: No such file or directory
/opt/amdgpu/share/libdrm/amdgpu.ids: No such file or directory
/opt/amdgpu/share/libdrm/amdgpu.ids: No such file or directory
/opt/amdgpu/share/libdrm/amdgpu.ids: No such file or directory
/opt/amdgpu/share/libdrm/amdgpu.ids: No such file or directory
/opt/amdgpu/share/libdrm/amdgpu.ids: No such file or directory
/opt/amdgpu/share/libdrm/amdgpu.ids: No such file or directory
/opt/amdgpu/share/libdrm/amdgpu.ids: No such file or directory
/opt/amdgpu/share/libdrm/amdgpu.ids: No such file or directory
/opt/amdgpu/share/libdrm/amdgpu.ids: No such file or directory
/opt/amdgpu/share/libdrm/amdgpu.ids: No such file or directory
/opt/amdgpu/share/libdrm/amdgpu.ids: No such file or directory
/opt/amdgpu/share/libdrm/amdgpu.ids: No such file or directory
/opt/amdgpu/share/libdrm/amdgpu.ids: No such file or directory
/opt/amdgpu/share/libdrm/amdgpu.ids: No such file or directory
/opt/amdgpu/share/libdrm/amdgpu.ids: No such file or directory
/opt/amdgpu/share/libdrm/amdgpu.ids: No such file or directory
/opt/amdgpu/share/libdrm/amdgpu.ids: No such file or directory
/opt/amdgpu/share/libdrm/amdgpu.ids: No such file or directory
/opt/amdgpu/share/libdrm/amdgpu.ids: No such file or directory
/opt/amdgpu/share/libdrm/amdgpu.ids: No such file or directory
/opt/amdgpu/share/libdrm/amdgpu.ids: No such file or directory
/opt/amdgpu/share/libdrm/amdgpu.ids: No such file or directory
/opt/amdgpu/share/libdrm/amdgpu.ids: No such file or directory
/opt/amdgpu/share/libdrm/amdgpu.ids: No such file or directory
/opt/amdgpu/share/libdrm/amdgpu.ids: No such file or directory
/opt/amdgpu/share/libdrm/amdgpu.ids: No such file or directory
/opt/amdgpu/share/libdrm/amdgpu.ids: No such file or directory
/opt/amdgpu/share/libdrm/amdgpu.ids: No such file or directory
/opt/amdgpu/share/libdrm/amdgpu.ids: No such file or directory
/opt/amdgpu/share/libdrm/amdgpu.ids: No such file or directory
/opt/amdgpu/share/libdrm/amdgpu.ids: No such file or directory
/opt/amdgpu/share/libdrm/amdgpu.ids: No such file or directory
/opt/amdgpu/share/libdrm/amdgpu.ids: No such file or directory
/opt/amdgpu/share/libdrm/amdgpu.ids: No such file or directory
/opt/amdgpu/share/libdrm/amdgpu.ids: No such file or directory
/opt/amdgpu/share/libdrm/amdgpu.ids: No such file or directory
/opt/amdgpu/share/libdrm/amdgpu.ids: No such file or directory
/opt/amdgpu/share/libdrm/amdgpu.ids: No such file or directory
/opt/amdgpu/share/libdrm/amdgpu.ids: No such file or directory
/opt/amdgpu/share/libdrm/amdgpu.ids: No such file or directory
/opt/amdgpu/share/libdrm/amdgpu.ids: No such file or directory
/opt/amdgpu/share/libdrm/amdgpu.ids: No such file or directory
/opt/amdgpu/share/libdrm/amdgpu.ids: No such file or directory
/opt/amdgpu/share/libdrm/amdgpu.ids: No such file or directory
/opt/amdgpu/share/libdrm/amdgpu.ids: No such file or directory
/opt/amdgpu/share/libdrm/amdgpu.ids: No such file or directory
/opt/amdgpu/share/libdrm/amdgpu.ids: No such file or directory
/opt/amdgpu/share/libdrm/amdgpu.ids: No such file or directory
/opt/amdgpu/share/libdrm/amdgpu.ids: No such file or directory
/opt/amdgpu/share/libdrm/amdgpu.ids: No such file or directory
/opt/amdgpu/share/libdrm/amdgpu.ids: No such file or directory
/opt/amdgpu/share/libdrm/amdgpu.ids: No such file or directory
/opt/amdgpu/share/libdrm/amdgpu.ids: No such file or directory
/opt/amdgpu/share/libdrm/amdgpu.ids: No such file or directory
/opt/amdgpu/share/libdrm/amdgpu.ids: No such file or directory
/opt/amdgpu/share/libdrm/amdgpu.ids: No such file or directory
/opt/amdgpu/share/libdrm/amdgpu.ids: No such file or directory
/opt/amdgpu/share/libdrm/amdgpu.ids: No such file or directory
/opt/amdgpu/share/libdrm/amdgpu.ids: No such file or directory
/opt/amdgpu/share/libdrm/amdgpu.ids: No such file or directory
/opt/amdgpu/share/libdrm/amdgpu.ids: No such file or directory
/opt/amdgpu/share/libdrm/amdgpu.ids: No such file or directory
/opt/amdgpu/share/libdrm/amdgpu.ids: No such file or directory
/opt/amdgpu/share/libdrm/amdgpu.ids: No such file or directory
/opt/amdgpu/share/libdrm/amdgpu.ids: No such file or directory
/opt/amdgpu/share/libdrm/amdgpu.ids: No such file or directory
/opt/amdgpu/share/libdrm/amdgpu.ids: No such file or directory
/opt/amdgpu/share/libdrm/amdgpu.ids: No such file or directory

                                                       █████                █████
                                                      ░░███                ░░███
     ████████    ██████   ████████    ██████   ██████  ░███████    ██████  ███████
    ░░███░░███  ░░░░░███ ░░███░░███  ███░░███ ███░░███ ░███░░███  ░░░░░███░░░███░
     ░███ ░███   ███████  ░███ ░███ ░███ ░███░███ ░░░  ░███ ░███   ███████  ░███
     ░███ ░███  ███░░███  ░███ ░███ ░███ ░███░███  ███ ░███ ░███  ███░░███  ░███ ███
     ████ █████░░████████ ████ █████░░██████ ░░██████  ████ █████░░███████  ░░█████
    ░░░░ ░░░░░  ░░░░░░░░ ░░░░ ░░░░░  ░░░░░░   ░░░░░░  ░░░░ ░░░░░  ░░░░░░░░   ░░░░░
    
Autodetected device type: cuda
[rank0]:[W831 08:23:17.123695598 HIPAllocatorConfig.h:40] Warning: expandable_segments not supported on this platform (function operator())
[rank3]:[W831 08:23:17.123698438 HIPAllocatorConfig.h:40] Warning: expandable_segments not supported on this platform (function operator())
[rank4]:[W831 08:23:17.123716086 HIPAllocatorConfig.h:40] Warning: expandable_segments not supported on this platform (function operator())
[rank6]:[W831 08:23:17.123724416 HIPAllocatorConfig.h:40] Warning: expandable_segments not supported on this platform (function operator())
[rank2]:[W831 08:23:17.123756913 HIPAllocatorConfig.h:40] Warning: expandable_segments not supported on this platform (function operator())
[rank7]:[W831 08:23:17.123756713 HIPAllocatorConfig.h:40] Warning: expandable_segments not supported on this platform (function operator())
[rank5]:[W831 08:23:17.123763462 HIPAllocatorConfig.h:40] Warning: expandable_segments not supported on this platform (function operator())
[rank1]:[W831 08:23:17.123789460 HIPAllocatorConfig.h:40] Warning: expandable_segments not supported on this platform (function operator())
2026-08-31 08:23:17,915 - nanochat.common - [33m[1mWARNING[0m - Peak flops undefined for: AMD Radeon Graphics, MFU will show as 0%
2026-08-31 08:23:17,915 - nanochat.common - [33m[1mWARNING[0m - Peak flops undefined for: AMD Radeon Graphics, MFU will show as 0%
2026-08-31 08:23:17,915 - nanochat.common - [33m[1mWARNING[0m - Peak flops undefined for: AMD Radeon Graphics, MFU will show as 0%
2026-08-31 08:23:17,915 - nanochat.common - [33m[1mWARNING[0m - Peak flops undefined for: AMD Radeon Graphics, MFU will show as 0%
2026-08-31 08:23:17,915 - nanochat.common - [33m[1mWARNING[0m - Peak flops undefined for: AMD Radeon Graphics, MFU will show as 0%
2026-08-31 08:23:17,915 - nanochat.common - [33m[1mWARNING[0m - Peak flops undefined for: AMD Radeon Graphics, MFU will show as 0%
2026-08-31 08:23:17,915 - nanochat.common - [33m[1mWARNING[0m - Peak flops undefined for: AMD Radeon Graphics, MFU will show as 0%
2026-08-31 08:23:17,915 - nanochat.common - [32m[1mINFO[0m - Distributed world size: 8
2026-08-31 08:23:17,915 - nanochat.common - [33m[1mWARNING[0m - Peak flops undefined for: AMD Radeon Graphics, MFU will show as 0%
GPU: AMD Radeon Graphics | Peak FLOPS (BF16): inf
COMPUTE_DTYPE: torch.bfloat16 (set via NANOCHAT_DTYPE=bfloat16)
!!!!!!!!!!!!!!!!!!!!!!!!!!!!!!!!!!!!!!!!!!!!!!!!!!!!!!!!!!!!!!!!!!!!!!!!!!!!!!!!
WARNING: Flash Attention 3 not available, using PyTorch SDPA fallback
WARNING: Training will be less efficient without FA3
WARNING: SDPA has no support for sliding window attention (window_pattern='SSSL'). Your GPU utilization will be terrible.
WARNING: Recommend using --window-pattern L for full context attention without alternating sliding window patterns.
!!!!!!!!!!!!!!!!!!!!!!!!!!!!!!!!!!!!!!!!!!!!!!!!!!!!!!!!!!!!!!!!!!!!!!!!!!!!!!!!
Vocab size: 32,768
Model config:
{
  "sequence_len": 2048,
  "vocab_size": 32768,
  "n_layer": 12,
  "n_head": 6,
  "n_kv_head": 6,
  "n_embd": 768,
  "window_pattern": "SSSL"
}
hytorch: catalog arm runs EAGER (torch.compile skipped)
hytorch: catalog arm runs EAGER (torch.compile skipped)
hytorch: catalog arm runs EAGER (torch.compile skipped)
Parameter counts:
wte                     : 25,165,824
value_embeds            : 150,994,944
lm_head                 : 25,165,824
transformer_matrices    : 84,935,088
scalars                 : 50
total                   : 286,261,730
Estimated FLOPs per token: 7.596960e+08
hytorch: catalog arm runs EAGER (torch.compile skipped)
hytorch: catalog arm runs EAGER (torch.compile skipped)
hytorch: catalog arm runs EAGER (torch.compile skipped)
Scaling LRs by 0.7071 for batch size 262,144 (reference: 524,288)
Scaling weight decay from 0.280000 to 0.197990 for depth 12
Scaling the LR for the AdamW parameters ∝1/√(768/768) = 1.000000
hytorch: catalog arm runs EAGER (torch.compile skipped)
hytorch: catalog arm runs EAGER (torch.compile skipped)
[92mSuccessfully preprocessed all matching files.[0m
Using user-provided number of iterations: 300
Total number of training tokens: 78,643,200
Tokens : Scaling params ratio: 0.71
Total training FLOPs estimate: 5.974493e+16
Tokens / micro-batch / rank: 16 x 2048 = 32,768
Tokens / micro-batch: 262,144
Total batch size 262,144 => gradient accumulation steps: 1
step 00000/00300 (0.00%) | loss: 10.397239 | lrm: 0.03 | dt: 15717.71ms | tok/sec: 16,678 | bf16_mfu: 0.00 | epoch: 1 pq: 0 rg: 8 | total time: 0.00m
step 00001/00300 (0.33%) | loss: 10.389531 | lrm: 0.05 | dt: 1642.81ms | tok/sec: 159,570 | bf16_mfu: 0.00 | epoch: 1 pq: 0 rg: 8 | total time: 0.00m
step 00002/00300 (0.67%) | loss: 10.374676 | lrm: 0.07 | dt: 1325.62ms | tok/sec: 197,751 | bf16_mfu: 0.00 | epoch: 1 pq: 0 rg: 8 | total time: 0.00m
step 00003/00300 (1.00%) | loss: nan | lrm: 0.10 | dt: 1287.86ms | tok/sec: 203,549 | bf16_mfu: 0.00 | epoch: 1 pq: 0 rg: 8 | total time: 0.00m
step 00004/00300 (1.33%) | loss: nan | lrm: 0.12 | dt: 1284.75ms | tok/sec: 204,042 | bf16_mfu: 0.00 | epoch: 1 pq: 0 rg: 8 | total time: 0.00m
step 00005/00300 (1.67%) | loss: nan | lrm: 0.15 | dt: 1295.96ms | tok/sec: 202,277 | bf16_mfu: 0.00 | epoch: 1 pq: 0 rg: 8 | total time: 0.00m
step 00006/00300 (2.00%) | loss: nan | lrm: 0.17 | dt: 1293.42ms | tok/sec: 202,675 | bf16_mfu: 0.00 | epoch: 1 pq: 0 rg: 8 | total time: 0.00m
step 00007/00300 (2.33%) | loss: nan | lrm: 0.20 | dt: 1306.26ms | tok/sec: 200,682 | bf16_mfu: 0.00 | epoch: 1 pq: 0 rg: 8 | total time: 0.00m
step 00008/00300 (2.67%) | loss: nan | lrm: 0.23 | dt: 1298.03ms | tok/sec: 201,954 | bf16_mfu: 0.00 | epoch: 1 pq: 0 rg: 8 | total time: 0.00m
step 00009/00300 (3.00%) | loss: nan | lrm: 0.25 | dt: 1299.85ms | tok/sec: 201,672 | bf16_mfu: 0.00 | epoch: 1 pq: 0 rg: 8 | total time: 0.00m
step 00010/00300 (3.33%) | loss: nan | lrm: 0.28 | dt: 1314.06ms | tok/sec: 199,491 | bf16_mfu: 0.00 | epoch: 1 pq: 0 rg: 8 | total time: 0.00m
step 00011/00300 (3.67%) | loss: nan | lrm: 0.30 | dt: 1308.31ms | tok/sec: 200,368 | bf16_mfu: 0.00 | epoch: 1 pq: 0 rg: 8 | total time: 0.02m | eta: 6.3m
step 00012/00300 (4.00%) | loss: nan | lrm: 0.33 | dt: 1310.96ms | tok/sec: 199,963 | bf16_mfu: 0.00 | epoch: 1 pq: 0 rg: 8 | total time: 0.04m | eta: 6.3m
step 00013/00300 (4.33%) | loss: nan | lrm: 0.35 | dt: 1306.08ms | tok/sec: 200,711 | bf16_mfu: 0.00 | epoch: 1 pq: 0 rg: 8 | total time: 0.07m | eta: 6.3m
step 00014/00300 (4.67%) | loss: nan | lrm: 0.38 | dt: 1311.31ms | tok/sec: 199,910 | bf16_mfu: 0.00 | epoch: 1 pq: 0 rg: 8 | total time: 0.09m | eta: 6.2m
step 00015/00300 (5.00%) | loss: nan | lrm: 0.40 | dt: 1326.05ms | tok/sec: 197,688 | bf16_mfu: 0.00 | epoch: 1 pq: 0 rg: 8 | total time: 0.11m | eta: 6.2m
step 00016/00300 (5.33%) | loss: nan | lrm: 0.42 | dt: 1310.28ms | tok/sec: 200,066 | bf16_mfu: 0.00 | epoch: 1 pq: 0 rg: 8 | total time: 0.13m | eta: 6.2m
step 00017/00300 (5.67%) | loss: nan | lrm: 0.45 | dt: 1330.69ms | tok/sec: 196,998 | bf16_mfu: 0.00 | epoch: 1 pq: 0 rg: 8 | total time: 0.15m | eta: 6.2m
step 00018/00300 (6.00%) | loss: nan | lrm: 0.47 | dt: 1321.82ms | tok/sec: 198,321 | bf16_mfu: 0.00 | epoch: 1 pq: 0 rg: 8 | total time: 0.18m | eta: 6.2m
step 00019/00300 (6.33%) | loss: nan | lrm: 0.50 | dt: 1324.57ms | tok/sec: 197,908 | bf16_mfu: 0.00 | epoch: 1 pq: 0 rg: 8 | total time: 0.20m | eta: 6.2m
step 00020/00300 (6.67%) | loss: nan | lrm: 0.53 | dt: 1340.27ms | tok/sec: 195,590 | bf16_mfu: 0.00 | epoch: 1 pq: 0 rg: 16 | total time: 0.22m | eta: 6.2m
step 00021/00300 (7.00%) | loss: nan | lrm: 0.55 | dt: 1322.11ms | tok/sec: 198,276 | bf16_mfu: 0.00 | epoch: 1 pq: 0 rg: 16 | total time: 0.24m | eta: 6.1m
step 00022/00300 (7.33%) | loss: nan | lrm: 0.57 | dt: 1333.44ms | tok/sec: 196,591 | bf16_mfu: 0.00 | epoch: 1 pq: 0 rg: 16 | total time: 0.26m | eta: 6.1m
step 00023/00300 (7.67%) | loss: nan | lrm: 0.60 | dt: 1329.89ms | tok/sec: 197,116 | bf16_mfu: 0.00 | epoch: 1 pq: 0 rg: 16 | total time: 0.29m | eta: 6.1m
step 00024/00300 (8.00%) | loss: nan | lrm: 0.62 | dt: 1340.52ms | tok/sec: 195,554 | bf16_mfu: 0.00 | epoch: 1 pq: 0 rg: 16 | total time: 0.31m | eta: 6.1m
step 00025/00300 (8.33%) | loss: nan | lrm: 0.65 | dt: 1324.48ms | tok/sec: 197,921 | bf16_mfu: 0.00 | epoch: 1 pq: 0 rg: 16 | total time: 0.33m | eta: 6.1m
step 00026/00300 (8.67%) | loss: nan | lrm: 0.68 | dt: 1340.02ms | tok/sec: 195,627 | bf16_mfu: 0.00 | epoch: 1 pq: 0 rg: 16 | total time: 0.35m | eta: 6.0m
step 00027/00300 (9.00%) | loss: nan | lrm: 0.70 | dt: 1331.02ms | tok/sec: 196,950 | bf16_mfu: 0.00 | epoch: 1 pq: 0 rg: 16 | total time: 0.38m | eta: 6.0m
step 00028/00300 (9.33%) | loss: nan | lrm: 0.72 | dt: 1329.01ms | tok/sec: 197,247 | bf16_mfu: 0.00 | epoch: 1 pq: 0 rg: 16 | total time: 0.40m | eta: 6.0m
step 00029/00300 (9.67%) | loss: nan | lrm: 0.75 | dt: 1343.32ms | tok/sec: 195,146 | bf16_mfu: 0.00 | epoch: 1 pq: 0 rg: 16 | total time: 0.42m | eta: 6.0m
step 00030/00300 (10.00%) | loss: nan | lrm: 0.78 | dt: 1327.99ms | tok/sec: 197,398 | bf16_mfu: 0.00 | epoch: 1 pq: 0 rg: 16 | total time: 0.44m | eta: 6.0m
step 00031/00300 (10.33%) | loss: nan | lrm: 0.80 | dt: 1340.26ms | tok/sec: 195,592 | bf16_mfu: 0.00 | epoch: 1 pq: 0 rg: 16 | total time: 0.46m | eta: 5.9m
step 00032/00300 (10.67%) | loss: nan | lrm: 0.82 | dt: 1329.31ms | tok/sec: 197,202 | bf16_mfu: 0.00 | epoch: 1 pq: 0 rg: 16 | total time: 0.49m | eta: 5.9m
step 00033/00300 (11.00%) | loss: nan | lrm: 0.85 | dt: 1340.91ms | tok/sec: 195,496 | bf16_mfu: 0.00 | epoch: 1 pq: 0 rg: 16 | total time: 0.51m | eta: 5.9m
step 00034/00300 (11.33%) | loss: nan | lrm: 0.88 | dt: 1331.62ms | tok/sec: 196,861 | bf16_mfu: 0.00 | epoch: 1 pq: 0 rg: 16 | total time: 0.53m | eta: 5.9m
step 00035/00300 (11.67%) | loss: nan | lrm: 0.90 | dt: 1340.33ms | tok/sec: 195,581 | bf16_mfu: 0.00 | epoch: 1 pq: 0 rg: 16 | total time: 0.55m | eta: 5.9m
step 00036/00300 (12.00%) | loss: nan | lrm: 0.93 | dt: 1334.57ms | tok/sec: 196,425 | bf16_mfu: 0.00 | epoch: 1 pq: 0 rg: 16 | total time: 0.58m | eta: 5.8m
step 00037/00300 (12.33%) | loss: nan | lrm: 0.95 | dt: 1339.97ms | tok/sec: 195,634 | bf16_mfu: 0.00 | epoch: 1 pq: 0 rg: 24 | total time: 0.60m | eta: 5.8m
step 00038/00300 (12.67%) | loss: nan | lrm: 0.97 | dt: 1330.58ms | tok/sec: 197,014 | bf16_mfu: 0.00 | epoch: 1 pq: 0 rg: 24 | total time: 0.62m | eta: 5.8m
step 00039/00300 (13.00%) | loss: nan | lrm: 1.00 | dt: 1341.63ms | tok/sec: 195,392 | bf16_mfu: 0.00 | epoch: 1 pq: 0 rg: 24 | total time: 0.64m | eta: 5.8m
step 00040/00300 (13.33%) | loss: nan | lrm: 1.00 | dt: 1329.22ms | tok/sec: 197,215 | bf16_mfu: 0.00 | epoch: 1 pq: 0 rg: 24 | total time: 0.66m | eta: 5.8m
step 00041/00300 (13.67%) | loss: nan | lrm: 1.00 | dt: 1340.95ms | tok/sec: 195,491 | bf16_mfu: 0.00 | epoch: 1 pq: 0 rg: 24 | total time: 0.69m | eta: 5.7m
step 00042/00300 (14.00%) | loss: nan | lrm: 1.00 | dt: 1330.21ms | tok/sec: 197,069 | bf16_mfu: 0.00 | epoch: 1 pq: 0 rg: 24 | total time: 0.71m | eta: 5.7m
step 00043/00300 (14.33%) | loss: nan | lrm: 1.00 | dt: 1340.09ms | tok/sec: 195,616 | bf16_mfu: 0.00 | epoch: 1 pq: 0 rg: 24 | total time: 0.73m | eta: 5.7m
step 00044/00300 (14.67%) | loss: nan | lrm: 1.00 | dt: 1336.69ms | tok/sec: 196,114 | bf16_mfu: 0.00 | epoch: 1 pq: 0 rg: 24 | total time: 0.75m | eta: 5.7m
step 00045/00300 (15.00%) | loss: nan | lrm: 1.00 | dt: 1350.13ms | tok/sec: 194,162 | bf16_mfu: 0.00 | epoch: 1 pq: 0 rg: 24 | total time: 0.78m | eta: 5.7m
step 00046/00300 (15.33%) | loss: nan | lrm: 1.00 | dt: 1333.43ms | tok/sec: 196,593 | bf16_mfu: 0.00 | epoch: 1 pq: 0 rg: 24 | total time: 0.80m | eta: 5.6m
step 00047/00300 (15.67%) | loss: nan | lrm: 1.00 | dt: 1338.37ms | tok/sec: 195,867 | bf16_mfu: 0.00 | epoch: 1 pq: 0 rg: 24 | total time: 0.82m | eta: 5.6m
step 00048/00300 (16.00%) | loss: nan | lrm: 1.00 | dt: 1333.66ms | tok/sec: 196,559 | bf16_mfu: 0.00 | epoch: 1 pq: 0 rg: 24 | total time: 0.84m | eta: 5.6m
step 00049/00300 (16.33%) | loss: nan | lrm: 1.00 | dt: 1340.84ms | tok/sec: 195,507 | bf16_mfu: 0.00 | epoch: 1 pq: 0 rg: 24 | total time: 0.87m | eta: 5.6m
step 00050/00300 (16.67%) | loss: nan | lrm: 1.00 | dt: 4114.68ms | tok/sec: 63,709 | bf16_mfu: 0.00 | epoch: 1 pq: 0 rg: 24 | total time: 0.93m | eta: 5.8m
step 00051/00300 (17.00%) | loss: nan | lrm: 1.00 | dt: 1230.59ms | tok/sec: 213,023 | bf16_mfu: 0.00 | epoch: 1 pq: 0 rg: 24 | total time: 0.95m | eta: 5.8m
step 00052/00300 (17.33%) | loss: nan | lrm: 1.00 | dt: 1223.71ms | tok/sec: 214,221 | bf16_mfu: 0.00 | epoch: 1 pq: 0 rg: 24 | total time: 0.97m | eta: 5.8m
step 00053/00300 (17.67%) | loss: nan | lrm: 1.00 | dt: 1240.21ms | tok/sec: 211,370 | bf16_mfu: 0.00 | epoch: 1 pq: 0 rg: 32 | total time: 1.00m | eta: 5.7m
step 00054/00300 (18.00%) | loss: nan | lrm: 1.00 | dt: 1225.70ms | tok/sec: 213,873 | bf16_mfu: 0.00 | epoch: 1 pq: 0 rg: 32 | total time: 1.02m | eta: 5.7m
step 00055/00300 (18.33%) | loss: nan | lrm: 1.00 | dt: 1239.00ms | tok/sec: 211,577 | bf16_mfu: 0.00 | epoch: 1 pq: 0 rg: 32 | total time: 1.04m | eta: 5.6m
step 00056/00300 (18.67%) | loss: nan | lrm: 1.00 | dt: 1230.91ms | tok/sec: 212,967 | bf16_mfu: 0.00 | epoch: 1 pq: 0 rg: 32 | total time: 1.06m | eta: 5.6m
step 00057/00300 (19.00%) | loss: nan | lrm: 1.00 | dt: 1228.67ms | tok/sec: 213,355 | bf16_mfu: 0.00 | epoch: 1 pq: 0 rg: 32 | total time: 1.08m | eta: 5.6m
step 00058/00300 (19.33%) | loss: nan | lrm: 1.00 | dt: 1222.64ms | tok/sec: 214,407 | bf16_mfu: 0.00 | epoch: 1 pq: 0 rg: 32 | total time: 1.10m | eta: 5.5m
step 00059/00300 (19.67%) | loss: nan | lrm: 1.00 | dt: 1266.76ms | tok/sec: 206,939 | bf16_mfu: 0.00 | epoch: 1 pq: 0 rg: 32 | total time: 1.12m | eta: 5.5m
step 00060/00300 (20.00%) | loss: nan | lrm: 1.00 | dt: 1241.68ms | tok/sec: 211,121 | bf16_mfu: 0.00 | epoch: 1 pq: 0 rg: 32 | total time: 1.14m | eta: 5.5m
step 00061/00300 (20.33%) | loss: nan | lrm: 1.00 | dt: 1254.04ms | tok/sec: 209,040 | bf16_mfu: 0.00 | epoch: 1 pq: 0 rg: 32 | total time: 1.16m | eta: 5.4m
step 00062/00300 (20.67%) | loss: nan | lrm: 1.00 | dt: 1231.61ms | tok/sec: 212,847 | bf16_mfu: 0.00 | epoch: 1 pq: 0 rg: 32 | total time: 1.18m | eta: 5.4m
step 00063/00300 (21.00%) | loss: nan | lrm: 1.00 | dt: 1266.21ms | tok/sec: 207,030 | bf16_mfu: 0.00 | epoch: 1 pq: 0 rg: 32 | total time: 1.20m | eta: 5.4m
step 00064/00300 (21.33%) | loss: nan | lrm: 1.00 | dt: 1234.09ms | tok/sec: 212,418 | bf16_mfu: 0.00 | epoch: 1 pq: 0 rg: 32 | total time: 1.22m | eta: 5.3m
step 00065/00300 (21.67%) | loss: nan | lrm: 1.00 | dt: 1252.60ms | tok/sec: 209,280 | bf16_mfu: 0.00 | epoch: 1 pq: 0 rg: 32 | total time: 1.24m | eta: 5.3m
step 00066/00300 (22.00%) | loss: nan | lrm: 1.00 | dt: 1236.48ms | tok/sec: 212,008 | bf16_mfu: 0.00 | epoch: 1 pq: 0 rg: 32 | total time: 1.26m | eta: 5.3m
step 00067/00300 (22.33%) | loss: nan | lrm: 1.00 | dt: 1249.35ms | tok/sec: 209,824 | bf16_mfu: 0.00 | epoch: 1 pq: 0 rg: 32 | total time: 1.29m | eta: 5.3m
step 00068/00300 (22.67%) | loss: nan | lrm: 1.00 | dt: 1257.06ms | tok/sec: 208,537 | bf16_mfu: 0.00 | epoch: 1 pq: 0 rg: 32 | total time: 1.31m | eta: 5.2m
step 00069/00300 (23.00%) | loss: nan | lrm: 1.00 | dt: 1244.54ms | tok/sec: 210,635 | bf16_mfu: 0.00 | epoch: 1 pq: 0 rg: 40 | total time: 1.33m | eta: 5.2m
step 00070/00300 (23.33%) | loss: nan | lrm: 1.00 | dt: 1243.41ms | tok/sec: 210,827 | bf16_mfu: 0.00 | epoch: 1 pq: 0 rg: 40 | total time: 1.35m | eta: 5.2m
step 00071/00300 (23.67%) | loss: nan | lrm: 1.00 | dt: 1242.42ms | tok/sec: 210,994 | bf16_mfu: 0.00 | epoch: 1 pq: 0 rg: 40 | total time: 1.37m | eta: 5.1m
step 00072/00300 (24.00%) | loss: nan | lrm: 1.00 | dt: 1243.57ms | tok/sec: 210,800 | bf16_mfu: 0.00 | epoch: 1 pq: 0 rg: 40 | total time: 1.39m | eta: 5.1m
step 00073/00300 (24.33%) | loss: nan | lrm: 1.00 | dt: 1242.37ms | tok/sec: 211,003 | bf16_mfu: 0.00 | epoch: 1 pq: 0 rg: 40 | total time: 1.41m | eta: 5.1m
step 00074/00300 (24.67%) | loss: nan | lrm: 1.00 | dt: 1232.08ms | tok/sec: 212,765 | bf16_mfu: 0.00 | epoch: 1 pq: 0 rg: 40 | total time: 1.43m | eta: 5.1m
step 00075/00300 (25.00%) | loss: nan | lrm: 1.00 | dt: 1248.11ms | tok/sec: 210,032 | bf16_mfu: 0.00 | epoch: 1 pq: 0 rg: 40 | total time: 1.45m | eta: 5.0m
step 00076/00300 (25.33%) | loss: nan | lrm: 1.00 | dt: 1305.11ms | tok/sec: 200,859 | bf16_mfu: 0.00 | epoch: 1 pq: 0 rg: 40 | total time: 1.47m | eta: 5.0m
step 00077/00300 (25.67%) | loss: nan | lrm: 1.00 | dt: 1242.50ms | tok/sec: 210,980 | bf16_mfu: 0.00 | epoch: 1 pq: 0 rg: 40 | total time: 1.49m | eta: 5.0m
step 00078/00300 (26.00%) | loss: nan | lrm: 1.00 | dt: 1231.18ms | tok/sec: 212,921 | bf16_mfu: 0.00 | epoch: 1 pq: 0 rg: 40 | total time: 1.51m | eta: 4.9m
step 00079/00300 (26.33%) | loss: nan | lrm: 1.00 | dt: 1242.11ms | tok/sec: 211,047 | bf16_mfu: 0.00 | epoch: 1 pq: 0 rg: 40 | total time: 1.53m | eta: 4.9m
step 00080/00300 (26.67%) | loss: nan | lrm: 1.00 | dt: 1233.91ms | tok/sec: 212,450 | bf16_mfu: 0.00 | epoch: 1 pq: 0 rg: 40 | total time: 1.56m | eta: 4.9m
step 00081/00300 (27.00%) | loss: nan | lrm: 1.00 | dt: 1241.76ms | tok/sec: 211,107 | bf16_mfu: 0.00 | epoch: 1 pq: 0 rg: 40 | total time: 1.58m | eta: 4.9m
step 00082/00300 (27.33%) | loss: nan | lrm: 1.00 | dt: 1246.30ms | tok/sec: 210,337 | bf16_mfu: 0.00 | epoch: 1 pq: 0 rg: 40 | total time: 1.60m | eta: 4.8m
step 00083/00300 (27.67%) | loss: nan | lrm: 1.00 | dt: 1227.97ms | tok/sec: 213,477 | bf16_mfu: 0.00 | epoch: 1 pq: 0 rg: 40 | total time: 1.62m | eta: 4.8m
step 00084/00300 (28.00%) | loss: nan | lrm: 1.00 | dt: 1245.84ms | tok/sec: 210,414 | bf16_mfu: 0.00 | epoch: 1 pq: 0 rg: 48 | total time: 1.64m | eta: 4.8m
step 00085/00300 (28.33%) | loss: nan | lrm: 1.00 | dt: 1231.63ms | tok/sec: 212,843 | bf16_mfu: 0.00 | epoch: 1 pq: 0 rg: 48 | total time: 1.66m | eta: 4.8m
step 00086/00300 (28.67%) | loss: nan | lrm: 1.00 | dt: 1238.11ms | tok/sec: 211,729 | bf16_mfu: 0.00 | epoch: 1 pq: 0 rg: 48 | total time: 1.68m | eta: 4.7m
step 00087/00300 (29.00%) | loss: nan | lrm: 1.00 | dt: 1239.75ms | tok/sec: 211,448 | bf16_mfu: 0.00 | epoch: 1 pq: 0 rg: 48 | total time: 1.70m | eta: 4.7m
step 00088/00300 (29.33%) | loss: nan | lrm: 1.00 | dt: 1243.57ms | tok/sec: 210,799 | bf16_mfu: 0.00 | epoch: 1 pq: 0 rg: 48 | total time: 1.72m | eta: 4.7m
step 00089/00300 (29.67%) | loss: nan | lrm: 1.00 | dt: 1235.86ms | tok/sec: 212,114 | bf16_mfu: 0.00 | epoch: 1 pq: 0 rg: 48 | total time: 1.74m | eta: 4.7m
step 00090/00300 (30.00%) | loss: nan | lrm: 1.00 | dt: 1243.59ms | tok/sec: 210,796 | bf16_mfu: 0.00 | epoch: 1 pq: 0 rg: 48 | total time: 1.76m | eta: 4.6m
step 00091/00300 (30.33%) | loss: nan | lrm: 1.00 | dt: 1231.25ms | tok/sec: 212,908 | bf16_mfu: 0.00 | epoch: 1 pq: 0 rg: 48 | total time: 1.78m | eta: 4.6m
step 00092/00300 (30.67%) | loss: nan | lrm: 1.00 | dt: 1246.93ms | tok/sec: 210,231 | bf16_mfu: 0.00 | epoch: 1 pq: 0 rg: 48 | total time: 1.80m | eta: 4.6m
step 00093/00300 (31.00%) | loss: nan | lrm: 1.00 | dt: 1231.33ms | tok/sec: 212,895 | bf16_mfu: 0.00 | epoch: 1 pq: 0 rg: 48 | total time: 1.82m | eta: 4.5m
step 00094/00300 (31.33%) | loss: nan | lrm: 1.00 | dt: 1242.22ms | tok/sec: 211,029 | bf16_mfu: 0.00 | epoch: 1 pq: 0 rg: 48 | total time: 1.84m | eta: 4.5m
step 00095/00300 (31.67%) | loss: nan | lrm: 1.00 | dt: 1240.10ms | tok/sec: 211,388 | bf16_mfu: 0.00 | epoch: 1 pq: 0 rg: 48 | total time: 1.86m | eta: 4.5m
step 00096/00300 (32.00%) | loss: nan | lrm: 1.00 | dt: 1231.29ms | tok/sec: 212,902 | bf16_mfu: 0.00 | epoch: 1 pq: 0 rg: 48 | total time: 1.89m | eta: 4.5m
step 00097/00300 (32.33%) | loss: nan | lrm: 1.00 | dt: 1235.39ms | tok/sec: 212,194 | bf16_mfu: 0.00 | epoch: 1 pq: 0 rg: 48 | total time: 1.91m | eta: 4.4m
step 00098/00300 (32.67%) | loss: nan | lrm: 1.00 | dt: 1223.79ms | tok/sec: 214,207 | bf16_mfu: 0.00 | epoch: 1 pq: 0 rg: 48 | total time: 1.93m | eta: 4.4m
step 00099/00300 (33.00%) | loss: nan | lrm: 1.00 | dt: 1234.71ms | tok/sec: 212,312 | bf16_mfu: 0.00 | epoch: 1 pq: 0 rg: 56 | total time: 1.95m | eta: 4.4m
step 00100/00300 (33.33%) | loss: nan | lrm: 1.00 | dt: 3554.04ms | tok/sec: 73,759 | bf16_mfu: 0.00 | epoch: 1 pq: 0 rg: 56 | total time: 2.01m | eta: 4.5m
step 00101/00300 (33.67%) | loss: nan | lrm: 1.00 | dt: 1226.08ms | tok/sec: 213,806 | bf16_mfu: 0.00 | epoch: 1 pq: 0 rg: 56 | total time: 2.03m | eta: 4.4m
step 00102/00300 (34.00%) | loss: nan | lrm: 1.00 | dt: 1224.30ms | tok/sec: 214,117 | bf16_mfu: 0.00 | epoch: 1 pq: 0 rg: 56 | total time: 2.05m | eta: 4.4m
step 00103/00300 (34.33%) | loss: nan | lrm: 1.00 | dt: 1242.59ms | tok/sec: 210,965 | bf16_mfu: 0.00 | epoch: 1 pq: 0 rg: 56 | total time: 2.07m | eta: 4.4m
step 00104/00300 (34.67%) | loss: nan | lrm: 1.00 | dt: 1231.20ms | tok/sec: 212,918 | bf16_mfu: 0.00 | epoch: 1 pq: 0 rg: 56 | total time: 2.09m | eta: 4.4m
step 00105/00300 (35.00%) | loss: nan | lrm: 1.00 | dt: 1232.04ms | tok/sec: 212,772 | bf16_mfu: 0.00 | epoch: 1 pq: 0 rg: 56 | total time: 2.11m | eta: 4.3m
step 00106/00300 (35.33%) | loss: nan | lrm: 1.00 | dt: 1231.93ms | tok/sec: 212,790 | bf16_mfu: 0.00 | epoch: 1 pq: 0 rg: 56 | total time: 2.13m | eta: 4.3m
step 00107/00300 (35.67%) | loss: nan | lrm: 0.99 | dt: 1236.36ms | tok/sec: 212,029 | bf16_mfu: 0.00 | epoch: 1 pq: 0 rg: 56 | total time: 2.15m | eta: 4.3m
step 00108/00300 (36.00%) | loss: nan | lrm: 0.99 | dt: 1225.52ms | tok/sec: 213,904 | bf16_mfu: 0.00 | epoch: 1 pq: 0 rg: 56 | total time: 2.17m | eta: 4.3m
step 00109/00300 (36.33%) | loss: nan | lrm: 0.98 | dt: 1241.35ms | tok/sec: 211,176 | bf16_mfu: 0.00 | epoch: 1 pq: 0 rg: 56 | total time: 2.19m | eta: 4.2m
step 00110/00300 (36.67%) | loss: nan | lrm: 0.98 | dt: 1247.39ms | tok/sec: 210,153 | bf16_mfu: 0.00 | epoch: 1 pq: 0 rg: 56 | total time: 2.21m | eta: 4.2m
step 00111/00300 (37.00%) | loss: nan | lrm: 0.97 | dt: 1239.26ms | tok/sec: 211,532 | bf16_mfu: 0.00 | epoch: 1 pq: 0 rg: 56 | total time: 2.23m | eta: 4.2m
step 00112/00300 (37.33%) | loss: nan | lrm: 0.97 | dt: 1244.85ms | tok/sec: 210,582 | bf16_mfu: 0.00 | epoch: 1 pq: 0 rg: 56 | total time: 2.25m | eta: 4.2m
step 00113/00300 (37.67%) | loss: nan | lrm: 0.96 | dt: 1240.84ms | tok/sec: 211,262 | bf16_mfu: 0.00 | epoch: 1 pq: 0 rg: 56 | total time: 2.27m | eta: 4.1m
step 00114/00300 (38.00%) | loss: nan | lrm: 0.96 | dt: 1254.42ms | tok/sec: 208,975 | bf16_mfu: 0.00 | epoch: 1 pq: 0 rg: 64 | total time: 2.29m | eta: 4.1m
step 00115/00300 (38.33%) | loss: nan | lrm: 0.95 | dt: 1237.02ms | tok/sec: 211,915 | bf16_mfu: 0.00 | epoch: 1 pq: 0 rg: 64 | total time: 2.32m | eta: 4.1m
step 00116/00300 (38.67%) | loss: nan | lrm: 0.95 | dt: 1259.17ms | tok/sec: 208,188 | bf16_mfu: 0.00 | epoch: 1 pq: 0 rg: 64 | total time: 2.34m | eta: 4.1m
step 00117/00300 (39.00%) | loss: nan | lrm: 0.94 | dt: 1253.95ms | tok/sec: 209,053 | bf16_mfu: 0.00 | epoch: 1 pq: 0 rg: 64 | total time: 2.36m | eta: 4.0m
step 00118/00300 (39.33%) | loss: nan | lrm: 0.94 | dt: 1243.88ms | tok/sec: 210,746 | bf16_mfu: 0.00 | epoch: 1 pq: 0 rg: 64 | total time: 2.38m | eta: 4.0m
step 00119/00300 (39.67%) | loss: nan | lrm: 0.93 | dt: 1238.83ms | tok/sec: 211,605 | bf16_mfu: 0.00 | epoch: 1 pq: 0 rg: 64 | total time: 2.40m | eta: 4.0m
step 00120/00300 (40.00%) | loss: nan | lrm: 0.93 | dt: 1259.08ms | tok/sec: 208,202 | bf16_mfu: 0.00 | epoch: 1 pq: 0 rg: 64 | total time: 2.42m | eta: 4.0m
step 00121/00300 (40.33%) | loss: nan | lrm: 0.92 | dt: 1235.59ms | tok/sec: 212,161 | bf16_mfu: 0.00 | epoch: 1 pq: 0 rg: 64 | total time: 2.44m | eta: 3.9m
step 00122/00300 (40.67%) | loss: nan | lrm: 0.92 | dt: 1247.98ms | tok/sec: 210,054 | bf16_mfu: 0.00 | epoch: 1 pq: 0 rg: 64 | total time: 2.46m | eta: 3.9m
step 00123/00300 (41.00%) | loss: nan | lrm: 0.91 | dt: 1237.32ms | tok/sec: 211,864 | bf16_mfu: 0.00 | epoch: 1 pq: 0 rg: 64 | total time: 2.48m | eta: 3.9m
step 00124/00300 (41.33%) | loss: nan | lrm: 0.91 | dt: 1297.40ms | tok/sec: 202,053 | bf16_mfu: 0.00 | epoch: 1 pq: 0 rg: 64 | total time: 2.50m | eta: 3.9m
step 00125/00300 (41.67%) | loss: nan | lrm: 0.90 | dt: 1245.02ms | tok/sec: 210,554 | bf16_mfu: 0.00 | epoch: 1 pq: 0 rg: 64 | total time: 2.52m | eta: 3.8m
step 00126/00300 (42.00%) | loss: nan | lrm: 0.90 | dt: 1235.56ms | tok/sec: 212,165 | bf16_mfu: 0.00 | epoch: 1 pq: 0 rg: 64 | total time: 2.54m | eta: 3.8m
step 00127/00300 (42.33%) | loss: nan | lrm: 0.89 | dt: 1251.57ms | tok/sec: 209,452 | bf16_mfu: 0.00 | epoch: 1 pq: 0 rg: 64 | total time: 2.57m | eta: 3.8m
step 00128/00300 (42.67%) | loss: nan | lrm: 0.89 | dt: 1240.37ms | tok/sec: 211,343 | bf16_mfu: 0.00 | epoch: 1 pq: 0 rg: 64 | total time: 2.59m | eta: 3.8m
step 00129/00300 (43.00%) | loss: nan | lrm: 0.88 | dt: 1276.55ms | tok/sec: 205,353 | bf16_mfu: 0.00 | epoch: 1 pq: 0 rg: 72 | total time: 2.61m | eta: 3.7m
step 00130/00300 (43.33%) | loss: nan | lrm: 0.88 | dt: 1241.68ms | tok/sec: 211,119 | bf16_mfu: 0.00 | epoch: 1 pq: 0 rg: 72 | total time: 2.63m | eta: 3.7m
step 00131/00300 (43.67%) | loss: nan | lrm: 0.87 | dt: 1247.98ms | tok/sec: 210,055 | bf16_mfu: 0.00 | epoch: 1 pq: 0 rg: 72 | total time: 2.65m | eta: 3.7m
step 00132/00300 (44.00%) | loss: nan | lrm: 0.87 | dt: 1239.22ms | tok/sec: 211,539 | bf16_mfu: 0.00 | epoch: 1 pq: 0 rg: 72 | total time: 2.67m | eta: 3.7m
step 00133/00300 (44.33%) | loss: nan | lrm: 0.86 | dt: 1248.24ms | tok/sec: 210,011 | bf16_mfu: 0.00 | epoch: 1 pq: 0 rg: 72 | total time: 2.69m | eta: 3.7m
step 00134/00300 (44.67%) | loss: nan | lrm: 0.86 | dt: 1238.08ms | tok/sec: 211,734 | bf16_mfu: 0.00 | epoch: 1 pq: 0 rg: 72 | total time: 2.71m | eta: 3.6m
step 00135/00300 (45.00%) | loss: nan | lrm: 0.85 | dt: 1247.62ms | tok/sec: 210,115 | bf16_mfu: 0.00 | epoch: 1 pq: 0 rg: 72 | total time: 2.73m | eta: 3.6m
step 00136/00300 (45.33%) | loss: nan | lrm: 0.85 | dt: 1245.20ms | tok/sec: 210,523 | bf16_mfu: 0.00 | epoch: 1 pq: 0 rg: 72 | total time: 2.75m | eta: 3.6m
step 00137/00300 (45.67%) | loss: nan | lrm: 0.84 | dt: 1247.38ms | tok/sec: 210,155 | bf16_mfu: 0.00 | epoch: 1 pq: 0 rg: 72 | total time: 2.77m | eta: 3.6m
step 00138/00300 (46.00%) | loss: nan | lrm: 0.84 | dt: 1252.85ms | tok/sec: 209,237 | bf16_mfu: 0.00 | epoch: 1 pq: 0 rg: 72 | total time: 2.79m | eta: 3.5m
step 00139/00300 (46.33%) | loss: nan | lrm: 0.83 | dt: 1247.01ms | tok/sec: 210,217 | bf16_mfu: 0.00 | epoch: 1 pq: 0 rg: 72 | total time: 2.82m | eta: 3.5m
step 00140/00300 (46.67%) | loss: nan | lrm: 0.83 | dt: 1234.42ms | tok/sec: 212,361 | bf16_mfu: 0.00 | epoch: 1 pq: 0 rg: 72 | total time: 2.84m | eta: 3.5m
step 00141/00300 (47.00%) | loss: nan | lrm: 0.82 | dt: 1242.90ms | tok/sec: 210,912 | bf16_mfu: 0.00 | epoch: 1 pq: 0 rg: 72 | total time: 2.86m | eta: 3.5m
step 00142/00300 (47.33%) | loss: nan | lrm: 0.82 | dt: 1233.35ms | tok/sec: 212,546 | bf16_mfu: 0.00 | epoch: 1 pq: 0 rg: 72 | total time: 2.88m | eta: 3.4m
step 00143/00300 (47.67%) | loss: nan | lrm: 0.81 | dt: 1238.26ms | tok/sec: 211,703 | bf16_mfu: 0.00 | epoch: 1 pq: 0 rg: 72 | total time: 2.90m | eta: 3.4m
step 00144/00300 (48.00%) | loss: nan | lrm: 0.81 | dt: 1226.98ms | tok/sec: 213,649 | bf16_mfu: 0.00 | epoch: 1 pq: 0 rg: 72 | total time: 2.92m | eta: 3.4m
step 00145/00300 (48.33%) | loss: nan | lrm: 0.81 | dt: 1246.54ms | tok/sec: 210,297 | bf16_mfu: 0.00 | epoch: 1 pq: 0 rg: 80 | total time: 2.94m | eta: 3.4m
step 00146/00300 (48.67%) | loss: nan | lrm: 0.80 | dt: 1230.61ms | tok/sec: 213,018 | bf16_mfu: 0.00 | epoch: 1 pq: 0 rg: 80 | total time: 2.96m | eta: 3.4m
step 00147/00300 (49.00%) | loss: nan | lrm: 0.80 | dt: 1242.04ms | tok/sec: 211,058 | bf16_mfu: 0.00 | epoch: 1 pq: 0 rg: 80 | total time: 2.98m | eta: 3.3m
step 00148/00300 (49.33%) | loss: nan | lrm: 0.79 | dt: 1233.78ms | tok/sec: 212,472 | bf16_mfu: 0.00 | epoch: 1 pq: 0 rg: 80 | total time: 3.00m | eta: 3.3m
step 00149/00300 (49.67%) | loss: nan | lrm: 0.79 | dt: 1235.73ms | tok/sec: 212,136 | bf16_mfu: 0.00 | epoch: 1 pq: 0 rg: 80 | total time: 3.02m | eta: 3.3m
step 00150/00300 (50.00%) | loss: nan | lrm: 0.78 | dt: 3491.05ms | tok/sec: 75,090 | bf16_mfu: 0.00 | epoch: 1 pq: 0 rg: 80 | total time: 3.08m | eta: 3.3m
step 00151/00300 (50.33%) | loss: nan | lrm: 0.78 | dt: 1219.36ms | tok/sec: 214,985 | bf16_mfu: 0.00 | epoch: 1 pq: 0 rg: 80 | total time: 3.10m | eta: 3.3m
step 00152/00300 (50.67%) | loss: nan | lrm: 0.77 | dt: 1238.59ms | tok/sec: 211,647 | bf16_mfu: 0.00 | epoch: 1 pq: 0 rg: 80 | total time: 3.12m | eta: 3.3m
step 00153/00300 (51.00%) | loss: nan | lrm: 0.77 | dt: 1228.06ms | tok/sec: 213,462 | bf16_mfu: 0.00 | epoch: 1 pq: 0 rg: 80 | total time: 3.14m | eta: 3.2m
step 00154/00300 (51.33%) | loss: nan | lrm: 0.76 | dt: 1240.87ms | tok/sec: 211,258 | bf16_mfu: 0.00 | epoch: 1 pq: 0 rg: 80 | total time: 3.16m | eta: 3.2m
step 00155/00300 (51.67%) | loss: nan | lrm: 0.76 | dt: 1226.60ms | tok/sec: 213,715 | bf16_mfu: 0.00 | epoch: 1 pq: 0 rg: 80 | total time: 3.18m | eta: 3.2m
step 00156/00300 (52.00%) | loss: nan | lrm: 0.75 | dt: 1233.52ms | tok/sec: 212,516 | bf16_mfu: 0.00 | epoch: 1 pq: 0 rg: 80 | total time: 3.20m | eta: 3.2m
step 00157/00300 (52.33%) | loss: nan | lrm: 0.75 | dt: 1239.01ms | tok/sec: 211,574 | bf16_mfu: 0.00 | epoch: 1 pq: 0 rg: 80 | total time: 3.22m | eta: 3.1m
step 00158/00300 (52.67%) | loss: nan | lrm: 0.74 | dt: 1237.80ms | tok/sec: 211,782 | bf16_mfu: 0.00 | epoch: 1 pq: 0 rg: 80 | total time: 3.24m | eta: 3.1m
step 00159/00300 (53.00%) | loss: nan | lrm: 0.74 | dt: 1237.70ms | tok/sec: 211,799 | bf16_mfu: 0.00 | epoch: 1 pq: 0 rg: 80 | total time: 3.26m | eta: 3.1m
step 00160/00300 (53.33%) | loss: nan | lrm: 0.73 | dt: 1254.90ms | tok/sec: 208,896 | bf16_mfu: 0.00 | epoch: 1 pq: 1 rg: 0 | total time: 3.29m | eta: 3.1m
step 00161/00300 (53.67%) | loss: nan | lrm: 0.73 | dt: 1242.26ms | tok/sec: 211,021 | bf16_mfu: 0.00 | epoch: 1 pq: 1 rg: 0 | total time: 3.31m | eta: 3.0m
step 00162/00300 (54.00%) | loss: nan | lrm: 0.72 | dt: 1249.17ms | tok/sec: 209,853 | bf16_mfu: 0.00 | epoch: 1 pq: 1 rg: 0 | total time: 3.33m | eta: 3.0m
step 00163/00300 (54.33%) | loss: nan | lrm: 0.72 | dt: 1243.37ms | tok/sec: 210,833 | bf16_mfu: 0.00 | epoch: 1 pq: 1 rg: 0 | total time: 3.35m | eta: 3.0m
step 00164/00300 (54.67%) | loss: nan | lrm: 0.71 | dt: 1243.99ms | tok/sec: 210,728 | bf16_mfu: 0.00 | epoch: 1 pq: 1 rg: 0 | total time: 3.37m | eta: 3.0m
step 00165/00300 (55.00%) | loss: nan | lrm: 0.71 | dt: 1236.65ms | tok/sec: 211,979 | bf16_mfu: 0.00 | epoch: 1 pq: 1 rg: 0 | total time: 3.39m | eta: 3.0m
step 00166/00300 (55.33%) | loss: nan | lrm: 0.70 | dt: 1238.39ms | tok/sec: 211,681 | bf16_mfu: 0.00 | epoch: 1 pq: 1 rg: 0 | total time: 3.41m | eta: 2.9m
step 00167/00300 (55.67%) | loss: nan | lrm: 0.70 | dt: 1242.17ms | tok/sec: 211,037 | bf16_mfu: 0.00 | epoch: 1 pq: 1 rg: 0 | total time: 3.43m | eta: 2.9m
step 00168/00300 (56.00%) | loss: nan | lrm: 0.69 | dt: 1231.52ms | tok/sec: 212,862 | bf16_mfu: 0.00 | epoch: 1 pq: 1 rg: 0 | total time: 3.45m | eta: 2.9m
step 00169/00300 (56.33%) | loss: nan | lrm: 0.69 | dt: 1237.40ms | tok/sec: 211,850 | bf16_mfu: 0.00 | epoch: 1 pq: 1 rg: 0 | total time: 3.47m | eta: 2.9m
step 00170/00300 (56.67%) | loss: nan | lrm: 0.68 | dt: 1236.12ms | tok/sec: 212,069 | bf16_mfu: 0.00 | epoch: 1 pq: 1 rg: 0 | total time: 3.49m | eta: 2.8m
step 00171/00300 (57.00%) | loss: nan | lrm: 0.68 | dt: 1237.53ms | tok/sec: 211,828 | bf16_mfu: 0.00 | epoch: 1 pq: 1 rg: 0 | total time: 3.51m | eta: 2.8m
step 00172/00300 (57.33%) | loss: nan | lrm: 0.67 | dt: 1241.32ms | tok/sec: 211,181 | bf16_mfu: 0.00 | epoch: 1 pq: 1 rg: 0 | total time: 3.53m | eta: 2.8m
step 00173/00300 (57.67%) | loss: nan | lrm: 0.67 | dt: 1230.82ms | tok/sec: 212,984 | bf16_mfu: 0.00 | epoch: 1 pq: 1 rg: 0 | total time: 3.55m | eta: 2.8m
step 00174/00300 (58.00%) | loss: nan | lrm: 0.66 | dt: 1242.03ms | tok/sec: 211,061 | bf16_mfu: 0.00 | epoch: 1 pq: 1 rg: 0 | total time: 3.57m | eta: 2.7m
step 00175/00300 (58.33%) | loss: nan | lrm: 0.66 | dt: 1252.29ms | tok/sec: 209,331 | bf16_mfu: 0.00 | epoch: 1 pq: 1 rg: 8 | total time: 3.60m | eta: 2.7m
step 00176/00300 (58.67%) | loss: nan | lrm: 0.65 | dt: 1241.76ms | tok/sec: 211,106 | bf16_mfu: 0.00 | epoch: 1 pq: 1 rg: 8 | total time: 3.62m | eta: 2.7m
step 00177/00300 (59.00%) | loss: nan | lrm: 0.65 | dt: 1236.86ms | tok/sec: 211,943 | bf16_mfu: 0.00 | epoch: 1 pq: 1 rg: 8 | total time: 3.64m | eta: 2.7m
step 00178/00300 (59.33%) | loss: nan | lrm: 0.64 | dt: 1246.64ms | tok/sec: 210,280 | bf16_mfu: 0.00 | epoch: 1 pq: 1 rg: 8 | total time: 3.66m | eta: 2.7m
step 00179/00300 (59.67%) | loss: nan | lrm: 0.64 | dt: 1233.51ms | tok/sec: 212,519 | bf16_mfu: 0.00 | epoch: 1 pq: 1 rg: 8 | total time: 3.68m | eta: 2.6m
step 00180/00300 (60.00%) | loss: nan | lrm: 0.63 | dt: 1240.58ms | tok/sec: 211,307 | bf16_mfu: 0.00 | epoch: 1 pq: 1 rg: 8 | total time: 3.70m | eta: 2.6m
step 00181/00300 (60.33%) | loss: nan | lrm: 0.63 | dt: 1237.72ms | tok/sec: 211,796 | bf16_mfu: 0.00 | epoch: 1 pq: 1 rg: 8 | total time: 3.72m | eta: 2.6m
step 00182/00300 (60.67%) | loss: nan | lrm: 0.62 | dt: 1243.35ms | tok/sec: 210,836 | bf16_mfu: 0.00 | epoch: 1 pq: 1 rg: 8 | total time: 3.74m | eta: 2.6m
step 00183/00300 (61.00%) | loss: nan | lrm: 0.62 | dt: 1232.32ms | tok/sec: 212,724 | bf16_mfu: 0.00 | epoch: 1 pq: 1 rg: 8 | total time: 3.76m | eta: 2.5m
step 00184/00300 (61.33%) | loss: nan | lrm: 0.62 | dt: 1239.25ms | tok/sec: 211,534 | bf16_mfu: 0.00 | epoch: 1 pq: 1 rg: 8 | total time: 3.78m | eta: 2.5m
step 00185/00300 (61.67%) | loss: nan | lrm: 0.61 | dt: 1230.37ms | tok/sec: 213,060 | bf16_mfu: 0.00 | epoch: 1 pq: 1 rg: 8 | total time: 3.80m | eta: 2.5m
step 00186/00300 (62.00%) | loss: nan | lrm: 0.61 | dt: 1238.90ms | tok/sec: 211,594 | bf16_mfu: 0.00 | epoch: 1 pq: 1 rg: 8 | total time: 3.82m | eta: 2.5m
step 00187/00300 (62.33%) | loss: nan | lrm: 0.60 | dt: 1246.18ms | tok/sec: 210,357 | bf16_mfu: 0.00 | epoch: 1 pq: 1 rg: 8 | total time: 3.84m | eta: 2.5m
step 00188/00300 (62.67%) | loss: nan | lrm: 0.60 | dt: 1242.77ms | tok/sec: 210,935 | bf16_mfu: 0.00 | epoch: 1 pq: 1 rg: 8 | total time: 3.86m | eta: 2.4m
step 00189/00300 (63.00%) | loss: nan | lrm: 0.59 | dt: 1250.10ms | tok/sec: 209,698 | bf16_mfu: 0.00 | epoch: 1 pq: 1 rg: 16 | total time: 3.88m | eta: 2.4m
step 00190/00300 (63.33%) | loss: nan | lrm: 0.59 | dt: 1247.63ms | tok/sec: 210,113 | bf16_mfu: 0.00 | epoch: 1 pq: 1 rg: 16 | total time: 3.91m | eta: 2.4m
step 00191/00300 (63.67%) | loss: nan | lrm: 0.58 | dt: 1244.49ms | tok/sec: 210,643 | bf16_mfu: 0.00 | epoch: 1 pq: 1 rg: 16 | total time: 3.93m | eta: 2.4m
step 00192/00300 (64.00%) | loss: nan | lrm: 0.58 | dt: 1235.42ms | tok/sec: 212,189 | bf16_mfu: 0.00 | epoch: 1 pq: 1 rg: 16 | total time: 3.95m | eta: 2.3m
step 00193/00300 (64.33%) | loss: nan | lrm: 0.57 | dt: 1243.22ms | tok/sec: 210,858 | bf16_mfu: 0.00 | epoch: 1 pq: 1 rg: 16 | total time: 3.97m | eta: 2.3m
step 00194/00300 (64.67%) | loss: nan | lrm: 0.57 | dt: 1236.61ms | tok/sec: 211,985 | bf16_mfu: 0.00 | epoch: 1 pq: 1 rg: 16 | total time: 3.99m | eta: 2.3m
step 00195/00300 (65.00%) | loss: nan | lrm: 0.56 | dt: 1242.92ms | tok/sec: 210,910 | bf16_mfu: 0.00 | epoch: 1 pq: 1 rg: 16 | total time: 4.01m | eta: 2.3m
step 00196/00300 (65.33%) | loss: nan | lrm: 0.56 | dt: 1243.02ms | tok/sec: 210,892 | bf16_mfu: 0.00 | epoch: 1 pq: 1 rg: 16 | total time: 4.03m | eta: 2.3m
step 00197/00300 (65.67%) | loss: nan | lrm: 0.55 | dt: 1239.45ms | tok/sec: 211,500 | bf16_mfu: 0.00 | epoch: 1 pq: 1 rg: 16 | total time: 4.05m | eta: 2.2m
step 00198/00300 (66.00%) | loss: nan | lrm: 0.55 | dt: 1229.82ms | tok/sec: 213,157 | bf16_mfu: 0.00 | epoch: 1 pq: 1 rg: 16 | total time: 4.07m | eta: 2.2m
step 00199/00300 (66.33%) | loss: nan | lrm: 0.54 | dt: 1242.11ms | tok/sec: 211,048 | bf16_mfu: 0.00 | epoch: 1 pq: 1 rg: 16 | total time: 4.09m | eta: 2.2m
step 00200/00300 (66.67%) | loss: nan | lrm: 0.54 | dt: 3350.27ms | tok/sec: 78,245 | bf16_mfu: 0.00 | epoch: 1 pq: 1 rg: 16 | total time: 4.15m | eta: 2.2m
step 00201/00300 (67.00%) | loss: nan | lrm: 0.53 | dt: 1227.99ms | tok/sec: 213,474 | bf16_mfu: 0.00 | epoch: 1 pq: 1 rg: 16 | total time: 4.17m | eta: 2.2m
step 00202/00300 (67.33%) | loss: nan | lrm: 0.53 | dt: 1218.43ms | tok/sec: 215,149 | bf16_mfu: 0.00 | epoch: 1 pq: 1 rg: 16 | total time: 4.19m | eta: 2.1m
step 00203/00300 (67.67%) | loss: nan | lrm: 0.52 | dt: 1227.18ms | tok/sec: 213,614 | bf16_mfu: 0.00 | epoch: 1 pq: 1 rg: 16 | total time: 4.21m | eta: 2.1m
step 00204/00300 (68.00%) | loss: nan | lrm: 0.52 | dt: 1228.83ms | tok/sec: 213,328 | bf16_mfu: 0.00 | epoch: 1 pq: 1 rg: 16 | total time: 4.23m | eta: 2.1m
step 00205/00300 (68.33%) | loss: nan | lrm: 0.51 | dt: 1231.16ms | tok/sec: 212,923 | bf16_mfu: 0.00 | epoch: 1 pq: 1 rg: 24 | total time: 4.25m | eta: 2.1m
step 00206/00300 (68.67%) | loss: nan | lrm: 0.51 | dt: 1220.69ms | tok/sec: 214,750 | bf16_mfu: 0.00 | epoch: 1 pq: 1 rg: 24 | total time: 4.27m | eta: 2.0m
step 00207/00300 (69.00%) | loss: nan | lrm: 0.50 | dt: 1237.89ms | tok/sec: 211,767 | bf16_mfu: 0.00 | epoch: 1 pq: 1 rg: 24 | total time: 4.29m | eta: 2.0m
step 00208/00300 (69.33%) | loss: nan | lrm: 0.50 | dt: 1224.44ms | tok/sec: 214,093 | bf16_mfu: 0.00 | epoch: 1 pq: 1 rg: 24 | total time: 4.31m | eta: 2.0m
step 00209/00300 (69.67%) | loss: nan | lrm: 0.49 | dt: 1233.22ms | tok/sec: 212,569 | bf16_mfu: 0.00 | epoch: 1 pq: 1 rg: 24 | total time: 4.33m | eta: 2.0m
step 00210/00300 (70.00%) | loss: nan | lrm: 0.49 | dt: 1231.52ms | tok/sec: 212,861 | bf16_mfu: 0.00 | epoch: 1 pq: 1 rg: 24 | total time: 4.35m | eta: 2.0m
step 00211/00300 (70.33%) | loss: nan | lrm: 0.48 | dt: 1221.51ms | tok/sec: 214,606 | bf16_mfu: 0.00 | epoch: 1 pq: 1 rg: 24 | total time: 4.37m | eta: 1.9m
step 00212/00300 (70.67%) | loss: nan | lrm: 0.48 | dt: 1232.19ms | tok/sec: 212,746 | bf16_mfu: 0.00 | epoch: 1 pq: 1 rg: 24 | total time: 4.39m | eta: 1.9m
step 00213/00300 (71.00%) | loss: nan | lrm: 0.47 | dt: 1226.05ms | tok/sec: 213,812 | bf16_mfu: 0.00 | epoch: 1 pq: 1 rg: 24 | total time: 4.41m | eta: 1.9m
step 00214/00300 (71.33%) | loss: nan | lrm: 0.47 | dt: 1230.86ms | tok/sec: 212,976 | bf16_mfu: 0.00 | epoch: 1 pq: 1 rg: 24 | total time: 4.43m | eta: 1.9m
step 00215/00300 (71.67%) | loss: nan | lrm: 0.46 | dt: 1223.77ms | tok/sec: 214,210 | bf16_mfu: 0.00 | epoch: 1 pq: 1 rg: 24 | total time: 4.45m | eta: 1.8m
step 00216/00300 (72.00%) | loss: nan | lrm: 0.46 | dt: 1233.43ms | tok/sec: 212,532 | bf16_mfu: 0.00 | epoch: 1 pq: 1 rg: 24 | total time: 4.47m | eta: 1.8m
step 00217/00300 (72.33%) | loss: nan | lrm: 0.45 | dt: 1226.63ms | tok/sec: 213,710 | bf16_mfu: 0.00 | epoch: 1 pq: 1 rg: 24 | total time: 4.50m | eta: 1.8m
step 00218/00300 (72.67%) | loss: nan | lrm: 0.45 | dt: 1230.73ms | tok/sec: 212,998 | bf16_mfu: 0.00 | epoch: 1 pq: 1 rg: 24 | total time: 4.52m | eta: 1.8m
step 00219/00300 (73.00%) | loss: nan | lrm: 0.44 | dt: 1223.49ms | tok/sec: 214,259 | bf16_mfu: 0.00 | epoch: 1 pq: 1 rg: 24 | total time: 4.54m | eta: 1.8m
step 00220/00300 (73.33%) | loss: nan | lrm: 0.44 | dt: 1233.68ms | tok/sec: 212,488 | bf16_mfu: 0.00 | epoch: 1 pq: 1 rg: 32 | total time: 4.56m | eta: 1.7m
step 00221/00300 (73.67%) | loss: nan | lrm: 0.43 | dt: 1219.95ms | tok/sec: 214,880 | bf16_mfu: 0.00 | epoch: 1 pq: 1 rg: 32 | total time: 4.58m | eta: 1.7m
step 00222/00300 (74.00%) | loss: nan | lrm: 0.43 | dt: 1232.10ms | tok/sec: 212,761 | bf16_mfu: 0.00 | epoch: 1 pq: 1 rg: 32 | total time: 4.60m | eta: 1.7m
step 00223/00300 (74.33%) | loss: nan | lrm: 0.43 | dt: 1221.93ms | tok/sec: 214,532 | bf16_mfu: 0.00 | epoch: 1 pq: 1 rg: 32 | total time: 4.62m | eta: 1.7m
step 00224/00300 (74.67%) | loss: nan | lrm: 0.42 | dt: 1228.65ms | tok/sec: 213,359 | bf16_mfu: 0.00 | epoch: 1 pq: 1 rg: 32 | total time: 4.64m | eta: 1.6m
step 00225/00300 (75.00%) | loss: nan | lrm: 0.42 | dt: 1217.01ms | tok/sec: 215,399 | bf16_mfu: 0.00 | epoch: 1 pq: 1 rg: 32 | total time: 4.66m | eta: 1.6m
step 00226/00300 (75.33%) | loss: nan | lrm: 0.41 | dt: 1226.80ms | tok/sec: 213,681 | bf16_mfu: 0.00 | epoch: 1 pq: 1 rg: 32 | total time: 4.68m | eta: 1.6m
step 00227/00300 (75.67%) | loss: nan | lrm: 0.41 | dt: 1224.43ms | tok/sec: 214,095 | bf16_mfu: 0.00 | epoch: 1 pq: 1 rg: 32 | total time: 4.70m | eta: 1.6m
step 00228/00300 (76.00%) | loss: nan | lrm: 0.40 | dt: 1229.19ms | tok/sec: 213,265 | bf16_mfu: 0.00 | epoch: 1 pq: 1 rg: 32 | total time: 4.72m | eta: 1.6m
step 00229/00300 (76.33%) | loss: nan | lrm: 0.40 | dt: 1220.95ms | tok/sec: 214,704 | bf16_mfu: 0.00 | epoch: 1 pq: 1 rg: 32 | total time: 4.74m | eta: 1.5m
step 00230/00300 (76.67%) | loss: nan | lrm: 0.39 | dt: 1227.97ms | tok/sec: 213,477 | bf16_mfu: 0.00 | epoch: 1 pq: 1 rg: 32 | total time: 4.76m | eta: 1.5m
step 00231/00300 (77.00%) | loss: nan | lrm: 0.39 | dt: 1221.55ms | tok/sec: 214,599 | bf16_mfu: 0.00 | epoch: 1 pq: 1 rg: 32 | total time: 4.78m | eta: 1.5m
step 00232/00300 (77.33%) | loss: nan | lrm: 0.38 | dt: 1228.99ms | tok/sec: 213,300 | bf16_mfu: 0.00 | epoch: 1 pq: 1 rg: 32 | total time: 4.80m | eta: 1.5m
step 00233/00300 (77.67%) | loss: nan | lrm: 0.38 | dt: 1227.41ms | tok/sec: 213,574 | bf16_mfu: 0.00 | epoch: 1 pq: 1 rg: 32 | total time: 4.82m | eta: 1.4m
step 00234/00300 (78.00%) | loss: nan | lrm: 0.37 | dt: 1218.54ms | tok/sec: 215,129 | bf16_mfu: 0.00 | epoch: 1 pq: 1 rg: 32 | total time: 4.84m | eta: 1.4m
step 00235/00300 (78.33%) | loss: nan | lrm: 0.37 | dt: 1232.16ms | tok/sec: 212,752 | bf16_mfu: 0.00 | epoch: 1 pq: 1 rg: 40 | total time: 4.86m | eta: 1.4m
step 00236/00300 (78.67%) | loss: nan | lrm: 0.36 | dt: 1218.55ms | tok/sec: 215,128 | bf16_mfu: 0.00 | epoch: 1 pq: 1 rg: 40 | total time: 4.88m | eta: 1.4m
step 00237/00300 (79.00%) | loss: nan | lrm: 0.36 | dt: 1237.38ms | tok/sec: 211,854 | bf16_mfu: 0.00 | epoch: 1 pq: 1 rg: 40 | total time: 4.90m | eta: 1.4m
step 00238/00300 (79.33%) | loss: nan | lrm: 0.35 | dt: 1223.45ms | tok/sec: 214,267 | bf16_mfu: 0.00 | epoch: 1 pq: 1 rg: 40 | total time: 4.92m | eta: 1.3m
step 00239/00300 (79.67%) | loss: nan | lrm: 0.35 | dt: 1228.36ms | tok/sec: 213,410 | bf16_mfu: 0.00 | epoch: 1 pq: 1 rg: 40 | total time: 4.94m | eta: 1.3m
step 00240/00300 (80.00%) | loss: nan | lrm: 0.34 | dt: 1234.95ms | tok/sec: 212,270 | bf16_mfu: 0.00 | epoch: 1 pq: 1 rg: 40 | total time: 4.97m | eta: 1.3m
step 00241/00300 (80.33%) | loss: nan | lrm: 0.34 | dt: 1217.46ms | tok/sec: 215,320 | bf16_mfu: 0.00 | epoch: 1 pq: 1 rg: 40 | total time: 4.99m | eta: 1.3m
step 00242/00300 (80.67%) | loss: nan | lrm: 0.33 | dt: 1231.63ms | tok/sec: 212,843 | bf16_mfu: 0.00 | epoch: 1 pq: 1 rg: 40 | total time: 5.01m | eta: 1.3m
step 00243/00300 (81.00%) | loss: nan | lrm: 0.33 | dt: 1219.57ms | tok/sec: 214,947 | bf16_mfu: 0.00 | epoch: 1 pq: 1 rg: 40 | total time: 5.03m | eta: 1.2m
step 00244/00300 (81.33%) | loss: nan | lrm: 0.32 | dt: 1225.42ms | tok/sec: 213,921 | bf16_mfu: 0.00 | epoch: 1 pq: 1 rg: 40 | total time: 5.05m | eta: 1.2m
step 00245/00300 (81.67%) | loss: nan | lrm: 0.32 | dt: 1217.10ms | tok/sec: 215,383 | bf16_mfu: 0.00 | epoch: 1 pq: 1 rg: 40 | total time: 5.07m | eta: 1.2m
step 00246/00300 (82.00%) | loss: nan | lrm: 0.31 | dt: 1230.12ms | tok/sec: 213,103 | bf16_mfu: 0.00 | epoch: 1 pq: 1 rg: 40 | total time: 5.09m | eta: 1.2m
step 00247/00300 (82.33%) | loss: nan | lrm: 0.31 | dt: 1223.70ms | tok/sec: 214,222 | bf16_mfu: 0.00 | epoch: 1 pq: 1 rg: 40 | total time: 5.11m | eta: 1.1m
step 00248/00300 (82.67%) | loss: nan | lrm: 0.30 | dt: 1229.55ms | tok/sec: 213,202 | bf16_mfu: 0.00 | epoch: 1 pq: 1 rg: 40 | total time: 5.13m | eta: 1.1m
step 00249/00300 (83.00%) | loss: nan | lrm: 0.30 | dt: 1221.65ms | tok/sec: 214,582 | bf16_mfu: 0.00 | epoch: 1 pq: 1 rg: 40 | total time: 5.15m | eta: 1.1m
step 00250/00300 (83.33%) | loss: nan | lrm: 0.29 | dt: 3336.83ms | tok/sec: 78,560 | bf16_mfu: 0.00 | epoch: 1 pq: 1 rg: 48 | total time: 5.20m | eta: 1.1m
step 00251/00300 (83.67%) | loss: nan | lrm: 0.29 | dt: 1203.23ms | tok/sec: 217,866 | bf16_mfu: 0.00 | epoch: 1 pq: 1 rg: 48 | total time: 5.22m | eta: 1.1m
step 00252/00300 (84.00%) | loss: nan | lrm: 0.28 | dt: 1218.18ms | tok/sec: 215,192 | bf16_mfu: 0.00 | epoch: 1 pq: 1 rg: 48 | total time: 5.25m | eta: 1.0m
step 00253/00300 (84.33%) | loss: nan | lrm: 0.28 | dt: 1222.22ms | tok/sec: 214,482 | bf16_mfu: 0.00 | epoch: 1 pq: 1 rg: 48 | total time: 5.27m | eta: 1.0m
step 00254/00300 (84.67%) | loss: nan | lrm: 0.27 | dt: 1206.76ms | tok/sec: 217,229 | bf16_mfu: 0.00 | epoch: 1 pq: 1 rg: 48 | total time: 5.29m | eta: 1.0m
step 00255/00300 (85.00%) | loss: nan | lrm: 0.27 | dt: 1221.21ms | tok/sec: 214,659 | bf16_mfu: 0.00 | epoch: 1 pq: 1 rg: 48 | total time: 5.31m | eta: 1.0m
step 00256/00300 (85.33%) | loss: nan | lrm: 0.26 | dt: 1215.91ms | tok/sec: 215,594 | bf16_mfu: 0.00 | epoch: 1 pq: 1 rg: 48 | total time: 5.33m | eta: 1.0m
step 00257/00300 (85.67%) | loss: nan | lrm: 0.26 | dt: 1214.31ms | tok/sec: 215,879 | bf16_mfu: 0.00 | epoch: 1 pq: 1 rg: 48 | total time: 5.35m | eta: 0.9m
step 00258/00300 (86.00%) | loss: nan | lrm: 0.25 | dt: 1206.95ms | tok/sec: 217,194 | bf16_mfu: 0.00 | epoch: 1 pq: 1 rg: 48 | total time: 5.37m | eta: 0.9m
step 00259/00300 (86.33%) | loss: nan | lrm: 0.25 | dt: 1217.96ms | tok/sec: 215,232 | bf16_mfu: 0.00 | epoch: 1 pq: 1 rg: 48 | total time: 5.39m | eta: 0.9m
step 00260/00300 (86.67%) | loss: nan | lrm: 0.24 | dt: 1209.49ms | tok/sec: 216,738 | bf16_mfu: 0.00 | epoch: 1 pq: 1 rg: 48 | total time: 5.41m | eta: 0.9m
step 00261/00300 (87.00%) | loss: nan | lrm: 0.24 | dt: 1219.02ms | tok/sec: 215,044 | bf16_mfu: 0.00 | epoch: 1 pq: 1 rg: 48 | total time: 5.43m | eta: 0.8m
step 00262/00300 (87.33%) | loss: nan | lrm: 0.24 | dt: 1212.27ms | tok/sec: 216,241 | bf16_mfu: 0.00 | epoch: 1 pq: 1 rg: 48 | total time: 5.45m | eta: 0.8m
step 00263/00300 (87.67%) | loss: nan | lrm: 0.23 | dt: 1223.98ms | tok/sec: 214,173 | bf16_mfu: 0.00 | epoch: 1 pq: 1 rg: 48 | total time: 5.47m | eta: 0.8m
step 00264/00300 (88.00%) | loss: nan | lrm: 0.23 | dt: 1208.41ms | tok/sec: 216,933 | bf16_mfu: 0.00 | epoch: 1 pq: 1 rg: 48 | total time: 5.49m | eta: 0.8m
step 00265/00300 (88.33%) | loss: nan | lrm: 0.22 | dt: 1216.66ms | tok/sec: 215,462 | bf16_mfu: 0.00 | epoch: 1 pq: 1 rg: 56 | total time: 5.51m | eta: 0.8m
step 00266/00300 (88.67%) | loss: nan | lrm: 0.22 | dt: 1200.80ms | tok/sec: 218,308 | bf16_mfu: 0.00 | epoch: 1 pq: 1 rg: 56 | total time: 5.53m | eta: 0.7m
step 00267/00300 (89.00%) | loss: nan | lrm: 0.21 | dt: 1211.68ms | tok/sec: 216,347 | bf16_mfu: 0.00 | epoch: 1 pq: 1 rg: 56 | total time: 5.55m | eta: 0.7m
step 00268/00300 (89.33%) | loss: nan | lrm: 0.21 | dt: 1204.23ms | tok/sec: 217,685 | bf16_mfu: 0.00 | epoch: 1 pq: 1 rg: 56 | total time: 5.57m | eta: 0.7m
step 00269/00300 (89.67%) | loss: nan | lrm: 0.20 | dt: 1212.31ms | tok/sec: 216,234 | bf16_mfu: 0.00 | epoch: 1 pq: 1 rg: 56 | total time: 5.59m | eta: 0.7m
step 00270/00300 (90.00%) | loss: nan | lrm: 0.20 | dt: 1208.20ms | tok/sec: 216,970 | bf16_mfu: 0.00 | epoch: 1 pq: 1 rg: 56 | total time: 5.61m | eta: 0.6m
step 00271/00300 (90.33%) | loss: nan | lrm: 0.19 | dt: 1216.96ms | tok/sec: 215,408 | bf16_mfu: 0.00 | epoch: 1 pq: 1 rg: 56 | total time: 5.63m | eta: 0.6m
step 00272/00300 (90.67%) | loss: nan | lrm: 0.19 | dt: 1208.22ms | tok/sec: 216,967 | bf16_mfu: 0.00 | epoch: 1 pq: 1 rg: 56 | total time: 5.65m | eta: 0.6m
step 00273/00300 (91.00%) | loss: nan | lrm: 0.18 | dt: 1201.57ms | tok/sec: 218,168 | bf16_mfu: 0.00 | epoch: 1 pq: 1 rg: 56 | total time: 5.67m | eta: 0.6m
step 00274/00300 (91.33%) | loss: nan | lrm: 0.18 | dt: 1212.42ms | tok/sec: 216,214 | bf16_mfu: 0.00 | epoch: 1 pq: 1 rg: 56 | total time: 5.69m | eta: 0.6m
step 00275/00300 (91.67%) | loss: nan | lrm: 0.17 | dt: 1204.46ms | tok/sec: 217,644 | bf16_mfu: 0.00 | epoch: 1 pq: 1 rg: 56 | total time: 5.71m | eta: 0.5m
step 00276/00300 (92.00%) | loss: nan | lrm: 0.17 | dt: 1212.72ms | tok/sec: 216,162 | bf16_mfu: 0.00 | epoch: 1 pq: 1 rg: 56 | total time: 5.73m | eta: 0.5m
step 00277/00300 (92.33%) | loss: nan | lrm: 0.16 | dt: 1205.10ms | tok/sec: 217,528 | bf16_mfu: 0.00 | epoch: 1 pq: 1 rg: 56 | total time: 5.75m | eta: 0.5m
step 00278/00300 (92.67%) | loss: nan | lrm: 0.16 | dt: 1210.13ms | tok/sec: 216,625 | bf16_mfu: 0.00 | epoch: 1 pq: 1 rg: 56 | total time: 5.77m | eta: 0.5m
step 00279/00300 (93.00%) | loss: nan | lrm: 0.15 | dt: 1206.14ms | tok/sec: 217,340 | bf16_mfu: 0.00 | epoch: 1 pq: 1 rg: 56 | total time: 5.79m | eta: 0.5m
step 00280/00300 (93.33%) | loss: nan | lrm: 0.15 | dt: 1217.80ms | tok/sec: 215,261 | bf16_mfu: 0.00 | epoch: 1 pq: 1 rg: 64 | total time: 5.81m | eta: 0.4m
step 00281/00300 (93.67%) | loss: nan | lrm: 0.14 | dt: 1204.79ms | tok/sec: 217,584 | bf16_mfu: 0.00 | epoch: 1 pq: 1 rg: 64 | total time: 5.83m | eta: 0.4m
step 00282/00300 (94.00%) | loss: nan | lrm: 0.14 | dt: 1213.33ms | tok/sec: 216,052 | bf16_mfu: 0.00 | epoch: 1 pq: 1 rg: 64 | total time: 5.85m | eta: 0.4m
step 00283/00300 (94.33%) | loss: nan | lrm: 0.13 | dt: 1205.10ms | tok/sec: 217,528 | bf16_mfu: 0.00 | epoch: 1 pq: 1 rg: 64 | total time: 5.87m | eta: 0.4m
step 00284/00300 (94.67%) | loss: nan | lrm: 0.13 | dt: 1217.32ms | tok/sec: 215,344 | bf16_mfu: 0.00 | epoch: 1 pq: 1 rg: 64 | total time: 5.89m | eta: 0.3m
step 00285/00300 (95.00%) | loss: nan | lrm: 0.12 | dt: 1216.94ms | tok/sec: 215,412 | bf16_mfu: 0.00 | epoch: 1 pq: 1 rg: 64 | total time: 5.91m | eta: 0.3m
step 00286/00300 (95.33%) | loss: nan | lrm: 0.12 | dt: 1205.40ms | tok/sec: 217,474 | bf16_mfu: 0.00 | epoch: 1 pq: 1 rg: 64 | total time: 5.93m | eta: 0.3m
step 00287/00300 (95.67%) | loss: nan | lrm: 0.11 | dt: 1215.53ms | tok/sec: 215,662 | bf16_mfu: 0.00 | epoch: 1 pq: 1 rg: 64 | total time: 5.95m | eta: 0.3m
step 00288/00300 (96.00%) | loss: nan | lrm: 0.11 | dt: 1203.41ms | tok/sec: 217,834 | bf16_mfu: 0.00 | epoch: 1 pq: 1 rg: 64 | total time: 5.97m | eta: 0.3m
step 00289/00300 (96.33%) | loss: nan | lrm: 0.10 | dt: 1219.90ms | tok/sec: 214,890 | bf16_mfu: 0.00 | epoch: 1 pq: 1 rg: 64 | total time: 5.99m | eta: 0.2m
step 00290/00300 (96.67%) | loss: nan | lrm: 0.10 | dt: 1205.89ms | tok/sec: 217,385 | bf16_mfu: 0.00 | epoch: 1 pq: 1 rg: 64 | total time: 6.01m | eta: 0.2m
step 00291/00300 (97.00%) | loss: nan | lrm: 0.09 | dt: 1217.11ms | tok/sec: 215,382 | bf16_mfu: 0.00 | epoch: 1 pq: 1 rg: 64 | total time: 6.03m | eta: 0.2m
step 00292/00300 (97.33%) | loss: nan | lrm: 0.09 | dt: 1208.26ms | tok/sec: 216,960 | bf16_mfu: 0.00 | epoch: 1 pq: 1 rg: 64 | total time: 6.05m | eta: 0.2m
step 00293/00300 (97.67%) | loss: nan | lrm: 0.08 | dt: 1217.74ms | tok/sec: 215,270 | bf16_mfu: 0.00 | epoch: 1 pq: 1 rg: 64 | total time: 6.07m | eta: 0.2m
step 00294/00300 (98.00%) | loss: nan | lrm: 0.08 | dt: 1208.08ms | tok/sec: 216,992 | bf16_mfu: 0.00 | epoch: 1 pq: 1 rg: 64 | total time: 6.09m | eta: 0.1m
step 00295/00300 (98.33%) | loss: nan | lrm: 0.07 | dt: 1225.59ms | tok/sec: 213,891 | bf16_mfu: 0.00 | epoch: 1 pq: 1 rg: 72 | total time: 6.11m | eta: 0.1m
step 00296/00300 (98.67%) | loss: nan | lrm: 0.07 | dt: 1207.00ms | tok/sec: 217,186 | bf16_mfu: 0.00 | epoch: 1 pq: 1 rg: 72 | total time: 6.13m | eta: 0.1m
step 00297/00300 (99.00%) | loss: nan | lrm: 0.06 | dt: 1212.92ms | tok/sec: 216,126 | bf16_mfu: 0.00 | epoch: 1 pq: 1 rg: 72 | total time: 6.15m | eta: 0.1m
step 00298/00300 (99.33%) | loss: nan | lrm: 0.06 | dt: 1206.57ms | tok/sec: 217,263 | bf16_mfu: 0.00 | epoch: 1 pq: 1 rg: 72 | total time: 6.17m | eta: 0.0m
step 00299/00300 (99.67%) | loss: nan | lrm: 0.05 | dt: 1222.01ms | tok/sec: 214,519 | bf16_mfu: 0.00 | epoch: 1 pq: 1 rg: 72 | total time: 6.19m | eta: 0.0m
2026-08-31 08:31:45,425 - nanochat.checkpoint_manager - [32m[1mINFO[0m - Saved optimizer state to: /var/lib/hytorch/arm-catalog/base_checkpoints/d12/optim_000300_rank4.pt
2026-08-31 08:31:45,427 - nanochat.checkpoint_manager - [32m[1mINFO[0m - Saved optimizer state to: /var/lib/hytorch/arm-catalog/base_checkpoints/d12/optim_000300_rank6.pt
2026-08-31 08:31:45,428 - nanochat.checkpoint_manager - [32m[1mINFO[0m - Saved optimizer state to: /var/lib/hytorch/arm-catalog/base_checkpoints/d12/optim_000300_rank2.pt
2026-08-31 08:31:45,428 - nanochat.checkpoint_manager - [32m[1mINFO[0m - Saved optimizer state to: /var/lib/hytorch/arm-catalog/base_checkpoints/d12/optim_000300_rank1.pt
2026-08-31 08:31:45,433 - nanochat.checkpoint_manager - [32m[1mINFO[0m - Saved optimizer state to: /var/lib/hytorch/arm-catalog/base_checkpoints/d12/optim_000300_rank7.pt
2026-08-31 08:31:45,436 - nanochat.checkpoint_manager - [32m[1mINFO[0m - Saved optimizer state to: /var/lib/hytorch/arm-catalog/base_checkpoints/d12/optim_000300_rank5.pt
2026-08-31 08:31:45,439 - nanochat.checkpoint_manager - [32m[1mINFO[0m - Saved optimizer state to: /var/lib/hytorch/arm-catalog/base_checkpoints/d12/optim_000300_rank3.pt
2026-08-31 08:31:46,093 - nanochat.checkpoint_manager - [32m[1mINFO[0m - Saved model parameters to: /var/lib/hytorch/arm-catalog/base_checkpoints/d12/model_000300.pt
2026-08-31 08:31:46,094 - nanochat.checkpoint_manager - [32m[1mINFO[0m - Saved metadata to: /var/lib/hytorch/arm-catalog/base_checkpoints/d12/meta_000300.json
2026-08-31 08:31:46,290 - nanochat.checkpoint_manager - [32m[1mINFO[0m - Saved optimizer state to: /var/lib/hytorch/arm-catalog/base_checkpoints/d12/optim_000300_rank0.pt
Peak memory usage: 29486.65MiB
Total training time: 6.19m
