/opt/amdgpu/share/libdrm/amdgpu.ids: No such file or directory
/opt/amdgpu/share/libdrm/amdgpu.ids: No such file or directory
/opt/amdgpu/share/libdrm/amdgpu.ids: No such file or directory
/opt/amdgpu/share/libdrm/amdgpu.ids: No such file or directory
/opt/amdgpu/share/libdrm/amdgpu.ids: No such file or directory
/opt/amdgpu/share/libdrm/amdgpu.ids: No such file or directory
/opt/amdgpu/share/libdrm/amdgpu.ids: No such file or directory
/opt/amdgpu/share/libdrm/amdgpu.ids: No such file or directory
/opt/amdgpu/share/libdrm/amdgpu.ids: No such file or directory
/opt/amdgpu/share/libdrm/amdgpu.ids: No such file or directory
/opt/amdgpu/share/libdrm/amdgpu.ids: No such file or directory
/opt/amdgpu/share/libdrm/amdgpu.ids: No such file or directory
/opt/amdgpu/share/libdrm/amdgpu.ids: No such file or directory
/opt/amdgpu/share/libdrm/amdgpu.ids: No such file or directory
/opt/amdgpu/share/libdrm/amdgpu.ids: No such file or directory
/opt/amdgpu/share/libdrm/amdgpu.ids: No such file or directory
/opt/amdgpu/share/libdrm/amdgpu.ids: No such file or directory
/opt/amdgpu/share/libdrm/amdgpu.ids: No such file or directory
/opt/amdgpu/share/libdrm/amdgpu.ids: No such file or directory
/opt/amdgpu/share/libdrm/amdgpu.ids: No such file or directory
/opt/amdgpu/share/libdrm/amdgpu.ids: No such file or directory
/opt/amdgpu/share/libdrm/amdgpu.ids: No such file or directory
/opt/amdgpu/share/libdrm/amdgpu.ids: No such file or directory
/opt/amdgpu/share/libdrm/amdgpu.ids: No such file or directory
/opt/amdgpu/share/libdrm/amdgpu.ids: No such file or directory
/opt/amdgpu/share/libdrm/amdgpu.ids: No such file or directory
/opt/amdgpu/share/libdrm/amdgpu.ids: No such file or directory
/opt/amdgpu/share/libdrm/amdgpu.ids: No such file or directory
/opt/amdgpu/share/libdrm/amdgpu.ids: No such file or directory
/opt/amdgpu/share/libdrm/amdgpu.ids: No such file or directory
/opt/amdgpu/share/libdrm/amdgpu.ids: No such file or directory
/opt/amdgpu/share/libdrm/amdgpu.ids: No such file or directory
/opt/amdgpu/share/libdrm/amdgpu.ids: No such file or directory
/opt/amdgpu/share/libdrm/amdgpu.ids: No such file or directory
/opt/amdgpu/share/libdrm/amdgpu.ids: No such file or directory
/opt/amdgpu/share/libdrm/amdgpu.ids: No such file or directory
/opt/amdgpu/share/libdrm/amdgpu.ids: No such file or directory
/opt/amdgpu/share/libdrm/amdgpu.ids: No such file or directory
/opt/amdgpu/share/libdrm/amdgpu.ids: No such file or directory
/opt/amdgpu/share/libdrm/amdgpu.ids: No such file or directory
/opt/amdgpu/share/libdrm/amdgpu.ids: No such file or directory
/opt/amdgpu/share/libdrm/amdgpu.ids: No such file or directory
/opt/amdgpu/share/libdrm/amdgpu.ids: No such file or directory
/opt/amdgpu/share/libdrm/amdgpu.ids: No such file or directory
/opt/amdgpu/share/libdrm/amdgpu.ids: No such file or directory
/opt/amdgpu/share/libdrm/amdgpu.ids: No such file or directory
/opt/amdgpu/share/libdrm/amdgpu.ids: No such file or directory
/opt/amdgpu/share/libdrm/amdgpu.ids: No such file or directory
/opt/amdgpu/share/libdrm/amdgpu.ids: No such file or directory
/opt/amdgpu/share/libdrm/amdgpu.ids: No such file or directory
/opt/amdgpu/share/libdrm/amdgpu.ids: No such file or directory
/opt/amdgpu/share/libdrm/amdgpu.ids: No such file or directory
/opt/amdgpu/share/libdrm/amdgpu.ids: No such file or directory
/opt/amdgpu/share/libdrm/amdgpu.ids: No such file or directory
/opt/amdgpu/share/libdrm/amdgpu.ids: No such file or directory
/opt/amdgpu/share/libdrm/amdgpu.ids: No such file or directory
/opt/amdgpu/share/libdrm/amdgpu.ids: No such file or directory
/opt/amdgpu/share/libdrm/amdgpu.ids: No such file or directory
/opt/amdgpu/share/libdrm/amdgpu.ids: No such file or directory
/opt/amdgpu/share/libdrm/amdgpu.ids: No such file or directory
/opt/amdgpu/share/libdrm/amdgpu.ids: No such file or directory
/opt/amdgpu/share/libdrm/amdgpu.ids: No such file or directory
/opt/amdgpu/share/libdrm/amdgpu.ids: No such file or directory
/opt/amdgpu/share/libdrm/amdgpu.ids: No such file or directory
/opt/amdgpu/share/libdrm/amdgpu.ids: No such file or directory
/opt/amdgpu/share/libdrm/amdgpu.ids: No such file or directory
/opt/amdgpu/share/libdrm/amdgpu.ids: No such file or directory
/opt/amdgpu/share/libdrm/amdgpu.ids: No such file or directory
/opt/amdgpu/share/libdrm/amdgpu.ids: No such file or directory
/opt/amdgpu/share/libdrm/amdgpu.ids: No such file or directory
/opt/amdgpu/share/libdrm/amdgpu.ids: No such file or directory
/opt/amdgpu/share/libdrm/amdgpu.ids: No such file or directory

                                                       █████                █████
                                                      ░░███                ░░███
     ████████    ██████   ████████    ██████   ██████  ░███████    ██████  ███████
    ░░███░░███  ░░░░░███ ░░███░░███  ███░░███ ███░░███ ░███░░███  ░░░░░███░░░███░
     ░███ ░███   ███████  ░███ ░███ ░███ ░███░███ ░░░  ░███ ░███   ███████  ░███
     ░███ ░███  ███░░███  ░███ ░███ ░███ ░███░███  ███ ░███ ░███  ███░░███  ░███ ███
     ████ █████░░████████ ████ █████░░██████ ░░██████  ████ █████░░███████  ░░█████
    ░░░░ ░░░░░  ░░░░░░░░ ░░░░ ░░░░░  ░░░░░░   ░░░░░░  ░░░░ ░░░░░  ░░░░░░░░   ░░░░░
    
Autodetected device type: cuda
[rank5]:[W831 08:31:59.213376350 HIPAllocatorConfig.h:40] Warning: expandable_segments not supported on this platform (function operator())
[rank7]:[W831 08:31:59.213407171 HIPAllocatorConfig.h:40] Warning: expandable_segments not supported on this platform (function operator())
[rank3]:[W831 08:31:59.213407151 HIPAllocatorConfig.h:40] Warning: expandable_segments not supported on this platform (function operator())
[rank6]:[W831 08:31:59.213459751 HIPAllocatorConfig.h:40] Warning: expandable_segments not supported on this platform (function operator())
[rank2]:[W831 08:31:59.213459731 HIPAllocatorConfig.h:40] Warning: expandable_segments not supported on this platform (function operator())
[rank1]:[W831 08:31:59.213472501 HIPAllocatorConfig.h:40] Warning: expandable_segments not supported on this platform (function operator())
[rank4]:[W831 08:31:59.213489151 HIPAllocatorConfig.h:40] Warning: expandable_segments not supported on this platform (function operator())
[rank0]:[W831 08:31:59.213515552 HIPAllocatorConfig.h:40] Warning: expandable_segments not supported on this platform (function operator())
2026-08-31 08:31:59,987 - nanochat.common - [33m[1mWARNING[0m - Peak flops undefined for: AMD Radeon Graphics, MFU will show as 0%
2026-08-31 08:31:59,987 - nanochat.common - [33m[1mWARNING[0m - Peak flops undefined for: AMD Radeon Graphics, MFU will show as 0%
2026-08-31 08:31:59,987 - nanochat.common - [33m[1mWARNING[0m - Peak flops undefined for: AMD Radeon Graphics, MFU will show as 0%
2026-08-31 08:31:59,987 - nanochat.common - [33m[1mWARNING[0m - Peak flops undefined for: AMD Radeon Graphics, MFU will show as 0%
2026-08-31 08:31:59,987 - nanochat.common - [33m[1mWARNING[0m - Peak flops undefined for: AMD Radeon Graphics, MFU will show as 0%
2026-08-31 08:31:59,987 - nanochat.common - [33m[1mWARNING[0m - Peak flops undefined for: AMD Radeon Graphics, MFU will show as 0%
2026-08-31 08:31:59,987 - nanochat.common - [33m[1mWARNING[0m - Peak flops undefined for: AMD Radeon Graphics, MFU will show as 0%
2026-08-31 08:31:59,987 - nanochat.common - [32m[1mINFO[0m - Distributed world size: 8
2026-08-31 08:31:59,987 - nanochat.common - [33m[1mWARNING[0m - Peak flops undefined for: AMD Radeon Graphics, MFU will show as 0%
GPU: AMD Radeon Graphics | Peak FLOPS (BF16): inf
COMPUTE_DTYPE: torch.bfloat16 (set via NANOCHAT_DTYPE=bfloat16)
!!!!!!!!!!!!!!!!!!!!!!!!!!!!!!!!!!!!!!!!!!!!!!!!!!!!!!!!!!!!!!!!!!!!!!!!!!!!!!!!
WARNING: Flash Attention 3 not available, using PyTorch SDPA fallback
WARNING: Training will be less efficient without FA3
WARNING: SDPA has no support for sliding window attention (window_pattern='SSSL'). Your GPU utilization will be terrible.
WARNING: Recommend using --window-pattern L for full context attention without alternating sliding window patterns.
!!!!!!!!!!!!!!!!!!!!!!!!!!!!!!!!!!!!!!!!!!!!!!!!!!!!!!!!!!!!!!!!!!!!!!!!!!!!!!!!
Vocab size: 32,768
Model config:
{
  "sequence_len": 2048,
  "vocab_size": 32768,
  "n_layer": 12,
  "n_head": 6,
  "n_kv_head": 6,
  "n_embd": 768,
  "window_pattern": "SSSL"
}
Parameter counts:
wte                     : 25,165,824
value_embeds            : 150,994,944
lm_head                 : 25,165,824
transformer_matrices    : 84,935,088
scalars                 : 50
total                   : 286,261,730
Estimated FLOPs per token: 7.596960e+08
Scaling LRs by 0.7071 for batch size 262,144 (reference: 524,288)
Scaling weight decay from 0.280000 to 0.197990 for depth 12
Scaling the LR for the AdamW parameters ∝1/√(768/768) = 1.000000
Using user-provided number of iterations: 300
Total number of training tokens: 78,643,200
Tokens : Scaling params ratio: 0.71
Total training FLOPs estimate: 5.974493e+16
Tokens / micro-batch / rank: 16 x 2048 = 32,768
Tokens / micro-batch: 262,144
Total batch size 262,144 => gradient accumulation steps: 1
step 00000/00300 (0.00%) | loss: 10.397240 | lrm: 0.03 | dt: 24164.75ms | tok/sec: 10,848 | bf16_mfu: 0.00 | epoch: 1 pq: 0 rg: 8 | total time: 0.00m
step 00001/00300 (0.33%) | loss: 10.389526 | lrm: 0.05 | dt: 2458.69ms | tok/sec: 106,619 | bf16_mfu: 0.00 | epoch: 1 pq: 0 rg: 8 | total time: 0.00m
step 00002/00300 (0.67%) | loss: nan | lrm: 0.07 | dt: 82.92ms | tok/sec: 3,161,251 | bf16_mfu: 0.00 | epoch: 1 pq: 0 rg: 8 | total time: 0.00m
step 00003/00300 (1.00%) | loss: nan | lrm: 0.10 | dt: 81.46ms | tok/sec: 3,218,117 | bf16_mfu: 0.00 | epoch: 1 pq: 0 rg: 8 | total time: 0.00m
step 00004/00300 (1.33%) | loss: nan | lrm: 0.12 | dt: 81.15ms | tok/sec: 3,230,209 | bf16_mfu: 0.00 | epoch: 1 pq: 0 rg: 8 | total time: 0.00m
step 00005/00300 (1.67%) | loss: nan | lrm: 0.15 | dt: 81.78ms | tok/sec: 3,205,433 | bf16_mfu: 0.00 | epoch: 1 pq: 0 rg: 8 | total time: 0.00m
step 00006/00300 (2.00%) | loss: nan | lrm: 0.17 | dt: 81.59ms | tok/sec: 3,212,757 | bf16_mfu: 0.00 | epoch: 1 pq: 0 rg: 8 | total time: 0.00m
step 00007/00300 (2.33%) | loss: nan | lrm: 0.20 | dt: 82.60ms | tok/sec: 3,173,724 | bf16_mfu: 0.00 | epoch: 1 pq: 0 rg: 8 | total time: 0.00m
step 00008/00300 (2.67%) | loss: nan | lrm: 0.23 | dt: 81.10ms | tok/sec: 3,232,422 | bf16_mfu: 0.00 | epoch: 1 pq: 0 rg: 8 | total time: 0.00m
step 00009/00300 (3.00%) | loss: nan | lrm: 0.25 | dt: 81.43ms | tok/sec: 3,219,134 | bf16_mfu: 0.00 | epoch: 1 pq: 0 rg: 8 | total time: 0.00m
step 00010/00300 (3.33%) | loss: nan | lrm: 0.28 | dt: 81.94ms | tok/sec: 3,199,286 | bf16_mfu: 0.00 | epoch: 1 pq: 0 rg: 8 | total time: 0.00m
step 00011/00300 (3.67%) | loss: nan | lrm: 0.30 | dt: 81.34ms | tok/sec: 3,222,720 | bf16_mfu: 0.00 | epoch: 1 pq: 0 rg: 8 | total time: 0.00m | eta: 0.4m
step 00012/00300 (4.00%) | loss: nan | lrm: 0.33 | dt: 82.81ms | tok/sec: 3,165,647 | bf16_mfu: 0.00 | epoch: 1 pq: 0 rg: 8 | total time: 0.00m | eta: 0.4m
step 00013/00300 (4.33%) | loss: nan | lrm: 0.35 | dt: 81.60ms | tok/sec: 3,212,363 | bf16_mfu: 0.00 | epoch: 1 pq: 0 rg: 8 | total time: 0.00m | eta: 0.4m
step 00014/00300 (4.67%) | loss: nan | lrm: 0.38 | dt: 81.47ms | tok/sec: 3,217,552 | bf16_mfu: 0.00 | epoch: 1 pq: 0 rg: 8 | total time: 0.01m | eta: 0.4m
step 00015/00300 (5.00%) | loss: nan | lrm: 0.40 | dt: 81.57ms | tok/sec: 3,213,884 | bf16_mfu: 0.00 | epoch: 1 pq: 0 rg: 8 | total time: 0.01m | eta: 0.4m
step 00016/00300 (5.33%) | loss: nan | lrm: 0.42 | dt: 81.25ms | tok/sec: 3,226,361 | bf16_mfu: 0.00 | epoch: 1 pq: 0 rg: 8 | total time: 0.01m | eta: 0.4m
step 00017/00300 (5.67%) | loss: nan | lrm: 0.45 | dt: 81.14ms | tok/sec: 3,230,646 | bf16_mfu: 0.00 | epoch: 1 pq: 0 rg: 8 | total time: 0.01m | eta: 0.4m
step 00018/00300 (6.00%) | loss: nan | lrm: 0.47 | dt: 81.10ms | tok/sec: 3,232,270 | bf16_mfu: 0.00 | epoch: 1 pq: 0 rg: 8 | total time: 0.01m | eta: 0.4m
step 00019/00300 (6.33%) | loss: nan | lrm: 0.50 | dt: 81.27ms | tok/sec: 3,225,651 | bf16_mfu: 0.00 | epoch: 1 pq: 0 rg: 8 | total time: 0.01m | eta: 0.4m
step 00020/00300 (6.67%) | loss: nan | lrm: 0.53 | dt: 81.21ms | tok/sec: 3,227,886 | bf16_mfu: 0.00 | epoch: 1 pq: 0 rg: 16 | total time: 0.01m | eta: 0.4m
step 00021/00300 (7.00%) | loss: nan | lrm: 0.55 | dt: 81.36ms | tok/sec: 3,221,889 | bf16_mfu: 0.00 | epoch: 1 pq: 0 rg: 16 | total time: 0.01m | eta: 0.4m
step 00022/00300 (7.33%) | loss: nan | lrm: 0.57 | dt: 81.67ms | tok/sec: 3,209,849 | bf16_mfu: 0.00 | epoch: 1 pq: 0 rg: 16 | total time: 0.02m | eta: 0.4m
step 00023/00300 (7.67%) | loss: nan | lrm: 0.60 | dt: 81.67ms | tok/sec: 3,209,681 | bf16_mfu: 0.00 | epoch: 1 pq: 0 rg: 16 | total time: 0.02m | eta: 0.4m
step 00024/00300 (8.00%) | loss: nan | lrm: 0.62 | dt: 81.63ms | tok/sec: 3,211,396 | bf16_mfu: 0.00 | epoch: 1 pq: 0 rg: 16 | total time: 0.02m | eta: 0.4m
step 00025/00300 (8.33%) | loss: nan | lrm: 0.65 | dt: 81.86ms | tok/sec: 3,202,286 | bf16_mfu: 0.00 | epoch: 1 pq: 0 rg: 16 | total time: 0.02m | eta: 0.4m
step 00026/00300 (8.67%) | loss: nan | lrm: 0.68 | dt: 81.48ms | tok/sec: 3,217,260 | bf16_mfu: 0.00 | epoch: 1 pq: 0 rg: 16 | total time: 0.02m | eta: 0.4m
step 00027/00300 (9.00%) | loss: nan | lrm: 0.70 | dt: 81.47ms | tok/sec: 3,217,637 | bf16_mfu: 0.00 | epoch: 1 pq: 0 rg: 16 | total time: 0.02m | eta: 0.4m
step 00028/00300 (9.33%) | loss: nan | lrm: 0.72 | dt: 81.39ms | tok/sec: 3,220,870 | bf16_mfu: 0.00 | epoch: 1 pq: 0 rg: 16 | total time: 0.02m | eta: 0.4m
step 00029/00300 (9.67%) | loss: nan | lrm: 0.75 | dt: 81.28ms | tok/sec: 3,225,159 | bf16_mfu: 0.00 | epoch: 1 pq: 0 rg: 16 | total time: 0.03m | eta: 0.4m
step 00030/00300 (10.00%) | loss: nan | lrm: 0.78 | dt: 81.53ms | tok/sec: 3,215,425 | bf16_mfu: 0.00 | epoch: 1 pq: 0 rg: 16 | total time: 0.03m | eta: 0.4m
step 00031/00300 (10.33%) | loss: nan | lrm: 0.80 | dt: 81.49ms | tok/sec: 3,216,827 | bf16_mfu: 0.00 | epoch: 1 pq: 0 rg: 16 | total time: 0.03m | eta: 0.4m
step 00032/00300 (10.67%) | loss: nan | lrm: 0.82 | dt: 81.51ms | tok/sec: 3,216,168 | bf16_mfu: 0.00 | epoch: 1 pq: 0 rg: 16 | total time: 0.03m | eta: 0.4m
step 00033/00300 (11.00%) | loss: nan | lrm: 0.85 | dt: 81.27ms | tok/sec: 3,225,405 | bf16_mfu: 0.00 | epoch: 1 pq: 0 rg: 16 | total time: 0.03m | eta: 0.4m
step 00034/00300 (11.33%) | loss: nan | lrm: 0.88 | dt: 81.48ms | tok/sec: 3,217,232 | bf16_mfu: 0.00 | epoch: 1 pq: 0 rg: 16 | total time: 0.03m | eta: 0.4m
step 00035/00300 (11.67%) | loss: nan | lrm: 0.90 | dt: 81.24ms | tok/sec: 3,226,976 | bf16_mfu: 0.00 | epoch: 1 pq: 0 rg: 16 | total time: 0.03m | eta: 0.4m
step 00036/00300 (12.00%) | loss: nan | lrm: 0.93 | dt: 81.39ms | tok/sec: 3,220,917 | bf16_mfu: 0.00 | epoch: 1 pq: 0 rg: 16 | total time: 0.04m | eta: 0.4m
step 00037/00300 (12.33%) | loss: nan | lrm: 0.95 | dt: 81.37ms | tok/sec: 3,221,530 | bf16_mfu: 0.00 | epoch: 1 pq: 0 rg: 24 | total time: 0.04m | eta: 0.4m
step 00038/00300 (12.67%) | loss: nan | lrm: 0.97 | dt: 81.38ms | tok/sec: 3,221,190 | bf16_mfu: 0.00 | epoch: 1 pq: 0 rg: 24 | total time: 0.04m | eta: 0.4m
step 00039/00300 (13.00%) | loss: nan | lrm: 1.00 | dt: 81.39ms | tok/sec: 3,220,898 | bf16_mfu: 0.00 | epoch: 1 pq: 0 rg: 24 | total time: 0.04m | eta: 0.4m
step 00040/00300 (13.33%) | loss: nan | lrm: 1.00 | dt: 81.47ms | tok/sec: 3,217,768 | bf16_mfu: 0.00 | epoch: 1 pq: 0 rg: 24 | total time: 0.04m | eta: 0.4m
step 00041/00300 (13.67%) | loss: nan | lrm: 1.00 | dt: 81.54ms | tok/sec: 3,214,927 | bf16_mfu: 0.00 | epoch: 1 pq: 0 rg: 24 | total time: 0.04m | eta: 0.4m
step 00042/00300 (14.00%) | loss: nan | lrm: 1.00 | dt: 81.55ms | tok/sec: 3,214,532 | bf16_mfu: 0.00 | epoch: 1 pq: 0 rg: 24 | total time: 0.04m | eta: 0.4m
step 00043/00300 (14.33%) | loss: nan | lrm: 1.00 | dt: 81.16ms | tok/sec: 3,229,820 | bf16_mfu: 0.00 | epoch: 1 pq: 0 rg: 24 | total time: 0.04m | eta: 0.3m
step 00044/00300 (14.67%) | loss: nan | lrm: 1.00 | dt: 81.24ms | tok/sec: 3,226,806 | bf16_mfu: 0.00 | epoch: 1 pq: 0 rg: 24 | total time: 0.05m | eta: 0.3m
step 00045/00300 (15.00%) | loss: nan | lrm: 1.00 | dt: 81.22ms | tok/sec: 3,227,497 | bf16_mfu: 0.00 | epoch: 1 pq: 0 rg: 24 | total time: 0.05m | eta: 0.3m
step 00046/00300 (15.33%) | loss: nan | lrm: 1.00 | dt: 81.23ms | tok/sec: 3,227,071 | bf16_mfu: 0.00 | epoch: 1 pq: 0 rg: 24 | total time: 0.05m | eta: 0.3m
step 00047/00300 (15.67%) | loss: nan | lrm: 1.00 | dt: 81.07ms | tok/sec: 3,233,505 | bf16_mfu: 0.00 | epoch: 1 pq: 0 rg: 24 | total time: 0.05m | eta: 0.3m
step 00048/00300 (16.00%) | loss: nan | lrm: 1.00 | dt: 81.14ms | tok/sec: 3,230,797 | bf16_mfu: 0.00 | epoch: 1 pq: 0 rg: 24 | total time: 0.05m | eta: 0.3m
step 00049/00300 (16.33%) | loss: nan | lrm: 1.00 | dt: 81.16ms | tok/sec: 3,230,048 | bf16_mfu: 0.00 | epoch: 1 pq: 0 rg: 24 | total time: 0.05m | eta: 0.3m
step 00050/00300 (16.67%) | loss: nan | lrm: 1.00 | dt: 81.18ms | tok/sec: 3,229,194 | bf16_mfu: 0.00 | epoch: 1 pq: 0 rg: 24 | total time: 0.05m | eta: 0.3m
step 00051/00300 (17.00%) | loss: nan | lrm: 1.00 | dt: 81.31ms | tok/sec: 3,224,118 | bf16_mfu: 0.00 | epoch: 1 pq: 0 rg: 24 | total time: 0.06m | eta: 0.3m
step 00052/00300 (17.33%) | loss: nan | lrm: 1.00 | dt: 81.40ms | tok/sec: 3,220,436 | bf16_mfu: 0.00 | epoch: 1 pq: 0 rg: 24 | total time: 0.06m | eta: 0.3m
step 00053/00300 (17.67%) | loss: nan | lrm: 1.00 | dt: 81.51ms | tok/sec: 3,216,168 | bf16_mfu: 0.00 | epoch: 1 pq: 0 rg: 32 | total time: 0.06m | eta: 0.3m
step 00054/00300 (18.00%) | loss: nan | lrm: 1.00 | dt: 81.38ms | tok/sec: 3,221,209 | bf16_mfu: 0.00 | epoch: 1 pq: 0 rg: 32 | total time: 0.06m | eta: 0.3m
step 00055/00300 (18.33%) | loss: nan | lrm: 1.00 | dt: 81.61ms | tok/sec: 3,212,053 | bf16_mfu: 0.00 | epoch: 1 pq: 0 rg: 32 | total time: 0.06m | eta: 0.3m
step 00056/00300 (18.67%) | loss: nan | lrm: 1.00 | dt: 81.45ms | tok/sec: 3,218,371 | bf16_mfu: 0.00 | epoch: 1 pq: 0 rg: 32 | total time: 0.06m | eta: 0.3m
step 00057/00300 (19.00%) | loss: nan | lrm: 1.00 | dt: 81.55ms | tok/sec: 3,214,391 | bf16_mfu: 0.00 | epoch: 1 pq: 0 rg: 32 | total time: 0.06m | eta: 0.3m
step 00058/00300 (19.33%) | loss: nan | lrm: 1.00 | dt: 81.43ms | tok/sec: 3,219,266 | bf16_mfu: 0.00 | epoch: 1 pq: 0 rg: 32 | total time: 0.07m | eta: 0.3m
step 00059/00300 (19.67%) | loss: nan | lrm: 1.00 | dt: 81.51ms | tok/sec: 3,216,281 | bf16_mfu: 0.00 | epoch: 1 pq: 0 rg: 32 | total time: 0.07m | eta: 0.3m
step 00060/00300 (20.00%) | loss: nan | lrm: 1.00 | dt: 81.53ms | tok/sec: 3,215,303 | bf16_mfu: 0.00 | epoch: 1 pq: 0 rg: 32 | total time: 0.07m | eta: 0.3m
step 00061/00300 (20.33%) | loss: nan | lrm: 1.00 | dt: 81.21ms | tok/sec: 3,228,132 | bf16_mfu: 0.00 | epoch: 1 pq: 0 rg: 32 | total time: 0.07m | eta: 0.3m
step 00062/00300 (20.67%) | loss: nan | lrm: 1.00 | dt: 81.49ms | tok/sec: 3,216,818 | bf16_mfu: 0.00 | epoch: 1 pq: 0 rg: 32 | total time: 0.07m | eta: 0.3m
step 00063/00300 (21.00%) | loss: nan | lrm: 1.00 | dt: 81.52ms | tok/sec: 3,215,839 | bf16_mfu: 0.00 | epoch: 1 pq: 0 rg: 32 | total time: 0.07m | eta: 0.3m
step 00064/00300 (21.33%) | loss: nan | lrm: 1.00 | dt: 81.43ms | tok/sec: 3,219,163 | bf16_mfu: 0.00 | epoch: 1 pq: 0 rg: 32 | total time: 0.07m | eta: 0.3m
step 00065/00300 (21.67%) | loss: nan | lrm: 1.00 | dt: 81.33ms | tok/sec: 3,223,088 | bf16_mfu: 0.00 | epoch: 1 pq: 0 rg: 32 | total time: 0.07m | eta: 0.3m
step 00066/00300 (22.00%) | loss: nan | lrm: 1.00 | dt: 81.32ms | tok/sec: 3,223,665 | bf16_mfu: 0.00 | epoch: 1 pq: 0 rg: 32 | total time: 0.08m | eta: 0.3m
step 00067/00300 (22.33%) | loss: nan | lrm: 1.00 | dt: 81.51ms | tok/sec: 3,215,990 | bf16_mfu: 0.00 | epoch: 1 pq: 0 rg: 32 | total time: 0.08m | eta: 0.3m
step 00068/00300 (22.67%) | loss: nan | lrm: 1.00 | dt: 81.41ms | tok/sec: 3,220,077 | bf16_mfu: 0.00 | epoch: 1 pq: 0 rg: 32 | total time: 0.08m | eta: 0.3m
step 00069/00300 (23.00%) | loss: nan | lrm: 1.00 | dt: 81.84ms | tok/sec: 3,203,247 | bf16_mfu: 0.00 | epoch: 1 pq: 0 rg: 40 | total time: 0.08m | eta: 0.3m
step 00070/00300 (23.33%) | loss: nan | lrm: 1.00 | dt: 81.51ms | tok/sec: 3,215,914 | bf16_mfu: 0.00 | epoch: 1 pq: 0 rg: 40 | total time: 0.08m | eta: 0.3m
step 00071/00300 (23.67%) | loss: nan | lrm: 1.00 | dt: 81.15ms | tok/sec: 3,230,522 | bf16_mfu: 0.00 | epoch: 1 pq: 0 rg: 40 | total time: 0.08m | eta: 0.3m
step 00072/00300 (24.00%) | loss: nan | lrm: 1.00 | dt: 81.56ms | tok/sec: 3,214,250 | bf16_mfu: 0.00 | epoch: 1 pq: 0 rg: 40 | total time: 0.08m | eta: 0.3m
step 00073/00300 (24.33%) | loss: nan | lrm: 1.00 | dt: 81.28ms | tok/sec: 3,225,386 | bf16_mfu: 0.00 | epoch: 1 pq: 0 rg: 40 | total time: 0.09m | eta: 0.3m
step 00074/00300 (24.67%) | loss: nan | lrm: 1.00 | dt: 81.41ms | tok/sec: 3,220,238 | bf16_mfu: 0.00 | epoch: 1 pq: 0 rg: 40 | total time: 0.09m | eta: 0.3m
step 00075/00300 (25.00%) | loss: nan | lrm: 1.00 | dt: 81.47ms | tok/sec: 3,217,599 | bf16_mfu: 0.00 | epoch: 1 pq: 0 rg: 40 | total time: 0.09m | eta: 0.3m
step 00076/00300 (25.33%) | loss: nan | lrm: 1.00 | dt: 81.17ms | tok/sec: 3,229,535 | bf16_mfu: 0.00 | epoch: 1 pq: 0 rg: 40 | total time: 0.09m | eta: 0.3m
step 00077/00300 (25.67%) | loss: nan | lrm: 1.00 | dt: 81.16ms | tok/sec: 3,229,848 | bf16_mfu: 0.00 | epoch: 1 pq: 0 rg: 40 | total time: 0.09m | eta: 0.3m
step 00078/00300 (26.00%) | loss: nan | lrm: 1.00 | dt: 81.38ms | tok/sec: 3,221,417 | bf16_mfu: 0.00 | epoch: 1 pq: 0 rg: 40 | total time: 0.09m | eta: 0.3m
step 00079/00300 (26.33%) | loss: nan | lrm: 1.00 | dt: 81.25ms | tok/sec: 3,226,550 | bf16_mfu: 0.00 | epoch: 1 pq: 0 rg: 40 | total time: 0.09m | eta: 0.3m
step 00080/00300 (26.67%) | loss: nan | lrm: 1.00 | dt: 81.20ms | tok/sec: 3,228,568 | bf16_mfu: 0.00 | epoch: 1 pq: 0 rg: 40 | total time: 0.09m | eta: 0.3m
step 00081/00300 (27.00%) | loss: nan | lrm: 1.00 | dt: 81.27ms | tok/sec: 3,225,518 | bf16_mfu: 0.00 | epoch: 1 pq: 0 rg: 40 | total time: 0.10m | eta: 0.3m
step 00082/00300 (27.33%) | loss: nan | lrm: 1.00 | dt: 81.22ms | tok/sec: 3,227,649 | bf16_mfu: 0.00 | epoch: 1 pq: 0 rg: 40 | total time: 0.10m | eta: 0.3m
step 00083/00300 (27.67%) | loss: nan | lrm: 1.00 | dt: 81.82ms | tok/sec: 3,204,069 | bf16_mfu: 0.00 | epoch: 1 pq: 0 rg: 40 | total time: 0.10m | eta: 0.3m
step 00084/00300 (28.00%) | loss: nan | lrm: 1.00 | dt: 81.52ms | tok/sec: 3,215,613 | bf16_mfu: 0.00 | epoch: 1 pq: 0 rg: 48 | total time: 0.10m | eta: 0.3m
step 00085/00300 (28.33%) | loss: nan | lrm: 1.00 | dt: 81.26ms | tok/sec: 3,225,906 | bf16_mfu: 0.00 | epoch: 1 pq: 0 rg: 48 | total time: 0.10m | eta: 0.3m
step 00086/00300 (28.67%) | loss: nan | lrm: 1.00 | dt: 81.26ms | tok/sec: 3,225,812 | bf16_mfu: 0.00 | epoch: 1 pq: 0 rg: 48 | total time: 0.10m | eta: 0.3m
step 00087/00300 (29.00%) | loss: nan | lrm: 1.00 | dt: 81.29ms | tok/sec: 3,224,714 | bf16_mfu: 0.00 | epoch: 1 pq: 0 rg: 48 | total time: 0.10m | eta: 0.3m
step 00088/00300 (29.33%) | loss: nan | lrm: 1.00 | dt: 81.26ms | tok/sec: 3,226,171 | bf16_mfu: 0.00 | epoch: 1 pq: 0 rg: 48 | total time: 0.11m | eta: 0.3m
step 00089/00300 (29.67%) | loss: nan | lrm: 1.00 | dt: 81.59ms | tok/sec: 3,213,020 | bf16_mfu: 0.00 | epoch: 1 pq: 0 rg: 48 | total time: 0.11m | eta: 0.3m
step 00090/00300 (30.00%) | loss: nan | lrm: 1.00 | dt: 81.40ms | tok/sec: 3,220,266 | bf16_mfu: 0.00 | epoch: 1 pq: 0 rg: 48 | total time: 0.11m | eta: 0.3m
step 00091/00300 (30.33%) | loss: nan | lrm: 1.00 | dt: 81.44ms | tok/sec: 3,218,776 | bf16_mfu: 0.00 | epoch: 1 pq: 0 rg: 48 | total time: 0.11m | eta: 0.3m
step 00092/00300 (30.67%) | loss: nan | lrm: 1.00 | dt: 81.38ms | tok/sec: 3,221,200 | bf16_mfu: 0.00 | epoch: 1 pq: 0 rg: 48 | total time: 0.11m | eta: 0.3m
step 00093/00300 (31.00%) | loss: nan | lrm: 1.00 | dt: 81.28ms | tok/sec: 3,225,083 | bf16_mfu: 0.00 | epoch: 1 pq: 0 rg: 48 | total time: 0.11m | eta: 0.3m
step 00094/00300 (31.33%) | loss: nan | lrm: 1.00 | dt: 81.36ms | tok/sec: 3,221,946 | bf16_mfu: 0.00 | epoch: 1 pq: 0 rg: 48 | total time: 0.11m | eta: 0.3m
step 00095/00300 (31.67%) | loss: nan | lrm: 1.00 | dt: 81.13ms | tok/sec: 3,231,120 | bf16_mfu: 0.00 | epoch: 1 pq: 0 rg: 48 | total time: 0.12m | eta: 0.3m
step 00096/00300 (32.00%) | loss: nan | lrm: 1.00 | dt: 81.19ms | tok/sec: 3,228,938 | bf16_mfu: 0.00 | epoch: 1 pq: 0 rg: 48 | total time: 0.12m | eta: 0.3m
step 00097/00300 (32.33%) | loss: nan | lrm: 1.00 | dt: 81.44ms | tok/sec: 3,218,729 | bf16_mfu: 0.00 | epoch: 1 pq: 0 rg: 48 | total time: 0.12m | eta: 0.3m
step 00098/00300 (32.67%) | loss: nan | lrm: 1.00 | dt: 81.42ms | tok/sec: 3,219,691 | bf16_mfu: 0.00 | epoch: 1 pq: 0 rg: 48 | total time: 0.12m | eta: 0.3m
step 00099/00300 (33.00%) | loss: nan | lrm: 1.00 | dt: 81.30ms | tok/sec: 3,224,251 | bf16_mfu: 0.00 | epoch: 1 pq: 0 rg: 56 | total time: 0.12m | eta: 0.3m
step 00100/00300 (33.33%) | loss: nan | lrm: 1.00 | dt: 81.31ms | tok/sec: 3,224,015 | bf16_mfu: 0.00 | epoch: 1 pq: 0 rg: 56 | total time: 0.12m | eta: 0.3m
step 00101/00300 (33.67%) | loss: nan | lrm: 1.00 | dt: 81.34ms | tok/sec: 3,222,880 | bf16_mfu: 0.00 | epoch: 1 pq: 0 rg: 56 | total time: 0.12m | eta: 0.3m
step 00102/00300 (34.00%) | loss: nan | lrm: 1.00 | dt: 81.45ms | tok/sec: 3,218,315 | bf16_mfu: 0.00 | epoch: 1 pq: 0 rg: 56 | total time: 0.12m | eta: 0.3m
step 00103/00300 (34.33%) | loss: nan | lrm: 1.00 | dt: 81.37ms | tok/sec: 3,221,700 | bf16_mfu: 0.00 | epoch: 1 pq: 0 rg: 56 | total time: 0.13m | eta: 0.3m
step 00104/00300 (34.67%) | loss: nan | lrm: 1.00 | dt: 81.61ms | tok/sec: 3,212,053 | bf16_mfu: 0.00 | epoch: 1 pq: 0 rg: 56 | total time: 0.13m | eta: 0.3m
step 00105/00300 (35.00%) | loss: nan | lrm: 1.00 | dt: 81.36ms | tok/sec: 3,221,927 | bf16_mfu: 0.00 | epoch: 1 pq: 0 rg: 56 | total time: 0.13m | eta: 0.3m
step 00106/00300 (35.33%) | loss: nan | lrm: 1.00 | dt: 81.20ms | tok/sec: 3,228,350 | bf16_mfu: 0.00 | epoch: 1 pq: 0 rg: 56 | total time: 0.13m | eta: 0.3m
step 00107/00300 (35.67%) | loss: nan | lrm: 0.99 | dt: 81.30ms | tok/sec: 3,224,487 | bf16_mfu: 0.00 | epoch: 1 pq: 0 rg: 56 | total time: 0.13m | eta: 0.3m
step 00108/00300 (36.00%) | loss: nan | lrm: 0.99 | dt: 81.17ms | tok/sec: 3,229,431 | bf16_mfu: 0.00 | epoch: 1 pq: 0 rg: 56 | total time: 0.13m | eta: 0.3m
step 00109/00300 (36.33%) | loss: nan | lrm: 0.98 | dt: 81.32ms | tok/sec: 3,223,589 | bf16_mfu: 0.00 | epoch: 1 pq: 0 rg: 56 | total time: 0.13m | eta: 0.3m
step 00110/00300 (36.67%) | loss: nan | lrm: 0.98 | dt: 81.30ms | tok/sec: 3,224,336 | bf16_mfu: 0.00 | epoch: 1 pq: 0 rg: 56 | total time: 0.14m | eta: 0.3m
step 00111/00300 (37.00%) | loss: nan | lrm: 0.97 | dt: 81.31ms | tok/sec: 3,224,071 | bf16_mfu: 0.00 | epoch: 1 pq: 0 rg: 56 | total time: 0.14m | eta: 0.3m
step 00112/00300 (37.33%) | loss: nan | lrm: 0.97 | dt: 81.53ms | tok/sec: 3,215,350 | bf16_mfu: 0.00 | epoch: 1 pq: 0 rg: 56 | total time: 0.14m | eta: 0.3m
step 00113/00300 (37.67%) | loss: nan | lrm: 0.96 | dt: 81.71ms | tok/sec: 3,208,042 | bf16_mfu: 0.00 | epoch: 1 pq: 0 rg: 56 | total time: 0.14m | eta: 0.3m
step 00114/00300 (38.00%) | loss: nan | lrm: 0.96 | dt: 81.31ms | tok/sec: 3,223,958 | bf16_mfu: 0.00 | epoch: 1 pq: 0 rg: 64 | total time: 0.14m | eta: 0.3m
step 00115/00300 (38.33%) | loss: nan | lrm: 0.95 | dt: 81.36ms | tok/sec: 3,222,144 | bf16_mfu: 0.00 | epoch: 1 pq: 0 rg: 64 | total time: 0.14m | eta: 0.3m
step 00116/00300 (38.67%) | loss: nan | lrm: 0.95 | dt: 81.53ms | tok/sec: 3,215,265 | bf16_mfu: 0.00 | epoch: 1 pq: 0 rg: 64 | total time: 0.14m | eta: 0.2m
step 00117/00300 (39.00%) | loss: nan | lrm: 0.94 | dt: 81.28ms | tok/sec: 3,225,083 | bf16_mfu: 0.00 | epoch: 1 pq: 0 rg: 64 | total time: 0.15m | eta: 0.2m
step 00118/00300 (39.33%) | loss: nan | lrm: 0.94 | dt: 81.21ms | tok/sec: 3,228,113 | bf16_mfu: 0.00 | epoch: 1 pq: 0 rg: 64 | total time: 0.15m | eta: 0.2m
step 00119/00300 (39.67%) | loss: nan | lrm: 0.93 | dt: 81.53ms | tok/sec: 3,215,378 | bf16_mfu: 0.00 | epoch: 1 pq: 0 rg: 64 | total time: 0.15m | eta: 0.2m
step 00120/00300 (40.00%) | loss: nan | lrm: 0.93 | dt: 81.54ms | tok/sec: 3,214,946 | bf16_mfu: 0.00 | epoch: 1 pq: 0 rg: 64 | total time: 0.15m | eta: 0.2m
step 00121/00300 (40.33%) | loss: nan | lrm: 0.92 | dt: 82.02ms | tok/sec: 3,195,910 | bf16_mfu: 0.00 | epoch: 1 pq: 0 rg: 64 | total time: 0.15m | eta: 0.2m
step 00122/00300 (40.67%) | loss: nan | lrm: 0.92 | dt: 81.18ms | tok/sec: 3,229,052 | bf16_mfu: 0.00 | epoch: 1 pq: 0 rg: 64 | total time: 0.15m | eta: 0.2m
step 00123/00300 (41.00%) | loss: nan | lrm: 0.91 | dt: 81.36ms | tok/sec: 3,221,879 | bf16_mfu: 0.00 | epoch: 1 pq: 0 rg: 64 | total time: 0.15m | eta: 0.2m
step 00124/00300 (41.33%) | loss: nan | lrm: 0.91 | dt: 81.30ms | tok/sec: 3,224,336 | bf16_mfu: 0.00 | epoch: 1 pq: 0 rg: 64 | total time: 0.15m | eta: 0.2m
step 00125/00300 (41.67%) | loss: nan | lrm: 0.90 | dt: 81.58ms | tok/sec: 3,213,489 | bf16_mfu: 0.00 | epoch: 1 pq: 0 rg: 64 | total time: 0.16m | eta: 0.2m
step 00126/00300 (42.00%) | loss: nan | lrm: 0.90 | dt: 81.55ms | tok/sec: 3,214,325 | bf16_mfu: 0.00 | epoch: 1 pq: 0 rg: 64 | total time: 0.16m | eta: 0.2m
step 00127/00300 (42.33%) | loss: nan | lrm: 0.89 | dt: 81.24ms | tok/sec: 3,226,749 | bf16_mfu: 0.00 | epoch: 1 pq: 0 rg: 64 | total time: 0.16m | eta: 0.2m
step 00128/00300 (42.67%) | loss: nan | lrm: 0.89 | dt: 81.33ms | tok/sec: 3,223,221 | bf16_mfu: 0.00 | epoch: 1 pq: 0 rg: 64 | total time: 0.16m | eta: 0.2m
step 00129/00300 (43.00%) | loss: nan | lrm: 0.88 | dt: 81.33ms | tok/sec: 3,223,211 | bf16_mfu: 0.00 | epoch: 1 pq: 0 rg: 72 | total time: 0.16m | eta: 0.2m
step 00130/00300 (43.33%) | loss: nan | lrm: 0.88 | dt: 81.56ms | tok/sec: 3,214,166 | bf16_mfu: 0.00 | epoch: 1 pq: 0 rg: 72 | total time: 0.16m | eta: 0.2m
step 00131/00300 (43.67%) | loss: nan | lrm: 0.87 | dt: 81.33ms | tok/sec: 3,223,391 | bf16_mfu: 0.00 | epoch: 1 pq: 0 rg: 72 | total time: 0.16m | eta: 0.2m
step 00132/00300 (44.00%) | loss: nan | lrm: 0.87 | dt: 81.24ms | tok/sec: 3,226,749 | bf16_mfu: 0.00 | epoch: 1 pq: 0 rg: 72 | total time: 0.17m | eta: 0.2m
step 00133/00300 (44.33%) | loss: nan | lrm: 0.86 | dt: 81.60ms | tok/sec: 3,212,494 | bf16_mfu: 0.00 | epoch: 1 pq: 0 rg: 72 | total time: 0.17m | eta: 0.2m
step 00134/00300 (44.67%) | loss: nan | lrm: 0.86 | dt: 81.55ms | tok/sec: 3,214,645 | bf16_mfu: 0.00 | epoch: 1 pq: 0 rg: 72 | total time: 0.17m | eta: 0.2m
step 00135/00300 (45.00%) | loss: nan | lrm: 0.85 | dt: 81.51ms | tok/sec: 3,216,055 | bf16_mfu: 0.00 | epoch: 1 pq: 0 rg: 72 | total time: 0.17m | eta: 0.2m
step 00136/00300 (45.33%) | loss: nan | lrm: 0.85 | dt: 81.57ms | tok/sec: 3,213,602 | bf16_mfu: 0.00 | epoch: 1 pq: 0 rg: 72 | total time: 0.17m | eta: 0.2m
step 00137/00300 (45.67%) | loss: nan | lrm: 0.84 | dt: 81.77ms | tok/sec: 3,205,956 | bf16_mfu: 0.00 | epoch: 1 pq: 0 rg: 72 | total time: 0.17m | eta: 0.2m
step 00138/00300 (46.00%) | loss: nan | lrm: 0.84 | dt: 81.42ms | tok/sec: 3,219,832 | bf16_mfu: 0.00 | epoch: 1 pq: 0 rg: 72 | total time: 0.17m | eta: 0.2m
step 00139/00300 (46.33%) | loss: nan | lrm: 0.83 | dt: 81.15ms | tok/sec: 3,230,475 | bf16_mfu: 0.00 | epoch: 1 pq: 0 rg: 72 | total time: 0.18m | eta: 0.2m
step 00140/00300 (46.67%) | loss: nan | lrm: 0.83 | dt: 81.22ms | tok/sec: 3,227,563 | bf16_mfu: 0.00 | epoch: 1 pq: 0 rg: 72 | total time: 0.18m | eta: 0.2m
step 00141/00300 (47.00%) | loss: nan | lrm: 0.82 | dt: 81.34ms | tok/sec: 3,222,899 | bf16_mfu: 0.00 | epoch: 1 pq: 0 rg: 72 | total time: 0.18m | eta: 0.2m
step 00142/00300 (47.33%) | loss: nan | lrm: 0.82 | dt: 81.29ms | tok/sec: 3,224,941 | bf16_mfu: 0.00 | epoch: 1 pq: 0 rg: 72 | total time: 0.18m | eta: 0.2m
step 00143/00300 (47.67%) | loss: nan | lrm: 0.81 | dt: 81.22ms | tok/sec: 3,227,393 | bf16_mfu: 0.00 | epoch: 1 pq: 0 rg: 72 | total time: 0.18m | eta: 0.2m
step 00144/00300 (48.00%) | loss: nan | lrm: 0.81 | dt: 81.35ms | tok/sec: 3,222,399 | bf16_mfu: 0.00 | epoch: 1 pq: 0 rg: 72 | total time: 0.18m | eta: 0.2m
step 00145/00300 (48.33%) | loss: nan | lrm: 0.81 | dt: 81.27ms | tok/sec: 3,225,443 | bf16_mfu: 0.00 | epoch: 1 pq: 0 rg: 80 | total time: 0.18m | eta: 0.2m
step 00146/00300 (48.67%) | loss: nan | lrm: 0.80 | dt: 81.22ms | tok/sec: 3,227,450 | bf16_mfu: 0.00 | epoch: 1 pq: 0 rg: 80 | total time: 0.18m | eta: 0.2m
step 00147/00300 (49.00%) | loss: nan | lrm: 0.80 | dt: 81.39ms | tok/sec: 3,220,747 | bf16_mfu: 0.00 | epoch: 1 pq: 0 rg: 80 | total time: 0.19m | eta: 0.2m
step 00148/00300 (49.33%) | loss: nan | lrm: 0.79 | dt: 81.44ms | tok/sec: 3,219,050 | bf16_mfu: 0.00 | epoch: 1 pq: 0 rg: 80 | total time: 0.19m | eta: 0.2m
step 00149/00300 (49.67%) | loss: nan | lrm: 0.79 | dt: 81.33ms | tok/sec: 3,223,211 | bf16_mfu: 0.00 | epoch: 1 pq: 0 rg: 80 | total time: 0.19m | eta: 0.2m
step 00150/00300 (50.00%) | loss: nan | lrm: 0.78 | dt: 81.46ms | tok/sec: 3,217,900 | bf16_mfu: 0.00 | epoch: 1 pq: 0 rg: 80 | total time: 0.19m | eta: 0.2m
step 00151/00300 (50.33%) | loss: nan | lrm: 0.78 | dt: 81.57ms | tok/sec: 3,213,630 | bf16_mfu: 0.00 | epoch: 1 pq: 0 rg: 80 | total time: 0.19m | eta: 0.2m
step 00152/00300 (50.67%) | loss: nan | lrm: 0.77 | dt: 81.54ms | tok/sec: 3,214,927 | bf16_mfu: 0.00 | epoch: 1 pq: 0 rg: 80 | total time: 0.19m | eta: 0.2m
step 00153/00300 (51.00%) | loss: nan | lrm: 0.77 | dt: 81.26ms | tok/sec: 3,225,982 | bf16_mfu: 0.00 | epoch: 1 pq: 0 rg: 80 | total time: 0.19m | eta: 0.2m
step 00154/00300 (51.33%) | loss: nan | lrm: 0.76 | dt: 81.24ms | tok/sec: 3,226,919 | bf16_mfu: 0.00 | epoch: 1 pq: 0 rg: 80 | total time: 0.20m | eta: 0.2m
step 00155/00300 (51.67%) | loss: nan | lrm: 0.76 | dt: 81.56ms | tok/sec: 3,214,288 | bf16_mfu: 0.00 | epoch: 1 pq: 0 rg: 80 | total time: 0.20m | eta: 0.2m
step 00156/00300 (52.00%) | loss: nan | lrm: 0.75 | dt: 81.43ms | tok/sec: 3,219,229 | bf16_mfu: 0.00 | epoch: 1 pq: 0 rg: 80 | total time: 0.20m | eta: 0.2m
step 00157/00300 (52.33%) | loss: nan | lrm: 0.75 | dt: 81.51ms | tok/sec: 3,215,971 | bf16_mfu: 0.00 | epoch: 1 pq: 0 rg: 80 | total time: 0.20m | eta: 0.2m
step 00158/00300 (52.67%) | loss: nan | lrm: 0.74 | dt: 81.34ms | tok/sec: 3,222,937 | bf16_mfu: 0.00 | epoch: 1 pq: 0 rg: 80 | total time: 0.20m | eta: 0.2m
step 00159/00300 (53.00%) | loss: nan | lrm: 0.74 | dt: 81.29ms | tok/sec: 3,224,639 | bf16_mfu: 0.00 | epoch: 1 pq: 0 rg: 80 | total time: 0.20m | eta: 0.2m
step 00160/00300 (53.33%) | loss: nan | lrm: 0.73 | dt: 81.37ms | tok/sec: 3,221,568 | bf16_mfu: 0.00 | epoch: 1 pq: 1 rg: 0 | total time: 0.20m | eta: 0.2m
step 00161/00300 (53.67%) | loss: nan | lrm: 0.73 | dt: 81.53ms | tok/sec: 3,215,200 | bf16_mfu: 0.00 | epoch: 1 pq: 1 rg: 0 | total time: 0.20m | eta: 0.2m
step 00162/00300 (54.00%) | loss: nan | lrm: 0.72 | dt: 81.41ms | tok/sec: 3,219,917 | bf16_mfu: 0.00 | epoch: 1 pq: 1 rg: 0 | total time: 0.21m | eta: 0.2m
step 00163/00300 (54.33%) | loss: nan | lrm: 0.72 | dt: 81.61ms | tok/sec: 3,212,034 | bf16_mfu: 0.00 | epoch: 1 pq: 1 rg: 0 | total time: 0.21m | eta: 0.2m
step 00164/00300 (54.67%) | loss: nan | lrm: 0.71 | dt: 81.52ms | tok/sec: 3,215,745 | bf16_mfu: 0.00 | epoch: 1 pq: 1 rg: 0 | total time: 0.21m | eta: 0.2m
step 00165/00300 (55.00%) | loss: nan | lrm: 0.71 | dt: 81.32ms | tok/sec: 3,223,428 | bf16_mfu: 0.00 | epoch: 1 pq: 1 rg: 0 | total time: 0.21m | eta: 0.2m
step 00166/00300 (55.33%) | loss: nan | lrm: 0.70 | dt: 81.50ms | tok/sec: 3,216,592 | bf16_mfu: 0.00 | epoch: 1 pq: 1 rg: 0 | total time: 0.21m | eta: 0.2m
step 00167/00300 (55.67%) | loss: nan | lrm: 0.70 | dt: 81.44ms | tok/sec: 3,218,795 | bf16_mfu: 0.00 | epoch: 1 pq: 1 rg: 0 | total time: 0.21m | eta: 0.2m
step 00168/00300 (56.00%) | loss: nan | lrm: 0.69 | dt: 81.72ms | tok/sec: 3,207,920 | bf16_mfu: 0.00 | epoch: 1 pq: 1 rg: 0 | total time: 0.21m | eta: 0.2m
step 00169/00300 (56.33%) | loss: nan | lrm: 0.69 | dt: 81.54ms | tok/sec: 3,215,106 | bf16_mfu: 0.00 | epoch: 1 pq: 1 rg: 0 | total time: 0.22m | eta: 0.2m
step 00170/00300 (56.67%) | loss: nan | lrm: 0.68 | dt: 81.48ms | tok/sec: 3,217,260 | bf16_mfu: 0.00 | epoch: 1 pq: 1 rg: 0 | total time: 0.22m | eta: 0.2m
step 00171/00300 (57.00%) | loss: nan | lrm: 0.68 | dt: 81.60ms | tok/sec: 3,212,691 | bf16_mfu: 0.00 | epoch: 1 pq: 1 rg: 0 | total time: 0.22m | eta: 0.2m
step 00172/00300 (57.33%) | loss: nan | lrm: 0.67 | dt: 81.61ms | tok/sec: 3,212,128 | bf16_mfu: 0.00 | epoch: 1 pq: 1 rg: 0 | total time: 0.22m | eta: 0.2m
step 00173/00300 (57.67%) | loss: nan | lrm: 0.67 | dt: 81.39ms | tok/sec: 3,220,964 | bf16_mfu: 0.00 | epoch: 1 pq: 1 rg: 0 | total time: 0.22m | eta: 0.2m
step 00174/00300 (58.00%) | loss: nan | lrm: 0.66 | dt: 81.34ms | tok/sec: 3,222,947 | bf16_mfu: 0.00 | epoch: 1 pq: 1 rg: 0 | total time: 0.22m | eta: 0.2m
step 00175/00300 (58.33%) | loss: nan | lrm: 0.66 | dt: 81.56ms | tok/sec: 3,213,978 | bf16_mfu: 0.00 | epoch: 1 pq: 1 rg: 8 | total time: 0.22m | eta: 0.2m
step 00176/00300 (58.67%) | loss: nan | lrm: 0.65 | dt: 81.49ms | tok/sec: 3,216,978 | bf16_mfu: 0.00 | epoch: 1 pq: 1 rg: 8 | total time: 0.23m | eta: 0.2m
step 00177/00300 (59.00%) | loss: nan | lrm: 0.65 | dt: 81.46ms | tok/sec: 3,218,202 | bf16_mfu: 0.00 | epoch: 1 pq: 1 rg: 8 | total time: 0.23m | eta: 0.2m
step 00178/00300 (59.33%) | loss: nan | lrm: 0.64 | dt: 81.50ms | tok/sec: 3,216,676 | bf16_mfu: 0.00 | epoch: 1 pq: 1 rg: 8 | total time: 0.23m | eta: 0.2m
step 00179/00300 (59.67%) | loss: nan | lrm: 0.64 | dt: 81.43ms | tok/sec: 3,219,304 | bf16_mfu: 0.00 | epoch: 1 pq: 1 rg: 8 | total time: 0.23m | eta: 0.2m
step 00180/00300 (60.00%) | loss: nan | lrm: 0.63 | dt: 81.58ms | tok/sec: 3,213,283 | bf16_mfu: 0.00 | epoch: 1 pq: 1 rg: 8 | total time: 0.23m | eta: 0.2m
step 00181/00300 (60.33%) | loss: nan | lrm: 0.63 | dt: 81.78ms | tok/sec: 3,205,451 | bf16_mfu: 0.00 | epoch: 1 pq: 1 rg: 8 | total time: 0.23m | eta: 0.2m
step 00182/00300 (60.67%) | loss: nan | lrm: 0.62 | dt: 81.45ms | tok/sec: 3,218,484 | bf16_mfu: 0.00 | epoch: 1 pq: 1 rg: 8 | total time: 0.23m | eta: 0.2m
step 00183/00300 (61.00%) | loss: nan | lrm: 0.62 | dt: 81.50ms | tok/sec: 3,216,432 | bf16_mfu: 0.00 | epoch: 1 pq: 1 rg: 8 | total time: 0.23m | eta: 0.2m
step 00184/00300 (61.33%) | loss: nan | lrm: 0.62 | dt: 81.47ms | tok/sec: 3,217,599 | bf16_mfu: 0.00 | epoch: 1 pq: 1 rg: 8 | total time: 0.24m | eta: 0.2m
step 00185/00300 (61.67%) | loss: nan | lrm: 0.61 | dt: 81.39ms | tok/sec: 3,220,898 | bf16_mfu: 0.00 | epoch: 1 pq: 1 rg: 8 | total time: 0.24m | eta: 0.2m
step 00186/00300 (62.00%) | loss: nan | lrm: 0.61 | dt: 81.75ms | tok/sec: 3,206,826 | bf16_mfu: 0.00 | epoch: 1 pq: 1 rg: 8 | total time: 0.24m | eta: 0.2m
step 00187/00300 (62.33%) | loss: nan | lrm: 0.60 | dt: 81.69ms | tok/sec: 3,209,119 | bf16_mfu: 0.00 | epoch: 1 pq: 1 rg: 8 | total time: 0.24m | eta: 0.2m
step 00188/00300 (62.67%) | loss: nan | lrm: 0.60 | dt: 81.49ms | tok/sec: 3,216,723 | bf16_mfu: 0.00 | epoch: 1 pq: 1 rg: 8 | total time: 0.24m | eta: 0.2m
step 00189/00300 (63.00%) | loss: nan | lrm: 0.59 | dt: 81.27ms | tok/sec: 3,225,405 | bf16_mfu: 0.00 | epoch: 1 pq: 1 rg: 16 | total time: 0.24m | eta: 0.2m
step 00190/00300 (63.33%) | loss: nan | lrm: 0.59 | dt: 81.31ms | tok/sec: 3,223,863 | bf16_mfu: 0.00 | epoch: 1 pq: 1 rg: 16 | total time: 0.24m | eta: 0.1m
step 00191/00300 (63.67%) | loss: nan | lrm: 0.58 | dt: 81.49ms | tok/sec: 3,216,959 | bf16_mfu: 0.00 | epoch: 1 pq: 1 rg: 16 | total time: 0.25m | eta: 0.1m
step 00192/00300 (64.00%) | loss: nan | lrm: 0.58 | dt: 81.50ms | tok/sec: 3,216,620 | bf16_mfu: 0.00 | epoch: 1 pq: 1 rg: 16 | total time: 0.25m | eta: 0.1m
step 00193/00300 (64.33%) | loss: nan | lrm: 0.57 | dt: 81.45ms | tok/sec: 3,218,409 | bf16_mfu: 0.00 | epoch: 1 pq: 1 rg: 16 | total time: 0.25m | eta: 0.1m
step 00194/00300 (64.67%) | loss: nan | lrm: 0.57 | dt: 81.40ms | tok/sec: 3,220,520 | bf16_mfu: 0.00 | epoch: 1 pq: 1 rg: 16 | total time: 0.25m | eta: 0.1m
step 00195/00300 (65.00%) | loss: nan | lrm: 0.56 | dt: 81.46ms | tok/sec: 3,218,023 | bf16_mfu: 0.00 | epoch: 1 pq: 1 rg: 16 | total time: 0.25m | eta: 0.1m
step 00196/00300 (65.33%) | loss: nan | lrm: 0.56 | dt: 81.26ms | tok/sec: 3,226,162 | bf16_mfu: 0.00 | epoch: 1 pq: 1 rg: 16 | total time: 0.25m | eta: 0.1m
step 00197/00300 (65.67%) | loss: nan | lrm: 0.55 | dt: 81.30ms | tok/sec: 3,224,251 | bf16_mfu: 0.00 | epoch: 1 pq: 1 rg: 16 | total time: 0.25m | eta: 0.1m
step 00198/00300 (66.00%) | loss: nan | lrm: 0.55 | dt: 81.37ms | tok/sec: 3,221,757 | bf16_mfu: 0.00 | epoch: 1 pq: 1 rg: 16 | total time: 0.26m | eta: 0.1m
step 00199/00300 (66.33%) | loss: nan | lrm: 0.54 | dt: 81.68ms | tok/sec: 3,209,325 | bf16_mfu: 0.00 | epoch: 1 pq: 1 rg: 16 | total time: 0.26m | eta: 0.1m
step 00200/00300 (66.67%) | loss: nan | lrm: 0.54 | dt: 81.45ms | tok/sec: 3,218,447 | bf16_mfu: 0.00 | epoch: 1 pq: 1 rg: 16 | total time: 0.26m | eta: 0.1m
step 00201/00300 (67.00%) | loss: nan | lrm: 0.53 | dt: 81.47ms | tok/sec: 3,217,486 | bf16_mfu: 0.00 | epoch: 1 pq: 1 rg: 16 | total time: 0.26m | eta: 0.1m
step 00202/00300 (67.33%) | loss: nan | lrm: 0.53 | dt: 81.33ms | tok/sec: 3,223,117 | bf16_mfu: 0.00 | epoch: 1 pq: 1 rg: 16 | total time: 0.26m | eta: 0.1m
step 00203/00300 (67.67%) | loss: nan | lrm: 0.52 | dt: 81.56ms | tok/sec: 3,214,288 | bf16_mfu: 0.00 | epoch: 1 pq: 1 rg: 16 | total time: 0.26m | eta: 0.1m
step 00204/00300 (68.00%) | loss: nan | lrm: 0.52 | dt: 81.66ms | tok/sec: 3,210,046 | bf16_mfu: 0.00 | epoch: 1 pq: 1 rg: 16 | total time: 0.26m | eta: 0.1m
step 00205/00300 (68.33%) | loss: nan | lrm: 0.51 | dt: 81.48ms | tok/sec: 3,217,298 | bf16_mfu: 0.00 | epoch: 1 pq: 1 rg: 24 | total time: 0.26m | eta: 0.1m
step 00206/00300 (68.67%) | loss: nan | lrm: 0.51 | dt: 81.44ms | tok/sec: 3,219,031 | bf16_mfu: 0.00 | epoch: 1 pq: 1 rg: 24 | total time: 0.27m | eta: 0.1m
step 00207/00300 (69.00%) | loss: nan | lrm: 0.50 | dt: 81.47ms | tok/sec: 3,217,778 | bf16_mfu: 0.00 | epoch: 1 pq: 1 rg: 24 | total time: 0.27m | eta: 0.1m
step 00208/00300 (69.33%) | loss: nan | lrm: 0.50 | dt: 81.25ms | tok/sec: 3,226,417 | bf16_mfu: 0.00 | epoch: 1 pq: 1 rg: 24 | total time: 0.27m | eta: 0.1m
step 00209/00300 (69.67%) | loss: nan | lrm: 0.49 | dt: 81.38ms | tok/sec: 3,221,266 | bf16_mfu: 0.00 | epoch: 1 pq: 1 rg: 24 | total time: 0.27m | eta: 0.1m
step 00210/00300 (70.00%) | loss: nan | lrm: 0.49 | dt: 81.59ms | tok/sec: 3,212,860 | bf16_mfu: 0.00 | epoch: 1 pq: 1 rg: 24 | total time: 0.27m | eta: 0.1m
step 00211/00300 (70.33%) | loss: nan | lrm: 0.48 | dt: 81.29ms | tok/sec: 3,224,979 | bf16_mfu: 0.00 | epoch: 1 pq: 1 rg: 24 | total time: 0.27m | eta: 0.1m
step 00212/00300 (70.67%) | loss: nan | lrm: 0.48 | dt: 81.32ms | tok/sec: 3,223,476 | bf16_mfu: 0.00 | epoch: 1 pq: 1 rg: 24 | total time: 0.27m | eta: 0.1m
step 00213/00300 (71.00%) | loss: nan | lrm: 0.47 | dt: 81.27ms | tok/sec: 3,225,764 | bf16_mfu: 0.00 | epoch: 1 pq: 1 rg: 24 | total time: 0.28m | eta: 0.1m
step 00214/00300 (71.33%) | loss: nan | lrm: 0.47 | dt: 81.31ms | tok/sec: 3,223,844 | bf16_mfu: 0.00 | epoch: 1 pq: 1 rg: 24 | total time: 0.28m | eta: 0.1m
step 00215/00300 (71.67%) | loss: nan | lrm: 0.46 | dt: 81.45ms | tok/sec: 3,218,607 | bf16_mfu: 0.00 | epoch: 1 pq: 1 rg: 24 | total time: 0.28m | eta: 0.1m
step 00216/00300 (72.00%) | loss: nan | lrm: 0.46 | dt: 81.49ms | tok/sec: 3,216,733 | bf16_mfu: 0.00 | epoch: 1 pq: 1 rg: 24 | total time: 0.28m | eta: 0.1m
step 00217/00300 (72.33%) | loss: nan | lrm: 0.45 | dt: 81.31ms | tok/sec: 3,223,958 | bf16_mfu: 0.00 | epoch: 1 pq: 1 rg: 24 | total time: 0.28m | eta: 0.1m
step 00218/00300 (72.67%) | loss: nan | lrm: 0.45 | dt: 81.49ms | tok/sec: 3,216,695 | bf16_mfu: 0.00 | epoch: 1 pq: 1 rg: 24 | total time: 0.28m | eta: 0.1m
step 00219/00300 (73.00%) | loss: nan | lrm: 0.44 | dt: 81.38ms | tok/sec: 3,221,256 | bf16_mfu: 0.00 | epoch: 1 pq: 1 rg: 24 | total time: 0.28m | eta: 0.1m
step 00220/00300 (73.33%) | loss: nan | lrm: 0.44 | dt: 81.50ms | tok/sec: 3,216,498 | bf16_mfu: 0.00 | epoch: 1 pq: 1 rg: 32 | total time: 0.28m | eta: 0.1m
step 00221/00300 (73.67%) | loss: nan | lrm: 0.43 | dt: 81.52ms | tok/sec: 3,215,670 | bf16_mfu: 0.00 | epoch: 1 pq: 1 rg: 32 | total time: 0.29m | eta: 0.1m
step 00222/00300 (74.00%) | loss: nan | lrm: 0.43 | dt: 81.59ms | tok/sec: 3,212,917 | bf16_mfu: 0.00 | epoch: 1 pq: 1 rg: 32 | total time: 0.29m | eta: 0.1m
step 00223/00300 (74.33%) | loss: nan | lrm: 0.43 | dt: 81.31ms | tok/sec: 3,224,204 | bf16_mfu: 0.00 | epoch: 1 pq: 1 rg: 32 | total time: 0.29m | eta: 0.1m
step 00224/00300 (74.67%) | loss: nan | lrm: 0.42 | dt: 81.34ms | tok/sec: 3,222,748 | bf16_mfu: 0.00 | epoch: 1 pq: 1 rg: 32 | total time: 0.29m | eta: 0.1m
step 00225/00300 (75.00%) | loss: nan | lrm: 0.42 | dt: 81.32ms | tok/sec: 3,223,721 | bf16_mfu: 0.00 | epoch: 1 pq: 1 rg: 32 | total time: 0.29m | eta: 0.1m
step 00226/00300 (75.33%) | loss: nan | lrm: 0.41 | dt: 81.50ms | tok/sec: 3,216,404 | bf16_mfu: 0.00 | epoch: 1 pq: 1 rg: 32 | total time: 0.29m | eta: 0.1m
step 00227/00300 (75.67%) | loss: nan | lrm: 0.41 | dt: 81.36ms | tok/sec: 3,222,191 | bf16_mfu: 0.00 | epoch: 1 pq: 1 rg: 32 | total time: 0.29m | eta: 0.1m
step 00228/00300 (76.00%) | loss: nan | lrm: 0.40 | dt: 81.34ms | tok/sec: 3,222,890 | bf16_mfu: 0.00 | epoch: 1 pq: 1 rg: 32 | total time: 0.30m | eta: 0.1m
step 00229/00300 (76.33%) | loss: nan | lrm: 0.40 | dt: 81.34ms | tok/sec: 3,222,833 | bf16_mfu: 0.00 | epoch: 1 pq: 1 rg: 32 | total time: 0.30m | eta: 0.1m
step 00230/00300 (76.67%) | loss: nan | lrm: 0.39 | dt: 81.28ms | tok/sec: 3,225,187 | bf16_mfu: 0.00 | epoch: 1 pq: 1 rg: 32 | total time: 0.30m | eta: 0.1m
step 00231/00300 (77.00%) | loss: nan | lrm: 0.39 | dt: 81.23ms | tok/sec: 3,227,166 | bf16_mfu: 0.00 | epoch: 1 pq: 1 rg: 32 | total time: 0.30m | eta: 0.1m
step 00232/00300 (77.33%) | loss: nan | lrm: 0.38 | dt: 81.26ms | tok/sec: 3,226,001 | bf16_mfu: 0.00 | epoch: 1 pq: 1 rg: 32 | total time: 0.30m | eta: 0.1m
step 00233/00300 (77.67%) | loss: nan | lrm: 0.38 | dt: 81.37ms | tok/sec: 3,221,728 | bf16_mfu: 0.00 | epoch: 1 pq: 1 rg: 32 | total time: 0.30m | eta: 0.1m
step 00234/00300 (78.00%) | loss: nan | lrm: 0.37 | dt: 81.31ms | tok/sec: 3,224,024 | bf16_mfu: 0.00 | epoch: 1 pq: 1 rg: 32 | total time: 0.30m | eta: 0.1m
step 00235/00300 (78.33%) | loss: nan | lrm: 0.37 | dt: 81.57ms | tok/sec: 3,213,536 | bf16_mfu: 0.00 | epoch: 1 pq: 1 rg: 40 | total time: 0.31m | eta: 0.1m
step 00236/00300 (78.67%) | loss: nan | lrm: 0.36 | dt: 81.47ms | tok/sec: 3,217,759 | bf16_mfu: 0.00 | epoch: 1 pq: 1 rg: 40 | total time: 0.31m | eta: 0.1m
step 00237/00300 (79.00%) | loss: nan | lrm: 0.36 | dt: 81.51ms | tok/sec: 3,215,943 | bf16_mfu: 0.00 | epoch: 1 pq: 1 rg: 40 | total time: 0.31m | eta: 0.1m
step 00238/00300 (79.33%) | loss: nan | lrm: 0.35 | dt: 81.44ms | tok/sec: 3,218,993 | bf16_mfu: 0.00 | epoch: 1 pq: 1 rg: 40 | total time: 0.31m | eta: 0.1m
step 00239/00300 (79.67%) | loss: nan | lrm: 0.35 | dt: 81.27ms | tok/sec: 3,225,736 | bf16_mfu: 0.00 | epoch: 1 pq: 1 rg: 40 | total time: 0.31m | eta: 0.1m
step 00240/00300 (80.00%) | loss: nan | lrm: 0.34 | dt: 81.32ms | tok/sec: 3,223,712 | bf16_mfu: 0.00 | epoch: 1 pq: 1 rg: 40 | total time: 0.31m | eta: 0.1m
step 00241/00300 (80.33%) | loss: nan | lrm: 0.34 | dt: 81.45ms | tok/sec: 3,218,635 | bf16_mfu: 0.00 | epoch: 1 pq: 1 rg: 40 | total time: 0.31m | eta: 0.1m
step 00242/00300 (80.67%) | loss: nan | lrm: 0.33 | dt: 81.32ms | tok/sec: 3,223,419 | bf16_mfu: 0.00 | epoch: 1 pq: 1 rg: 40 | total time: 0.31m | eta: 0.1m
step 00243/00300 (81.00%) | loss: nan | lrm: 0.33 | dt: 81.41ms | tok/sec: 3,220,124 | bf16_mfu: 0.00 | epoch: 1 pq: 1 rg: 40 | total time: 0.32m | eta: 0.1m
step 00244/00300 (81.33%) | loss: nan | lrm: 0.32 | dt: 81.24ms | tok/sec: 3,226,957 | bf16_mfu: 0.00 | epoch: 1 pq: 1 rg: 40 | total time: 0.32m | eta: 0.1m
step 00245/00300 (81.67%) | loss: nan | lrm: 0.32 | dt: 81.29ms | tok/sec: 3,224,714 | bf16_mfu: 0.00 | epoch: 1 pq: 1 rg: 40 | total time: 0.32m | eta: 0.1m
step 00246/00300 (82.00%) | loss: nan | lrm: 0.31 | dt: 81.37ms | tok/sec: 3,221,662 | bf16_mfu: 0.00 | epoch: 1 pq: 1 rg: 40 | total time: 0.32m | eta: 0.1m
step 00247/00300 (82.33%) | loss: nan | lrm: 0.31 | dt: 81.50ms | tok/sec: 3,216,545 | bf16_mfu: 0.00 | epoch: 1 pq: 1 rg: 40 | total time: 0.32m | eta: 0.1m
step 00248/00300 (82.67%) | loss: nan | lrm: 0.30 | dt: 81.22ms | tok/sec: 3,227,696 | bf16_mfu: 0.00 | epoch: 1 pq: 1 rg: 40 | total time: 0.32m | eta: 0.1m
step 00249/00300 (83.00%) | loss: nan | lrm: 0.30 | dt: 81.33ms | tok/sec: 3,223,230 | bf16_mfu: 0.00 | epoch: 1 pq: 1 rg: 40 | total time: 0.32m | eta: 0.1m
step 00250/00300 (83.33%) | loss: nan | lrm: 0.29 | dt: 81.41ms | tok/sec: 3,220,068 | bf16_mfu: 0.00 | epoch: 1 pq: 1 rg: 48 | total time: 0.33m | eta: 0.1m
step 00251/00300 (83.67%) | loss: nan | lrm: 0.29 | dt: 81.43ms | tok/sec: 3,219,219 | bf16_mfu: 0.00 | epoch: 1 pq: 1 rg: 48 | total time: 0.33m | eta: 0.1m
step 00252/00300 (84.00%) | loss: nan | lrm: 0.28 | dt: 81.20ms | tok/sec: 3,228,378 | bf16_mfu: 0.00 | epoch: 1 pq: 1 rg: 48 | total time: 0.33m | eta: 0.1m
step 00253/00300 (84.33%) | loss: nan | lrm: 0.28 | dt: 81.18ms | tok/sec: 3,229,146 | bf16_mfu: 0.00 | epoch: 1 pq: 1 rg: 48 | total time: 0.33m | eta: 0.1m
step 00254/00300 (84.67%) | loss: nan | lrm: 0.27 | dt: 81.12ms | tok/sec: 3,231,519 | bf16_mfu: 0.00 | epoch: 1 pq: 1 rg: 48 | total time: 0.33m | eta: 0.1m
step 00255/00300 (85.00%) | loss: nan | lrm: 0.27 | dt: 81.28ms | tok/sec: 3,225,263 | bf16_mfu: 0.00 | epoch: 1 pq: 1 rg: 48 | total time: 0.33m | eta: 0.1m
step 00256/00300 (85.33%) | loss: nan | lrm: 0.26 | dt: 81.54ms | tok/sec: 3,215,049 | bf16_mfu: 0.00 | epoch: 1 pq: 1 rg: 48 | total time: 0.33m | eta: 0.1m
step 00257/00300 (85.67%) | loss: nan | lrm: 0.26 | dt: 81.49ms | tok/sec: 3,216,733 | bf16_mfu: 0.00 | epoch: 1 pq: 1 rg: 48 | total time: 0.34m | eta: 0.1m
step 00258/00300 (86.00%) | loss: nan | lrm: 0.25 | dt: 81.13ms | tok/sec: 3,231,244 | bf16_mfu: 0.00 | epoch: 1 pq: 1 rg: 48 | total time: 0.34m | eta: 0.1m
step 00259/00300 (86.33%) | loss: nan | lrm: 0.25 | dt: 81.21ms | tok/sec: 3,227,848 | bf16_mfu: 0.00 | epoch: 1 pq: 1 rg: 48 | total time: 0.34m | eta: 0.1m
step 00260/00300 (86.67%) | loss: nan | lrm: 0.24 | dt: 81.16ms | tok/sec: 3,229,915 | bf16_mfu: 0.00 | epoch: 1 pq: 1 rg: 48 | total time: 0.34m | eta: 0.1m
step 00261/00300 (87.00%) | loss: nan | lrm: 0.24 | dt: 81.14ms | tok/sec: 3,230,665 | bf16_mfu: 0.00 | epoch: 1 pq: 1 rg: 48 | total time: 0.34m | eta: 0.1m
step 00262/00300 (87.33%) | loss: nan | lrm: 0.24 | dt: 81.19ms | tok/sec: 3,228,720 | bf16_mfu: 0.00 | epoch: 1 pq: 1 rg: 48 | total time: 0.34m | eta: 0.1m
step 00263/00300 (87.67%) | loss: nan | lrm: 0.23 | dt: 81.04ms | tok/sec: 3,234,742 | bf16_mfu: 0.00 | epoch: 1 pq: 1 rg: 48 | total time: 0.34m | eta: 0.1m
step 00264/00300 (88.00%) | loss: nan | lrm: 0.23 | dt: 81.07ms | tok/sec: 3,233,705 | bf16_mfu: 0.00 | epoch: 1 pq: 1 rg: 48 | total time: 0.34m | eta: 0.0m
step 00265/00300 (88.33%) | loss: nan | lrm: 0.22 | dt: 81.43ms | tok/sec: 3,219,153 | bf16_mfu: 0.00 | epoch: 1 pq: 1 rg: 56 | total time: 0.35m | eta: 0.0m
step 00266/00300 (88.67%) | loss: nan | lrm: 0.22 | dt: 82.14ms | tok/sec: 3,191,587 | bf16_mfu: 0.00 | epoch: 1 pq: 1 rg: 56 | total time: 0.35m | eta: 0.0m
step 00267/00300 (89.00%) | loss: nan | lrm: 0.21 | dt: 81.18ms | tok/sec: 3,228,976 | bf16_mfu: 0.00 | epoch: 1 pq: 1 rg: 56 | total time: 0.35m | eta: 0.0m
step 00268/00300 (89.33%) | loss: nan | lrm: 0.21 | dt: 81.15ms | tok/sec: 3,230,237 | bf16_mfu: 0.00 | epoch: 1 pq: 1 rg: 56 | total time: 0.35m | eta: 0.0m
step 00269/00300 (89.67%) | loss: nan | lrm: 0.20 | dt: 81.36ms | tok/sec: 3,221,974 | bf16_mfu: 0.00 | epoch: 1 pq: 1 rg: 56 | total time: 0.35m | eta: 0.0m
step 00270/00300 (90.00%) | loss: nan | lrm: 0.20 | dt: 81.45ms | tok/sec: 3,218,371 | bf16_mfu: 0.00 | epoch: 1 pq: 1 rg: 56 | total time: 0.35m | eta: 0.0m
step 00271/00300 (90.33%) | loss: nan | lrm: 0.19 | dt: 81.21ms | tok/sec: 3,227,990 | bf16_mfu: 0.00 | epoch: 1 pq: 1 rg: 56 | total time: 0.35m | eta: 0.0m
step 00272/00300 (90.67%) | loss: nan | lrm: 0.19 | dt: 81.17ms | tok/sec: 3,229,384 | bf16_mfu: 0.00 | epoch: 1 pq: 1 rg: 56 | total time: 0.36m | eta: 0.0m
step 00273/00300 (91.00%) | loss: nan | lrm: 0.18 | dt: 81.21ms | tok/sec: 3,228,085 | bf16_mfu: 0.00 | epoch: 1 pq: 1 rg: 56 | total time: 0.36m | eta: 0.0m
step 00274/00300 (91.33%) | loss: nan | lrm: 0.18 | dt: 81.21ms | tok/sec: 3,228,160 | bf16_mfu: 0.00 | epoch: 1 pq: 1 rg: 56 | total time: 0.36m | eta: 0.0m
step 00275/00300 (91.67%) | loss: nan | lrm: 0.17 | dt: 81.09ms | tok/sec: 3,232,602 | bf16_mfu: 0.00 | epoch: 1 pq: 1 rg: 56 | total time: 0.36m | eta: 0.0m
step 00276/00300 (92.00%) | loss: nan | lrm: 0.17 | dt: 81.16ms | tok/sec: 3,230,076 | bf16_mfu: 0.00 | epoch: 1 pq: 1 rg: 56 | total time: 0.36m | eta: 0.0m
step 00277/00300 (92.33%) | loss: nan | lrm: 0.16 | dt: 81.33ms | tok/sec: 3,223,343 | bf16_mfu: 0.00 | epoch: 1 pq: 1 rg: 56 | total time: 0.36m | eta: 0.0m
step 00278/00300 (92.67%) | loss: nan | lrm: 0.16 | dt: 81.24ms | tok/sec: 3,226,815 | bf16_mfu: 0.00 | epoch: 1 pq: 1 rg: 56 | total time: 0.36m | eta: 0.0m
step 00279/00300 (93.00%) | loss: nan | lrm: 0.15 | dt: 81.34ms | tok/sec: 3,222,663 | bf16_mfu: 0.00 | epoch: 1 pq: 1 rg: 56 | total time: 0.36m | eta: 0.0m
step 00280/00300 (93.33%) | loss: nan | lrm: 0.15 | dt: 81.31ms | tok/sec: 3,224,015 | bf16_mfu: 0.00 | epoch: 1 pq: 1 rg: 64 | total time: 0.37m | eta: 0.0m
step 00281/00300 (93.67%) | loss: nan | lrm: 0.14 | dt: 81.40ms | tok/sec: 3,220,605 | bf16_mfu: 0.00 | epoch: 1 pq: 1 rg: 64 | total time: 0.37m | eta: 0.0m
step 00282/00300 (94.00%) | loss: nan | lrm: 0.14 | dt: 81.40ms | tok/sec: 3,220,379 | bf16_mfu: 0.00 | epoch: 1 pq: 1 rg: 64 | total time: 0.37m | eta: 0.0m
step 00283/00300 (94.33%) | loss: nan | lrm: 0.13 | dt: 81.16ms | tok/sec: 3,229,886 | bf16_mfu: 0.00 | epoch: 1 pq: 1 rg: 64 | total time: 0.37m | eta: 0.0m
step 00284/00300 (94.67%) | loss: nan | lrm: 0.13 | dt: 81.19ms | tok/sec: 3,228,653 | bf16_mfu: 0.00 | epoch: 1 pq: 1 rg: 64 | total time: 0.37m | eta: 0.0m
step 00285/00300 (95.00%) | loss: nan | lrm: 0.12 | dt: 81.17ms | tok/sec: 3,229,459 | bf16_mfu: 0.00 | epoch: 1 pq: 1 rg: 64 | total time: 0.37m | eta: 0.0m
step 00286/00300 (95.33%) | loss: nan | lrm: 0.12 | dt: 81.33ms | tok/sec: 3,223,069 | bf16_mfu: 0.00 | epoch: 1 pq: 1 rg: 64 | total time: 0.37m | eta: 0.0m
step 00287/00300 (95.67%) | loss: nan | lrm: 0.11 | dt: 81.33ms | tok/sec: 3,223,079 | bf16_mfu: 0.00 | epoch: 1 pq: 1 rg: 64 | total time: 0.38m | eta: 0.0m
step 00288/00300 (96.00%) | loss: nan | lrm: 0.11 | dt: 81.11ms | tok/sec: 3,232,032 | bf16_mfu: 0.00 | epoch: 1 pq: 1 rg: 64 | total time: 0.38m | eta: 0.0m
step 00289/00300 (96.33%) | loss: nan | lrm: 0.10 | dt: 81.16ms | tok/sec: 3,229,896 | bf16_mfu: 0.00 | epoch: 1 pq: 1 rg: 64 | total time: 0.38m | eta: 0.0m
step 00290/00300 (96.67%) | loss: nan | lrm: 0.10 | dt: 81.13ms | tok/sec: 3,231,291 | bf16_mfu: 0.00 | epoch: 1 pq: 1 rg: 64 | total time: 0.38m | eta: 0.0m
step 00291/00300 (97.00%) | loss: nan | lrm: 0.09 | dt: 81.07ms | tok/sec: 3,233,667 | bf16_mfu: 0.00 | epoch: 1 pq: 1 rg: 64 | total time: 0.38m | eta: 0.0m
step 00292/00300 (97.33%) | loss: nan | lrm: 0.09 | dt: 81.11ms | tok/sec: 3,231,956 | bf16_mfu: 0.00 | epoch: 1 pq: 1 rg: 64 | total time: 0.38m | eta: 0.0m
step 00293/00300 (97.67%) | loss: nan | lrm: 0.08 | dt: 81.71ms | tok/sec: 3,208,398 | bf16_mfu: 0.00 | epoch: 1 pq: 1 rg: 64 | total time: 0.38m | eta: 0.0m
step 00294/00300 (98.00%) | loss: nan | lrm: 0.08 | dt: 82.00ms | tok/sec: 3,197,044 | bf16_mfu: 0.00 | epoch: 1 pq: 1 rg: 64 | total time: 0.39m | eta: 0.0m
step 00295/00300 (98.33%) | loss: nan | lrm: 0.07 | dt: 81.33ms | tok/sec: 3,223,202 | bf16_mfu: 0.00 | epoch: 1 pq: 1 rg: 72 | total time: 0.39m | eta: 0.0m
step 00296/00300 (98.67%) | loss: nan | lrm: 0.07 | dt: 81.21ms | tok/sec: 3,228,066 | bf16_mfu: 0.00 | epoch: 1 pq: 1 rg: 72 | total time: 0.39m | eta: 0.0m
step 00297/00300 (99.00%) | loss: nan | lrm: 0.06 | dt: 81.37ms | tok/sec: 3,221,643 | bf16_mfu: 0.00 | epoch: 1 pq: 1 rg: 72 | total time: 0.39m | eta: 0.0m
step 00298/00300 (99.33%) | loss: nan | lrm: 0.06 | dt: 81.13ms | tok/sec: 3,231,044 | bf16_mfu: 0.00 | epoch: 1 pq: 1 rg: 72 | total time: 0.39m | eta: 0.0m
step 00299/00300 (99.67%) | loss: nan | lrm: 0.05 | dt: 81.07ms | tok/sec: 3,233,534 | bf16_mfu: 0.00 | epoch: 1 pq: 1 rg: 72 | total time: 0.39m | eta: 0.0m
2026-08-31 08:32:52,071 - nanochat.checkpoint_manager - [32m[1mINFO[0m - Saved optimizer state to: /var/lib/hytorch/arm-vanilla/base_checkpoints/d12/optim_000300_rank6.pt
2026-08-31 08:32:52,071 - nanochat.checkpoint_manager - [32m[1mINFO[0m - Saved optimizer state to: /var/lib/hytorch/arm-vanilla/base_checkpoints/d12/optim_000300_rank7.pt
2026-08-31 08:32:52,071 - nanochat.checkpoint_manager - [32m[1mINFO[0m - Saved optimizer state to: /var/lib/hytorch/arm-vanilla/base_checkpoints/d12/optim_000300_rank1.pt
2026-08-31 08:32:52,071 - nanochat.checkpoint_manager - [32m[1mINFO[0m - Saved optimizer state to: /var/lib/hytorch/arm-vanilla/base_checkpoints/d12/optim_000300_rank4.pt
2026-08-31 08:32:52,072 - nanochat.checkpoint_manager - [32m[1mINFO[0m - Saved optimizer state to: /var/lib/hytorch/arm-vanilla/base_checkpoints/d12/optim_000300_rank3.pt
2026-08-31 08:32:52,072 - nanochat.checkpoint_manager - [32m[1mINFO[0m - Saved optimizer state to: /var/lib/hytorch/arm-vanilla/base_checkpoints/d12/optim_000300_rank2.pt
2026-08-31 08:32:52,072 - nanochat.checkpoint_manager - [32m[1mINFO[0m - Saved optimizer state to: /var/lib/hytorch/arm-vanilla/base_checkpoints/d12/optim_000300_rank5.pt
2026-08-31 08:32:52,601 - nanochat.checkpoint_manager - [32m[1mINFO[0m - Saved model parameters to: /var/lib/hytorch/arm-vanilla/base_checkpoints/d12/model_000300.pt
2026-08-31 08:32:52,602 - nanochat.checkpoint_manager - [32m[1mINFO[0m - Saved metadata to: /var/lib/hytorch/arm-vanilla/base_checkpoints/d12/meta_000300.json
2026-08-31 08:32:52,822 - nanochat.checkpoint_manager - [32m[1mINFO[0m - Saved optimizer state to: /var/lib/hytorch/arm-vanilla/base_checkpoints/d12/optim_000300_rank0.pt
Peak memory usage: 16206.28MiB
Total training time: 0.39m
