/opt/amdgpu/share/libdrm/amdgpu.ids: No such file or directory
/opt/amdgpu/share/libdrm/amdgpu.ids: No such file or directory
/opt/amdgpu/share/libdrm/amdgpu.ids: No such file or directory
/opt/amdgpu/share/libdrm/amdgpu.ids: No such file or directory
/opt/amdgpu/share/libdrm/amdgpu.ids: No such file or directory
/opt/amdgpu/share/libdrm/amdgpu.ids: No such file or directory
/opt/amdgpu/share/libdrm/amdgpu.ids: No such file or directory
/opt/amdgpu/share/libdrm/amdgpu.ids: No such file or directory
/opt/amdgpu/share/libdrm/amdgpu.ids: No such file or directory
/opt/amdgpu/share/libdrm/amdgpu.ids: No such file or directory
/opt/amdgpu/share/libdrm/amdgpu.ids: No such file or directory
/opt/amdgpu/share/libdrm/amdgpu.ids: No such file or directory
/opt/amdgpu/share/libdrm/amdgpu.ids: No such file or directory
/opt/amdgpu/share/libdrm/amdgpu.ids: No such file or directory
/opt/amdgpu/share/libdrm/amdgpu.ids: No such file or directory
/opt/amdgpu/share/libdrm/amdgpu.ids: No such file or directory
/opt/amdgpu/share/libdrm/amdgpu.ids: No such file or directory
/opt/amdgpu/share/libdrm/amdgpu.ids: No such file or directory
/opt/amdgpu/share/libdrm/amdgpu.ids: No such file or directory
/opt/amdgpu/share/libdrm/amdgpu.ids: No such file or directory
/opt/amdgpu/share/libdrm/amdgpu.ids: No such file or directory
/opt/amdgpu/share/libdrm/amdgpu.ids: No such file or directory
/opt/amdgpu/share/libdrm/amdgpu.ids: No such file or directory
/opt/amdgpu/share/libdrm/amdgpu.ids: No such file or directory
/opt/amdgpu/share/libdrm/amdgpu.ids: No such file or directory
/opt/amdgpu/share/libdrm/amdgpu.ids: No such file or directory
/opt/amdgpu/share/libdrm/amdgpu.ids: No such file or directory
/opt/amdgpu/share/libdrm/amdgpu.ids: No such file or directory
/opt/amdgpu/share/libdrm/amdgpu.ids: No such file or directory
/opt/amdgpu/share/libdrm/amdgpu.ids: No such file or directory
/opt/amdgpu/share/libdrm/amdgpu.ids: No such file or directory
/opt/amdgpu/share/libdrm/amdgpu.ids: No such file or directory
/opt/amdgpu/share/libdrm/amdgpu.ids: No such file or directory
/opt/amdgpu/share/libdrm/amdgpu.ids: No such file or directory
/opt/amdgpu/share/libdrm/amdgpu.ids: No such file or directory
/opt/amdgpu/share/libdrm/amdgpu.ids: No such file or directory
/opt/amdgpu/share/libdrm/amdgpu.ids: No such file or directory
/opt/amdgpu/share/libdrm/amdgpu.ids: No such file or directory
/opt/amdgpu/share/libdrm/amdgpu.ids: No such file or directory
/opt/amdgpu/share/libdrm/amdgpu.ids: No such file or directory
/opt/amdgpu/share/libdrm/amdgpu.ids: No such file or directory
/opt/amdgpu/share/libdrm/amdgpu.ids: No such file or directory
/opt/amdgpu/share/libdrm/amdgpu.ids: No such file or directory
/opt/amdgpu/share/libdrm/amdgpu.ids: No such file or directory
/opt/amdgpu/share/libdrm/amdgpu.ids: No such file or directory
/opt/amdgpu/share/libdrm/amdgpu.ids: No such file or directory
/opt/amdgpu/share/libdrm/amdgpu.ids: No such file or directory
/opt/amdgpu/share/libdrm/amdgpu.ids: No such file or directory
/opt/amdgpu/share/libdrm/amdgpu.ids: No such file or directory
/opt/amdgpu/share/libdrm/amdgpu.ids: No such file or directory
/opt/amdgpu/share/libdrm/amdgpu.ids: No such file or directory
/opt/amdgpu/share/libdrm/amdgpu.ids: No such file or directory
/opt/amdgpu/share/libdrm/amdgpu.ids: No such file or directory
/opt/amdgpu/share/libdrm/amdgpu.ids: No such file or directory
/opt/amdgpu/share/libdrm/amdgpu.ids: No such file or directory
/opt/amdgpu/share/libdrm/amdgpu.ids: No such file or directory
/opt/amdgpu/share/libdrm/amdgpu.ids: No such file or directory
/opt/amdgpu/share/libdrm/amdgpu.ids: No such file or directory
/opt/amdgpu/share/libdrm/amdgpu.ids: No such file or directory
/opt/amdgpu/share/libdrm/amdgpu.ids: No such file or directory
/opt/amdgpu/share/libdrm/amdgpu.ids: No such file or directory
/opt/amdgpu/share/libdrm/amdgpu.ids: No such file or directory
/opt/amdgpu/share/libdrm/amdgpu.ids: No such file or directory
/opt/amdgpu/share/libdrm/amdgpu.ids: No such file or directory
/opt/amdgpu/share/libdrm/amdgpu.ids: No such file or directory
/opt/amdgpu/share/libdrm/amdgpu.ids: No such file or directory
/opt/amdgpu/share/libdrm/amdgpu.ids: No such file or directory
/opt/amdgpu/share/libdrm/amdgpu.ids: No such file or directory
/opt/amdgpu/share/libdrm/amdgpu.ids: No such file or directory
/opt/amdgpu/share/libdrm/amdgpu.ids: No such file or directory
/opt/amdgpu/share/libdrm/amdgpu.ids: No such file or directory
/opt/amdgpu/share/libdrm/amdgpu.ids: No such file or directory
Autodetected device type: cuda
2026-09-01 15:04:48,071 - nanochat.common - [32m[1mINFO[0m - Distributed world size: 8
Error in sys.excepthook:
Traceback (most recent call last):
  File "/usr/local/lib/python3.12/dist-packages/torch/distributed/distributed_c10d.py", line 1842, in _distributed_excepthook
    old_hook(*args)
  File "/usr/lib/python3/dist-packages/apport_python_hook.py", line 228, in partial_apport_excepthook
    return apport_excepthook(binary, exc_type, exc_obj, exc_tb)
           ^^^^^^^^^^^^^^^^^^^^^^^^^^^^^^^^^^^^^^^^^^^^^^^^^^^^
  File "/usr/lib/python3/dist-packages/apport_python_hook.py", line 114, in apport_excepthook
    report["ExecutableTimestamp"] = str(int(os.stat(binary).st_mtime))
                                            ^^^^^^^^^^^^^^^
FileNotFoundError: [Errno 2] No such file or directory: '/opt/nanochat/-m'

Original exception was:
Traceback (most recent call last):
  File "<frozen runpy>", line 198, in _run_module_as_main
  File "<frozen runpy>", line 88, in _run_code
  File "/opt/nanochat/scripts/chat_eval.py", line 198, in <module>
    model, tokenizer, meta = load_model(args.source, device, phase="eval", model_tag=args.model_tag, step=args.step)
                             ^^^^^^^^^^^^^^^^^^^^^^^^^^^^^^^^^^^^^^^^^^^^^^^^^^^^^^^^^^^^^^^^^^^^^^^^^^^^^^^^^^^^^^^
  File "/opt/nanochat/nanochat/checkpoint_manager.py", line 178, in load_model
Error in sys.excepthook:
    return load_model_from_dir(checkpoints_dir, *args, **kwargs)Traceback (most recent call last):

Error in sys.excepthook:
  File "/usr/local/lib/python3.12/dist-packages/torch/distributed/distributed_c10d.py", line 1842, in _distributed_excepthook
  Traceback (most recent call last):
    File "/usr/local/lib/python3.12/dist-packages/torch/distributed/distributed_c10d.py", line 1842, in _distributed_excepthook
       ^^^^^^^^^^^^^^^^^^^^^^^^^^^^^^^^^^^^^^^^^^^^^^^^^^^^^
  File "/opt/nanochat/nanochat/checkpoint_manager.py", line 158, in load_model_from_dir
    model_tag = find_largest_model(checkpoints_dir)
                ^^^^^^^^^^^^^^^^^^^^^^^^^^^    ^old_hook(*args)^
^^^    old_hook(*args)^  File "/usr/lib/python3/dist-packages/apport_python_hook.py", line 228, in partial_apport_excepthook

^^
  File "/opt/nanochat/nanochat/checkpoint_manager.py", line 126, in find_largest_model
  File "/usr/lib/python3/dist-packages/apport_python_hook.py", line 228, in partial_apport_excepthook
    model_tags = [f for f in os.listdir(checkpoints_dir) if os.path.isdir(os.path.join(checkpoints_dir, f))]
    return apport_excepthook(binary, exc_type, exc_obj, exc_tb)
            return apport_excepthook(binary, exc_type, exc_obj, exc_tb)  
                             ^  ^  ^  ^^ ^^ ^^ ^^ ^^ ^^ ^^^^^^^^^^^^^^^^^^^^^^^^^^^^^^^^^^^^^^^^^^^^^^^^^^^^^^^^^^^^^^^^^^^^^^^^^Error in sys.excepthook:
^^^^^^Traceback (most recent call last):
^^^
^^  File "/usr/local/lib/python3.12/dist-packages/torch/distributed/distributed_c10d.py", line 1842, in _distributed_excepthook
FileNotFoundError^^: ^^[Errno 2] No such file or directory: '/var/lib/hytorch/arm-catalog/chatsft_checkpoints'^^
^^^^^^^^^^^^^^^Error in sys.excepthook:
^^Error in sys.excepthook:
^^Traceback (most recent call last):
^^Traceback (most recent call last):
  File "/usr/local/lib/python3.12/dist-packages/torch/distributed/distributed_c10d.py", line 1842, in _distributed_excepthook
^
^      File "/usr/local/lib/python3.12/dist-packages/torch/distributed/distributed_c10d.py", line 1842, in _distributed_excepthook
^old_hook(*args)  File "/usr/lib/python3/dist-packages/apport_python_hook.py", line 114, in apport_excepthook
^
^
  File "/usr/lib/python3/dist-packages/apport_python_hook.py", line 114, in apport_excepthook
      File "/usr/lib/python3/dist-packages/apport_python_hook.py", line 228, in partial_apport_excepthook
report["ExecutableTimestamp"] = str(int(os.stat(binary).st_mtime))
                     report["ExecutableTimestamp"] = str(int(os.stat(binary).st_mtime)) 
                      return apport_excepthook(binary, exc_type, exc_obj, exc_tb)
                         old_hook(*args)  ^
  ^      ^old_hook(*args)  File "/usr/lib/python3/dist-packages/apport_python_hook.py", line 228, in partial_apport_excepthook
  ^
  ^ ^  ^  File "/usr/lib/python3/dist-packages/apport_python_hook.py", line 228, in partial_apport_excepthook
  ^^ ^^     ^^return apport_excepthook(binary, exc_type, exc_obj, exc_tb) ^^
  ^^     ^^return apport_excepthook(binary, exc_type, exc_obj, exc_tb) ^ ^
  ^ ^ 
  ^    ^FileNotFoundError :   ^ [Errno 2] No such file or directory: '/opt/nanochat/-m'  ^ 
  ^ 
Original exception was:
  ^    ^Traceback (most recent call last):
   ^^  ^^  File "<frozen runpy>", line 198, in _run_module_as_main
  ^^   File "<frozen runpy>", line 88, in _run_code
 ^^  ^^^   File "/opt/nanochat/scripts/chat_eval.py", line 198, in <module>
^^^ ^^^ ^^^ ^^^^^    ^^^^Error in sys.excepthook:
model, tokenizer, meta = load_model(args.source, device, phase="eval", model_tag=args.model_tag, step=args.step)^^^^^
^^^^Traceback (most recent call last):
^^^^^^^^  File "/usr/local/lib/python3.12/dist-packages/torch/distributed/distributed_c10d.py", line 1842, in _distributed_excepthook
 ^^^^ ^^^^ ^^^^ ^^^^ ^^^^ ^^^^ ^^^^ ^^^^ ^^^^ ^^^^^^^^^^^^^^
  File "/usr/lib/python3/dist-packages/apport_python_hook.py", line 114, in apport_excepthook
^
^ ^^FileNotFoundError : ^^  [Errno 2] No such file or directory: '/opt/nanochat/-m'^^         
^^report["ExecutableTimestamp"] = str(int(os.stat(binary).st_mtime))old_hook(*args) ^
Original exception was:
^

 ^^ ^Traceback (most recent call last):
^^ ^   File "/usr/lib/python3/dist-packages/apport_python_hook.py", line 228, in partial_apport_excepthook
^ ^   File "<frozen runpy>", line 198, in _run_module_as_main
^ ^ ^ ^   File "<frozen runpy>", line 88, in _run_code
^Error in sys.excepthook:
 ^     ^ ^   File "/opt/nanochat/scripts/chat_eval.py", line 198, in <module>
return apport_excepthook(binary, exc_type, exc_obj, exc_tb)^Traceback (most recent call last):
 ^ 
^ ^  ^  File "/usr/local/lib/python3.12/dist-packages/torch/distributed/distributed_c10d.py", line 1842, in _distributed_excepthook
^  ^     ^  ^model, tokenizer, meta = load_model(args.source, device, phase="eval", model_tag=args.model_tag, step=args.step) ^^ ^
 ^^ ^ ^^ ^  ^^ ^   ^^ ^  ^^ ^  ^^ ^  ^^ ^ ^^^^ ^     ^^^ ^ old_hook(*args)^^^ ^ 
^^^
 ^ ^^  File "/usr/lib/python3/dist-packages/apport_python_hook.py", line 114, in apport_excepthook
  File "/usr/lib/python3/dist-packages/apport_python_hook.py", line 228, in partial_apport_excepthook
 
 ^^   ^^   File "/usr/lib/python3/dist-packages/apport_python_hook.py", line 114, in apport_excepthook
 ^^      ^^ report["ExecutableTimestamp"] = str(int(os.stat(binary).st_mtime))     ^^ 
 return apport_excepthook(binary, exc_type, exc_obj, exc_tb)^^    ^report["ExecutableTimestamp"] = str(int(os.stat(binary).st_mtime))  
^^
  ^ ^  ^^ ^   ^^  ^    ^  ^   ^  ^   ^   ^ ^    ^^ ^    ^ ^    ^ ^    ^ ^    ^ ^ ^   ^ ^^^   ^ ^^ ^ ^^^^ ^  ^^^^ ^ ^^^^ ^ ^^^^ ^ ^^^^^^ ^ ^^^^ ^ ^^^^ ^ ^^^^^ ^ ^^^^ ^ ^^^^ ^ ^^^^ ^ ^^^^ ^ ^^^^ ^ ^^^^ ^ ^
^^ ^ ^^^ ^ ^FileNotFoundError^^ ^ ^: ^^ ^  ^[Errno 2] No such file or directory: '/opt/nanochat/-m'^^ ^ ^
^
Original exception was:
^ ^ ^
^ ^ ^Traceback (most recent call last):
^ ^ ^  File "/usr/lib/python3/dist-packages/apport_python_hook.py", line 114, in apport_excepthook
^ ^ ^  File "<frozen runpy>", line 198, in _run_module_as_main
^ ^ ^^^  File "<frozen runpy>", line 88, in _run_code
     ^ ^^  File "/opt/nanochat/scripts/chat_eval.py", line 198, in <module>
report["ExecutableTimestamp"] = str(int(os.stat(binary).st_mtime)) ^ ^^
 ^ ^^ ^ ^^     ^^ ^^ model, tokenizer, meta = load_model(args.source, device, phase="eval", model_tag=args.model_tag, step=args.step)^^ ^^ ^^^^^^^^^^^^^^^
FileNotFoundError: [Errno 2] No such file or directory: '/opt/nanochat/-m'

Original exception was:

^^ ^^Traceback (most recent call last):
^^ ^^^^ ^ ^  File "<frozen runpy>", line 198, in _run_module_as_main
^^ ^ ^^  File "<frozen runpy>", line 88, in _run_code
^ ^ ^^^  File "/opt/nanochat/scripts/chat_eval.py", line 198, in <module>
 ^  ^^^ ^ ^^^^ ^ ^^^^ ^     ^^^ ^ model, tokenizer, meta = load_model(args.source, device, phase="eval", model_tag=args.model_tag, step=args.step)^^^ ^ 
^^^^^^ ^ ^^^ ^ ^^^  
 ^^^  FileNotFoundError  ^^^ ^ :  
^ ^ [Errno 2] No such file or directory: '/opt/nanochat/-m' ^^ ^ 
   File "/opt/nanochat/nanochat/checkpoint_manager.py", line 178, in load_model
^ ^ 
Original exception was:
 ^ ^ Traceback (most recent call last):
 
  ^        File "<frozen runpy>", line 198, in _run_module_as_main
  File "/usr/lib/python3/dist-packages/apport_python_hook.py", line 114, in apport_excepthook
 ^return load_model_from_dir(checkpoints_dir, *args, **kwargs)   ^
    File "<frozen runpy>", line 88, in _run_code
  ^     ^       File "/opt/nanochat/scripts/chat_eval.py", line 198, in <module>
   ^ report["ExecutableTimestamp"] = str(int(os.stat(binary).st_mtime))   ^^ 
   ^^        ^ model, tokenizer, meta = load_model(args.source, device, phase="eval", model_tag=args.model_tag, step=args.step)    ^ 
 ^  ^  ^  ^  ^ ^   ^  ^   ^ ^^   ^ ^^   ^ ^^^   ^ ^^   ^ ^^   ^ ^^ ^ ^ ^^^ ^ ^ ^^ ^ ^ ^^^^ ^ ^^^^ ^ ^^^^ ^ ^^^^ ^ ^^^^ ^ ^
^^^ ^ ^  File "/opt/nanochat/nanochat/checkpoint_manager.py", line 178, in load_model
^^^ ^ ^^^ ^ ^^^     ^ ^^^return load_model_from_dir(checkpoints_dir, *args, **kwargs) ^ ^^^
 ^ ^^
 ^  ^^ ^   ^^FileNotFoundError^   ^^: ^      ^^[Errno 2] No such file or directory: '/opt/nanochat/-m'^   ^^^
^ ^    ^^
Original exception was:
 ^  ^^^^  ^^Traceback (most recent call last):
^^  ^^^^  ^^  File "<frozen runpy>", line 198, in _run_module_as_main
^^^  ^^^^  ^^  File "<frozen runpy>", line 88, in _run_code
^^^^ ^^^^^ ^^^^^  File "/opt/nanochat/scripts/chat_eval.py", line 198, in <module>
^^^^^^^^^^^^^^^^^^^^^^^^    ^model, tokenizer, meta = load_model(args.source, device, phase="eval", model_tag=args.model_tag, step=args.step)^^^^^^
^^^^^^^^^^^^^^^^^^^^
^^^^ ^FileNotFoundError^: ^^^ ^^[Errno 2] No such file or directory: '/opt/nanochat/-m'^^^ ^^
^^^ ^^
Original exception was:
^^^ ^^^^^^ ^Traceback (most recent call last):
^^^^  ^^^^^  ^  File "<frozen runpy>", line 198, in _run_module_as_main
^^^^ ^^^^^ ^  File "<frozen runpy>", line 88, in _run_code
^^^^  ^^^^^ ^  File "/opt/nanochat/scripts/chat_eval.py", line 198, in <module>
^
^^ ^^^^^ ^^^  File "/opt/nanochat/nanochat/checkpoint_manager.py", line 158, in load_model_from_dir
^^  ^^^^     ^^^    ^model, tokenizer, meta = load_model(args.source, device, phase="eval", model_tag=args.model_tag, step=args.step)   ^^^model_tag = find_largest_model(checkpoints_dir)^
 ^^^
^ ^^^^  ^^^^   ^^^^   ^^^^   ^^^^^ ^ ^ ^^^ ^^ ^^^ ^^ ^^^ ^ ^ ^^^^ ^ ^^^^ ^ ^^^^ ^ ^^^^ ^ ^^^^ ^ ^^^^ ^ ^^^^ ^ ^^^^ ^^^^^^ ^^^^^^ ^^^^^^ ^^^^^^ ^^^^^^ ^^^^^
^ ^^^
^ ^^^^  File "/opt/nanochat/nanochat/checkpoint_manager.py", line 178, in load_model
^ ^^^  File "/opt/nanochat/nanochat/checkpoint_manager.py", line 158, in load_model_from_dir
^ ^^^^     ^^^^return load_model_from_dir(checkpoints_dir, *args, **kwargs) ^ ^^^
    ^ ^^^model_tag = find_largest_model(checkpoints_dir)^
^^ ^^^^^ ^^^^ ^ 
^^^ ^ ^^^^ ^   File "/opt/nanochat/nanochat/checkpoint_manager.py", line 178, in load_model
^^^ ^ ^^^ ^ ^^^ ^ ^^^^      ^ ^^^return load_model_from_dir(checkpoints_dir, *args, **kwargs) ^ ^^^
 ^ ^^^^ ^^^^^^^ ^ ^^^^ ^ ^^^^ ^ ^^^^ ^ ^^^^ ^ ^^^^^^^ ^^^^^^ ^^^^
^^ ^^^^^^^^^^^^^^^^^^^^^^^^^^^^^^^ ^^  File "/opt/nanochat/nanochat/checkpoint_manager.py", line 178, in load_model
^^^ ^^^^
 ^^^^^^^^    ^  File "/opt/nanochat/nanochat/checkpoint_manager.py", line 126, in find_largest_model
^^^^^return load_model_from_dir(checkpoints_dir, *args, **kwargs)^^^^^
^    ^^^^^^model_tags = [f for f in os.listdir(checkpoints_dir) if os.path.isdir(os.path.join(checkpoints_dir, f))]^ ^^^^
^ ^^^^^ ^ ^^^^ ^ ^^^^ ^ ^^^^ ^ ^^^^ ^ ^^^^  ^ ^^^^ ^ ^^^^ ^ ^^^^^^^ ^^^^^^ ^^^^^^ ^^^^^^^^ ^^^^^^ ^^^^^^ ^^^^^^^ ^^^^^^^ ^^^^^^^ ^^^^^^^ ^^^^^^^^ ^^^^^^ ^^^^^^ ^^
^^^ ^^^^^^^ ^^  File "/opt/nanochat/nanochat/checkpoint_manager.py", line 126, in find_largest_model
^^^ ^^^^
 ^^^^ ^^^    ^  File "/opt/nanochat/nanochat/checkpoint_manager.py", line 178, in load_model
 ^^^model_tags = [f for f in os.listdir(checkpoints_dir) if os.path.isdir(os.path.join(checkpoints_dir, f))]^ ^^^
^ ^^^^^^
^    ^^ ^^^return load_model_from_dir(checkpoints_dir, *args, **kwargs)^
   File "/opt/nanochat/nanochat/checkpoint_manager.py", line 178, in load_model
^^
^^  ^^^  File "/opt/nanochat/nanochat/checkpoint_manager.py", line 158, in load_model_from_dir
^  ^    ^^  ^return load_model_from_dir(checkpoints_dir, *args, **kwargs)^^  ^
^^      ^  ^^ model_tag = find_largest_model(checkpoints_dir)^ ^^  
^ ^^  ^ ^^^   ^  ^^  ^  ^^  ^  ^^  ^  ^^^^ ^   ^^^ ^   
^^ ^  ^^ ^    File "/opt/nanochat/nanochat/checkpoint_manager.py", line 158, in load_model_from_dir
^^^^  ^^^^  ^^^^   ^^    ^^ ^ ^^model_tag = find_largest_model(checkpoints_dir)^^ ^ ^^
^  ^
 ^^^^^^^^^ FileNotFoundError^^^^^ : ^^^
^^ [Errno 2] No such file or directory: '/var/lib/hytorch/arm-catalog/chatsft_checkpoints'^^^^ 
^^  File "/opt/nanochat/nanochat/checkpoint_manager.py", line 158, in load_model_from_dir
^^ ^^^^ ^^^^     model_tag = find_largest_model(checkpoints_dir) ^^^^
 ^^^^^ ^ ^^^^^ ^ ^^^ ^ ^^^ ^ ^^^ ^ ^^^ ^ ^^^^^ ^^^^^ ^^^^^ ^^^^^ ^^^^^ ^^^^^ ^^^^^ ^^^^^ ^^^^^ ^^^^^ ^^^^^ ^^^^^^^^^^
^^^^^^^^^^FileNotFoundError^: ^^^^^[Errno 2] No such file or directory: '/var/lib/hytorch/arm-catalog/chatsft_checkpoints'^^^^^
^^
^^^^^^^^^  File "/opt/nanochat/nanochat/checkpoint_manager.py", line 126, in find_largest_model
^^^^^^^^^    ^^^^^model_tags = [f for f in os.listdir(checkpoints_dir) if os.path.isdir(os.path.join(checkpoints_dir, f))]^^^^
^^^^^^^^^^^ ^^^
 ^^^^ ^^^  File "/opt/nanochat/nanochat/checkpoint_manager.py", line 158, in load_model_from_dir
 
^^ ^^   File "/opt/nanochat/nanochat/checkpoint_manager.py", line 158, in load_model_from_dir
^^ ^
     ^ model_tag = find_largest_model(checkpoints_dir)^  File "/opt/nanochat/nanochat/checkpoint_manager.py", line 126, in find_largest_model
 
^     ^  model_tag = find_largest_model(checkpoints_dir)^       
^model_tags = [f for f in os.listdir(checkpoints_dir) if os.path.isdir(os.path.join(checkpoints_dir, f))]  ^
   ^    ^    ^    ^ ^    ^    
          File "/opt/nanochat/nanochat/checkpoint_manager.py", line 126, in find_largest_model
                      model_tags = [f for f in os.listdir(checkpoints_dir) if os.path.isdir(os.path.join(checkpoints_dir, f))]   ^
 ^ ^ ^ ^^ ^ ^^ ^ ^^ ^ ^^ ^ ^^ ^ ^^ ^ ^^  ^ ^^ ^ ^^ ^ ^^ ^ ^^ ^ ^^ ^ ^^ ^ ^^ ^ ^^ ^ ^^ ^^^^ ^^^^ ^^^^ ^^^^ ^^^^ ^^^^ ^^^^ ^^^^ ^^^^ ^^^^ 
^^^^ FileNotFoundError^: ^^ ^[Errno 2] No such file or directory: '/var/lib/hytorch/arm-catalog/chatsft_checkpoints'^^^^^^
^^^^^^^^^^^^^^^^^^^
^^^
^^^  File "/opt/nanochat/nanochat/checkpoint_manager.py", line 126, in find_largest_model
^^  File "/opt/nanochat/nanochat/checkpoint_manager.py", line 126, in find_largest_model
^^^
^^FileNotFoundError^^: ^[Errno 2] No such file or directory: '/var/lib/hytorch/arm-catalog/chatsft_checkpoints'^
^^^^^^^^^^
FileNotFoundError    : model_tags = [f for f in os.listdir(checkpoints_dir) if os.path.isdir(os.path.join(checkpoints_dir, f))][Errno 2] No such file or directory: '/var/lib/hytorch/arm-catalog/chatsft_checkpoints'    

model_tags = [f for f in os.listdir(checkpoints_dir) if os.path.isdir(os.path.join(checkpoints_dir, f))]
                                                  ^ ^ ^ ^ ^ ^ ^ ^ ^^^^^^^^^^^^^^^^^^^^^^^^^^^^^^^^^^^^^^
^^FileNotFoundError^: ^[Errno 2] No such file or directory: '/var/lib/hytorch/arm-catalog/chatsft_checkpoints'^
^^^
FileNotFoundError: [Errno 2] No such file or directory: '/var/lib/hytorch/arm-catalog/chatsft_checkpoints'
[rank0]:[W901 15:04:48.503671415 ProcessGroupNCCL.cpp:1553] Warning: WARNING: destroy_process_group() was not called before program exit, which can leak resources. For more info, please see https://pytorch.org/docs/stable/distributed.html#shutdown (function operator())
W0901 15:04:51.746000 103693 torch/distributed/elastic/multiprocessing/api.py:1010] Sending process 103700 closing signal SIGTERM
W0901 15:04:51.747000 103693 torch/distributed/elastic/multiprocessing/api.py:1010] Sending process 103701 closing signal SIGTERM
W0901 15:04:51.747000 103693 torch/distributed/elastic/multiprocessing/api.py:1010] Sending process 103702 closing signal SIGTERM
W0901 15:04:51.747000 103693 torch/distributed/elastic/multiprocessing/api.py:1010] Sending process 103703 closing signal SIGTERM
W0901 15:04:51.747000 103693 torch/distributed/elastic/multiprocessing/api.py:1010] Sending process 103704 closing signal SIGTERM
W0901 15:04:51.747000 103693 torch/distributed/elastic/multiprocessing/api.py:1010] Sending process 103705 closing signal SIGTERM
W0901 15:04:51.748000 103693 torch/distributed/elastic/multiprocessing/api.py:1010] Sending process 103706 closing signal SIGTERM
E0901 15:04:52.162000 103693 torch/distributed/elastic/multiprocessing/api.py:984] failed (exitcode: 1) local_rank: 0 (pid: 103699) of binary: /usr/bin/python3
Traceback (most recent call last):
  File "/usr/local/bin/torchrun", line 8, in <module>
    sys.exit(main())
             ^^^^^^
  File "/usr/local/lib/python3.12/dist-packages/torch/distributed/elastic/multiprocessing/errors/__init__.py", line 362, in wrapper
    return f(*args, **kwargs)
           ^^^^^^^^^^^^^^^^^^
  File "/usr/local/lib/python3.12/dist-packages/torch/distributed/run.py", line 991, in main
    run(args)
  File "/usr/local/lib/python3.12/dist-packages/torch/distributed/run.py", line 982, in run
    elastic_launch(
  File "/usr/local/lib/python3.12/dist-packages/torch/distributed/launcher/api.py", line 170, in __call__
    return launch_agent(self._config, self._entrypoint, list(args))
           ^^^^^^^^^^^^^^^^^^^^^^^^^^^^^^^^^^^^^^^^^^^^^^^^^^^^^^^^
  File "/usr/local/lib/python3.12/dist-packages/torch/distributed/launcher/api.py", line 317, in launch_agent
    raise ChildFailedError(
torch.distributed.elastic.multiprocessing.errors.ChildFailedError: 
============================================================
scripts.chat_eval FAILED
------------------------------------------------------------
Failures:
[1]:
  time      : 2026-09-01_15:04:52
  host      : hytorch-nano-d20-093203-a1
  rank      : 1 (local_rank: 1)
  exitcode  : -15 (pid: 103700)
  error_file: <N/A>
  traceback : Signal 15 (SIGTERM) received by PID 103700
[2]:
  time      : 2026-09-01_15:04:52
  host      : hytorch-nano-d20-093203-a1
  rank      : 2 (local_rank: 2)
  exitcode  : -15 (pid: 103701)
  error_file: <N/A>
  traceback : Signal 15 (SIGTERM) received by PID 103701
[3]:
  time      : 2026-09-01_15:04:52
  host      : hytorch-nano-d20-093203-a1
  rank      : 3 (local_rank: 3)
  exitcode  : -15 (pid: 103702)
  error_file: <N/A>
  traceback : Signal 15 (SIGTERM) received by PID 103702
[4]:
  time      : 2026-09-01_15:04:52
  host      : hytorch-nano-d20-093203-a1
  rank      : 4 (local_rank: 4)
  exitcode  : -15 (pid: 103703)
  error_file: <N/A>
  traceback : Signal 15 (SIGTERM) received by PID 103703
[5]:
  time      : 2026-09-01_15:04:52
  host      : hytorch-nano-d20-093203-a1
  rank      : 5 (local_rank: 5)
  exitcode  : -15 (pid: 103704)
  error_file: <N/A>
  traceback : Signal 15 (SIGTERM) received by PID 103704
[6]:
  time      : 2026-09-01_15:04:52
  host      : hytorch-nano-d20-093203-a1
  rank      : 6 (local_rank: 6)
  exitcode  : -15 (pid: 103705)
  error_file: <N/A>
  traceback : Signal 15 (SIGTERM) received by PID 103705
[7]:
  time      : 2026-09-01_15:04:52
  host      : hytorch-nano-d20-093203-a1
  rank      : 7 (local_rank: 7)
  exitcode  : -15 (pid: 103706)
  error_file: <N/A>
  traceback : Signal 15 (SIGTERM) received by PID 103706
------------------------------------------------------------
Root Cause (first observed failure):
[0]:
  time      : 2026-09-01_15:04:51
  host      : hytorch-nano-d20-093203-a1
  rank      : 0 (local_rank: 0)
  exitcode  : 1 (pid: 103699)
  error_file: <N/A>
  traceback : To enable traceback see: https://pytorch.org/docs/stable/elastic/errors.html
============================================================
