/opt/amdgpu/share/libdrm/amdgpu.ids: No such file or directory
/opt/amdgpu/share/libdrm/amdgpu.ids: No such file or directory
/opt/amdgpu/share/libdrm/amdgpu.ids: No such file or directory
/opt/amdgpu/share/libdrm/amdgpu.ids: No such file or directory
/opt/amdgpu/share/libdrm/amdgpu.ids: No such file or directory
/opt/amdgpu/share/libdrm/amdgpu.ids: No such file or directory
/opt/amdgpu/share/libdrm/amdgpu.ids: No such file or directory
/opt/amdgpu/share/libdrm/amdgpu.ids: No such file or directory
/opt/amdgpu/share/libdrm/amdgpu.ids: No such file or directory
/opt/amdgpu/share/libdrm/amdgpu.ids: No such file or directory
/opt/amdgpu/share/libdrm/amdgpu.ids: No such file or directory
/opt/amdgpu/share/libdrm/amdgpu.ids: No such file or directory
/opt/amdgpu/share/libdrm/amdgpu.ids: No such file or directory
/opt/amdgpu/share/libdrm/amdgpu.ids: No such file or directory
/opt/amdgpu/share/libdrm/amdgpu.ids: No such file or directory
/opt/amdgpu/share/libdrm/amdgpu.ids: No such file or directory
/opt/amdgpu/share/libdrm/amdgpu.ids: No such file or directory
/opt/amdgpu/share/libdrm/amdgpu.ids: No such file or directory
/opt/amdgpu/share/libdrm/amdgpu.ids: No such file or directory
/opt/amdgpu/share/libdrm/amdgpu.ids: No such file or directory
/opt/amdgpu/share/libdrm/amdgpu.ids: No such file or directory
/opt/amdgpu/share/libdrm/amdgpu.ids: No such file or directory
/opt/amdgpu/share/libdrm/amdgpu.ids: No such file or directory
/opt/amdgpu/share/libdrm/amdgpu.ids: No such file or directory
/opt/amdgpu/share/libdrm/amdgpu.ids: No such file or directory
/opt/amdgpu/share/libdrm/amdgpu.ids: No such file or directory
/opt/amdgpu/share/libdrm/amdgpu.ids: No such file or directory
/opt/amdgpu/share/libdrm/amdgpu.ids: No such file or directory
/opt/amdgpu/share/libdrm/amdgpu.ids: No such file or directory
/opt/amdgpu/share/libdrm/amdgpu.ids: No such file or directory
/opt/amdgpu/share/libdrm/amdgpu.ids: No such file or directory
/opt/amdgpu/share/libdrm/amdgpu.ids: No such file or directory
/opt/amdgpu/share/libdrm/amdgpu.ids: No such file or directory
/opt/amdgpu/share/libdrm/amdgpu.ids: No such file or directory
/opt/amdgpu/share/libdrm/amdgpu.ids: No such file or directory
/opt/amdgpu/share/libdrm/amdgpu.ids: No such file or directory
/opt/amdgpu/share/libdrm/amdgpu.ids: No such file or directory
/opt/amdgpu/share/libdrm/amdgpu.ids: No such file or directory
/opt/amdgpu/share/libdrm/amdgpu.ids: No such file or directory
/opt/amdgpu/share/libdrm/amdgpu.ids: No such file or directory
/opt/amdgpu/share/libdrm/amdgpu.ids: No such file or directory
/opt/amdgpu/share/libdrm/amdgpu.ids: No such file or directory
/opt/amdgpu/share/libdrm/amdgpu.ids: No such file or directory
/opt/amdgpu/share/libdrm/amdgpu.ids: No such file or directory
/opt/amdgpu/share/libdrm/amdgpu.ids: No such file or directory
/opt/amdgpu/share/libdrm/amdgpu.ids: No such file or directory
/opt/amdgpu/share/libdrm/amdgpu.ids: No such file or directory
/opt/amdgpu/share/libdrm/amdgpu.ids: No such file or directory
/opt/amdgpu/share/libdrm/amdgpu.ids: No such file or directory
/opt/amdgpu/share/libdrm/amdgpu.ids: No such file or directory
/opt/amdgpu/share/libdrm/amdgpu.ids: No such file or directory
/opt/amdgpu/share/libdrm/amdgpu.ids: No such file or directory
/opt/amdgpu/share/libdrm/amdgpu.ids: No such file or directory
/opt/amdgpu/share/libdrm/amdgpu.ids: No such file or directory
/opt/amdgpu/share/libdrm/amdgpu.ids: No such file or directory
/opt/amdgpu/share/libdrm/amdgpu.ids: No such file or directory
/opt/amdgpu/share/libdrm/amdgpu.ids: No such file or directory
/opt/amdgpu/share/libdrm/amdgpu.ids: No such file or directory
/opt/amdgpu/share/libdrm/amdgpu.ids: No such file or directory
/opt/amdgpu/share/libdrm/amdgpu.ids: No such file or directory
/opt/amdgpu/share/libdrm/amdgpu.ids: No such file or directory
/opt/amdgpu/share/libdrm/amdgpu.ids: No such file or directory
/opt/amdgpu/share/libdrm/amdgpu.ids: No such file or directory
/opt/amdgpu/share/libdrm/amdgpu.ids: No such file or directory
/opt/amdgpu/share/libdrm/amdgpu.ids: No such file or directory
/opt/amdgpu/share/libdrm/amdgpu.ids: No such file or directory
/opt/amdgpu/share/libdrm/amdgpu.ids: No such file or directory
/opt/amdgpu/share/libdrm/amdgpu.ids: No such file or directory
/opt/amdgpu/share/libdrm/amdgpu.ids: No such file or directory
/opt/amdgpu/share/libdrm/amdgpu.ids: No such file or directory
/opt/amdgpu/share/libdrm/amdgpu.ids: No such file or directory
/opt/amdgpu/share/libdrm/amdgpu.ids: No such file or directory
Autodetected device type: cuda
[rank3]:[W901 15:04:34.203382706 HIPAllocatorConfig.h:40] Warning: expandable_segments not supported on this platform (function operator())
[rank2]:[W901 15:04:34.203382696 HIPAllocatorConfig.h:40] Warning: expandable_segments not supported on this platform (function operator())
[rank5]:[W901 15:04:34.203406206 HIPAllocatorConfig.h:40] Warning: expandable_segments not supported on this platform (function operator())
[rank0]:[W901 15:04:34.203406406 HIPAllocatorConfig.h:40] Warning: expandable_segments not supported on this platform (function operator())
[rank7]:[W901 15:04:34.203405966 HIPAllocatorConfig.h:40] Warning: expandable_segments not supported on this platform (function operator())
[rank6]:[W901 15:04:34.203411396 HIPAllocatorConfig.h:40] Warning: expandable_segments not supported on this platform (function operator())
[rank4]:[W901 15:04:34.203448275 HIPAllocatorConfig.h:40] Warning: expandable_segments not supported on this platform (function operator())
[rank1]:[W901 15:04:34.203465555 HIPAllocatorConfig.h:40] Warning: expandable_segments not supported on this platform (function operator())
2026-09-01 15:04:34,027 - nanochat.common - [33m[1mWARNING[0m - Peak flops undefined for: AMD Radeon Graphics, MFU will show as 0%
2026-09-01 15:04:34,027 - nanochat.common - [33m[1mWARNING[0m - Peak flops undefined for: AMD Radeon Graphics, MFU will show as 0%
2026-09-01 15:04:34,027 - nanochat.common - [33m[1mWARNING[0m - Peak flops undefined for: AMD Radeon Graphics, MFU will show as 0%
2026-09-01 15:04:34,027 - nanochat.common - [33m[1mWARNING[0m - Peak flops undefined for: AMD Radeon Graphics, MFU will show as 0%
2026-09-01 15:04:34,027 - nanochat.common - [33m[1mWARNING[0m - Peak flops undefined for: AMD Radeon Graphics, MFU will show as 0%
2026-09-01 15:04:34,027 - nanochat.common - [33m[1mWARNING[0m - Peak flops undefined for: AMD Radeon Graphics, MFU will show as 0%
2026-09-01 15:04:34,027 - nanochat.common - [33m[1mWARNING[0m - Peak flops undefined for: AMD Radeon Graphics, MFU will show as 0%
2026-09-01 15:04:34,027 - nanochat.common - [32m[1mINFO[0m - Distributed world size: 8
COMPUTE_DTYPE: torch.bfloat16 (set via NANOCHAT_DTYPE=bfloat16)
2026-09-01 15:04:34,028 - nanochat.common - [33m[1mWARNING[0m - Peak flops undefined for: AMD Radeon Graphics, MFU will show as 0%
GPU: AMD Radeon Graphics | Peak FLOPS (BF16): inf
WARNING: Flash Attention 3 not available, using PyTorch SDPA fallback. Training will be less efficient.
Error in sys.excepthook:
Traceback (most recent call last):
  File "/usr/local/lib/python3.12/dist-packages/torch/distributed/distributed_c10d.py", line 1842, in _distributed_excepthook
Error in sys.excepthook:
Error in sys.excepthook:
    old_hook(*args)
  File "/usr/lib/python3/dist-packages/apport_python_hook.py", line 228, in partial_apport_excepthook
Traceback (most recent call last):
Traceback (most recent call last):
  File "/usr/local/lib/python3.12/dist-packages/torch/distributed/distributed_c10d.py", line 1842, in _distributed_excepthook
  File "/usr/local/lib/python3.12/dist-packages/torch/distributed/distributed_c10d.py", line 1842, in _distributed_excepthook
    return apport_excepthook(binary, exc_type, exc_obj, exc_tb)
           ^^^^^^^^^        ^old_hook(*args)old_hook(*args)Error in sys.excepthook:
^

^^^  File "/usr/lib/python3/dist-packages/apport_python_hook.py", line 228, in partial_apport_excepthook
  File "/usr/lib/python3/dist-packages/apport_python_hook.py", line 228, in partial_apport_excepthook
^^Traceback (most recent call last):
^^^  File "/usr/local/lib/python3.12/dist-packages/torch/distributed/distributed_c10d.py", line 1842, in _distributed_excepthook
^^        ^return apport_excepthook(binary, exc_type, exc_obj, exc_tb)return apport_excepthook(binary, exc_type, exc_obj, exc_tb)^

^^^^ ^  ^  ^  ^  ^  ^  ^  ^  ^  ^  ^^ ^^^^^^^^^^^^^^^^^^^^^^^^^^^^^^^^^^^    ^^Error in sys.excepthook:
^^old_hook(*args)^^^

^^^^^^  File "/usr/lib/python3/dist-packages/apport_python_hook.py", line 114, in apport_excepthook
^^  File "/usr/lib/python3/dist-packages/apport_python_hook.py", line 228, in partial_apport_excepthook
^^^^^^^^Traceback (most recent call last):
^^    ^^report["ExecutableTimestamp"] = str(int(os.stat(binary).st_mtime))Error in sys.excepthook:
  File "/usr/local/lib/python3.12/dist-packages/torch/distributed/distributed_c10d.py", line 1842, in _distributed_excepthook
^^
^^    ^^return apport_excepthook(binary, exc_type, exc_obj, exc_tb)^^
^^ ^^ ^^ ^^ ^ ^ ^ ^ ^ ^ Traceback (most recent call last):
^ ^ ^ ^ ^ ^   File "/usr/local/lib/python3.12/dist-packages/torch/distributed/distributed_c10d.py", line 1842, in _distributed_excepthook
^ ^ ^ ^ ^ ^ ^ ^ ^ ^ ^^^ ^^^ ^^^ ^^^ ^^^ ^^^ ^^^ ^^^ ^
^ 
^   File "/usr/lib/python3/dist-packages/apport_python_hook.py", line 114, in apport_excepthook
^       File "/usr/lib/python3/dist-packages/apport_python_hook.py", line 114, in apport_excepthook
^ old_hook(*args)^ 
^ ^     ^ report["ExecutableTimestamp"] = str(int(os.stat(binary).st_mtime))    ^ 
  File "/usr/lib/python3/dist-packages/apport_python_hook.py", line 228, in partial_apport_excepthook
^report["ExecutableTimestamp"] = str(int(os.stat(binary).st_mtime)) ^
 ^  ^  ^   ^       ^   old_hook(*args)  ^ 
     ^  return apport_excepthook(binary, exc_type, exc_obj, exc_tb) ^  
   ^     File "/usr/lib/python3/dist-packages/apport_python_hook.py", line 228, in partial_apport_excepthook
^^  ^^   ^^   ^^   ^^   ^^   ^^    ^^     ^  ^ return apport_excepthook(binary, exc_type, exc_obj, exc_tb)^  ^ 
^  ^ ^  ^ ^ ^  ^  ^ ^^  ^ ^^
 ^  ^ ^  ^FileNotFoundError ^  ^:  ^  ^[Errno 2] No such file or directory: '/opt/nanochat/-m' ^  ^
 ^  ^ 
Original exception was:
^  ^ ^  ^Traceback (most recent call last):
 ^  ^Error in sys.excepthook:

^  ^  File "<frozen runpy>", line 198, in _run_module_as_main
^  ^  File "/usr/lib/python3/dist-packages/apport_python_hook.py", line 114, in apport_excepthook
^^    File "<frozen runpy>", line 88, in _run_code
^^  ^^  ^  File "/opt/nanochat/scripts/chat_sft.py", line 94, in <module>
^  ^^      ^^  report["ExecutableTimestamp"] = str(int(os.stat(binary).st_mtime))^^  Traceback (most recent call last):

 ^^  ^    ^^ ^  File "/usr/local/lib/python3.12/dist-packages/torch/distributed/distributed_c10d.py", line 1842, in _distributed_excepthook
model, tokenizer, meta = load_model("base", device, phase="train", model_tag=args.model_tag, step=args.model_step)^^^ ^
^ ^^^^ ^^^^ ^^^^ ^^^^^  ^^^^  ^^^^ ^ ^^^ ^ ^^^ ^ ^^^ ^ ^^^ ^ ^^^ ^^^ ^ ^^^  ^^
 ^ 
^ ^ ^FileNotFoundError ^ FileNotFoundError^:  ^ : ^[Errno 2] No such file or directory: '/opt/nanochat/-m' [Errno 2] No such file or directory: '/opt/nanochat/-m'^ ^

 ^ ^
Original exception was:

Original exception was:
  ^    ^ old_hook(*args) ^^Traceback (most recent call last):
Traceback (most recent call last):
 ^
 ^ ^ ^  File "<frozen runpy>", line 198, in _run_module_as_main
  File "<frozen runpy>", line 198, in _run_module_as_main
 ^ ^  ^  File "/usr/lib/python3/dist-packages/apport_python_hook.py", line 228, in partial_apport_excepthook
^^  File "<frozen runpy>", line 88, in _run_code
    File "<frozen runpy>", line 88, in _run_code
^^  ^^   File "/opt/nanochat/scripts/chat_sft.py", line 94, in <module>
 
^  File "/opt/nanochat/scripts/chat_sft.py", line 94, in <module>
  ^  ^  File "/usr/lib/python3/dist-packages/apport_python_hook.py", line 114, in apport_excepthook
  ^      ^          model, tokenizer, meta = load_model("base", device, phase="train", model_tag=args.model_tag, step=args.model_step)^ model, tokenizer, meta = load_model("base", device, phase="train", model_tag=args.model_tag, step=args.model_step)return apport_excepthook(binary, exc_type, exc_obj, exc_tb)
^
^ 
    ^^ report["ExecutableTimestamp"] = str(int(os.stat(binary).st_mtime))^^ 
 ^ ^   ^ 
   ^      ^      File "/usr/lib/python3/dist-packages/apport_python_hook.py", line 114, in apport_excepthook
  ^  Error in sys.excepthook:
    ^    ^    ^report["ExecutableTimestamp"] = str(int(os.stat(binary).st_mtime))^^    
^^    ^^  ^^  ^    ^  ^^  ^^  ^   ^^ ^^   ^ ^^   ^   ^Traceback (most recent call last):
 ^^   ^ ^^^     ^   File "/usr/local/lib/python3.12/dist-packages/torch/distributed/distributed_c10d.py", line 1842, in _distributed_excepthook
^ ^^^  ^  ^
  ^  ^   ^ ^FileNotFoundError  ^ ^ :   ^ ^ ^[Errno 2] No such file or directory: '/opt/nanochat/-m'   ^  ^ 
  ^  ^  
Original exception was:
 ^ ^^    ^ ^  Traceback (most recent call last):
 ^ ^ ^ ^^ ^^  File "<frozen runpy>", line 198, in _run_module_as_main
 ^^ ^^ ^     ^^^  File "<frozen runpy>", line 88, in _run_code
 ^^old_hook(*args) ^^ ^^
^ ^^   File "/opt/nanochat/scripts/chat_sft.py", line 94, in <module>
^^^^    File "/usr/lib/python3/dist-packages/apport_python_hook.py", line 228, in partial_apport_excepthook
^^^^ ^ ^ ^^^^ ^     ^^^^ ^ model, tokenizer, meta = load_model("base", device, phase="train", model_tag=args.model_tag, step=args.model_step)^^^ ^     
^^^ ^^ ^^ ^^^ ^return apport_excepthook(binary, exc_type, exc_obj, exc_tb) ^^^^  
 ^^^^   ^^^^ ^ ^^^^ ^^ ^^ ^ ^^  ^^^ ^ ^^  ^^^ ^^  ^  ^^^ ^^^^ ^ ^ ^ ^^^^^^^  ^ ^^ ^^^^^ ^^ ^^^^ ^^^^^^^^ ^^^^^^^^^ ^^^^^^^^ ^^^^^^^ ^^
^^^^ ^
^^^^FileNotFoundError^ ^: ^^  File "/usr/lib/python3/dist-packages/apport_python_hook.py", line 114, in apport_excepthook
^^ ^^[Errno 2] No such file or directory: '/opt/nanochat/-m'^^^^ ^
^^^^^ 
Original exception was:
^ ^^^^^^ Traceback (most recent call last):
^    ^^^report["ExecutableTimestamp"] = str(int(os.stat(binary).st_mtime)) 
^^^^^
   File "<frozen runpy>", line 198, in _run_module_as_main
^ ^FileNotFoundError^ ^^^^  File "<frozen runpy>", line 88, in _run_code
: ^ ^^^ ^[Errno 2] No such file or directory: '/opt/nanochat/-m'  ^^^^^
   File "/opt/nanochat/scripts/chat_sft.py", line 94, in <module>
^^^^^
Original exception was:
 ^^^^^^ ^^^^Traceback (most recent call last):
^^     ^ ^^ ^^  File "<frozen runpy>", line 198, in _run_module_as_main
 ^model, tokenizer, meta = load_model("base", device, phase="train", model_tag=args.model_tag, step=args.model_step)^^^^ ^
  File "<frozen runpy>", line 88, in _run_code
 ^^^^^ ^^^^^   File "/opt/nanochat/scripts/chat_sft.py", line 94, in <module>
^^^^^^  ^^ ^
^    ^^  ^ ^  File "/opt/nanochat/nanochat/checkpoint_manager.py", line 178, in load_model
 model, tokenizer, meta = load_model("base", device, phase="train", model_tag=args.model_tag, step=args.model_step)^^^
 ^^ ^^^  ^^^^^   ^^  ^     ^^ ^ ^return load_model_from_dir(checkpoints_dir, *args, **kwargs) ^^ ^^^ ^
  ^^^ ^ ^ ^^   ^ ^^   ^ ^^  ^  ^ ^^^   ^ ^^^ ^  ^^ ^^^ ^   ^^^ ^^   ^^ ^^  ^ ^^ ^  ^  ^^ ^ ^   ^ ^^^^  ^   ^^ ^^^^^ ^ ^  ^^^ ^^^  ^^  ^^^^ ^^  ^^^^
^^  ^^ ^^^^^   File "/usr/lib/python3/dist-packages/apport_python_hook.py", line 114, in apport_excepthook
^  ^^^^^  ^^^^^ ^^^^^^^ ^^^^^^^^^     ^^^^^
^report["ExecutableTimestamp"] = str(int(os.stat(binary).st_mtime))^^^
^^^^^^^^^  File "/opt/nanochat/nanochat/checkpoint_manager.py", line 178, in load_model
^^^^^^^^ 
^^ ^^^^^^ ^^^^^^  File "/opt/nanochat/nanochat/checkpoint_manager.py", line 178, in load_model
    ^ ^^^^^^return load_model_from_dir(checkpoints_dir, *args, **kwargs) ^^
 ^^^^^^ ^^    ^^^^  ^return load_model_from_dir(checkpoints_dir, *args, **kwargs)^^^^  ^
^^^^  ^^ ^^
^^ ^^  ^^^ ^^  ^^FileNotFoundError^^ ^^^  : ^ [Errno 2] No such file or directory: '/opt/nanochat/-m'^^ ^^  ^
 ^^ ^^^  
Original exception was:
^ ^^^  ^ ^Traceback (most recent call last):
^^ ^^ ^^^^^ ^ ^  File "<frozen runpy>", line 198, in _run_module_as_main
^ ^^ ^^^^ ^ ^ ^^^  File "<frozen runpy>", line 88, in _run_code
^ ^ ^^^^^^^   File "/opt/nanochat/scripts/chat_sft.py", line 94, in <module>
^^^^^^^ ^^^^^^^^^ ^^^^^^^^     ^^model, tokenizer, meta = load_model("base", device, phase="train", model_tag=args.model_tag, step=args.model_step)^^^^ ^^
^^^^ ^^^ ^^^^^^^ ^^^^ ^^ ^^^^ ^^ ^^^^ ^^  ^^ ^^^^ ^^
 ^ ^^  File "/opt/nanochat/nanochat/checkpoint_manager.py", line 158, in load_model_from_dir
^^ ^ ^^^^^  ^^^^^  ^^
^^ ^     ^^^ ^model_tag = find_largest_model(checkpoints_dir) ^^^  File "/opt/nanochat/nanochat/checkpoint_manager.py", line 178, in load_model
^^ 
 ^^^^ ^ ^^^^     ^^ ^^^return load_model_from_dir(checkpoints_dir, *args, **kwargs) ^^ ^^^^^
 ^^^ ^^ ^^^ ^^^ ^^  ^^^^ ^   ^^^^^^  ^ ^^^ ^ ^ ^  ^ ^ ^ ^ ^^ ^ ^ ^^  ^^^^^ ^  ^^^^^^   ^^ ^^^ ^^^^^^^^ ^^^^^^^^^ 
^^^^^^^ ^^^FileNotFoundError^^^^^^^^^: ^^^^^^^[Errno 2] No such file or directory: '/opt/nanochat/-m'^^^^^^^
^^^^^^^^
Original exception was:
^^^^^^^^^^^Traceback (most recent call last):
^^^^^^^^^^^^^^^  File "<frozen runpy>", line 198, in _run_module_as_main
^^^^^^^^^^^^
^^^  File "<frozen runpy>", line 88, in _run_code
^^^^^^^^^^^^^  File "/opt/nanochat/nanochat/checkpoint_manager.py", line 158, in load_model_from_dir
^^  File "/opt/nanochat/scripts/chat_sft.py", line 94, in <module>
^^^^
^^^^^^
^
^^      File "/opt/nanochat/nanochat/checkpoint_manager.py", line 158, in load_model_from_dir
  File "/opt/nanochat/nanochat/checkpoint_manager.py", line 178, in load_model
^^    ^model_tag = find_largest_model(checkpoints_dir)^  File "/opt/nanochat/nanochat/checkpoint_manager.py", line 178, in load_model
^
^model, tokenizer, meta = load_model("base", device, phase="train", model_tag=args.model_tag, step=args.model_step)^^^^
^    ^    ^ ^model_tag = find_largest_model(checkpoints_dir) ^return load_model_from_dir(checkpoints_dir, *args, **kwargs)^^    ^^
 ^
 ^ return load_model_from_dir(checkpoints_dir, *args, **kwargs)^^ ^^ 
^  ^^  ^^  ^  ^^   ^  ^ ^   ^   ^^ ^  ^   ^^^     ^ ^^^     ^^^  ^    ^^ ^^^ ^    ^^ ^  ^^  ^
^ ^^  ^^^ ^ ^ ^^  File "/opt/nanochat/nanochat/checkpoint_manager.py", line 126, in find_largest_model
^^ ^ ^^^^^ ^^ ^^^^^^ ^^^    ^^^ ^^^^model_tags = [f for f in os.listdir(checkpoints_dir) if os.path.isdir(os.path.join(checkpoints_dir, f))]^^ ^^^ ^^
^^^^^ ^^ ^^^ ^^ ^
^^^^^   File "/opt/nanochat/nanochat/checkpoint_manager.py", line 158, in load_model_from_dir
 ^^^^^^  ^^^^^^^^     ^^  ^^^model_tag = find_largest_model(checkpoints_dir)^^  ^^^^
^^ ^^^^^^^ ^^^^^^  ^^^^^^^  ^^ ^^^ ^^  ^  ^^^^^^  ^^^^^^^^  ^^^ ^^^^ ^^^ ^^^ ^^^  ^^ ^^^^^^ ^^ ^^^^ ^^  ^^ ^^^^^^ ^^ ^^^^^ ^ ^^^^^^^^^ ^^^^^^^^^ ^^^^^^ ^^^^^^^^ ^^^^^^^ ^^^^^
^^^^ ^^^^^^ ^^^^  File "/opt/nanochat/nanochat/checkpoint_manager.py", line 126, in find_largest_model
^^^^^^^
^^^^^^^^^^  File "/opt/nanochat/nanochat/checkpoint_manager.py", line 126, in find_largest_model
^^^^^^    ^^^^^^model_tags = [f for f in os.listdir(checkpoints_dir) if os.path.isdir(os.path.join(checkpoints_dir, f))]^^^^^^

^    ^^^^^model_tags = [f for f in os.listdir(checkpoints_dir) if os.path.isdir(os.path.join(checkpoints_dir, f))]^^^^^^ ^^  File "/opt/nanochat/nanochat/checkpoint_manager.py", line 158, in load_model_from_dir

^^^ ^^^^^ ^^^ 
^ ^    ^^model_tag = find_largest_model(checkpoints_dir) ^^ ^^^
 ^  File "/opt/nanochat/nanochat/checkpoint_manager.py", line 178, in load_model
^ ^^ ^^^ ^^^^ ^  ^ ^^  ^ ^^ ^^       
^return load_model_from_dir(checkpoints_dir, *args, **kwargs) ^^  ^
   File "/opt/nanochat/nanochat/checkpoint_manager.py", line 158, in load_model_from_dir
^^  ^^ ^  ^^  ^   ^ ^ ^      ^ ^ ^   model_tag = find_largest_model(checkpoints_dir)^  ^^   
^ ^ 
  ^   
  ^FileNotFoundError       ^:   ^  File "/opt/nanochat/nanochat/checkpoint_manager.py", line 126, in find_largest_model
^^  [Errno 2] No such file or directory: '/var/lib/hytorch/arm-catalog/base_checkpoints'  ^^   
    ^ ^^  model_tags = [f for f in os.listdir(checkpoints_dir) if os.path.isdir(os.path.join(checkpoints_dir, f))]^^ ^^  
^  ^^ ^^  ^^  ^  ^^^    ^ ^^    ^ ^^^  ^^^^^^  ^^  ^^ ^^^^ ^^^^^^^ ^^^^^^^^ ^^^ ^^^^^^^ ^^^^^^^^ ^^^^^^ ^^^^^^ ^^^ ^^^^^^^^ ^^^^^^^^^ ^^ ^^^^^^^^ ^^^^^^^^^ ^^^^^^^^ ^^^^^ ^^^ ^^^^^^^^ ^^^^^^ ^^^^^^^^^ ^^^^^
^ ^
^^^ ^^^   File "/opt/nanochat/nanochat/checkpoint_manager.py", line 178, in load_model
^
^^^^  File "/opt/nanochat/nanochat/checkpoint_manager.py", line 126, in find_largest_model
^^^^^FileNotFoundError^^^
: ^    ^^^[Errno 2] No such file or directory: '/var/lib/hytorch/arm-catalog/base_checkpoints'^return load_model_from_dir(checkpoints_dir, *args, **kwargs)    FileNotFoundError^^
^
model_tags = [f for f in os.listdir(checkpoints_dir) if os.path.isdir(os.path.join(checkpoints_dir, f))]: ^^^
[Errno 2] No such file or directory: '/var/lib/hytorch/arm-catalog/base_checkpoints'^^
^
 ^^ ^   File "/opt/nanochat/nanochat/checkpoint_manager.py", line 126, in find_largest_model
^ ^ ^ ^ ^ ^ ^^ ^^     ^ ^ ^model_tags = [f for f in os.listdir(checkpoints_dir) if os.path.isdir(os.path.join(checkpoints_dir, f))]^  ^
^  ^
  ^    ^  File "/opt/nanochat/nanochat/checkpoint_manager.py", line 158, in load_model_from_dir
 ^ ^  ^  ^  ^^  ^^      ^^model_tag = find_largest_model(checkpoints_dir)  ^^ ^
 ^ 
 ^  ^  ^ FileNotFoundError  ^ :   ^[Errno 2] No such file or directory: '/var/lib/hytorch/arm-catalog/base_checkpoints' ^   
      ^   ^   ^   ^^  ^ ^ ^ ^ ^ ^ ^ ^ ^ ^ ^ ^ ^ ^^^^^^^^^^^^^^^^^^^^^^^^^^^^^^^^^^^^^^^^^^^^^^^^^^^^^^^^^^^^^^^^^^^^^^^^^^^^^^^^
^^^^^FileNotFoundError^^^^: ^^^[Errno 2] No such file or directory: '/var/lib/hytorch/arm-catalog/base_checkpoints'^^^
^^^^^^^^
^^^^FileNotFoundError^
: ^[Errno 2] No such file or directory: '/var/lib/hytorch/arm-catalog/base_checkpoints'^  File "/opt/nanochat/nanochat/checkpoint_manager.py", line 158, in load_model_from_dir

^^
  File "/opt/nanochat/nanochat/checkpoint_manager.py", line 126, in find_largest_model
    model_tag = find_largest_model(checkpoints_dir)
    model_tags = [f for f in os.listdir(checkpoints_dir) if os.path.isdir(os.path.join(checkpoints_dir, f))] 
                                   ^ ^ ^  ^ ^ ^ ^ ^ ^^^^^^^^^^^^^^^^^^^^^^^^^^^^^^^^^^^^^^^^^^^^^^^^^^^^^
^
FileNotFoundError:   File "/opt/nanochat/nanochat/checkpoint_manager.py", line 126, in find_largest_model
[Errno 2] No such file or directory: '/var/lib/hytorch/arm-catalog/base_checkpoints'
    model_tags = [f for f in os.listdir(checkpoints_dir) if os.path.isdir(os.path.join(checkpoints_dir, f))]
                             ^^^^^^^^^^^^^^^^^^^^^^^^^^^
FileNotFoundError: [Errno 2] No such file or directory: '/var/lib/hytorch/arm-catalog/base_checkpoints'
[rank0]:[W901 15:04:34.471310597 ProcessGroupNCCL.cpp:1553] Warning: WARNING: destroy_process_group() was not called before program exit, which can leak resources. For more info, please see https://pytorch.org/docs/stable/distributed.html#shutdown (function operator())
W0901 15:04:37.768000 103527 torch/distributed/elastic/multiprocessing/api.py:1010] Sending process 103579 closing signal SIGTERM
W0901 15:04:37.769000 103527 torch/distributed/elastic/multiprocessing/api.py:1010] Sending process 103580 closing signal SIGTERM
W0901 15:04:37.769000 103527 torch/distributed/elastic/multiprocessing/api.py:1010] Sending process 103581 closing signal SIGTERM
W0901 15:04:37.769000 103527 torch/distributed/elastic/multiprocessing/api.py:1010] Sending process 103582 closing signal SIGTERM
W0901 15:04:37.769000 103527 torch/distributed/elastic/multiprocessing/api.py:1010] Sending process 103583 closing signal SIGTERM
W0901 15:04:37.769000 103527 torch/distributed/elastic/multiprocessing/api.py:1010] Sending process 103584 closing signal SIGTERM
W0901 15:04:37.770000 103527 torch/distributed/elastic/multiprocessing/api.py:1010] Sending process 103585 closing signal SIGTERM
E0901 15:04:38.298000 103527 torch/distributed/elastic/multiprocessing/api.py:984] failed (exitcode: 1) local_rank: 0 (pid: 103578) of binary: /usr/bin/python3
Traceback (most recent call last):
  File "/usr/local/bin/torchrun", line 8, in <module>
    sys.exit(main())
             ^^^^^^
  File "/usr/local/lib/python3.12/dist-packages/torch/distributed/elastic/multiprocessing/errors/__init__.py", line 362, in wrapper
    return f(*args, **kwargs)
           ^^^^^^^^^^^^^^^^^^
  File "/usr/local/lib/python3.12/dist-packages/torch/distributed/run.py", line 991, in main
    run(args)
  File "/usr/local/lib/python3.12/dist-packages/torch/distributed/run.py", line 982, in run
    elastic_launch(
  File "/usr/local/lib/python3.12/dist-packages/torch/distributed/launcher/api.py", line 170, in __call__
    return launch_agent(self._config, self._entrypoint, list(args))
           ^^^^^^^^^^^^^^^^^^^^^^^^^^^^^^^^^^^^^^^^^^^^^^^^^^^^^^^^
  File "/usr/local/lib/python3.12/dist-packages/torch/distributed/launcher/api.py", line 317, in launch_agent
    raise ChildFailedError(
torch.distributed.elastic.multiprocessing.errors.ChildFailedError: 
============================================================
scripts.chat_sft FAILED
------------------------------------------------------------
Failures:
[1]:
  time      : 2026-09-01_15:04:38
  host      : hytorch-nano-d20-093203-a1
  rank      : 1 (local_rank: 1)
  exitcode  : -15 (pid: 103579)
  error_file: <N/A>
  traceback : Signal 15 (SIGTERM) received by PID 103579
[2]:
  time      : 2026-09-01_15:04:38
  host      : hytorch-nano-d20-093203-a1
  rank      : 2 (local_rank: 2)
  exitcode  : -15 (pid: 103580)
  error_file: <N/A>
  traceback : Signal 15 (SIGTERM) received by PID 103580
[3]:
  time      : 2026-09-01_15:04:38
  host      : hytorch-nano-d20-093203-a1
  rank      : 3 (local_rank: 3)
  exitcode  : -15 (pid: 103581)
  error_file: <N/A>
  traceback : Signal 15 (SIGTERM) received by PID 103581
[4]:
  time      : 2026-09-01_15:04:38
  host      : hytorch-nano-d20-093203-a1
  rank      : 4 (local_rank: 4)
  exitcode  : -15 (pid: 103582)
  error_file: <N/A>
  traceback : Signal 15 (SIGTERM) received by PID 103582
[5]:
  time      : 2026-09-01_15:04:38
  host      : hytorch-nano-d20-093203-a1
  rank      : 5 (local_rank: 5)
  exitcode  : -15 (pid: 103583)
  error_file: <N/A>
  traceback : Signal 15 (SIGTERM) received by PID 103583
[6]:
  time      : 2026-09-01_15:04:38
  host      : hytorch-nano-d20-093203-a1
  rank      : 6 (local_rank: 6)
  exitcode  : -15 (pid: 103584)
  error_file: <N/A>
  traceback : Signal 15 (SIGTERM) received by PID 103584
[7]:
  time      : 2026-09-01_15:04:38
  host      : hytorch-nano-d20-093203-a1
  rank      : 7 (local_rank: 7)
  exitcode  : -15 (pid: 103585)
  error_file: <N/A>
  traceback : Signal 15 (SIGTERM) received by PID 103585
------------------------------------------------------------
Root Cause (first observed failure):
[0]:
  time      : 2026-09-01_15:04:37
  host      : hytorch-nano-d20-093203-a1
  rank      : 0 (local_rank: 0)
  exitcode  : 1 (pid: 103578)
  error_file: <N/A>
  traceback : To enable traceback see: https://pytorch.org/docs/stable/elastic/errors.html
============================================================
