/opt/amdgpu/share/libdrm/amdgpu.ids: No such file or directory
/opt/amdgpu/share/libdrm/amdgpu.ids: No such file or directory
/opt/amdgpu/share/libdrm/amdgpu.ids: No such file or directory
/opt/amdgpu/share/libdrm/amdgpu.ids: No such file or directory
/opt/amdgpu/share/libdrm/amdgpu.ids: No such file or directory
/opt/amdgpu/share/libdrm/amdgpu.ids: No such file or directory
/opt/amdgpu/share/libdrm/amdgpu.ids: No such file or directory
/opt/amdgpu/share/libdrm/amdgpu.ids: No such file or directory
/opt/amdgpu/share/libdrm/amdgpu.ids: No such file or directory
/opt/amdgpu/share/libdrm/amdgpu.ids: No such file or directory
/opt/amdgpu/share/libdrm/amdgpu.ids: No such file or directory
/opt/amdgpu/share/libdrm/amdgpu.ids: No such file or directory
/opt/amdgpu/share/libdrm/amdgpu.ids: No such file or directory
/opt/amdgpu/share/libdrm/amdgpu.ids: No such file or directory
/opt/amdgpu/share/libdrm/amdgpu.ids: No such file or directory
/opt/amdgpu/share/libdrm/amdgpu.ids: No such file or directory
/opt/amdgpu/share/libdrm/amdgpu.ids: No such file or directory
/opt/amdgpu/share/libdrm/amdgpu.ids: No such file or directory
/opt/amdgpu/share/libdrm/amdgpu.ids: No such file or directory
/opt/amdgpu/share/libdrm/amdgpu.ids: No such file or directory
/opt/amdgpu/share/libdrm/amdgpu.ids: No such file or directory
/opt/amdgpu/share/libdrm/amdgpu.ids: No such file or directory
/opt/amdgpu/share/libdrm/amdgpu.ids: No such file or directory
/opt/amdgpu/share/libdrm/amdgpu.ids: No such file or directory
/opt/amdgpu/share/libdrm/amdgpu.ids: No such file or directory
/opt/amdgpu/share/libdrm/amdgpu.ids: No such file or directory
/opt/amdgpu/share/libdrm/amdgpu.ids: No such file or directory
/opt/amdgpu/share/libdrm/amdgpu.ids: No such file or directory
/opt/amdgpu/share/libdrm/amdgpu.ids: No such file or directory
/opt/amdgpu/share/libdrm/amdgpu.ids: No such file or directory
/opt/amdgpu/share/libdrm/amdgpu.ids: No such file or directory
/opt/amdgpu/share/libdrm/amdgpu.ids: No such file or directory
/opt/amdgpu/share/libdrm/amdgpu.ids: No such file or directory
/opt/amdgpu/share/libdrm/amdgpu.ids: No such file or directory
/opt/amdgpu/share/libdrm/amdgpu.ids: No such file or directory
/opt/amdgpu/share/libdrm/amdgpu.ids: No such file or directory
/opt/amdgpu/share/libdrm/amdgpu.ids: No such file or directory
/opt/amdgpu/share/libdrm/amdgpu.ids: No such file or directory
/opt/amdgpu/share/libdrm/amdgpu.ids: No such file or directory
/opt/amdgpu/share/libdrm/amdgpu.ids: No such file or directory
/opt/amdgpu/share/libdrm/amdgpu.ids: No such file or directory
/opt/amdgpu/share/libdrm/amdgpu.ids: No such file or directory
/opt/amdgpu/share/libdrm/amdgpu.ids: No such file or directory
/opt/amdgpu/share/libdrm/amdgpu.ids: No such file or directory
/opt/amdgpu/share/libdrm/amdgpu.ids: No such file or directory
/opt/amdgpu/share/libdrm/amdgpu.ids: No such file or directory
/opt/amdgpu/share/libdrm/amdgpu.ids: No such file or directory
/opt/amdgpu/share/libdrm/amdgpu.ids: No such file or directory
/opt/amdgpu/share/libdrm/amdgpu.ids: No such file or directory
/opt/amdgpu/share/libdrm/amdgpu.ids: No such file or directory
/opt/amdgpu/share/libdrm/amdgpu.ids: No such file or directory
/opt/amdgpu/share/libdrm/amdgpu.ids: No such file or directory
/opt/amdgpu/share/libdrm/amdgpu.ids: No such file or directory
/opt/amdgpu/share/libdrm/amdgpu.ids: No such file or directory
/opt/amdgpu/share/libdrm/amdgpu.ids: No such file or directory
/opt/amdgpu/share/libdrm/amdgpu.ids: No such file or directory
/opt/amdgpu/share/libdrm/amdgpu.ids: No such file or directory
/opt/amdgpu/share/libdrm/amdgpu.ids: No such file or directory
/opt/amdgpu/share/libdrm/amdgpu.ids: No such file or directory
/opt/amdgpu/share/libdrm/amdgpu.ids: No such file or directory
/opt/amdgpu/share/libdrm/amdgpu.ids: No such file or directory
/opt/amdgpu/share/libdrm/amdgpu.ids: No such file or directory
/opt/amdgpu/share/libdrm/amdgpu.ids: No such file or directory
/opt/amdgpu/share/libdrm/amdgpu.ids: No such file or directory
/opt/amdgpu/share/libdrm/amdgpu.ids: No such file or directory
/opt/amdgpu/share/libdrm/amdgpu.ids: No such file or directory
/opt/amdgpu/share/libdrm/amdgpu.ids: No such file or directory
/opt/amdgpu/share/libdrm/amdgpu.ids: No such file or directory
/opt/amdgpu/share/libdrm/amdgpu.ids: No such file or directory
/opt/amdgpu/share/libdrm/amdgpu.ids: No such file or directory
/opt/amdgpu/share/libdrm/amdgpu.ids: No such file or directory
/opt/amdgpu/share/libdrm/amdgpu.ids: No such file or directory
Autodetected device type: cuda
2026-09-03 04:08:56,187 - nanochat.common - [32m[1mINFO[0m - Distributed world size: 8
Error in sys.excepthook:
Traceback (most recent call last):
  File "/usr/local/lib/python3.12/dist-packages/torch/distributed/distributed_c10d.py", line 1842, in _distributed_excepthook
Error in sys.excepthook:
Traceback (most recent call last):
  File "/usr/local/lib/python3.12/dist-packages/torch/distributed/distributed_c10d.py", line 1842, in _distributed_excepthook
    old_hook(*args)
  File "/usr/lib/python3/dist-packages/apport_python_hook.py", line 228, in partial_apport_excepthook
    return apport_excepthook(binary, exc_type, exc_obj, exc_tb)
           ^^^^^^^^^^^^^^^^^^    ^old_hook(*args)^
^^^^^^^  File "/usr/lib/python3/dist-packages/apport_python_hook.py", line 228, in partial_apport_excepthook
^^^^^^^^^^^^^^^^^^^^^^^^^
  File "/usr/lib/python3/dist-packages/apport_python_hook.py", line 114, in apport_excepthook
    return apport_excepthook(binary, exc_type, exc_obj, exc_tb)
          report["ExecutableTimestamp"] = str(int(os.stat(binary).st_mtime)) 
    ^^^ ^ ^ ^ ^ ^ ^ ^ ^ ^ ^ ^ ^ ^ ^ ^ ^ ^ ^ ^ ^ ^ ^ ^ ^ ^ ^ ^ ^ ^ ^ ^ ^ ^ ^ ^ ^ ^ ^ ^ ^ ^ ^ ^ ^^^^^^^^^^^^
^^  File "/usr/lib/python3/dist-packages/apport_python_hook.py", line 114, in apport_excepthook
^^^^^^^
FileNotFoundError: [Errno 2] No such file or directory: '/opt/nanochat/-m'

Original exception was:
Traceback (most recent call last):
      File "<frozen runpy>", line 198, in _run_module_as_main
report["ExecutableTimestamp"] = str(int(os.stat(binary).st_mtime))
  File "<frozen runpy>", line 88, in _run_code
  File "/opt/nanochat/scripts/chat_eval.py", line 198, in <module>
                             model, tokenizer, meta = load_model(args.source, device, phase="eval", model_tag=args.model_tag, step=args.step) 
                      ^ ^ ^ ^ ^ ^ ^ ^ ^ ^ ^ ^ ^ ^ ^ 
  FileNotFoundError :  [Errno 2] No such file or directory: '/opt/nanochat/-m' 
 
Original exception was:
  Traceback (most recent call last):
    File "<frozen runpy>", line 198, in _run_module_as_main
^^  File "<frozen runpy>", line 88, in _run_code
^^  File "/opt/nanochat/scripts/chat_eval.py", line 198, in <module>
^^^^^^^^^^^^^^^^^^^^^^^^^^^^    ^model, tokenizer, meta = load_model(args.source, device, phase="eval", model_tag=args.model_tag, step=args.step)^
^^^^^^^^^^^^^^ ^ ^ ^ ^ ^ ^ ^ ^ ^ ^ ^ ^ ^ ^ ^ ^ ^ ^ ^ ^ ^ ^ ^ ^ ^ ^ ^ ^ ^^^^^^^^^^^^^^^^^^^^^^
^^  File "/opt/nanochat/nanochat/checkpoint_manager.py", line 178, in load_model
^^^^^^^^^^^^^^^^^^^^^^^    ^return load_model_from_dir(checkpoints_dir, *args, **kwargs)^
^^^^^^^^^ ^ ^ ^ ^ ^ ^ ^ ^ ^ ^ ^^^^^^^^^^^^^^^^^^^^^^^^^^^^^^^^^^^^^^^^^^^^^^^^^^^^^^^^^^^^
^^  File "/opt/nanochat/nanochat/checkpoint_manager.py", line 178, in load_model
^^^^^^^^^^^^^^^^^^^^^
    return load_model_from_dir(checkpoints_dir, *args, **kwargs)  File "/opt/nanochat/nanochat/checkpoint_manager.py", line 158, in load_model_from_dir

             model_tag = find_largest_model(checkpoints_dir) 
 ^^^^ ^ ^ ^ ^ ^ ^ ^ ^ ^ ^ ^ ^ ^ ^ ^ ^^^^^^^^^^^^^^^^^^^^^^^^^^^^^^^^^^^^^^^^^^^^^^^^^^^^^^^^^^^^^^^^^^^^
^
  File "/opt/nanochat/nanochat/checkpoint_manager.py", line 158, in load_model_from_dir
  File "/opt/nanochat/nanochat/checkpoint_manager.py", line 126, in find_largest_model
        model_tag = find_largest_model(checkpoints_dir)model_tags = [f for f in os.listdir(checkpoints_dir) if os.path.isdir(os.path.join(checkpoints_dir, f))]

                               ^ ^ ^ ^ ^ ^ ^ ^ ^ ^ ^ ^ ^ ^ ^^^^^^^^^^^^^^^^^^^^^^^^^^^^^^^^^^^^^^^^^^
^^  File "/opt/nanochat/nanochat/checkpoint_manager.py", line 126, in find_largest_model
^^^^
FileNotFoundError: [Errno 2] No such file or directory: '/var/lib/hytorch/arm-catalog/chatsft_checkpoints'
    model_tags = [f for f in os.listdir(checkpoints_dir) if os.path.isdir(os.path.join(checkpoints_dir, f))]
                             ^^^^^^^^^^^^^^^^^^^^^^^^^^^
FileNotFoundError: [Errno 2] No such file or directory: '/var/lib/hytorch/arm-catalog/chatsft_checkpoints'
Error in sys.excepthook:
Traceback (most recent call last):
  File "/usr/local/lib/python3.12/dist-packages/torch/distributed/distributed_c10d.py", line 1842, in _distributed_excepthook
Error in sys.excepthook:
Traceback (most recent call last):
  File "/usr/local/lib/python3.12/dist-packages/torch/distributed/distributed_c10d.py", line 1842, in _distributed_excepthook
Error in sys.excepthook:
Traceback (most recent call last):
  File "/usr/local/lib/python3.12/dist-packages/torch/distributed/distributed_c10d.py", line 1842, in _distributed_excepthook
    old_hook(*args)
    old_hook(*args)
  File "/usr/lib/python3/dist-packages/apport_python_hook.py", line 228, in partial_apport_excepthook
  File "/usr/lib/python3/dist-packages/apport_python_hook.py", line 228, in partial_apport_excepthook
    return apport_excepthook(binary, exc_type, exc_obj, exc_tb)
    return apport_excepthook(binary, exc_type, exc_obj, exc_tb)
           ^^^ ^  ^     ^old_hook(*args) ^
 ^ ^ ^ ^   File "/usr/lib/python3/dist-packages/apport_python_hook.py", line 228, in partial_apport_excepthook
^ ^^^^^^^^^^^^^^^^^^^^^^^^^^^    ^^^Error in sys.excepthook:
return apport_excepthook(binary, exc_type, exc_obj, exc_tb)^^
Traceback (most recent call last):
^^^^  File "/usr/local/lib/python3.12/dist-packages/torch/distributed/distributed_c10d.py", line 1842, in _distributed_excepthook
^^^^^ ^^ ^^ ^^ ^^ ^^ ^^^ ^^ ^^ ^^ ^^ ^^^Error in sys.excepthook:
^^Error in sys.excepthook:
^^^^Traceback (most recent call last):
^^Traceback (most recent call last):
^^^^^  File "/usr/local/lib/python3.12/dist-packages/torch/distributed/distributed_c10d.py", line 1842, in _distributed_excepthook
^^^  File "/usr/local/lib/python3.12/dist-packages/torch/distributed/distributed_c10d.py", line 1842, in _distributed_excepthook
^^^^^^^^^
^    ^^  File "/usr/lib/python3/dist-packages/apport_python_hook.py", line 114, in apport_excepthook
^old_hook(*args)^^
^^^^^^^^  File "/usr/lib/python3/dist-packages/apport_python_hook.py", line 228, in partial_apport_excepthook
^^    ^^report["ExecutableTimestamp"] = str(int(os.stat(binary).st_mtime))^^
^^
^^^^ ^  File "/usr/lib/python3/dist-packages/apport_python_hook.py", line 114, in apport_excepthook
 ^^     ^ return apport_excepthook(binary, exc_type, exc_obj, exc_tb)^ 
^^     ^ report["ExecutableTimestamp"] = str(int(os.stat(binary).st_mtime))
^    ^  ^           ^old_hook(*args)old_hook(*args)   ^

   ^^  File "/usr/lib/python3/dist-packages/apport_python_hook.py", line 228, in partial_apport_excepthook
  File "/usr/lib/python3/dist-packages/apport_python_hook.py", line 228, in partial_apport_excepthook
   ^   ^   ^    ^           ^  return apport_excepthook(binary, exc_type, exc_obj, exc_tb)return apport_excepthook(binary, exc_type, exc_obj, exc_tb)^^  

^^  ^^   ^^   ^ ^   ^ ^   ^ ^   ^ ^   ^ 
   ^     ^   File "/usr/lib/python3/dist-packages/apport_python_hook.py", line 114, in apport_excepthook
   ^    ^    ^        ^ report["ExecutableTimestamp"] = str(int(os.stat(binary).st_mtime)) ^^ ^^
 ^ ^^ ^  ^^ ^  ^^ ^  ^^ ^  ^ ^ ^ ^ ^ ^ ^ ^ ^ ^ ^ ^^ ^^ ^^ ^^ ^^ ^^ ^^ ^^ ^^ ^^ ^^ ^^ ^^ ^^ ^^ ^^ ^^ ^^^^^ ^^^^^ ^^^^^ ^^^^^ ^^^^^ ^^^^^ ^^^
^ ^^^^^ ^^FileNotFoundError^^ ^^: ^^ ^^[Errno 2] No such file or directory: '/opt/nanochat/-m'^^^ ^
^^^ ^
Original exception was:
^^^ ^^^^ ^Traceback (most recent call last):
^
^ ^^  File "<frozen runpy>", line 198, in _run_module_as_main
^ ^^^FileNotFoundError^ ^  File "<frozen runpy>", line 88, in _run_code
^: ^ ^^[Errno 2] No such file or directory: '/opt/nanochat/-m'^ ^^  File "/opt/nanochat/scripts/chat_eval.py", line 198, in <module>

^
Original exception was:
 
^^ ^^^Traceback (most recent call last):
 ^   File "/usr/lib/python3/dist-packages/apport_python_hook.py", line 114, in apport_excepthook
^^   ^^  File "<frozen runpy>", line 198, in _run_module_as_main
 ^^^^^^   File "<frozen runpy>", line 88, in _run_code
^^     report["ExecutableTimestamp"] = str(int(os.stat(binary).st_mtime))^^^      File "/opt/nanochat/scripts/chat_eval.py", line 198, in <module>

^^^^^model, tokenizer, meta = load_model(args.source, device, phase="eval", model_tag=args.model_tag, step=args.step)^
^^

^  ^  File "/usr/lib/python3/dist-packages/apport_python_hook.py", line 114, in apport_excepthook
   ^  File "/usr/lib/python3/dist-packages/apport_python_hook.py", line 114, in apport_excepthook
      ^model, tokenizer, meta = load_model(args.source, device, phase="eval", model_tag=args.model_tag, step=args.step)
  ^      ^report["ExecutableTimestamp"] = str(int(os.stat(binary).st_mtime))  ^
      ^^ report["ExecutableTimestamp"] = str(int(os.stat(binary).st_mtime))   ^ 
   ^    ^    
          FileNotFoundError :      [Errno 2] No such file or directory: '/opt/nanochat/-m'      
     
Original exception was:
      Traceback (most recent call last):
             File "<frozen runpy>", line 198, in _run_module_as_main
        File "<frozen runpy>", line 88, in _run_code
            File "/opt/nanochat/scripts/chat_eval.py", line 198, in <module>
                                 model, tokenizer, meta = load_model(args.source, device, phase="eval", model_tag=args.model_tag, step=args.step)     
          ^    ^     ^     ^     ^^    ^^    ^^     ^^    ^^^    ^^     ^^    ^^^   ^^^   ^^^   ^^^    ^^^   ^^^ ^ ^^^ ^ ^^^ ^ ^ ^^^^  ^^^^ ^^^^^ ^^^^^^ ^^^^^ ^^^^^^  ^^^^^ ^^^^
 ^^^^ ^^^FileNotFoundError^ ^
^: ^^^^^[Errno 2] No such file or directory: '/opt/nanochat/-m'^^FileNotFoundError^: ^
^
Original exception was:
^^[Errno 2] No such file or directory: '/opt/nanochat/-m'^^^^
^
Original exception was:
^Traceback (most recent call last):
^^  File "<frozen runpy>", line 198, in _run_module_as_main
^^^^
  File "<frozen runpy>", line 88, in _run_code
Traceback (most recent call last):
^^^FileNotFoundError^^^:   File "/opt/nanochat/scripts/chat_eval.py", line 198, in <module>
  File "<frozen runpy>", line 198, in _run_module_as_main
^^^[Errno 2] No such file or directory: '/opt/nanochat/-m'
  File "<frozen runpy>", line 88, in _run_code

Original exception was:
^^^  File "/opt/nanochat/scripts/chat_eval.py", line 198, in <module>
^^^Traceback (most recent call last):
^^^^^^    ^  File "<frozen runpy>", line 198, in _run_module_as_main
^^^model, tokenizer, meta = load_model(args.source, device, phase="eval", model_tag=args.model_tag, step=args.step)^^^
      File "<frozen runpy>", line 88, in _run_code
^^^model, tokenizer, meta = load_model(args.source, device, phase="eval", model_tag=args.model_tag, step=args.step)
^^^  File "/opt/nanochat/scripts/chat_eval.py", line 198, in <module>
^^^^  ^^^ ^ ^^ ^ ^^  ^     ^^ ^model, tokenizer, meta = load_model(args.source, device, phase="eval", model_tag=args.model_tag, step=args.step) ^^ ^
 ^^ ^ ^^ ^ ^^ ^ ^^  ^ ^^  ^ ^^  ^ ^^  ^ ^^  ^ ^^  ^ ^^  ^ ^^  ^ ^^  ^ ^^  ^ ^^  ^ ^^   ^ ^^  ^  ^^  ^ ^^  ^ ^^  ^ ^^  ^ ^^ ^ ^ ^ ^^^^  ^^^^  ^^^^^ ^^^^^ ^^^^ ^^^^^ ^^^^^ ^^^^^ ^^^^^ ^^^^^^^^^^^^^^^^^^^^^^^^^
^^^^^^^^^^  File "/opt/nanochat/nanochat/checkpoint_manager.py", line 178, in load_model
^
^^^^^^^^^  File "/opt/nanochat/nanochat/checkpoint_manager.py", line 178, in load_model
^^^^^^^    ^^^^return load_model_from_dir(checkpoints_dir, *args, **kwargs)^^    ^^
^^return load_model_from_dir(checkpoints_dir, *args, **kwargs)^^^^
^^^ ^^^^ ^^^^  ^^^^  ^^^^  ^^^^  ^^^^  ^^^^  ^^^^  ^^^^  ^^^^  ^^^^^ ^^^^^ ^^^^^^^^^^^^^^^^^^^^^^^^^^
^^^^^^  File "/opt/nanochat/nanochat/checkpoint_manager.py", line 178, in load_model
^^^^^^^^^^^^^^^^^^^^    ^^^^^return load_model_from_dir(checkpoints_dir, *args, **kwargs)^^^^^
^^^^^^^^^^^^^^^ ^^^^^ ^^^^^ ^^^^^ ^^^^^ ^^^^^ ^^^^^ ^^^^^ ^^^^^ ^^^^^ ^ ^^^^^^^^^^^^^^^^^^^^^^^^^^^^^^^^^^^^^^^^^^^^^^^^^^^^^^^^^^^^^^^^^^^^^^^^^^^^^^^^^^^^^^^^^^^^^^^^^^^^^^^^^^^^^^^^^^^^^^^^^^^^^^^^^^^^^^^^^^^^^^^^^^^^^^^
^^^^^^^^^^^  File "/opt/nanochat/nanochat/checkpoint_manager.py", line 178, in load_model

^^^^^^^^^^  File "/opt/nanochat/nanochat/checkpoint_manager.py", line 158, in load_model_from_dir

^^
^  File "/opt/nanochat/nanochat/checkpoint_manager.py", line 178, in load_model
^^    ^  File "/opt/nanochat/nanochat/checkpoint_manager.py", line 158, in load_model_from_dir
^return load_model_from_dir(checkpoints_dir, *args, **kwargs)    ^^
model_tag = find_largest_model(checkpoints_dir)^^^
^    ^    
return load_model_from_dir(checkpoints_dir, *args, **kwargs)^model_tag = find_largest_model(checkpoints_dir) 
  File "/opt/nanochat/nanochat/checkpoint_manager.py", line 178, in load_model
 ^
  ^    ^        ^    return load_model_from_dir(checkpoints_dir, *args, **kwargs)^    
^     ^    ^     ^     ^    ^^    ^^    ^^    ^^^^  ^^^^  ^^^^  ^
^^  ^^^  ^  File "/opt/nanochat/nanochat/checkpoint_manager.py", line 158, in load_model_from_dir
^^^^^^^^^^^^^^^^^^^^^    ^^^^^model_tag = find_largest_model(checkpoints_dir)^^^^^
^^^^^^^^^^^^ ^^^^^ ^^^^^  ^^^^^ ^^^^^ ^^^^^ ^^^^^ ^^^^^ ^^^^^ ^^^^^ ^^^^^ ^^^^^ ^^^^^ ^^^^^ ^^^^^ ^^^^^^^^^^^^^^^^^^^^^^^^^^^^^^^^^^^^^^^^^
^^^^^^^  File "/opt/nanochat/nanochat/checkpoint_manager.py", line 126, in find_largest_model
^^^^^^^^^^^^^^    ^^^^^model_tags = [f for f in os.listdir(checkpoints_dir) if os.path.isdir(os.path.join(checkpoints_dir, f))]^^^
^
^^^^^^^   File "/opt/nanochat/nanochat/checkpoint_manager.py", line 126, in find_largest_model
^^^^ ^^^^ ^^^^^ ^^^    ^ ^^^model_tags = [f for f in os.listdir(checkpoints_dir) if os.path.isdir(os.path.join(checkpoints_dir, f))]^ ^^^
^ ^
^^ ^ ^^ ^  File "/opt/nanochat/nanochat/checkpoint_manager.py", line 158, in load_model_from_dir
 ^^ ^ ^^ ^ ^^ 
 ^^      ^^ model_tag = find_largest_model(checkpoints_dir)  File "/opt/nanochat/nanochat/checkpoint_manager.py", line 158, in load_model_from_dir
 ^^^ 
 ^
   ^  File "/opt/nanochat/nanochat/checkpoint_manager.py", line 158, in load_model_from_dir
   ^       ^model_tag = find_largest_model(checkpoints_dir)   ^
       ^  model_tag = find_largest_model(checkpoints_dir) ^   
 
         File "/opt/nanochat/nanochat/checkpoint_manager.py", line 126, in find_largest_model
                      model_tags = [f for f in os.listdir(checkpoints_dir) if os.path.isdir(os.path.join(checkpoints_dir, f))]     
       ^     ^     ^   ^  ^  ^  ^ ^^  ^ ^^  ^ ^^^ ^ ^^^^^   ^^^^^  ^^^^  ^^^^^ ^^^^^ ^^^^^ ^^^^^ ^^^^^ ^^^^^ ^^^^^ ^^^^^ ^^^^^ ^^^^^ ^^^^^ ^^^^^ ^^^^^ ^^^^^^ 
^^^^ ^^^^ FileNotFoundError^^^^ : ^^^^ [Errno 2] No such file or directory: '/var/lib/hytorch/arm-catalog/chatsft_checkpoints'^^^^^
^^^^^^^^^^^
^^^^^^^^FileNotFoundError^: ^^^^[Errno 2] No such file or directory: '/var/lib/hytorch/arm-catalog/chatsft_checkpoints'^^^^
^^^^
^^^^^^  File "/opt/nanochat/nanochat/checkpoint_manager.py", line 126, in find_largest_model
^^^^^^
^^^  File "/opt/nanochat/nanochat/checkpoint_manager.py", line 126, in find_largest_model
^^^    ^^model_tags = [f for f in os.listdir(checkpoints_dir) if os.path.isdir(os.path.join(checkpoints_dir, f))]^

    ^model_tags = [f for f in os.listdir(checkpoints_dir) if os.path.isdir(os.path.join(checkpoints_dir, f))]^  File "/opt/nanochat/nanochat/checkpoint_manager.py", line 126, in find_largest_model

^ ^ ^ ^  ^  ^      ^ model_tags = [f for f in os.listdir(checkpoints_dir) if os.path.isdir(os.path.join(checkpoints_dir, f))] ^ 
 
    FileNotFoundError  :   [Errno 2] No such file or directory: '/var/lib/hytorch/arm-catalog/chatsft_checkpoints'   
                                                  ^ ^  ^^  ^  ^ ^  ^  ^^ ^^^^^^^^^^^^^^^^^^^^^^^^^^^^^^^^^^^^^^^^^^^^^^^^^
^^^^FileNotFoundError^^: ^[Errno 2] No such file or directory: '/var/lib/hytorch/arm-catalog/chatsft_checkpoints'^
^^^^^^^
^^FileNotFoundError^: ^[Errno 2] No such file or directory: '/var/lib/hytorch/arm-catalog/chatsft_checkpoints'^
^^
FileNotFoundError: [Errno 2] No such file or directory: '/var/lib/hytorch/arm-catalog/chatsft_checkpoints'
[rank0]:[W903 04:08:56.529583336 ProcessGroupNCCL.cpp:1553] Warning: WARNING: destroy_process_group() was not called before program exit, which can leak resources. For more info, please see https://pytorch.org/docs/stable/distributed.html#shutdown (function operator())
W0903 04:08:59.981000 15997 torch/distributed/elastic/multiprocessing/api.py:1010] Sending process 16008 closing signal SIGTERM
W0903 04:08:59.982000 15997 torch/distributed/elastic/multiprocessing/api.py:1010] Sending process 16009 closing signal SIGTERM
W0903 04:08:59.982000 15997 torch/distributed/elastic/multiprocessing/api.py:1010] Sending process 16010 closing signal SIGTERM
W0903 04:08:59.982000 15997 torch/distributed/elastic/multiprocessing/api.py:1010] Sending process 16011 closing signal SIGTERM
W0903 04:08:59.982000 15997 torch/distributed/elastic/multiprocessing/api.py:1010] Sending process 16012 closing signal SIGTERM
W0903 04:08:59.982000 15997 torch/distributed/elastic/multiprocessing/api.py:1010] Sending process 16013 closing signal SIGTERM
W0903 04:08:59.983000 15997 torch/distributed/elastic/multiprocessing/api.py:1010] Sending process 16014 closing signal SIGTERM
E0903 04:09:00.447000 15997 torch/distributed/elastic/multiprocessing/api.py:984] failed (exitcode: 1) local_rank: 0 (pid: 16007) of binary: /usr/bin/python3
Traceback (most recent call last):
  File "/usr/local/bin/torchrun", line 8, in <module>
    sys.exit(main())
             ^^^^^^
  File "/usr/local/lib/python3.12/dist-packages/torch/distributed/elastic/multiprocessing/errors/__init__.py", line 362, in wrapper
    return f(*args, **kwargs)
           ^^^^^^^^^^^^^^^^^^
  File "/usr/local/lib/python3.12/dist-packages/torch/distributed/run.py", line 991, in main
    run(args)
  File "/usr/local/lib/python3.12/dist-packages/torch/distributed/run.py", line 982, in run
    elastic_launch(
  File "/usr/local/lib/python3.12/dist-packages/torch/distributed/launcher/api.py", line 170, in __call__
    return launch_agent(self._config, self._entrypoint, list(args))
           ^^^^^^^^^^^^^^^^^^^^^^^^^^^^^^^^^^^^^^^^^^^^^^^^^^^^^^^^
  File "/usr/local/lib/python3.12/dist-packages/torch/distributed/launcher/api.py", line 317, in launch_agent
    raise ChildFailedError(
torch.distributed.elastic.multiprocessing.errors.ChildFailedError: 
============================================================
scripts.chat_eval FAILED
------------------------------------------------------------
Failures:
[1]:
  time      : 2026-09-03_04:09:00
  host      : hytorch-nano-d20-031531-a1
  rank      : 1 (local_rank: 1)
  exitcode  : -15 (pid: 16008)
  error_file: <N/A>
  traceback : Signal 15 (SIGTERM) received by PID 16008
[2]:
  time      : 2026-09-03_04:09:00
  host      : hytorch-nano-d20-031531-a1
  rank      : 2 (local_rank: 2)
  exitcode  : -15 (pid: 16009)
  error_file: <N/A>
  traceback : Signal 15 (SIGTERM) received by PID 16009
[3]:
  time      : 2026-09-03_04:09:00
  host      : hytorch-nano-d20-031531-a1
  rank      : 3 (local_rank: 3)
  exitcode  : -15 (pid: 16010)
  error_file: <N/A>
  traceback : Signal 15 (SIGTERM) received by PID 16010
[4]:
  time      : 2026-09-03_04:09:00
  host      : hytorch-nano-d20-031531-a1
  rank      : 4 (local_rank: 4)
  exitcode  : -15 (pid: 16011)
  error_file: <N/A>
  traceback : Signal 15 (SIGTERM) received by PID 16011
[5]:
  time      : 2026-09-03_04:09:00
  host      : hytorch-nano-d20-031531-a1
  rank      : 5 (local_rank: 5)
  exitcode  : 1 (pid: 16012)
  error_file: <N/A>
  traceback : To enable traceback see: https://pytorch.org/docs/stable/elastic/errors.html
[6]:
  time      : 2026-09-03_04:09:00
  host      : hytorch-nano-d20-031531-a1
  rank      : 6 (local_rank: 6)
  exitcode  : -15 (pid: 16013)
  error_file: <N/A>
  traceback : Signal 15 (SIGTERM) received by PID 16013
[7]:
  time      : 2026-09-03_04:09:00
  host      : hytorch-nano-d20-031531-a1
  rank      : 7 (local_rank: 7)
  exitcode  : -15 (pid: 16014)
  error_file: <N/A>
  traceback : Signal 15 (SIGTERM) received by PID 16014
------------------------------------------------------------
Root Cause (first observed failure):
[0]:
  time      : 2026-09-03_04:08:59
  host      : hytorch-nano-d20-031531-a1
  rank      : 0 (local_rank: 0)
  exitcode  : 1 (pid: 16007)
  error_file: <N/A>
  traceback : To enable traceback see: https://pytorch.org/docs/stable/elastic/errors.html
============================================================
