/opt/amdgpu/share/libdrm/amdgpu.ids: No such file or directory
/opt/amdgpu/share/libdrm/amdgpu.ids: No such file or directory
/opt/amdgpu/share/libdrm/amdgpu.ids: No such file or directory
/opt/amdgpu/share/libdrm/amdgpu.ids: No such file or directory
/opt/amdgpu/share/libdrm/amdgpu.ids: No such file or directory
/opt/amdgpu/share/libdrm/amdgpu.ids: No such file or directory
/opt/amdgpu/share/libdrm/amdgpu.ids: No such file or directory
/opt/amdgpu/share/libdrm/amdgpu.ids: No such file or directory
/opt/amdgpu/share/libdrm/amdgpu.ids: No such file or directory
/opt/amdgpu/share/libdrm/amdgpu.ids: No such file or directory
/opt/amdgpu/share/libdrm/amdgpu.ids: No such file or directory
/opt/amdgpu/share/libdrm/amdgpu.ids: No such file or directory
/opt/amdgpu/share/libdrm/amdgpu.ids: No such file or directory
/opt/amdgpu/share/libdrm/amdgpu.ids: No such file or directory
/opt/amdgpu/share/libdrm/amdgpu.ids: No such file or directory
/opt/amdgpu/share/libdrm/amdgpu.ids: No such file or directory
/opt/amdgpu/share/libdrm/amdgpu.ids: No such file or directory
/opt/amdgpu/share/libdrm/amdgpu.ids: No such file or directory
/opt/amdgpu/share/libdrm/amdgpu.ids: No such file or directory
/opt/amdgpu/share/libdrm/amdgpu.ids: No such file or directory
/opt/amdgpu/share/libdrm/amdgpu.ids: No such file or directory
/opt/amdgpu/share/libdrm/amdgpu.ids: No such file or directory
/opt/amdgpu/share/libdrm/amdgpu.ids: No such file or directory
/opt/amdgpu/share/libdrm/amdgpu.ids: No such file or directory
/opt/amdgpu/share/libdrm/amdgpu.ids: No such file or directory
/opt/amdgpu/share/libdrm/amdgpu.ids: No such file or directory
/opt/amdgpu/share/libdrm/amdgpu.ids: No such file or directory
/opt/amdgpu/share/libdrm/amdgpu.ids: No such file or directory
/opt/amdgpu/share/libdrm/amdgpu.ids: No such file or directory
/opt/amdgpu/share/libdrm/amdgpu.ids: No such file or directory
/opt/amdgpu/share/libdrm/amdgpu.ids: No such file or directory
/opt/amdgpu/share/libdrm/amdgpu.ids: No such file or directory
/opt/amdgpu/share/libdrm/amdgpu.ids: No such file or directory
/opt/amdgpu/share/libdrm/amdgpu.ids: No such file or directory
/opt/amdgpu/share/libdrm/amdgpu.ids: No such file or directory
/opt/amdgpu/share/libdrm/amdgpu.ids: No such file or directory
/opt/amdgpu/share/libdrm/amdgpu.ids: No such file or directory
/opt/amdgpu/share/libdrm/amdgpu.ids: No such file or directory
/opt/amdgpu/share/libdrm/amdgpu.ids: No such file or directory
/opt/amdgpu/share/libdrm/amdgpu.ids: No such file or directory
/opt/amdgpu/share/libdrm/amdgpu.ids: No such file or directory
/opt/amdgpu/share/libdrm/amdgpu.ids: No such file or directory
/opt/amdgpu/share/libdrm/amdgpu.ids: No such file or directory
/opt/amdgpu/share/libdrm/amdgpu.ids: No such file or directory
/opt/amdgpu/share/libdrm/amdgpu.ids: No such file or directory
/opt/amdgpu/share/libdrm/amdgpu.ids: No such file or directory
/opt/amdgpu/share/libdrm/amdgpu.ids: No such file or directory
/opt/amdgpu/share/libdrm/amdgpu.ids: No such file or directory
/opt/amdgpu/share/libdrm/amdgpu.ids: No such file or directory
/opt/amdgpu/share/libdrm/amdgpu.ids: No such file or directory
/opt/amdgpu/share/libdrm/amdgpu.ids: No such file or directory
/opt/amdgpu/share/libdrm/amdgpu.ids: No such file or directory
/opt/amdgpu/share/libdrm/amdgpu.ids: No such file or directory
/opt/amdgpu/share/libdrm/amdgpu.ids: No such file or directory
/opt/amdgpu/share/libdrm/amdgpu.ids: No such file or directory
/opt/amdgpu/share/libdrm/amdgpu.ids: No such file or directory
/opt/amdgpu/share/libdrm/amdgpu.ids: No such file or directory
/opt/amdgpu/share/libdrm/amdgpu.ids: No such file or directory
/opt/amdgpu/share/libdrm/amdgpu.ids: No such file or directory
/opt/amdgpu/share/libdrm/amdgpu.ids: No such file or directory
/opt/amdgpu/share/libdrm/amdgpu.ids: No such file or directory
/opt/amdgpu/share/libdrm/amdgpu.ids: No such file or directory
/opt/amdgpu/share/libdrm/amdgpu.ids: No such file or directory
/opt/amdgpu/share/libdrm/amdgpu.ids: No such file or directory
/opt/amdgpu/share/libdrm/amdgpu.ids: No such file or directory
/opt/amdgpu/share/libdrm/amdgpu.ids: No such file or directory
/opt/amdgpu/share/libdrm/amdgpu.ids: No such file or directory
/opt/amdgpu/share/libdrm/amdgpu.ids: No such file or directory
/opt/amdgpu/share/libdrm/amdgpu.ids: No such file or directory
/opt/amdgpu/share/libdrm/amdgpu.ids: No such file or directory
/opt/amdgpu/share/libdrm/amdgpu.ids: No such file or directory
/opt/amdgpu/share/libdrm/amdgpu.ids: No such file or directory
Autodetected device type: cuda
[rank6]:[W903 03:58:46.544464330 HIPAllocatorConfig.h:40] Warning: expandable_segments not supported on this platform (function operator())
[rank4]:[W903 03:58:46.544557011 HIPAllocatorConfig.h:40] Warning: expandable_segments not supported on this platform (function operator())
[rank1]:[W903 03:58:46.544557031 HIPAllocatorConfig.h:40] Warning: expandable_segments not supported on this platform (function operator())
[rank0]:[W903 03:58:46.544558602 HIPAllocatorConfig.h:40] Warning: expandable_segments not supported on this platform (function operator())
[rank3]:[W903 03:58:46.544560632 HIPAllocatorConfig.h:40] Warning: expandable_segments not supported on this platform (function operator())
[rank7]:[W903 03:58:46.544572292 HIPAllocatorConfig.h:40] Warning: expandable_segments not supported on this platform (function operator())
[rank2]:[W903 03:58:46.544584702 HIPAllocatorConfig.h:40] Warning: expandable_segments not supported on this platform (function operator())
[rank5]:[W903 03:58:46.544604192 HIPAllocatorConfig.h:40] Warning: expandable_segments not supported on this platform (function operator())
2026-09-03 03:58:46,514 - nanochat.common - [33m[1mWARNING[0m - Peak flops undefined for: AMD Radeon Graphics, MFU will show as 0%
2026-09-03 03:58:46,514 - nanochat.common - [33m[1mWARNING[0m - Peak flops undefined for: AMD Radeon Graphics, MFU will show as 0%
2026-09-03 03:58:46,514 - nanochat.common - [33m[1mWARNING[0m - Peak flops undefined for: AMD Radeon Graphics, MFU will show as 0%
2026-09-03 03:58:46,514 - nanochat.common - [33m[1mWARNING[0m - Peak flops undefined for: AMD Radeon Graphics, MFU will show as 0%
2026-09-03 03:58:46,514 - nanochat.common - [33m[1mWARNING[0m - Peak flops undefined for: AMD Radeon Graphics, MFU will show as 0%
2026-09-03 03:58:46,514 - nanochat.common - [33m[1mWARNING[0m - Peak flops undefined for: AMD Radeon Graphics, MFU will show as 0%
2026-09-03 03:58:46,514 - nanochat.common - [33m[1mWARNING[0m - Peak flops undefined for: AMD Radeon Graphics, MFU will show as 0%
2026-09-03 03:58:46,514 - nanochat.common - [32m[1mINFO[0m - Distributed world size: 8
COMPUTE_DTYPE: torch.bfloat16 (set via NANOCHAT_DTYPE=bfloat16)
2026-09-03 03:58:46,515 - nanochat.common - [33m[1mWARNING[0m - Peak flops undefined for: AMD Radeon Graphics, MFU will show as 0%
GPU: AMD Radeon Graphics | Peak FLOPS (BF16): inf
WARNING: Flash Attention 3 not available, using PyTorch SDPA fallback. Training will be less efficient.
2026-09-03 03:58:46,515 - nanochat.checkpoint_manager - [32m[1mINFO[0m - No model tag provided, guessing model tag: d20
2026-09-03 03:58:46,515 - nanochat.checkpoint_manager - [32m[1mINFO[0m - Loading model from /var/lib/hytorch/arm-catalog/base_checkpoints/d20 with step 4980
2026-09-03 03:58:52,766 - nanochat.checkpoint_manager - [32m[1mINFO[0m - Building model with config: {'sequence_len': 2048, 'vocab_size': 32768, 'n_layer': 20, 'n_head': 10, 'n_kv_head': 10, 'n_embd': 1280, 'window_pattern': 'SSSL'}
[92mSuccessfully preprocessed all matching files.[0m
Inherited max_seq_len=2048 from pretrained checkpoint
Inherited device_batch_size=16 from pretrained checkpoint
Inherited total_batch_size=1048576 from pretrained checkpoint
Inherited embedding_lr=0.3 from pretrained checkpoint
Inherited unembedding_lr=0.008 from pretrained checkpoint
Inherited matrix_lr=0.02 from pretrained checkpoint
hytorch: catalog SFT runs EAGER (torch.compile skipped)
Tokens / micro-batch / rank: 16 x 2048 = 32,768
Tokens / micro-batch: 262,144
Total batch size 1,048,576 => gradient accumulation steps: 4
Scaling the LR for the AdamW parameters ∝1/√(1280/768) = 0.774597
2026-09-03 04:00:50,162 - nanochat.checkpoint_manager - [32m[1mINFO[0m - Loading optimizer state from /var/lib/hytorch/arm-catalog/base_checkpoints/d20/optim_004980_rank0.pt
Loaded optimizer state from pretrained checkpoint (momentum buffers only, LRs reset)
Training mixture: 789,759 rows (MMLU x3, GSM8K x4)
Step 00000 | Validation bpb: 1.1247
hytorch: step 0 channel commit=19.2% overflow=80.8% abort=0.0% usage_entropy=8.12b distinct=4189
Error in sys.excepthook:
Traceback (most recent call last):
  File "/usr/local/lib/python3.12/dist-packages/torch/distributed/distributed_c10d.py", line 1842, in _distributed_excepthook
    old_hook(*args)
  File "/usr/lib/python3/dist-packages/apport_python_hook.py", line 228, in partial_apport_excepthook
    return apport_excepthook(binary, exc_type, exc_obj, exc_tb)
           ^^^^^^^^^^^^^^^^^^^^^^^^^^^^^^^^^^^^^^^^^^^^^^^^^^^^
  File "/usr/lib/python3/dist-packages/apport_python_hook.py", line 114, in apport_excepthook
    report["ExecutableTimestamp"] = str(int(os.stat(binary).st_mtime))
                                            ^^^^^^^^^^^^^^^
FileNotFoundError: [Errno 2] No such file or directory: '/opt/nanochat/-m'

Original exception was:
Traceback (most recent call last):
  File "<frozen runpy>", line 198, in _run_module_as_main
  File "<frozen runpy>", line 88, in _run_code
  File "/opt/nanochat/scripts/chat_sft.py", line 482, in <module>
    _hytorch_seam.step_barrier(step, _entries, orig_model.hytorch_codebook)
  File "/opt/nanochat/nanochat/seam_shim.py", line 205, in step_barrier
    dist.monitored_barrier(group=self.pg, timeout=_dt.timedelta(milliseconds=self.budget_ms))
  File "/usr/local/lib/python3.12/dist-packages/torch/distributed/distributed_c10d.py", line 5039, in monitored_barrier
    raise ValueError("monitored_barrier is only implemented for GLOO backend.")
ValueError: monitored_barrier is only implemented for GLOO backend.
Error in sys.excepthook:
Traceback (most recent call last):
  File "/usr/local/lib/python3.12/dist-packages/torch/distributed/distributed_c10d.py", line 1842, in _distributed_excepthook
    old_hook(*args)
  File "/usr/lib/python3/dist-packages/apport_python_hook.py", line 228, in partial_apport_excepthook
    return apport_excepthook(binary, exc_type, exc_obj, exc_tb)
           ^^^^^^^^^^^^^^^^^^^^^^^^^^^^^^^^^^^^^^^^^^^^^^^^^^^^
  File "/usr/lib/python3/dist-packages/apport_python_hook.py", line 114, in apport_excepthook
    report["ExecutableTimestamp"] = str(int(os.stat(binary).st_mtime))
                                            ^^^^^^^^^^^^^^^
FileNotFoundError: [Errno 2] No such file or directory: '/opt/nanochat/-m'

Original exception was:
Traceback (most recent call last):
  File "<frozen runpy>", line 198, in _run_module_as_main
  File "<frozen runpy>", line 88, in _run_code
  File "/opt/nanochat/scripts/chat_sft.py", line 482, in <module>
    _hytorch_seam.step_barrier(step, _entries, orig_model.hytorch_codebook)
  File "/opt/nanochat/nanochat/seam_shim.py", line 205, in step_barrier
    dist.monitored_barrier(group=self.pg, timeout=_dt.timedelta(milliseconds=self.budget_ms))
  File "/usr/local/lib/python3.12/dist-packages/torch/distributed/distributed_c10d.py", line 5039, in monitored_barrier
    raise ValueError("monitored_barrier is only implemented for GLOO backend.")
ValueError: monitored_barrier is only implemented for GLOO backend.
Error in sys.excepthook:
Traceback (most recent call last):
  File "/usr/local/lib/python3.12/dist-packages/torch/distributed/distributed_c10d.py", line 1842, in _distributed_excepthook
    old_hook(*args)
  File "/usr/lib/python3/dist-packages/apport_python_hook.py", line 228, in partial_apport_excepthook
    return apport_excepthook(binary, exc_type, exc_obj, exc_tb)
           ^^^^^^^^^^^^^^^^^^^^^^^^^^^^^^^^^^^^^^^^^^^^^^^^^^^^
  File "/usr/lib/python3/dist-packages/apport_python_hook.py", line 114, in apport_excepthook
    report["ExecutableTimestamp"] = str(int(os.stat(binary).st_mtime))
                                            ^^^^^^^^^^^^^^^
FileNotFoundError: [Errno 2] No such file or directory: '/opt/nanochat/-m'

Original exception was:
Traceback (most recent call last):
  File "<frozen runpy>", line 198, in _run_module_as_main
  File "<frozen runpy>", line 88, in _run_code
  File "/opt/nanochat/scripts/chat_sft.py", line 482, in <module>
    _hytorch_seam.step_barrier(step, _entries, orig_model.hytorch_codebook)
  File "/opt/nanochat/nanochat/seam_shim.py", line 205, in step_barrier
    dist.monitored_barrier(group=self.pg, timeout=_dt.timedelta(milliseconds=self.budget_ms))
  File "/usr/local/lib/python3.12/dist-packages/torch/distributed/distributed_c10d.py", line 5039, in monitored_barrier
    raise ValueError("monitored_barrier is only implemented for GLOO backend.")
ValueError: monitored_barrier is only implemented for GLOO backend.
Error in sys.excepthook:
Traceback (most recent call last):
  File "/usr/local/lib/python3.12/dist-packages/torch/distributed/distributed_c10d.py", line 1842, in _distributed_excepthook
    old_hook(*args)
  File "/usr/lib/python3/dist-packages/apport_python_hook.py", line 228, in partial_apport_excepthook
    return apport_excepthook(binary, exc_type, exc_obj, exc_tb)
           ^^^^^^^^^^^^^^^^^^^^^^^^^^^^^^^^^^^^^^^^^^^^^^^^^^^^
  File "/usr/lib/python3/dist-packages/apport_python_hook.py", line 114, in apport_excepthook
    report["ExecutableTimestamp"] = str(int(os.stat(binary).st_mtime))
                                            ^^^^^^^^^^^^^^^
FileNotFoundError: [Errno 2] No such file or directory: '/opt/nanochat/-m'

Original exception was:
Traceback (most recent call last):
  File "<frozen runpy>", line 198, in _run_module_as_main
  File "<frozen runpy>", line 88, in _run_code
  File "/opt/nanochat/scripts/chat_sft.py", line 482, in <module>
    _hytorch_seam.step_barrier(step, _entries, orig_model.hytorch_codebook)
  File "/opt/nanochat/nanochat/seam_shim.py", line 205, in step_barrier
    dist.monitored_barrier(group=self.pg, timeout=_dt.timedelta(milliseconds=self.budget_ms))
  File "/usr/local/lib/python3.12/dist-packages/torch/distributed/distributed_c10d.py", line 5039, in monitored_barrier
    raise ValueError("monitored_barrier is only implemented for GLOO backend.")
ValueError: monitored_barrier is only implemented for GLOO backend.
Error in sys.excepthook:
Traceback (most recent call last):
  File "/usr/local/lib/python3.12/dist-packages/torch/distributed/distributed_c10d.py", line 1842, in _distributed_excepthook
    old_hook(*args)
  File "/usr/lib/python3/dist-packages/apport_python_hook.py", line 228, in partial_apport_excepthook
    return apport_excepthook(binary, exc_type, exc_obj, exc_tb)
           ^^^^^^^^^^^^^^^^^^^^^^^^^^^^^^^^^^^^^^^^^^^^^^^^^^^^
  File "/usr/lib/python3/dist-packages/apport_python_hook.py", line 114, in apport_excepthook
    report["ExecutableTimestamp"] = str(int(os.stat(binary).st_mtime))
                                            ^^^^^^^^^^^^^^^
FileNotFoundError: [Errno 2] No such file or directory: '/opt/nanochat/-m'

Original exception was:
Traceback (most recent call last):
  File "<frozen runpy>", line 198, in _run_module_as_main
  File "<frozen runpy>", line 88, in _run_code
  File "/opt/nanochat/scripts/chat_sft.py", line 482, in <module>
    _hytorch_seam.step_barrier(step, _entries, orig_model.hytorch_codebook)
  File "/opt/nanochat/nanochat/seam_shim.py", line 205, in step_barrier
    dist.monitored_barrier(group=self.pg, timeout=_dt.timedelta(milliseconds=self.budget_ms))
  File "/usr/local/lib/python3.12/dist-packages/torch/distributed/distributed_c10d.py", line 5039, in monitored_barrier
    raise ValueError("monitored_barrier is only implemented for GLOO backend.")
ValueError: monitored_barrier is only implemented for GLOO backend.
Error in sys.excepthook:
Traceback (most recent call last):
  File "/usr/local/lib/python3.12/dist-packages/torch/distributed/distributed_c10d.py", line 1842, in _distributed_excepthook
    old_hook(*args)
  File "/usr/lib/python3/dist-packages/apport_python_hook.py", line 228, in partial_apport_excepthook
    return apport_excepthook(binary, exc_type, exc_obj, exc_tb)
           ^^^^^^^^^^^^^^^^^^^^^^^^^^^^^^^^^^^^^^^^^^^^^^^^^^^^
  File "/usr/lib/python3/dist-packages/apport_python_hook.py", line 114, in apport_excepthook
    report["ExecutableTimestamp"] = str(int(os.stat(binary).st_mtime))
                                            ^^^^^^^^^^^^^^^
FileNotFoundError: [Errno 2] No such file or directory: '/opt/nanochat/-m'

Original exception was:
Traceback (most recent call last):
  File "<frozen runpy>", line 198, in _run_module_as_main
  File "<frozen runpy>", line 88, in _run_code
  File "/opt/nanochat/scripts/chat_sft.py", line 482, in <module>
    _hytorch_seam.step_barrier(step, _entries, orig_model.hytorch_codebook)
  File "/opt/nanochat/nanochat/seam_shim.py", line 205, in step_barrier
    dist.monitored_barrier(group=self.pg, timeout=_dt.timedelta(milliseconds=self.budget_ms))
  File "/usr/local/lib/python3.12/dist-packages/torch/distributed/distributed_c10d.py", line 5039, in monitored_barrier
    raise ValueError("monitored_barrier is only implemented for GLOO backend.")
ValueError: monitored_barrier is only implemented for GLOO backend.
Error in sys.excepthook:
Traceback (most recent call last):
  File "/usr/local/lib/python3.12/dist-packages/torch/distributed/distributed_c10d.py", line 1842, in _distributed_excepthook
    old_hook(*args)
  File "/usr/lib/python3/dist-packages/apport_python_hook.py", line 228, in partial_apport_excepthook
    return apport_excepthook(binary, exc_type, exc_obj, exc_tb)
           ^^^^^^^^^^^^^^^^^^^^^^^^^^^^^^^^^^^^^^^^^^^^^^^^^^^^
  File "/usr/lib/python3/dist-packages/apport_python_hook.py", line 114, in apport_excepthook
    report["ExecutableTimestamp"] = str(int(os.stat(binary).st_mtime))
                                            ^^^^^^^^^^^^^^^
FileNotFoundError: [Errno 2] No such file or directory: '/opt/nanochat/-m'

Original exception was:
Traceback (most recent call last):
  File "<frozen runpy>", line 198, in _run_module_as_main
  File "<frozen runpy>", line 88, in _run_code
  File "/opt/nanochat/scripts/chat_sft.py", line 482, in <module>
    _hytorch_seam.step_barrier(step, _entries, orig_model.hytorch_codebook)
  File "/opt/nanochat/nanochat/seam_shim.py", line 205, in step_barrier
    dist.monitored_barrier(group=self.pg, timeout=_dt.timedelta(milliseconds=self.budget_ms))
  File "/usr/local/lib/python3.12/dist-packages/torch/distributed/distributed_c10d.py", line 5039, in monitored_barrier
    raise ValueError("monitored_barrier is only implemented for GLOO backend.")
ValueError: monitored_barrier is only implemented for GLOO backend.
Error in sys.excepthook:
Traceback (most recent call last):
  File "/usr/local/lib/python3.12/dist-packages/torch/distributed/distributed_c10d.py", line 1842, in _distributed_excepthook
    old_hook(*args)
  File "/usr/lib/python3/dist-packages/apport_python_hook.py", line 228, in partial_apport_excepthook
    return apport_excepthook(binary, exc_type, exc_obj, exc_tb)
           ^^^^^^^^^^^^^^^^^^^^^^^^^^^^^^^^^^^^^^^^^^^^^^^^^^^^
  File "/usr/lib/python3/dist-packages/apport_python_hook.py", line 114, in apport_excepthook
    report["ExecutableTimestamp"] = str(int(os.stat(binary).st_mtime))
                                            ^^^^^^^^^^^^^^^
FileNotFoundError: [Errno 2] No such file or directory: '/opt/nanochat/-m'

Original exception was:
Traceback (most recent call last):
  File "<frozen runpy>", line 198, in _run_module_as_main
  File "<frozen runpy>", line 88, in _run_code
  File "/opt/nanochat/scripts/chat_sft.py", line 482, in <module>
    _hytorch_seam.step_barrier(step, _entries, orig_model.hytorch_codebook)
  File "/opt/nanochat/nanochat/seam_shim.py", line 205, in step_barrier
    dist.monitored_barrier(group=self.pg, timeout=_dt.timedelta(milliseconds=self.budget_ms))
  File "/usr/local/lib/python3.12/dist-packages/torch/distributed/distributed_c10d.py", line 5039, in monitored_barrier
    raise ValueError("monitored_barrier is only implemented for GLOO backend.")
ValueError: monitored_barrier is only implemented for GLOO backend.
[rank0]:[W903 04:08:39.814439638 ProcessGroupNCCL.cpp:1553] Warning: WARNING: destroy_process_group() was not called before program exit, which can leak resources. For more info, please see https://pytorch.org/docs/stable/distributed.html#shutdown (function operator())
W0903 04:08:43.445000 14621 torch/distributed/elastic/multiprocessing/api.py:1010] Sending process 14627 closing signal SIGTERM
W0903 04:08:43.446000 14621 torch/distributed/elastic/multiprocessing/api.py:1010] Sending process 14628 closing signal SIGTERM
W0903 04:08:43.446000 14621 torch/distributed/elastic/multiprocessing/api.py:1010] Sending process 14629 closing signal SIGTERM
W0903 04:08:43.446000 14621 torch/distributed/elastic/multiprocessing/api.py:1010] Sending process 14630 closing signal SIGTERM
W0903 04:08:43.446000 14621 torch/distributed/elastic/multiprocessing/api.py:1010] Sending process 14631 closing signal SIGTERM
W0903 04:08:43.446000 14621 torch/distributed/elastic/multiprocessing/api.py:1010] Sending process 14632 closing signal SIGTERM
W0903 04:08:43.447000 14621 torch/distributed/elastic/multiprocessing/api.py:1010] Sending process 14634 closing signal SIGTERM
E0903 04:08:43.943000 14621 torch/distributed/elastic/multiprocessing/api.py:984] failed (exitcode: 1) local_rank: 6 (pid: 14633) of binary: /usr/bin/python3
Traceback (most recent call last):
  File "/usr/local/bin/torchrun", line 8, in <module>
    sys.exit(main())
             ^^^^^^
  File "/usr/local/lib/python3.12/dist-packages/torch/distributed/elastic/multiprocessing/errors/__init__.py", line 362, in wrapper
    return f(*args, **kwargs)
           ^^^^^^^^^^^^^^^^^^
  File "/usr/local/lib/python3.12/dist-packages/torch/distributed/run.py", line 991, in main
    run(args)
  File "/usr/local/lib/python3.12/dist-packages/torch/distributed/run.py", line 982, in run
    elastic_launch(
  File "/usr/local/lib/python3.12/dist-packages/torch/distributed/launcher/api.py", line 170, in __call__
    return launch_agent(self._config, self._entrypoint, list(args))
           ^^^^^^^^^^^^^^^^^^^^^^^^^^^^^^^^^^^^^^^^^^^^^^^^^^^^^^^^
  File "/usr/local/lib/python3.12/dist-packages/torch/distributed/launcher/api.py", line 317, in launch_agent
    raise ChildFailedError(
torch.distributed.elastic.multiprocessing.errors.ChildFailedError: 
============================================================
scripts.chat_sft FAILED
------------------------------------------------------------
Failures:
[1]:
  time      : 2026-09-03_04:08:43
  host      : hytorch-nano-d20-031531-a1
  rank      : 0 (local_rank: 0)
  exitcode  : -15 (pid: 14627)
  error_file: <N/A>
  traceback : Signal 15 (SIGTERM) received by PID 14627
[2]:
  time      : 2026-09-03_04:08:43
  host      : hytorch-nano-d20-031531-a1
  rank      : 1 (local_rank: 1)
  exitcode  : 1 (pid: 14628)
  error_file: <N/A>
  traceback : To enable traceback see: https://pytorch.org/docs/stable/elastic/errors.html
[3]:
  time      : 2026-09-03_04:08:43
  host      : hytorch-nano-d20-031531-a1
  rank      : 2 (local_rank: 2)
  exitcode  : -15 (pid: 14629)
  error_file: <N/A>
  traceback : Signal 15 (SIGTERM) received by PID 14629
[4]:
  time      : 2026-09-03_04:08:43
  host      : hytorch-nano-d20-031531-a1
  rank      : 3 (local_rank: 3)
  exitcode  : -15 (pid: 14630)
  error_file: <N/A>
  traceback : Signal 15 (SIGTERM) received by PID 14630
[5]:
  time      : 2026-09-03_04:08:43
  host      : hytorch-nano-d20-031531-a1
  rank      : 4 (local_rank: 4)
  exitcode  : 1 (pid: 14631)
  error_file: <N/A>
  traceback : To enable traceback see: https://pytorch.org/docs/stable/elastic/errors.html
[6]:
  time      : 2026-09-03_04:08:43
  host      : hytorch-nano-d20-031531-a1
  rank      : 5 (local_rank: 5)
  exitcode  : -15 (pid: 14632)
  error_file: <N/A>
  traceback : Signal 15 (SIGTERM) received by PID 14632
[7]:
  time      : 2026-09-03_04:08:43
  host      : hytorch-nano-d20-031531-a1
  rank      : 7 (local_rank: 7)
  exitcode  : -15 (pid: 14634)
  error_file: <N/A>
  traceback : Signal 15 (SIGTERM) received by PID 14634
------------------------------------------------------------
Root Cause (first observed failure):
[0]:
  time      : 2026-09-03_04:08:43
  host      : hytorch-nano-d20-031531-a1
  rank      : 6 (local_rank: 6)
  exitcode  : 1 (pid: 14633)
  error_file: <N/A>
  traceback : To enable traceback see: https://pytorch.org/docs/stable/elastic/errors.html
============================================================
