/opt/amdgpu/share/libdrm/amdgpu.ids: No such file or directory
/opt/amdgpu/share/libdrm/amdgpu.ids: No such file or directory
/opt/amdgpu/share/libdrm/amdgpu.ids: No such file or directory
/opt/amdgpu/share/libdrm/amdgpu.ids: No such file or directory
/opt/amdgpu/share/libdrm/amdgpu.ids: No such file or directory
/opt/amdgpu/share/libdrm/amdgpu.ids: No such file or directory
/opt/amdgpu/share/libdrm/amdgpu.ids: No such file or directory
/opt/amdgpu/share/libdrm/amdgpu.ids: No such file or directory
/opt/amdgpu/share/libdrm/amdgpu.ids: No such file or directory
/opt/amdgpu/share/libdrm/amdgpu.ids: No such file or directory
/opt/amdgpu/share/libdrm/amdgpu.ids: No such file or directory
/opt/amdgpu/share/libdrm/amdgpu.ids: No such file or directory
/opt/amdgpu/share/libdrm/amdgpu.ids: No such file or directory
/opt/amdgpu/share/libdrm/amdgpu.ids: No such file or directory
/opt/amdgpu/share/libdrm/amdgpu.ids: No such file or directory
/opt/amdgpu/share/libdrm/amdgpu.ids: No such file or directory
/opt/amdgpu/share/libdrm/amdgpu.ids: No such file or directory
/opt/amdgpu/share/libdrm/amdgpu.ids: No such file or directory
/opt/amdgpu/share/libdrm/amdgpu.ids: No such file or directory
/opt/amdgpu/share/libdrm/amdgpu.ids: No such file or directory
/opt/amdgpu/share/libdrm/amdgpu.ids: No such file or directory
/opt/amdgpu/share/libdrm/amdgpu.ids: No such file or directory
/opt/amdgpu/share/libdrm/amdgpu.ids: No such file or directory
/opt/amdgpu/share/libdrm/amdgpu.ids: No such file or directory
/opt/amdgpu/share/libdrm/amdgpu.ids: No such file or directory
/opt/amdgpu/share/libdrm/amdgpu.ids: No such file or directory
/opt/amdgpu/share/libdrm/amdgpu.ids: No such file or directory
/opt/amdgpu/share/libdrm/amdgpu.ids: No such file or directory
/opt/amdgpu/share/libdrm/amdgpu.ids: No such file or directory
/opt/amdgpu/share/libdrm/amdgpu.ids: No such file or directory
/opt/amdgpu/share/libdrm/amdgpu.ids: No such file or directory
/opt/amdgpu/share/libdrm/amdgpu.ids: No such file or directory
/opt/amdgpu/share/libdrm/amdgpu.ids: No such file or directory
/opt/amdgpu/share/libdrm/amdgpu.ids: No such file or directory
/opt/amdgpu/share/libdrm/amdgpu.ids: No such file or directory
/opt/amdgpu/share/libdrm/amdgpu.ids: No such file or directory
/opt/amdgpu/share/libdrm/amdgpu.ids: No such file or directory
/opt/amdgpu/share/libdrm/amdgpu.ids: No such file or directory
/opt/amdgpu/share/libdrm/amdgpu.ids: No such file or directory
/opt/amdgpu/share/libdrm/amdgpu.ids: No such file or directory
/opt/amdgpu/share/libdrm/amdgpu.ids: No such file or directory
/opt/amdgpu/share/libdrm/amdgpu.ids: No such file or directory
/opt/amdgpu/share/libdrm/amdgpu.ids: No such file or directory
/opt/amdgpu/share/libdrm/amdgpu.ids: No such file or directory
/opt/amdgpu/share/libdrm/amdgpu.ids: No such file or directory
/opt/amdgpu/share/libdrm/amdgpu.ids: No such file or directory
/opt/amdgpu/share/libdrm/amdgpu.ids: No such file or directory
/opt/amdgpu/share/libdrm/amdgpu.ids: No such file or directory
/opt/amdgpu/share/libdrm/amdgpu.ids: No such file or directory
/opt/amdgpu/share/libdrm/amdgpu.ids: No such file or directory
/opt/amdgpu/share/libdrm/amdgpu.ids: No such file or directory
/opt/amdgpu/share/libdrm/amdgpu.ids: No such file or directory
/opt/amdgpu/share/libdrm/amdgpu.ids: No such file or directory
/opt/amdgpu/share/libdrm/amdgpu.ids: No such file or directory
/opt/amdgpu/share/libdrm/amdgpu.ids: No such file or directory
/opt/amdgpu/share/libdrm/amdgpu.ids: No such file or directory
/opt/amdgpu/share/libdrm/amdgpu.ids: No such file or directory
/opt/amdgpu/share/libdrm/amdgpu.ids: No such file or directory
/opt/amdgpu/share/libdrm/amdgpu.ids: No such file or directory
/opt/amdgpu/share/libdrm/amdgpu.ids: No such file or directory
/opt/amdgpu/share/libdrm/amdgpu.ids: No such file or directory
/opt/amdgpu/share/libdrm/amdgpu.ids: No such file or directory
/opt/amdgpu/share/libdrm/amdgpu.ids: No such file or directory
/opt/amdgpu/share/libdrm/amdgpu.ids: No such file or directory
/opt/amdgpu/share/libdrm/amdgpu.ids: No such file or directory
/opt/amdgpu/share/libdrm/amdgpu.ids: No such file or directory
/opt/amdgpu/share/libdrm/amdgpu.ids: No such file or directory
/opt/amdgpu/share/libdrm/amdgpu.ids: No such file or directory
/opt/amdgpu/share/libdrm/amdgpu.ids: No such file or directory
/opt/amdgpu/share/libdrm/amdgpu.ids: No such file or directory
/opt/amdgpu/share/libdrm/amdgpu.ids: No such file or directory
/opt/amdgpu/share/libdrm/amdgpu.ids: No such file or directory

                                                       █████                █████
                                                      ░░███                ░░███
     ████████    ██████   ████████    ██████   ██████  ░███████    ██████  ███████
    ░░███░░███  ░░░░░███ ░░███░░███  ███░░███ ███░░███ ░███░░███  ░░░░░███░░░███░
     ░███ ░███   ███████  ░███ ░███ ░███ ░███░███ ░░░  ░███ ░███   ███████  ░███
     ░███ ░███  ███░░███  ░███ ░███ ░███ ░███░███  ███ ░███ ░███  ███░░███  ░███ ███
     ████ █████░░████████ ████ █████░░██████ ░░██████  ████ █████░░███████  ░░█████
    ░░░░ ░░░░░  ░░░░░░░░ ░░░░ ░░░░░  ░░░░░░   ░░░░░░  ░░░░ ░░░░░  ░░░░░░░░   ░░░░░
    
Autodetected device type: cuda
[rank3]:[W831 09:29:15.421734458 HIPAllocatorConfig.h:40] Warning: expandable_segments not supported on this platform (function operator())
[rank7]:[W831 09:29:15.421734448 HIPAllocatorConfig.h:40] Warning: expandable_segments not supported on this platform (function operator())
[rank5]:[W831 09:29:15.421764138 HIPAllocatorConfig.h:40] Warning: expandable_segments not supported on this platform (function operator())
[rank0]:[W831 09:29:15.421763918 HIPAllocatorConfig.h:40] Warning: expandable_segments not supported on this platform (function operator())
[rank4]:[W831 09:29:15.421771438 HIPAllocatorConfig.h:40] Warning: expandable_segments not supported on this platform (function operator())
[rank2]:[W831 09:29:15.421813639 HIPAllocatorConfig.h:40] Warning: expandable_segments not supported on this platform (function operator())
[rank1]:[W831 09:29:15.421824239 HIPAllocatorConfig.h:40] Warning: expandable_segments not supported on this platform (function operator())
[rank6]:[W831 09:29:15.421828459 HIPAllocatorConfig.h:40] Warning: expandable_segments not supported on this platform (function operator())
2026-08-31 09:29:16,027 - nanochat.common - [33m[1mWARNING[0m - Peak flops undefined for: AMD Radeon Graphics, MFU will show as 0%
2026-08-31 09:29:16,027 - nanochat.common - [33m[1mWARNING[0m - Peak flops undefined for: AMD Radeon Graphics, MFU will show as 0%
2026-08-31 09:29:16,027 - nanochat.common - [33m[1mWARNING[0m - Peak flops undefined for: AMD Radeon Graphics, MFU will show as 0%
2026-08-31 09:29:16,027 - nanochat.common - [33m[1mWARNING[0m - Peak flops undefined for: AMD Radeon Graphics, MFU will show as 0%
2026-08-31 09:29:16,027 - nanochat.common - [33m[1mWARNING[0m - Peak flops undefined for: AMD Radeon Graphics, MFU will show as 0%
2026-08-31 09:29:16,027 - nanochat.common - [33m[1mWARNING[0m - Peak flops undefined for: AMD Radeon Graphics, MFU will show as 0%
2026-08-31 09:29:16,027 - nanochat.common - [33m[1mWARNING[0m - Peak flops undefined for: AMD Radeon Graphics, MFU will show as 0%
2026-08-31 09:29:16,027 - nanochat.common - [32m[1mINFO[0m - Distributed world size: 8
2026-08-31 09:29:16,028 - nanochat.common - [33m[1mWARNING[0m - Peak flops undefined for: AMD Radeon Graphics, MFU will show as 0%
GPU: AMD Radeon Graphics | Peak FLOPS (BF16): inf
COMPUTE_DTYPE: torch.bfloat16 (set via NANOCHAT_DTYPE=bfloat16)
!!!!!!!!!!!!!!!!!!!!!!!!!!!!!!!!!!!!!!!!!!!!!!!!!!!!!!!!!!!!!!!!!!!!!!!!!!!!!!!!
WARNING: Flash Attention 3 not available, using PyTorch SDPA fallback
WARNING: Training will be less efficient without FA3
WARNING: SDPA has no support for sliding window attention (window_pattern='SSSL'). Your GPU utilization will be terrible.
WARNING: Recommend using --window-pattern L for full context attention without alternating sliding window patterns.
!!!!!!!!!!!!!!!!!!!!!!!!!!!!!!!!!!!!!!!!!!!!!!!!!!!!!!!!!!!!!!!!!!!!!!!!!!!!!!!!
Vocab size: 32,768
Model config:
{
  "sequence_len": 2048,
  "vocab_size": 32768,
  "n_layer": 12,
  "n_head": 6,
  "n_kv_head": 6,
  "n_embd": 768,
  "window_pattern": "SSSL"
}
hytorch: catalog arm runs EAGER (torch.compile skipped)
hytorch: catalog arm runs EAGER (torch.compile skipped)
hytorch: catalog arm runs EAGER (torch.compile skipped)
hytorch: catalog arm runs EAGER (torch.compile skipped)
hytorch: catalog arm runs EAGER (torch.compile skipped)
hytorch: catalog arm runs EAGER (torch.compile skipped)
Parameter counts:
wte                     : 25,165,824
value_embeds            : 150,994,944
lm_head                 : 25,165,824
transformer_matrices    : 84,935,088
scalars                 : 50
total                   : 286,261,730
Estimated FLOPs per token: 7.596960e+08
hytorch: catalog arm runs EAGER (torch.compile skipped)
hytorch: catalog arm runs EAGER (torch.compile skipped)
Scaling LRs by 0.7071 for batch size 262,144 (reference: 524,288)
Scaling weight decay from 0.280000 to 0.197990 for depth 12
Scaling the LR for the AdamW parameters ∝1/√(768/768) = 1.000000
[92mSuccessfully preprocessed all matching files.[0m
Using user-provided number of iterations: 300
Total number of training tokens: 78,643,200
Tokens : Scaling params ratio: 0.71
Total training FLOPs estimate: 5.974493e+16
Tokens / micro-batch / rank: 16 x 2048 = 32,768
Tokens / micro-batch: 262,144
Total batch size 262,144 => gradient accumulation steps: 1
step 00000/00300 (0.00%) | loss: 10.397239 | lrm: 0.03 | dt: 3512.12ms | tok/sec: 74,639 | bf16_mfu: 0.00 | epoch: 1 pq: 0 rg: 8 | total time: 0.00m
step 00001/00300 (0.33%) | loss: 10.389531 | lrm: 0.05 | dt: 1749.37ms | tok/sec: 149,850 | bf16_mfu: 0.00 | epoch: 1 pq: 0 rg: 8 | total time: 0.00m
step 00002/00300 (0.67%) | loss: 10.374683 | lrm: 0.07 | dt: 1328.62ms | tok/sec: 197,306 | bf16_mfu: 0.00 | epoch: 1 pq: 0 rg: 8 | total time: 0.00m
step 00003/00300 (1.00%) | loss: 10.354976 | lrm: 0.10 | dt: 1310.42ms | tok/sec: 200,046 | bf16_mfu: 0.00 | epoch: 1 pq: 0 rg: 8 | total time: 0.00m
step 00004/00300 (1.33%) | loss: 10.324734 | lrm: 0.12 | dt: 1311.57ms | tok/sec: 199,870 | bf16_mfu: 0.00 | epoch: 1 pq: 0 rg: 8 | total time: 0.00m
step 00005/00300 (1.67%) | loss: 10.284280 | lrm: 0.15 | dt: 1325.41ms | tok/sec: 197,783 | bf16_mfu: 0.00 | epoch: 1 pq: 0 rg: 8 | total time: 0.00m
step 00006/00300 (2.00%) | loss: 10.231388 | lrm: 0.17 | dt: 1319.06ms | tok/sec: 198,735 | bf16_mfu: 0.00 | epoch: 1 pq: 0 rg: 8 | total time: 0.00m
step 00007/00300 (2.33%) | loss: 10.152427 | lrm: 0.20 | dt: 1326.98ms | tok/sec: 197,549 | bf16_mfu: 0.00 | epoch: 1 pq: 0 rg: 8 | total time: 0.00m
step 00008/00300 (2.67%) | loss: 10.045742 | lrm: 0.23 | dt: 1328.61ms | tok/sec: 197,307 | bf16_mfu: 0.00 | epoch: 1 pq: 0 rg: 8 | total time: 0.00m
step 00009/00300 (3.00%) | loss: 9.904577 | lrm: 0.25 | dt: 1333.71ms | tok/sec: 196,552 | bf16_mfu: 0.00 | epoch: 1 pq: 0 rg: 8 | total time: 0.00m
step 00010/00300 (3.33%) | loss: 9.716882 | lrm: 0.28 | dt: 1362.81ms | tok/sec: 192,355 | bf16_mfu: 0.00 | epoch: 1 pq: 0 rg: 8 | total time: 0.00m
step 00011/00300 (3.67%) | loss: 9.491819 | lrm: 0.30 | dt: 1333.85ms | tok/sec: 196,531 | bf16_mfu: 0.00 | epoch: 1 pq: 0 rg: 8 | total time: 0.02m | eta: 6.4m
step 00012/00300 (4.00%) | loss: 9.240343 | lrm: 0.33 | dt: 1343.36ms | tok/sec: 195,140 | bf16_mfu: 0.00 | epoch: 1 pq: 0 rg: 8 | total time: 0.04m | eta: 6.4m
step 00013/00300 (4.33%) | loss: 8.991274 | lrm: 0.35 | dt: 1334.96ms | tok/sec: 196,367 | bf16_mfu: 0.00 | epoch: 1 pq: 0 rg: 8 | total time: 0.07m | eta: 6.4m
step 00014/00300 (4.67%) | loss: 8.754155 | lrm: 0.38 | dt: 1339.54ms | tok/sec: 195,697 | bf16_mfu: 0.00 | epoch: 1 pq: 0 rg: 8 | total time: 0.09m | eta: 6.4m
step 00015/00300 (5.00%) | loss: 8.539499 | lrm: 0.40 | dt: 1347.38ms | tok/sec: 194,558 | bf16_mfu: 0.00 | epoch: 1 pq: 0 rg: 8 | total time: 0.11m | eta: 6.4m
step 00016/00300 (5.33%) | loss: 8.338619 | lrm: 0.42 | dt: 1335.33ms | tok/sec: 196,314 | bf16_mfu: 0.00 | epoch: 1 pq: 0 rg: 8 | total time: 0.13m | eta: 6.3m
step 00017/00300 (5.67%) | loss: 8.158275 | lrm: 0.45 | dt: 1343.67ms | tok/sec: 195,095 | bf16_mfu: 0.00 | epoch: 1 pq: 0 rg: 8 | total time: 0.16m | eta: 6.3m
step 00018/00300 (6.00%) | loss: 7.977818 | lrm: 0.47 | dt: 1338.11ms | tok/sec: 195,906 | bf16_mfu: 0.00 | epoch: 1 pq: 0 rg: 8 | total time: 0.18m | eta: 6.3m
step 00019/00300 (6.33%) | loss: 7.813699 | lrm: 0.50 | dt: 1337.14ms | tok/sec: 196,048 | bf16_mfu: 0.00 | epoch: 1 pq: 0 rg: 8 | total time: 0.20m | eta: 6.3m
step 00020/00300 (6.67%) | loss: 7.656622 | lrm: 0.53 | dt: 1352.55ms | tok/sec: 193,815 | bf16_mfu: 0.00 | epoch: 1 pq: 0 rg: 16 | total time: 0.22m | eta: 6.3m
step 00021/00300 (7.00%) | loss: 7.524611 | lrm: 0.55 | dt: 1343.02ms | tok/sec: 195,190 | bf16_mfu: 0.00 | epoch: 1 pq: 0 rg: 16 | total time: 0.25m | eta: 6.2m
step 00022/00300 (7.33%) | loss: 7.383032 | lrm: 0.57 | dt: 1343.76ms | tok/sec: 195,083 | bf16_mfu: 0.00 | epoch: 1 pq: 0 rg: 16 | total time: 0.27m | eta: 6.2m
step 00023/00300 (7.67%) | loss: 7.276203 | lrm: 0.60 | dt: 1341.52ms | tok/sec: 195,408 | bf16_mfu: 0.00 | epoch: 1 pq: 0 rg: 16 | total time: 0.29m | eta: 6.2m
step 00024/00300 (8.00%) | loss: 7.159685 | lrm: 0.62 | dt: 1353.00ms | tok/sec: 193,750 | bf16_mfu: 0.00 | epoch: 1 pq: 0 rg: 16 | total time: 0.31m | eta: 6.2m
step 00025/00300 (8.33%) | loss: 7.060449 | lrm: 0.65 | dt: 1346.94ms | tok/sec: 194,621 | bf16_mfu: 0.00 | epoch: 1 pq: 0 rg: 16 | total time: 0.34m | eta: 6.2m
step 00026/00300 (8.67%) | loss: 6.965326 | lrm: 0.68 | dt: 1355.54ms | tok/sec: 193,386 | bf16_mfu: 0.00 | epoch: 1 pq: 0 rg: 16 | total time: 0.36m | eta: 6.1m
step 00027/00300 (9.00%) | loss: 6.887250 | lrm: 0.70 | dt: 1339.81ms | tok/sec: 195,657 | bf16_mfu: 0.00 | epoch: 1 pq: 0 rg: 16 | total time: 0.38m | eta: 6.1m
step 00028/00300 (9.33%) | loss: 6.809477 | lrm: 0.72 | dt: 1345.06ms | tok/sec: 194,894 | bf16_mfu: 0.00 | epoch: 1 pq: 0 rg: 16 | total time: 0.40m | eta: 6.1m
step 00029/00300 (9.67%) | loss: 6.735778 | lrm: 0.75 | dt: 1356.16ms | tok/sec: 193,298 | bf16_mfu: 0.00 | epoch: 1 pq: 0 rg: 16 | total time: 0.43m | eta: 6.1m
step 00030/00300 (10.00%) | loss: 6.662681 | lrm: 0.78 | dt: 1338.02ms | tok/sec: 195,919 | bf16_mfu: 0.00 | epoch: 1 pq: 0 rg: 16 | total time: 0.45m | eta: 6.0m
step 00031/00300 (10.33%) | loss: 6.600459 | lrm: 0.80 | dt: 1345.07ms | tok/sec: 194,892 | bf16_mfu: 0.00 | epoch: 1 pq: 0 rg: 16 | total time: 0.47m | eta: 6.0m
step 00032/00300 (10.67%) | loss: 6.536087 | lrm: 0.82 | dt: 1336.25ms | tok/sec: 196,179 | bf16_mfu: 0.00 | epoch: 1 pq: 0 rg: 16 | total time: 0.49m | eta: 6.0m
step 00033/00300 (11.00%) | loss: 6.494957 | lrm: 0.85 | dt: 1347.97ms | tok/sec: 194,473 | bf16_mfu: 0.00 | epoch: 1 pq: 0 rg: 16 | total time: 0.51m | eta: 6.0m
step 00034/00300 (11.33%) | loss: 6.446521 | lrm: 0.88 | dt: 1339.60ms | tok/sec: 195,688 | bf16_mfu: 0.00 | epoch: 1 pq: 0 rg: 16 | total time: 0.54m | eta: 6.0m
step 00035/00300 (11.67%) | loss: 6.395443 | lrm: 0.90 | dt: 1352.39ms | tok/sec: 193,837 | bf16_mfu: 0.00 | epoch: 1 pq: 0 rg: 16 | total time: 0.56m | eta: 5.9m
step 00036/00300 (12.00%) | loss: 6.350542 | lrm: 0.93 | dt: 1345.75ms | tok/sec: 194,793 | bf16_mfu: 0.00 | epoch: 1 pq: 0 rg: 16 | total time: 0.58m | eta: 5.9m
step 00037/00300 (12.33%) | loss: 6.308789 | lrm: 0.95 | dt: 1364.35ms | tok/sec: 192,138 | bf16_mfu: 0.00 | epoch: 1 pq: 0 rg: 24 | total time: 0.61m | eta: 5.9m
step 00038/00300 (12.67%) | loss: 6.277757 | lrm: 0.97 | dt: 1344.30ms | tok/sec: 195,004 | bf16_mfu: 0.00 | epoch: 1 pq: 0 rg: 24 | total time: 0.63m | eta: 5.9m
step 00039/00300 (13.00%) | loss: 6.229423 | lrm: 1.00 | dt: 1422.15ms | tok/sec: 184,329 | bf16_mfu: 0.00 | epoch: 1 pq: 0 rg: 24 | total time: 0.65m | eta: 5.9m
step 00040/00300 (13.33%) | loss: 6.213738 | lrm: 1.00 | dt: 1355.52ms | tok/sec: 193,390 | bf16_mfu: 0.00 | epoch: 1 pq: 0 rg: 24 | total time: 0.67m | eta: 5.8m
step 00041/00300 (13.67%) | loss: 6.173043 | lrm: 1.00 | dt: 1362.96ms | tok/sec: 192,333 | bf16_mfu: 0.00 | epoch: 1 pq: 0 rg: 24 | total time: 0.70m | eta: 5.8m
step 00042/00300 (14.00%) | loss: 6.157443 | lrm: 1.00 | dt: 1346.26ms | tok/sec: 194,719 | bf16_mfu: 0.00 | epoch: 1 pq: 0 rg: 24 | total time: 0.72m | eta: 5.8m
step 00043/00300 (14.33%) | loss: 6.124379 | lrm: 1.00 | dt: 1363.63ms | tok/sec: 192,239 | bf16_mfu: 0.00 | epoch: 1 pq: 0 rg: 24 | total time: 0.74m | eta: 5.8m
step 00044/00300 (14.67%) | loss: 6.088669 | lrm: 1.00 | dt: 1355.91ms | tok/sec: 193,334 | bf16_mfu: 0.00 | epoch: 1 pq: 0 rg: 24 | total time: 0.76m | eta: 5.8m
step 00045/00300 (15.00%) | loss: 6.061025 | lrm: 1.00 | dt: 1351.99ms | tok/sec: 193,895 | bf16_mfu: 0.00 | epoch: 1 pq: 0 rg: 24 | total time: 0.79m | eta: 5.7m
step 00046/00300 (15.33%) | loss: 6.048776 | lrm: 1.00 | dt: 1341.54ms | tok/sec: 195,405 | bf16_mfu: 0.00 | epoch: 1 pq: 0 rg: 24 | total time: 0.81m | eta: 5.7m
step 00047/00300 (15.67%) | loss: 6.037915 | lrm: 1.00 | dt: 1362.39ms | tok/sec: 192,414 | bf16_mfu: 0.00 | epoch: 1 pq: 0 rg: 24 | total time: 0.83m | eta: 5.7m
step 00048/00300 (16.00%) | loss: 6.016313 | lrm: 1.00 | dt: 1358.01ms | tok/sec: 193,036 | bf16_mfu: 0.00 | epoch: 1 pq: 0 rg: 24 | total time: 0.85m | eta: 5.7m
step 00049/00300 (16.33%) | loss: 5.994727 | lrm: 1.00 | dt: 1360.69ms | tok/sec: 192,654 | bf16_mfu: 0.00 | epoch: 1 pq: 0 rg: 24 | total time: 0.88m | eta: 5.6m
step 00050/00300 (16.67%) | loss: 5.982400 | lrm: 1.00 | dt: 4080.77ms | tok/sec: 64,238 | bf16_mfu: 0.00 | epoch: 1 pq: 0 rg: 24 | total time: 0.95m | eta: 5.9m
step 00051/00300 (17.00%) | loss: 5.961944 | lrm: 1.00 | dt: 1206.66ms | tok/sec: 217,247 | bf16_mfu: 0.00 | epoch: 1 pq: 0 rg: 24 | total time: 0.97m | eta: 5.9m
step 00052/00300 (17.33%) | loss: 5.947115 | lrm: 1.00 | dt: 1216.02ms | tok/sec: 215,575 | bf16_mfu: 0.00 | epoch: 1 pq: 0 rg: 24 | total time: 0.99m | eta: 5.8m
step 00053/00300 (17.67%) | loss: 5.934594 | lrm: 1.00 | dt: 1217.24ms | tok/sec: 215,359 | bf16_mfu: 0.00 | epoch: 1 pq: 0 rg: 32 | total time: 1.01m | eta: 5.8m
step 00054/00300 (18.00%) | loss: 5.914334 | lrm: 1.00 | dt: 1223.47ms | tok/sec: 214,262 | bf16_mfu: 0.00 | epoch: 1 pq: 0 rg: 32 | total time: 1.03m | eta: 5.7m
step 00055/00300 (18.33%) | loss: 5.900029 | lrm: 1.00 | dt: 1247.14ms | tok/sec: 210,195 | bf16_mfu: 0.00 | epoch: 1 pq: 0 rg: 32 | total time: 1.05m | eta: 5.7m
step 00056/00300 (18.67%) | loss: 5.892353 | lrm: 1.00 | dt: 1230.61ms | tok/sec: 213,019 | bf16_mfu: 0.00 | epoch: 1 pq: 0 rg: 32 | total time: 1.07m | eta: 5.7m
step 00057/00300 (19.00%) | loss: 5.888765 | lrm: 1.00 | dt: 1237.67ms | tok/sec: 211,805 | bf16_mfu: 0.00 | epoch: 1 pq: 0 rg: 32 | total time: 1.09m | eta: 5.6m
step 00058/00300 (19.33%) | loss: 5.864775 | lrm: 1.00 | dt: 1215.74ms | tok/sec: 215,624 | bf16_mfu: 0.00 | epoch: 1 pq: 0 rg: 32 | total time: 1.11m | eta: 5.6m
step 00059/00300 (19.67%) | loss: 5.851696 | lrm: 1.00 | dt: 1228.84ms | tok/sec: 213,326 | bf16_mfu: 0.00 | epoch: 1 pq: 0 rg: 32 | total time: 1.13m | eta: 5.6m
step 00060/00300 (20.00%) | loss: 5.837063 | lrm: 1.00 | dt: 1225.07ms | tok/sec: 213,983 | bf16_mfu: 0.00 | epoch: 1 pq: 0 rg: 32 | total time: 1.15m | eta: 5.5m
step 00061/00300 (20.33%) | loss: 5.821795 | lrm: 1.00 | dt: 1408.44ms | tok/sec: 186,123 | bf16_mfu: 0.00 | epoch: 1 pq: 0 rg: 32 | total time: 1.17m | eta: 5.5m
step 00062/00300 (20.67%) | loss: 5.820188 | lrm: 1.00 | dt: 1221.32ms | tok/sec: 214,640 | bf16_mfu: 0.00 | epoch: 1 pq: 0 rg: 32 | total time: 1.19m | eta: 5.5m
step 00063/00300 (21.00%) | loss: 5.804113 | lrm: 1.00 | dt: 1232.04ms | tok/sec: 212,772 | bf16_mfu: 0.00 | epoch: 1 pq: 0 rg: 32 | total time: 1.21m | eta: 5.4m
step 00064/00300 (21.33%) | loss: 5.798341 | lrm: 1.00 | dt: 1220.93ms | tok/sec: 214,708 | bf16_mfu: 0.00 | epoch: 1 pq: 0 rg: 32 | total time: 1.23m | eta: 5.4m
step 00065/00300 (21.67%) | loss: 5.786250 | lrm: 1.00 | dt: 1228.13ms | tok/sec: 213,449 | bf16_mfu: 0.00 | epoch: 1 pq: 0 rg: 32 | total time: 1.25m | eta: 5.4m
step 00066/00300 (22.00%) | loss: 5.775359 | lrm: 1.00 | dt: 1225.29ms | tok/sec: 213,944 | bf16_mfu: 0.00 | epoch: 1 pq: 0 rg: 32 | total time: 1.27m | eta: 5.3m
step 00067/00300 (22.33%) | loss: 5.762952 | lrm: 1.00 | dt: 1226.80ms | tok/sec: 213,681 | bf16_mfu: 0.00 | epoch: 1 pq: 0 rg: 32 | total time: 1.30m | eta: 5.3m
step 00068/00300 (22.67%) | loss: 5.753725 | lrm: 1.00 | dt: 1226.26ms | tok/sec: 213,775 | bf16_mfu: 0.00 | epoch: 1 pq: 0 rg: 32 | total time: 1.32m | eta: 5.3m
step 00069/00300 (23.00%) | loss: 5.736039 | lrm: 1.00 | dt: 1236.73ms | tok/sec: 211,965 | bf16_mfu: 0.00 | epoch: 1 pq: 0 rg: 40 | total time: 1.34m | eta: 5.2m
step 00070/00300 (23.33%) | loss: 5.723409 | lrm: 1.00 | dt: 1227.84ms | tok/sec: 213,500 | bf16_mfu: 0.00 | epoch: 1 pq: 0 rg: 40 | total time: 1.36m | eta: 5.2m
step 00071/00300 (23.67%) | loss: 5.718362 | lrm: 1.00 | dt: 1232.88ms | tok/sec: 212,628 | bf16_mfu: 0.00 | epoch: 1 pq: 0 rg: 40 | total time: 1.38m | eta: 5.2m
step 00072/00300 (24.00%) | loss: 5.718174 | lrm: 1.00 | dt: 1218.85ms | tok/sec: 215,075 | bf16_mfu: 0.00 | epoch: 1 pq: 0 rg: 40 | total time: 1.40m | eta: 5.1m
step 00073/00300 (24.33%) | loss: 5.715725 | lrm: 1.00 | dt: 1223.12ms | tok/sec: 214,324 | bf16_mfu: 0.00 | epoch: 1 pq: 0 rg: 40 | total time: 1.42m | eta: 5.1m
step 00074/00300 (24.67%) | loss: 5.719666 | lrm: 1.00 | dt: 1219.08ms | tok/sec: 215,033 | bf16_mfu: 0.00 | epoch: 1 pq: 0 rg: 40 | total time: 1.44m | eta: 5.1m
step 00075/00300 (25.00%) | loss: 5.696918 | lrm: 1.00 | dt: 1226.43ms | tok/sec: 213,744 | bf16_mfu: 0.00 | epoch: 1 pq: 0 rg: 40 | total time: 1.46m | eta: 5.0m
step 00076/00300 (25.33%) | loss: 5.678886 | lrm: 1.00 | dt: 1229.19ms | tok/sec: 213,266 | bf16_mfu: 0.00 | epoch: 1 pq: 0 rg: 40 | total time: 1.48m | eta: 5.0m
step 00077/00300 (25.67%) | loss: 5.669469 | lrm: 1.00 | dt: 1232.64ms | tok/sec: 212,669 | bf16_mfu: 0.00 | epoch: 1 pq: 0 rg: 40 | total time: 1.50m | eta: 5.0m
step 00078/00300 (26.00%) | loss: 5.666854 | lrm: 1.00 | dt: 1226.38ms | tok/sec: 213,754 | bf16_mfu: 0.00 | epoch: 1 pq: 0 rg: 40 | total time: 1.52m | eta: 5.0m
step 00079/00300 (26.33%) | loss: 5.665209 | lrm: 1.00 | dt: 1233.45ms | tok/sec: 212,528 | bf16_mfu: 0.00 | epoch: 1 pq: 0 rg: 40 | total time: 1.54m | eta: 4.9m
step 00080/00300 (26.67%) | loss: 5.646106 | lrm: 1.00 | dt: 1224.18ms | tok/sec: 214,138 | bf16_mfu: 0.00 | epoch: 1 pq: 0 rg: 40 | total time: 1.56m | eta: 4.9m
step 00081/00300 (27.00%) | loss: 5.636840 | lrm: 1.00 | dt: 1230.56ms | tok/sec: 213,028 | bf16_mfu: 0.00 | epoch: 1 pq: 0 rg: 40 | total time: 1.58m | eta: 4.9m
step 00082/00300 (27.33%) | loss: 5.638964 | lrm: 1.00 | dt: 1234.58ms | tok/sec: 212,335 | bf16_mfu: 0.00 | epoch: 1 pq: 0 rg: 40 | total time: 1.60m | eta: 4.9m
step 00083/00300 (27.67%) | loss: 5.642280 | lrm: 1.00 | dt: 1234.08ms | tok/sec: 212,420 | bf16_mfu: 0.00 | epoch: 1 pq: 0 rg: 40 | total time: 1.62m | eta: 4.8m
step 00084/00300 (28.00%) | loss: 5.627613 | lrm: 1.00 | dt: 1239.67ms | tok/sec: 211,462 | bf16_mfu: 0.00 | epoch: 1 pq: 0 rg: 48 | total time: 1.64m | eta: 4.8m
step 00085/00300 (28.33%) | loss: 5.628742 | lrm: 1.00 | dt: 1247.25ms | tok/sec: 210,178 | bf16_mfu: 0.00 | epoch: 1 pq: 0 rg: 48 | total time: 1.66m | eta: 4.8m
step 00086/00300 (28.67%) | loss: 5.609531 | lrm: 1.00 | dt: 1279.22ms | tok/sec: 204,925 | bf16_mfu: 0.00 | epoch: 1 pq: 0 rg: 48 | total time: 1.69m | eta: 4.7m
step 00087/00300 (29.00%) | loss: 5.605955 | lrm: 1.00 | dt: 1262.71ms | tok/sec: 207,604 | bf16_mfu: 0.00 | epoch: 1 pq: 0 rg: 48 | total time: 1.71m | eta: 4.7m
step 00088/00300 (29.33%) | loss: 5.591676 | lrm: 1.00 | dt: 1259.47ms | tok/sec: 208,137 | bf16_mfu: 0.00 | epoch: 1 pq: 0 rg: 48 | total time: 1.73m | eta: 4.7m
step 00089/00300 (29.67%) | loss: 5.592428 | lrm: 1.00 | dt: 1254.52ms | tok/sec: 208,959 | bf16_mfu: 0.00 | epoch: 1 pq: 0 rg: 48 | total time: 1.75m | eta: 4.7m
step 00090/00300 (30.00%) | loss: 5.581529 | lrm: 1.00 | dt: 1262.98ms | tok/sec: 207,559 | bf16_mfu: 0.00 | epoch: 1 pq: 0 rg: 48 | total time: 1.77m | eta: 4.6m
step 00091/00300 (30.33%) | loss: 5.576467 | lrm: 1.00 | dt: 1243.85ms | tok/sec: 210,752 | bf16_mfu: 0.00 | epoch: 1 pq: 0 rg: 48 | total time: 1.79m | eta: 4.6m
step 00092/00300 (30.67%) | loss: 5.565410 | lrm: 1.00 | dt: 1258.42ms | tok/sec: 208,312 | bf16_mfu: 0.00 | epoch: 1 pq: 0 rg: 48 | total time: 1.81m | eta: 4.6m
step 00093/00300 (31.00%) | loss: 5.548947 | lrm: 1.00 | dt: 1253.91ms | tok/sec: 209,060 | bf16_mfu: 0.00 | epoch: 1 pq: 0 rg: 48 | total time: 1.83m | eta: 4.6m
step 00094/00300 (31.33%) | loss: 5.539527 | lrm: 1.00 | dt: 1252.84ms | tok/sec: 209,239 | bf16_mfu: 0.00 | epoch: 1 pq: 0 rg: 48 | total time: 1.85m | eta: 4.5m
step 00095/00300 (31.67%) | loss: 5.525676 | lrm: 1.00 | dt: 1268.08ms | tok/sec: 206,725 | bf16_mfu: 0.00 | epoch: 1 pq: 0 rg: 48 | total time: 1.87m | eta: 4.5m
step 00096/00300 (32.00%) | loss: 5.516689 | lrm: 1.00 | dt: 1248.74ms | tok/sec: 209,927 | bf16_mfu: 0.00 | epoch: 1 pq: 0 rg: 48 | total time: 1.90m | eta: 4.5m
step 00097/00300 (32.33%) | loss: 5.512369 | lrm: 1.00 | dt: 1254.51ms | tok/sec: 208,961 | bf16_mfu: 0.00 | epoch: 1 pq: 0 rg: 48 | total time: 1.92m | eta: 4.5m
step 00098/00300 (32.67%) | loss: 5.501294 | lrm: 1.00 | dt: 1245.92ms | tok/sec: 210,402 | bf16_mfu: 0.00 | epoch: 1 pq: 0 rg: 48 | total time: 1.94m | eta: 4.4m
step 00099/00300 (33.00%) | loss: 5.500516 | lrm: 1.00 | dt: 1278.18ms | tok/sec: 205,091 | bf16_mfu: 0.00 | epoch: 1 pq: 0 rg: 56 | total time: 1.96m | eta: 4.4m
step 00100/00300 (33.33%) | loss: 5.497228 | lrm: 1.00 | dt: 3790.21ms | tok/sec: 69,163 | bf16_mfu: 0.00 | epoch: 1 pq: 0 rg: 56 | total time: 2.02m | eta: 4.5m
step 00101/00300 (33.67%) | loss: 5.478178 | lrm: 1.00 | dt: 1241.51ms | tok/sec: 211,149 | bf16_mfu: 0.00 | epoch: 1 pq: 0 rg: 56 | total time: 2.04m | eta: 4.5m
step 00102/00300 (34.00%) | loss: 5.483497 | lrm: 1.00 | dt: 1234.48ms | tok/sec: 212,350 | bf16_mfu: 0.00 | epoch: 1 pq: 0 rg: 56 | total time: 2.06m | eta: 4.4m
step 00103/00300 (34.33%) | loss: 5.469493 | lrm: 1.00 | dt: 1258.17ms | tok/sec: 208,353 | bf16_mfu: 0.00 | epoch: 1 pq: 0 rg: 56 | total time: 2.08m | eta: 4.4m
step 00104/00300 (34.67%) | loss: 5.467509 | lrm: 1.00 | dt: 1238.34ms | tok/sec: 211,689 | bf16_mfu: 0.00 | epoch: 1 pq: 0 rg: 56 | total time: 2.10m | eta: 4.4m
step 00105/00300 (35.00%) | loss: 5.456186 | lrm: 1.00 | dt: 1245.49ms | tok/sec: 210,473 | bf16_mfu: 0.00 | epoch: 1 pq: 0 rg: 56 | total time: 2.12m | eta: 4.4m
step 00106/00300 (35.33%) | loss: 5.458913 | lrm: 1.00 | dt: 1240.71ms | tok/sec: 211,285 | bf16_mfu: 0.00 | epoch: 1 pq: 0 rg: 56 | total time: 2.15m | eta: 4.3m
step 00107/00300 (35.67%) | loss: 5.443801 | lrm: 0.99 | dt: 1243.66ms | tok/sec: 210,783 | bf16_mfu: 0.00 | epoch: 1 pq: 0 rg: 56 | total time: 2.17m | eta: 4.3m
step 00108/00300 (36.00%) | loss: 5.440171 | lrm: 0.99 | dt: 1240.89ms | tok/sec: 211,254 | bf16_mfu: 0.00 | epoch: 1 pq: 0 rg: 56 | total time: 2.19m | eta: 4.3m
step 00109/00300 (36.33%) | loss: 5.430452 | lrm: 0.98 | dt: 1248.18ms | tok/sec: 210,021 | bf16_mfu: 0.00 | epoch: 1 pq: 0 rg: 56 | total time: 2.21m | eta: 4.3m
step 00110/00300 (36.67%) | loss: 5.424152 | lrm: 0.98 | dt: 1231.23ms | tok/sec: 212,912 | bf16_mfu: 0.00 | epoch: 1 pq: 0 rg: 56 | total time: 2.23m | eta: 4.2m
step 00111/00300 (37.00%) | loss: 5.416895 | lrm: 0.97 | dt: 1223.59ms | tok/sec: 214,240 | bf16_mfu: 0.00 | epoch: 1 pq: 0 rg: 56 | total time: 2.25m | eta: 4.2m
step 00112/00300 (37.33%) | loss: 5.388500 | lrm: 0.97 | dt: 1233.13ms | tok/sec: 212,585 | bf16_mfu: 0.00 | epoch: 1 pq: 0 rg: 56 | total time: 2.27m | eta: 4.2m
step 00113/00300 (37.67%) | loss: 5.378022 | lrm: 0.96 | dt: 1222.22ms | tok/sec: 214,482 | bf16_mfu: 0.00 | epoch: 1 pq: 0 rg: 56 | total time: 2.29m | eta: 4.2m
step 00114/00300 (38.00%) | loss: 5.377894 | lrm: 0.96 | dt: 1236.42ms | tok/sec: 212,018 | bf16_mfu: 0.00 | epoch: 1 pq: 0 rg: 64 | total time: 2.31m | eta: 4.1m
step 00115/00300 (38.33%) | loss: 5.383270 | lrm: 0.95 | dt: 1226.46ms | tok/sec: 213,740 | bf16_mfu: 0.00 | epoch: 1 pq: 0 rg: 64 | total time: 2.33m | eta: 4.1m
step 00116/00300 (38.67%) | loss: 5.384467 | lrm: 0.95 | dt: 1229.96ms | tok/sec: 213,132 | bf16_mfu: 0.00 | epoch: 1 pq: 0 rg: 64 | total time: 2.35m | eta: 4.1m
step 00117/00300 (39.00%) | loss: 5.377822 | lrm: 0.94 | dt: 1222.31ms | tok/sec: 214,466 | bf16_mfu: 0.00 | epoch: 1 pq: 0 rg: 64 | total time: 2.37m | eta: 4.1m
step 00118/00300 (39.33%) | loss: 5.366029 | lrm: 0.94 | dt: 1238.21ms | tok/sec: 211,712 | bf16_mfu: 0.00 | epoch: 1 pq: 0 rg: 64 | total time: 2.39m | eta: 4.0m
step 00119/00300 (39.67%) | loss: 5.363199 | lrm: 0.93 | dt: 1222.59ms | tok/sec: 214,417 | bf16_mfu: 0.00 | epoch: 1 pq: 0 rg: 64 | total time: 2.41m | eta: 4.0m
step 00120/00300 (40.00%) | loss: 5.356351 | lrm: 0.93 | dt: 1243.58ms | tok/sec: 210,797 | bf16_mfu: 0.00 | epoch: 1 pq: 0 rg: 64 | total time: 2.43m | eta: 4.0m
step 00121/00300 (40.33%) | loss: 5.353448 | lrm: 0.92 | dt: 1225.15ms | tok/sec: 213,968 | bf16_mfu: 0.00 | epoch: 1 pq: 0 rg: 64 | total time: 2.45m | eta: 4.0m
step 00122/00300 (40.67%) | loss: 5.337359 | lrm: 0.92 | dt: 1236.01ms | tok/sec: 212,088 | bf16_mfu: 0.00 | epoch: 1 pq: 0 rg: 64 | total time: 2.47m | eta: 3.9m
step 00123/00300 (41.00%) | loss: 5.315726 | lrm: 0.91 | dt: 1224.29ms | tok/sec: 214,119 | bf16_mfu: 0.00 | epoch: 1 pq: 0 rg: 64 | total time: 2.49m | eta: 3.9m
step 00124/00300 (41.33%) | loss: 5.296163 | lrm: 0.91 | dt: 1261.43ms | tok/sec: 207,814 | bf16_mfu: 0.00 | epoch: 1 pq: 0 rg: 64 | total time: 2.52m | eta: 3.9m
step 00125/00300 (41.67%) | loss: 5.280937 | lrm: 0.90 | dt: 1251.70ms | tok/sec: 209,430 | bf16_mfu: 0.00 | epoch: 1 pq: 0 rg: 64 | total time: 2.54m | eta: 3.9m
step 00126/00300 (42.00%) | loss: 5.273274 | lrm: 0.90 | dt: 1239.56ms | tok/sec: 211,481 | bf16_mfu: 0.00 | epoch: 1 pq: 0 rg: 64 | total time: 2.56m | eta: 3.8m
step 00127/00300 (42.33%) | loss: 5.270582 | lrm: 0.89 | dt: 1247.10ms | tok/sec: 210,203 | bf16_mfu: 0.00 | epoch: 1 pq: 0 rg: 64 | total time: 2.58m | eta: 3.8m
step 00128/00300 (42.67%) | loss: 5.266197 | lrm: 0.89 | dt: 1230.88ms | tok/sec: 212,973 | bf16_mfu: 0.00 | epoch: 1 pq: 0 rg: 64 | total time: 2.60m | eta: 3.8m
step 00129/00300 (43.00%) | loss: 5.254427 | lrm: 0.88 | dt: 1246.46ms | tok/sec: 210,311 | bf16_mfu: 0.00 | epoch: 1 pq: 0 rg: 72 | total time: 2.62m | eta: 3.8m
step 00130/00300 (43.33%) | loss: 5.246071 | lrm: 0.88 | dt: 1243.17ms | tok/sec: 210,866 | bf16_mfu: 0.00 | epoch: 1 pq: 0 rg: 72 | total time: 2.64m | eta: 3.7m
step 00131/00300 (43.67%) | loss: 5.240786 | lrm: 0.87 | dt: 1233.45ms | tok/sec: 212,528 | bf16_mfu: 0.00 | epoch: 1 pq: 0 rg: 72 | total time: 2.66m | eta: 3.7m
step 00132/00300 (44.00%) | loss: 5.239484 | lrm: 0.87 | dt: 1222.34ms | tok/sec: 214,461 | bf16_mfu: 0.00 | epoch: 1 pq: 0 rg: 72 | total time: 2.68m | eta: 3.7m
step 00133/00300 (44.33%) | loss: 5.248556 | lrm: 0.86 | dt: 1235.57ms | tok/sec: 212,164 | bf16_mfu: 0.00 | epoch: 1 pq: 0 rg: 72 | total time: 2.70m | eta: 3.7m
step 00134/00300 (44.67%) | loss: 5.239392 | lrm: 0.86 | dt: 1225.08ms | tok/sec: 213,981 | bf16_mfu: 0.00 | epoch: 1 pq: 0 rg: 72 | total time: 2.72m | eta: 3.6m
step 00135/00300 (45.00%) | loss: 5.227402 | lrm: 0.85 | dt: 1234.92ms | tok/sec: 212,276 | bf16_mfu: 0.00 | epoch: 1 pq: 0 rg: 72 | total time: 2.74m | eta: 3.6m
step 00136/00300 (45.33%) | loss: 5.227712 | lrm: 0.85 | dt: 1224.67ms | tok/sec: 214,051 | bf16_mfu: 0.00 | epoch: 1 pq: 0 rg: 72 | total time: 2.76m | eta: 3.6m
step 00137/00300 (45.67%) | loss: 5.218522 | lrm: 0.84 | dt: 1235.01ms | tok/sec: 212,261 | bf16_mfu: 0.00 | epoch: 1 pq: 0 rg: 72 | total time: 2.78m | eta: 3.6m
step 00138/00300 (46.00%) | loss: 5.205906 | lrm: 0.84 | dt: 1225.17ms | tok/sec: 213,964 | bf16_mfu: 0.00 | epoch: 1 pq: 0 rg: 72 | total time: 2.80m | eta: 3.5m
step 00139/00300 (46.33%) | loss: 5.201250 | lrm: 0.83 | dt: 1245.25ms | tok/sec: 210,515 | bf16_mfu: 0.00 | epoch: 1 pq: 0 rg: 72 | total time: 2.82m | eta: 3.5m
step 00140/00300 (46.67%) | loss: 5.199574 | lrm: 0.83 | dt: 1228.56ms | tok/sec: 213,374 | bf16_mfu: 0.00 | epoch: 1 pq: 0 rg: 72 | total time: 2.85m | eta: 3.5m
step 00141/00300 (47.00%) | loss: 5.185931 | lrm: 0.82 | dt: 1233.61ms | tok/sec: 212,502 | bf16_mfu: 0.00 | epoch: 1 pq: 0 rg: 72 | total time: 2.87m | eta: 3.5m
step 00142/00300 (47.33%) | loss: 5.178248 | lrm: 0.82 | dt: 1220.20ms | tok/sec: 214,837 | bf16_mfu: 0.00 | epoch: 1 pq: 0 rg: 72 | total time: 2.89m | eta: 3.5m
step 00143/00300 (47.67%) | loss: 5.161589 | lrm: 0.81 | dt: 1229.23ms | tok/sec: 213,259 | bf16_mfu: 0.00 | epoch: 1 pq: 0 rg: 72 | total time: 2.91m | eta: 3.4m
step 00144/00300 (48.00%) | loss: 5.159412 | lrm: 0.81 | dt: 1218.35ms | tok/sec: 215,162 | bf16_mfu: 0.00 | epoch: 1 pq: 0 rg: 72 | total time: 2.93m | eta: 3.4m
step 00145/00300 (48.33%) | loss: 5.153603 | lrm: 0.81 | dt: 1240.84ms | tok/sec: 211,263 | bf16_mfu: 0.00 | epoch: 1 pq: 0 rg: 80 | total time: 2.95m | eta: 3.4m
step 00146/00300 (48.67%) | loss: 5.155630 | lrm: 0.80 | dt: 1221.26ms | tok/sec: 214,649 | bf16_mfu: 0.00 | epoch: 1 pq: 0 rg: 80 | total time: 2.97m | eta: 3.4m
step 00147/00300 (49.00%) | loss: 5.147446 | lrm: 0.80 | dt: 1265.46ms | tok/sec: 207,153 | bf16_mfu: 0.00 | epoch: 1 pq: 0 rg: 80 | total time: 2.99m | eta: 3.3m
step 00148/00300 (49.33%) | loss: 5.134172 | lrm: 0.79 | dt: 1221.85ms | tok/sec: 214,546 | bf16_mfu: 0.00 | epoch: 1 pq: 0 rg: 80 | total time: 3.01m | eta: 3.3m
step 00149/00300 (49.67%) | loss: 5.123939 | lrm: 0.79 | dt: 1242.24ms | tok/sec: 211,025 | bf16_mfu: 0.00 | epoch: 1 pq: 0 rg: 80 | total time: 3.03m | eta: 3.3m
step 00150/00300 (50.00%) | loss: 5.137006 | lrm: 0.78 | dt: 3521.14ms | tok/sec: 74,448 | bf16_mfu: 0.00 | epoch: 1 pq: 0 rg: 80 | total time: 3.09m | eta: 3.3m
step 00151/00300 (50.33%) | loss: 5.134973 | lrm: 0.78 | dt: 1201.93ms | tok/sec: 218,102 | bf16_mfu: 0.00 | epoch: 1 pq: 0 rg: 80 | total time: 3.11m | eta: 3.3m
step 00152/00300 (50.67%) | loss: 5.116033 | lrm: 0.77 | dt: 1206.85ms | tok/sec: 217,214 | bf16_mfu: 0.00 | epoch: 1 pq: 0 rg: 80 | total time: 3.13m | eta: 3.3m
step 00153/00300 (51.00%) | loss: 5.107495 | lrm: 0.77 | dt: 1214.87ms | tok/sec: 215,778 | bf16_mfu: 0.00 | epoch: 1 pq: 0 rg: 80 | total time: 3.15m | eta: 3.2m
step 00154/00300 (51.33%) | loss: 5.110253 | lrm: 0.76 | dt: 1211.26ms | tok/sec: 216,421 | bf16_mfu: 0.00 | epoch: 1 pq: 0 rg: 80 | total time: 3.17m | eta: 3.2m
step 00155/00300 (51.67%) | loss: 5.114660 | lrm: 0.76 | dt: 1207.45ms | tok/sec: 217,104 | bf16_mfu: 0.00 | epoch: 1 pq: 0 rg: 80 | total time: 3.19m | eta: 3.2m
step 00156/00300 (52.00%) | loss: 5.105494 | lrm: 0.75 | dt: 1215.58ms | tok/sec: 215,652 | bf16_mfu: 0.00 | epoch: 1 pq: 0 rg: 80 | total time: 3.21m | eta: 3.2m
step 00157/00300 (52.33%) | loss: 5.122560 | lrm: 0.75 | dt: 1207.00ms | tok/sec: 217,185 | bf16_mfu: 0.00 | epoch: 1 pq: 0 rg: 80 | total time: 3.23m | eta: 3.1m
step 00158/00300 (52.67%) | loss: 5.106974 | lrm: 0.74 | dt: 1222.43ms | tok/sec: 214,444 | bf16_mfu: 0.00 | epoch: 1 pq: 0 rg: 80 | total time: 3.25m | eta: 3.1m
step 00159/00300 (53.00%) | loss: 5.100265 | lrm: 0.74 | dt: 1207.78ms | tok/sec: 217,045 | bf16_mfu: 0.00 | epoch: 1 pq: 0 rg: 80 | total time: 3.27m | eta: 3.1m
step 00160/00300 (53.33%) | loss: 5.099959 | lrm: 0.73 | dt: 1221.51ms | tok/sec: 214,606 | bf16_mfu: 0.00 | epoch: 1 pq: 1 rg: 0 | total time: 3.29m | eta: 3.1m
step 00161/00300 (53.67%) | loss: 5.094971 | lrm: 0.73 | dt: 1204.65ms | tok/sec: 217,609 | bf16_mfu: 0.00 | epoch: 1 pq: 1 rg: 0 | total time: 3.31m | eta: 3.0m
step 00162/00300 (54.00%) | loss: 5.086495 | lrm: 0.72 | dt: 1211.33ms | tok/sec: 216,410 | bf16_mfu: 0.00 | epoch: 1 pq: 1 rg: 0 | total time: 3.33m | eta: 3.0m
step 00163/00300 (54.33%) | loss: 5.092152 | lrm: 0.72 | dt: 1217.72ms | tok/sec: 215,275 | bf16_mfu: 0.00 | epoch: 1 pq: 1 rg: 0 | total time: 3.35m | eta: 3.0m
step 00164/00300 (54.67%) | loss: 5.085942 | lrm: 0.71 | dt: 1208.26ms | tok/sec: 216,959 | bf16_mfu: 0.00 | epoch: 1 pq: 1 rg: 0 | total time: 3.37m | eta: 3.0m
step 00165/00300 (55.00%) | loss: 5.076277 | lrm: 0.71 | dt: 1214.59ms | tok/sec: 215,829 | bf16_mfu: 0.00 | epoch: 1 pq: 1 rg: 0 | total time: 3.39m | eta: 3.0m
step 00166/00300 (55.33%) | loss: 5.077020 | lrm: 0.70 | dt: 1209.78ms | tok/sec: 216,686 | bf16_mfu: 0.00 | epoch: 1 pq: 1 rg: 0 | total time: 3.41m | eta: 2.9m
step 00167/00300 (55.67%) | loss: 5.065373 | lrm: 0.70 | dt: 1218.39ms | tok/sec: 215,156 | bf16_mfu: 0.00 | epoch: 1 pq: 1 rg: 0 | total time: 3.43m | eta: 2.9m
step 00168/00300 (56.00%) | loss: 5.055002 | lrm: 0.69 | dt: 1205.85ms | tok/sec: 217,393 | bf16_mfu: 0.00 | epoch: 1 pq: 1 rg: 0 | total time: 3.45m | eta: 2.9m
step 00169/00300 (56.33%) | loss: 5.043520 | lrm: 0.69 | dt: 1235.57ms | tok/sec: 212,164 | bf16_mfu: 0.00 | epoch: 1 pq: 1 rg: 0 | total time: 3.47m | eta: 2.9m
step 00170/00300 (56.67%) | loss: 5.052660 | lrm: 0.68 | dt: 1212.14ms | tok/sec: 216,265 | bf16_mfu: 0.00 | epoch: 1 pq: 1 rg: 0 | total time: 3.49m | eta: 2.8m
step 00171/00300 (57.00%) | loss: 5.038283 | lrm: 0.68 | dt: 1218.21ms | tok/sec: 215,188 | bf16_mfu: 0.00 | epoch: 1 pq: 1 rg: 0 | total time: 3.51m | eta: 2.8m
step 00172/00300 (57.33%) | loss: 5.049840 | lrm: 0.67 | dt: 1219.11ms | tok/sec: 215,028 | bf16_mfu: 0.00 | epoch: 1 pq: 1 rg: 0 | total time: 3.53m | eta: 2.8m
step 00173/00300 (57.67%) | loss: 5.039977 | lrm: 0.67 | dt: 1210.23ms | tok/sec: 216,605 | bf16_mfu: 0.00 | epoch: 1 pq: 1 rg: 0 | total time: 3.55m | eta: 2.8m
step 00174/00300 (58.00%) | loss: 5.041521 | lrm: 0.66 | dt: 1210.97ms | tok/sec: 216,473 | bf16_mfu: 0.00 | epoch: 1 pq: 1 rg: 0 | total time: 3.57m | eta: 2.7m
step 00175/00300 (58.33%) | loss: 5.033088 | lrm: 0.66 | dt: 1225.27ms | tok/sec: 213,947 | bf16_mfu: 0.00 | epoch: 1 pq: 1 rg: 8 | total time: 3.59m | eta: 2.7m
step 00176/00300 (58.67%) | loss: 5.032848 | lrm: 0.65 | dt: 1223.09ms | tok/sec: 214,329 | bf16_mfu: 0.00 | epoch: 1 pq: 1 rg: 8 | total time: 3.61m | eta: 2.7m
step 00177/00300 (59.00%) | loss: 5.026238 | lrm: 0.65 | dt: 1210.82ms | tok/sec: 216,500 | bf16_mfu: 0.00 | epoch: 1 pq: 1 rg: 8 | total time: 3.63m | eta: 2.7m
step 00178/00300 (59.33%) | loss: 5.016777 | lrm: 0.64 | dt: 1223.64ms | tok/sec: 214,232 | bf16_mfu: 0.00 | epoch: 1 pq: 1 rg: 8 | total time: 3.66m | eta: 2.7m
step 00179/00300 (59.67%) | loss: 5.005800 | lrm: 0.64 | dt: 1214.52ms | tok/sec: 215,841 | bf16_mfu: 0.00 | epoch: 1 pq: 1 rg: 8 | total time: 3.68m | eta: 2.6m
step 00180/00300 (60.00%) | loss: 4.994832 | lrm: 0.63 | dt: 1221.70ms | tok/sec: 214,572 | bf16_mfu: 0.00 | epoch: 1 pq: 1 rg: 8 | total time: 3.70m | eta: 2.6m
step 00181/00300 (60.33%) | loss: 4.990607 | lrm: 0.63 | dt: 1214.47ms | tok/sec: 215,849 | bf16_mfu: 0.00 | epoch: 1 pq: 1 rg: 8 | total time: 3.72m | eta: 2.6m
step 00182/00300 (60.67%) | loss: 4.976617 | lrm: 0.62 | dt: 1231.10ms | tok/sec: 212,934 | bf16_mfu: 0.00 | epoch: 1 pq: 1 rg: 8 | total time: 3.74m | eta: 2.6m
step 00183/00300 (61.00%) | loss: 4.975503 | lrm: 0.62 | dt: 1224.56ms | tok/sec: 214,071 | bf16_mfu: 0.00 | epoch: 1 pq: 1 rg: 8 | total time: 3.76m | eta: 2.5m
step 00184/00300 (61.33%) | loss: 4.973643 | lrm: 0.62 | dt: 1226.35ms | tok/sec: 213,759 | bf16_mfu: 0.00 | epoch: 1 pq: 1 rg: 8 | total time: 3.78m | eta: 2.5m
step 00185/00300 (61.67%) | loss: 4.973264 | lrm: 0.61 | dt: 1216.21ms | tok/sec: 215,541 | bf16_mfu: 0.00 | epoch: 1 pq: 1 rg: 8 | total time: 3.80m | eta: 2.5m
step 00186/00300 (62.00%) | loss: 4.967399 | lrm: 0.61 | dt: 1224.53ms | tok/sec: 214,076 | bf16_mfu: 0.00 | epoch: 1 pq: 1 rg: 8 | total time: 3.82m | eta: 2.5m
step 00187/00300 (62.33%) | loss: 4.960968 | lrm: 0.60 | dt: 1220.01ms | tok/sec: 214,869 | bf16_mfu: 0.00 | epoch: 1 pq: 1 rg: 8 | total time: 3.84m | eta: 2.5m
step 00188/00300 (62.67%) | loss: 4.962782 | lrm: 0.60 | dt: 1216.12ms | tok/sec: 215,556 | bf16_mfu: 0.00 | epoch: 1 pq: 1 rg: 8 | total time: 3.86m | eta: 2.4m
step 00189/00300 (63.00%) | loss: 4.959865 | lrm: 0.59 | dt: 1222.70ms | tok/sec: 214,396 | bf16_mfu: 0.00 | epoch: 1 pq: 1 rg: 16 | total time: 3.88m | eta: 2.4m
step 00190/00300 (63.33%) | loss: 4.960894 | lrm: 0.59 | dt: 1208.45ms | tok/sec: 216,925 | bf16_mfu: 0.00 | epoch: 1 pq: 1 rg: 16 | total time: 3.90m | eta: 2.4m
step 00191/00300 (63.67%) | loss: 4.950409 | lrm: 0.58 | dt: 1218.21ms | tok/sec: 215,188 | bf16_mfu: 0.00 | epoch: 1 pq: 1 rg: 16 | total time: 3.92m | eta: 2.4m
step 00192/00300 (64.00%) | loss: 4.954060 | lrm: 0.58 | dt: 1211.42ms | tok/sec: 216,394 | bf16_mfu: 0.00 | epoch: 1 pq: 1 rg: 16 | total time: 3.94m | eta: 2.3m
step 00193/00300 (64.33%) | loss: 4.958189 | lrm: 0.57 | dt: 1219.16ms | tok/sec: 215,019 | bf16_mfu: 0.00 | epoch: 1 pq: 1 rg: 16 | total time: 3.96m | eta: 2.3m
step 00194/00300 (64.67%) | loss: 4.966153 | lrm: 0.57 | dt: 1219.45ms | tok/sec: 214,968 | bf16_mfu: 0.00 | epoch: 1 pq: 1 rg: 16 | total time: 3.98m | eta: 2.3m
step 00195/00300 (65.00%) | loss: 4.953954 | lrm: 0.56 | dt: 1227.89ms | tok/sec: 213,491 | bf16_mfu: 0.00 | epoch: 1 pq: 1 rg: 16 | total time: 4.00m | eta: 2.3m
step 00196/00300 (65.33%) | loss: 4.960463 | lrm: 0.56 | dt: 1210.11ms | tok/sec: 216,628 | bf16_mfu: 0.00 | epoch: 1 pq: 1 rg: 16 | total time: 4.02m | eta: 2.2m
step 00197/00300 (65.67%) | loss: 4.955924 | lrm: 0.55 | dt: 1229.61ms | tok/sec: 213,193 | bf16_mfu: 0.00 | epoch: 1 pq: 1 rg: 16 | total time: 4.04m | eta: 2.2m
step 00198/00300 (66.00%) | loss: 4.960785 | lrm: 0.55 | dt: 1210.75ms | tok/sec: 216,513 | bf16_mfu: 0.00 | epoch: 1 pq: 1 rg: 16 | total time: 4.06m | eta: 2.2m
step 00199/00300 (66.33%) | loss: 4.945086 | lrm: 0.54 | dt: 1225.31ms | tok/sec: 213,940 | bf16_mfu: 0.00 | epoch: 1 pq: 1 rg: 16 | total time: 4.08m | eta: 2.2m
step 00200/00300 (66.67%) | loss: 4.946739 | lrm: 0.54 | dt: 3272.90ms | tok/sec: 80,095 | bf16_mfu: 0.00 | epoch: 1 pq: 1 rg: 16 | total time: 4.14m | eta: 2.2m
step 00201/00300 (67.00%) | loss: 4.945336 | lrm: 0.53 | dt: 1206.88ms | tok/sec: 217,208 | bf16_mfu: 0.00 | epoch: 1 pq: 1 rg: 16 | total time: 4.16m | eta: 2.2m
step 00202/00300 (67.33%) | loss: 4.937565 | lrm: 0.53 | dt: 1210.68ms | tok/sec: 216,526 | bf16_mfu: 0.00 | epoch: 1 pq: 1 rg: 16 | total time: 4.18m | eta: 2.1m
step 00203/00300 (67.67%) | loss: 4.921667 | lrm: 0.52 | dt: 1211.11ms | tok/sec: 216,448 | bf16_mfu: 0.00 | epoch: 1 pq: 1 rg: 16 | total time: 4.20m | eta: 2.1m
step 00204/00300 (68.00%) | loss: 4.930190 | lrm: 0.52 | dt: 1206.32ms | tok/sec: 217,308 | bf16_mfu: 0.00 | epoch: 1 pq: 1 rg: 16 | total time: 4.22m | eta: 2.1m
step 00205/00300 (68.33%) | loss: 4.919309 | lrm: 0.51 | dt: 1222.05ms | tok/sec: 214,512 | bf16_mfu: 0.00 | epoch: 1 pq: 1 rg: 24 | total time: 4.24m | eta: 2.1m
step 00206/00300 (68.67%) | loss: 4.915009 | lrm: 0.51 | dt: 1208.53ms | tok/sec: 216,911 | bf16_mfu: 0.00 | epoch: 1 pq: 1 rg: 24 | total time: 4.26m | eta: 2.0m
step 00207/00300 (69.00%) | loss: 4.899547 | lrm: 0.50 | dt: 1217.99ms | tok/sec: 215,227 | bf16_mfu: 0.00 | epoch: 1 pq: 1 rg: 24 | total time: 4.28m | eta: 2.0m
step 00208/00300 (69.33%) | loss: 4.913882 | lrm: 0.50 | dt: 1214.33ms | tok/sec: 215,875 | bf16_mfu: 0.00 | epoch: 1 pq: 1 rg: 24 | total time: 4.30m | eta: 2.0m
step 00209/00300 (69.67%) | loss: 4.911611 | lrm: 0.49 | dt: 1215.44ms | tok/sec: 215,678 | bf16_mfu: 0.00 | epoch: 1 pq: 1 rg: 24 | total time: 4.32m | eta: 2.0m
step 00210/00300 (70.00%) | loss: 4.909645 | lrm: 0.49 | dt: 1220.04ms | tok/sec: 214,864 | bf16_mfu: 0.00 | epoch: 1 pq: 1 rg: 24 | total time: 4.34m | eta: 2.0m
step 00211/00300 (70.33%) | loss: 4.899046 | lrm: 0.48 | dt: 1202.65ms | tok/sec: 217,971 | bf16_mfu: 0.00 | epoch: 1 pq: 1 rg: 24 | total time: 4.36m | eta: 1.9m
step 00212/00300 (70.67%) | loss: 4.906552 | lrm: 0.48 | dt: 1214.41ms | tok/sec: 215,860 | bf16_mfu: 0.00 | epoch: 1 pq: 1 rg: 24 | total time: 4.38m | eta: 1.9m
step 00213/00300 (71.00%) | loss: 4.897562 | lrm: 0.47 | dt: 1216.31ms | tok/sec: 215,524 | bf16_mfu: 0.00 | epoch: 1 pq: 1 rg: 24 | total time: 4.40m | eta: 1.9m
step 00214/00300 (71.33%) | loss: 4.886563 | lrm: 0.47 | dt: 1229.68ms | tok/sec: 213,181 | bf16_mfu: 0.00 | epoch: 1 pq: 1 rg: 24 | total time: 4.42m | eta: 1.9m
step 00215/00300 (71.67%) | loss: 4.882431 | lrm: 0.46 | dt: 1205.58ms | tok/sec: 217,442 | bf16_mfu: 0.00 | epoch: 1 pq: 1 rg: 24 | total time: 4.44m | eta: 1.8m
step 00216/00300 (72.00%) | loss: 4.875388 | lrm: 0.46 | dt: 1215.04ms | tok/sec: 215,750 | bf16_mfu: 0.00 | epoch: 1 pq: 1 rg: 24 | total time: 4.46m | eta: 1.8m
step 00217/00300 (72.33%) | loss: 4.879840 | lrm: 0.45 | dt: 1207.13ms | tok/sec: 217,162 | bf16_mfu: 0.00 | epoch: 1 pq: 1 rg: 24 | total time: 4.48m | eta: 1.8m
step 00218/00300 (72.67%) | loss: 4.873375 | lrm: 0.45 | dt: 1215.17ms | tok/sec: 215,726 | bf16_mfu: 0.00 | epoch: 1 pq: 1 rg: 24 | total time: 4.50m | eta: 1.8m
step 00219/00300 (73.00%) | loss: 4.877667 | lrm: 0.44 | dt: 1221.07ms | tok/sec: 214,684 | bf16_mfu: 0.00 | epoch: 1 pq: 1 rg: 24 | total time: 4.52m | eta: 1.8m
step 00220/00300 (73.33%) | loss: 4.876544 | lrm: 0.44 | dt: 1218.59ms | tok/sec: 215,120 | bf16_mfu: 0.00 | epoch: 1 pq: 1 rg: 32 | total time: 4.54m | eta: 1.7m
step 00221/00300 (73.67%) | loss: 4.876215 | lrm: 0.43 | dt: 1207.93ms | tok/sec: 217,019 | bf16_mfu: 0.00 | epoch: 1 pq: 1 rg: 32 | total time: 4.56m | eta: 1.7m
step 00222/00300 (74.00%) | loss: 4.872291 | lrm: 0.43 | dt: 1225.24ms | tok/sec: 213,953 | bf16_mfu: 0.00 | epoch: 1 pq: 1 rg: 32 | total time: 4.58m | eta: 1.7m
step 00223/00300 (74.33%) | loss: 4.871637 | lrm: 0.43 | dt: 1210.36ms | tok/sec: 216,582 | bf16_mfu: 0.00 | epoch: 1 pq: 1 rg: 32 | total time: 4.60m | eta: 1.7m
step 00224/00300 (74.67%) | loss: 4.873140 | lrm: 0.42 | dt: 1219.29ms | tok/sec: 214,997 | bf16_mfu: 0.00 | epoch: 1 pq: 1 rg: 32 | total time: 4.62m | eta: 1.6m
step 00225/00300 (75.00%) | loss: 4.868036 | lrm: 0.42 | dt: 1211.60ms | tok/sec: 216,361 | bf16_mfu: 0.00 | epoch: 1 pq: 1 rg: 32 | total time: 4.64m | eta: 1.6m
step 00226/00300 (75.33%) | loss: 4.853596 | lrm: 0.41 | dt: 1219.10ms | tok/sec: 215,029 | bf16_mfu: 0.00 | epoch: 1 pq: 1 rg: 32 | total time: 4.66m | eta: 1.6m
step 00227/00300 (75.67%) | loss: 4.850408 | lrm: 0.41 | dt: 1214.51ms | tok/sec: 215,843 | bf16_mfu: 0.00 | epoch: 1 pq: 1 rg: 32 | total time: 4.68m | eta: 1.6m
step 00228/00300 (76.00%) | loss: 4.852340 | lrm: 0.40 | dt: 1222.07ms | tok/sec: 214,508 | bf16_mfu: 0.00 | epoch: 1 pq: 1 rg: 32 | total time: 4.70m | eta: 1.6m
step 00229/00300 (76.33%) | loss: 4.841205 | lrm: 0.40 | dt: 1216.06ms | tok/sec: 215,568 | bf16_mfu: 0.00 | epoch: 1 pq: 1 rg: 32 | total time: 4.72m | eta: 1.5m
step 00230/00300 (76.67%) | loss: 4.834213 | lrm: 0.39 | dt: 1224.23ms | tok/sec: 214,130 | bf16_mfu: 0.00 | epoch: 1 pq: 1 rg: 32 | total time: 4.74m | eta: 1.5m
step 00231/00300 (77.00%) | loss: 4.834353 | lrm: 0.39 | dt: 1216.45ms | tok/sec: 215,498 | bf16_mfu: 0.00 | epoch: 1 pq: 1 rg: 32 | total time: 4.76m | eta: 1.5m
step 00232/00300 (77.33%) | loss: 4.832006 | lrm: 0.38 | dt: 1229.93ms | tok/sec: 213,138 | bf16_mfu: 0.00 | epoch: 1 pq: 1 rg: 32 | total time: 4.79m | eta: 1.5m
step 00233/00300 (77.67%) | loss: 4.845848 | lrm: 0.38 | dt: 1227.34ms | tok/sec: 213,587 | bf16_mfu: 0.00 | epoch: 1 pq: 1 rg: 32 | total time: 4.81m | eta: 1.4m
step 00234/00300 (78.00%) | loss: 4.845909 | lrm: 0.37 | dt: 1217.28ms | tok/sec: 215,351 | bf16_mfu: 0.00 | epoch: 1 pq: 1 rg: 32 | total time: 4.83m | eta: 1.4m
step 00235/00300 (78.33%) | loss: 4.842356 | lrm: 0.37 | dt: 1232.25ms | tok/sec: 212,736 | bf16_mfu: 0.00 | epoch: 1 pq: 1 rg: 40 | total time: 4.85m | eta: 1.4m
step 00236/00300 (78.67%) | loss: 4.831393 | lrm: 0.36 | dt: 1216.49ms | tok/sec: 215,492 | bf16_mfu: 0.00 | epoch: 1 pq: 1 rg: 40 | total time: 4.87m | eta: 1.4m
step 00237/00300 (79.00%) | loss: 4.820897 | lrm: 0.36 | dt: 1226.41ms | tok/sec: 213,748 | bf16_mfu: 0.00 | epoch: 1 pq: 1 rg: 40 | total time: 4.89m | eta: 1.4m
step 00238/00300 (79.33%) | loss: 4.829491 | lrm: 0.35 | dt: 1216.32ms | tok/sec: 215,522 | bf16_mfu: 0.00 | epoch: 1 pq: 1 rg: 40 | total time: 4.91m | eta: 1.3m
step 00239/00300 (79.67%) | loss: 4.820257 | lrm: 0.35 | dt: 1228.73ms | tok/sec: 213,344 | bf16_mfu: 0.00 | epoch: 1 pq: 1 rg: 40 | total time: 4.93m | eta: 1.3m
step 00240/00300 (80.00%) | loss: 4.814373 | lrm: 0.34 | dt: 1236.46ms | tok/sec: 212,012 | bf16_mfu: 0.00 | epoch: 1 pq: 1 rg: 40 | total time: 4.95m | eta: 1.3m
step 00241/00300 (80.33%) | loss: 4.804061 | lrm: 0.34 | dt: 1222.04ms | tok/sec: 214,513 | bf16_mfu: 0.00 | epoch: 1 pq: 1 rg: 40 | total time: 4.97m | eta: 1.3m
step 00242/00300 (80.67%) | loss: 4.801482 | lrm: 0.33 | dt: 1226.19ms | tok/sec: 213,787 | bf16_mfu: 0.00 | epoch: 1 pq: 1 rg: 40 | total time: 4.99m | eta: 1.2m
step 00243/00300 (81.00%) | loss: 4.794348 | lrm: 0.33 | dt: 1222.46ms | tok/sec: 214,439 | bf16_mfu: 0.00 | epoch: 1 pq: 1 rg: 40 | total time: 5.01m | eta: 1.2m
step 00244/00300 (81.33%) | loss: 4.788711 | lrm: 0.32 | dt: 1229.10ms | tok/sec: 213,281 | bf16_mfu: 0.00 | epoch: 1 pq: 1 rg: 40 | total time: 5.03m | eta: 1.2m
step 00245/00300 (81.67%) | loss: 4.797024 | lrm: 0.32 | dt: 1217.93ms | tok/sec: 215,237 | bf16_mfu: 0.00 | epoch: 1 pq: 1 rg: 40 | total time: 5.05m | eta: 1.2m
step 00246/00300 (82.00%) | loss: 4.785544 | lrm: 0.31 | dt: 1229.06ms | tok/sec: 213,288 | bf16_mfu: 0.00 | epoch: 1 pq: 1 rg: 40 | total time: 5.07m | eta: 1.2m
step 00247/00300 (82.33%) | loss: 4.794045 | lrm: 0.31 | dt: 1216.09ms | tok/sec: 215,562 | bf16_mfu: 0.00 | epoch: 1 pq: 1 rg: 40 | total time: 5.09m | eta: 1.1m
step 00248/00300 (82.67%) | loss: 4.792574 | lrm: 0.30 | dt: 1225.97ms | tok/sec: 213,826 | bf16_mfu: 0.00 | epoch: 1 pq: 1 rg: 40 | total time: 5.11m | eta: 1.1m
step 00249/00300 (83.00%) | loss: 4.788453 | lrm: 0.30 | dt: 1217.98ms | tok/sec: 215,229 | bf16_mfu: 0.00 | epoch: 1 pq: 1 rg: 40 | total time: 5.13m | eta: 1.1m
step 00250/00300 (83.33%) | loss: 4.781768 | lrm: 0.29 | dt: 3265.17ms | tok/sec: 80,284 | bf16_mfu: 0.00 | epoch: 1 pq: 1 rg: 48 | total time: 5.19m | eta: 1.1m
step 00251/00300 (83.67%) | loss: 4.779524 | lrm: 0.29 | dt: 1200.59ms | tok/sec: 218,345 | bf16_mfu: 0.00 | epoch: 1 pq: 1 rg: 48 | total time: 5.21m | eta: 1.1m
step 00252/00300 (84.00%) | loss: 4.765171 | lrm: 0.28 | dt: 1204.14ms | tok/sec: 217,701 | bf16_mfu: 0.00 | epoch: 1 pq: 1 rg: 48 | total time: 5.23m | eta: 1.0m
step 00253/00300 (84.33%) | loss: 4.778087 | lrm: 0.28 | dt: 1207.08ms | tok/sec: 217,171 | bf16_mfu: 0.00 | epoch: 1 pq: 1 rg: 48 | total time: 5.25m | eta: 1.0m
step 00254/00300 (84.67%) | loss: 4.765410 | lrm: 0.27 | dt: 1216.42ms | tok/sec: 215,505 | bf16_mfu: 0.00 | epoch: 1 pq: 1 rg: 48 | total time: 5.27m | eta: 1.0m
step 00255/00300 (85.00%) | loss: 4.763912 | lrm: 0.27 | dt: 1218.78ms | tok/sec: 215,086 | bf16_mfu: 0.00 | epoch: 1 pq: 1 rg: 48 | total time: 5.29m | eta: 1.0m
step 00256/00300 (85.33%) | loss: 4.771705 | lrm: 0.26 | dt: 1202.10ms | tok/sec: 218,072 | bf16_mfu: 0.00 | epoch: 1 pq: 1 rg: 48 | total time: 5.31m | eta: 0.9m
step 00257/00300 (85.67%) | loss: 4.766410 | lrm: 0.26 | dt: 1208.13ms | tok/sec: 216,983 | bf16_mfu: 0.00 | epoch: 1 pq: 1 rg: 48 | total time: 5.33m | eta: 0.9m
step 00258/00300 (86.00%) | loss: 4.765932 | lrm: 0.25 | dt: 1212.57ms | tok/sec: 216,188 | bf16_mfu: 0.00 | epoch: 1 pq: 1 rg: 48 | total time: 5.35m | eta: 0.9m
step 00259/00300 (86.33%) | loss: 4.748071 | lrm: 0.25 | dt: 1215.23ms | tok/sec: 215,715 | bf16_mfu: 0.00 | epoch: 1 pq: 1 rg: 48 | total time: 5.37m | eta: 0.9m
step 00260/00300 (86.67%) | loss: 4.754032 | lrm: 0.24 | dt: 1207.71ms | tok/sec: 217,057 | bf16_mfu: 0.00 | epoch: 1 pq: 1 rg: 48 | total time: 5.39m | eta: 0.9m
step 00261/00300 (87.00%) | loss: 4.754997 | lrm: 0.24 | dt: 1211.33ms | tok/sec: 216,409 | bf16_mfu: 0.00 | epoch: 1 pq: 1 rg: 48 | total time: 5.41m | eta: 0.8m
step 00262/00300 (87.33%) | loss: 4.760332 | lrm: 0.24 | dt: 1203.55ms | tok/sec: 217,808 | bf16_mfu: 0.00 | epoch: 1 pq: 1 rg: 48 | total time: 5.43m | eta: 0.8m
step 00263/00300 (87.67%) | loss: 4.760352 | lrm: 0.23 | dt: 1217.04ms | tok/sec: 215,394 | bf16_mfu: 0.00 | epoch: 1 pq: 1 rg: 48 | total time: 5.45m | eta: 0.8m
step 00264/00300 (88.00%) | loss: 4.765783 | lrm: 0.23 | dt: 1201.62ms | tok/sec: 218,158 | bf16_mfu: 0.00 | epoch: 1 pq: 1 rg: 48 | total time: 5.47m | eta: 0.8m
step 00265/00300 (88.33%) | loss: 4.761438 | lrm: 0.22 | dt: 1229.63ms | tok/sec: 213,190 | bf16_mfu: 0.00 | epoch: 1 pq: 1 rg: 56 | total time: 5.49m | eta: 0.8m
step 00266/00300 (88.67%) | loss: 4.761601 | lrm: 0.22 | dt: 1199.15ms | tok/sec: 218,607 | bf16_mfu: 0.00 | epoch: 1 pq: 1 rg: 56 | total time: 5.51m | eta: 0.7m
step 00267/00300 (89.00%) | loss: 4.760928 | lrm: 0.21 | dt: 1203.13ms | tok/sec: 217,885 | bf16_mfu: 0.00 | epoch: 1 pq: 1 rg: 56 | total time: 5.53m | eta: 0.7m
step 00268/00300 (89.33%) | loss: 4.748116 | lrm: 0.21 | dt: 1199.89ms | tok/sec: 218,473 | bf16_mfu: 0.00 | epoch: 1 pq: 1 rg: 56 | total time: 5.55m | eta: 0.7m
step 00269/00300 (89.67%) | loss: 4.747932 | lrm: 0.20 | dt: 1208.09ms | tok/sec: 216,990 | bf16_mfu: 0.00 | epoch: 1 pq: 1 rg: 56 | total time: 5.57m | eta: 0.7m
step 00270/00300 (90.00%) | loss: 4.733681 | lrm: 0.20 | dt: 1211.06ms | tok/sec: 216,458 | bf16_mfu: 0.00 | epoch: 1 pq: 1 rg: 56 | total time: 5.59m | eta: 0.6m
step 00271/00300 (90.33%) | loss: 4.738086 | lrm: 0.19 | dt: 1196.78ms | tok/sec: 219,040 | bf16_mfu: 0.00 | epoch: 1 pq: 1 rg: 56 | total time: 5.61m | eta: 0.6m
step 00272/00300 (90.67%) | loss: 4.749358 | lrm: 0.19 | dt: 1210.34ms | tok/sec: 216,587 | bf16_mfu: 0.00 | epoch: 1 pq: 1 rg: 56 | total time: 5.63m | eta: 0.6m
step 00273/00300 (91.00%) | loss: 4.757597 | lrm: 0.18 | dt: 1197.76ms | tok/sec: 218,862 | bf16_mfu: 0.00 | epoch: 1 pq: 1 rg: 56 | total time: 5.65m | eta: 0.6m
step 00274/00300 (91.33%) | loss: 4.749742 | lrm: 0.18 | dt: 1203.31ms | tok/sec: 217,851 | bf16_mfu: 0.00 | epoch: 1 pq: 1 rg: 56 | total time: 5.67m | eta: 0.6m
step 00275/00300 (91.67%) | loss: 4.757514 | lrm: 0.17 | dt: 1196.10ms | tok/sec: 219,166 | bf16_mfu: 0.00 | epoch: 1 pq: 1 rg: 56 | total time: 5.69m | eta: 0.5m
step 00276/00300 (92.00%) | loss: 4.757064 | lrm: 0.17 | dt: 1205.45ms | tok/sec: 217,466 | bf16_mfu: 0.00 | epoch: 1 pq: 1 rg: 56 | total time: 5.71m | eta: 0.5m
step 00277/00300 (92.33%) | loss: 4.759690 | lrm: 0.16 | dt: 1196.45ms | tok/sec: 219,100 | bf16_mfu: 0.00 | epoch: 1 pq: 1 rg: 56 | total time: 5.73m | eta: 0.5m
step 00278/00300 (92.67%) | loss: 4.760938 | lrm: 0.16 | dt: 1207.78ms | tok/sec: 217,045 | bf16_mfu: 0.00 | epoch: 1 pq: 1 rg: 56 | total time: 5.75m | eta: 0.5m
step 00279/00300 (93.00%) | loss: 4.758882 | lrm: 0.15 | dt: 1206.27ms | tok/sec: 217,317 | bf16_mfu: 0.00 | epoch: 1 pq: 1 rg: 56 | total time: 5.77m | eta: 0.5m
step 00280/00300 (93.33%) | loss: 4.753707 | lrm: 0.15 | dt: 1217.09ms | tok/sec: 215,385 | bf16_mfu: 0.00 | epoch: 1 pq: 1 rg: 64 | total time: 5.79m | eta: 0.4m
step 00281/00300 (93.67%) | loss: 4.762055 | lrm: 0.14 | dt: 1203.50ms | tok/sec: 217,818 | bf16_mfu: 0.00 | epoch: 1 pq: 1 rg: 64 | total time: 5.81m | eta: 0.4m
step 00282/00300 (94.00%) | loss: 4.760922 | lrm: 0.14 | dt: 1210.52ms | tok/sec: 216,555 | bf16_mfu: 0.00 | epoch: 1 pq: 1 rg: 64 | total time: 5.83m | eta: 0.4m
step 00283/00300 (94.33%) | loss: 4.776561 | lrm: 0.13 | dt: 1202.69ms | tok/sec: 217,964 | bf16_mfu: 0.00 | epoch: 1 pq: 1 rg: 64 | total time: 5.85m | eta: 0.4m
step 00284/00300 (94.67%) | loss: 4.761075 | lrm: 0.13 | dt: 1214.35ms | tok/sec: 215,872 | bf16_mfu: 0.00 | epoch: 1 pq: 1 rg: 64 | total time: 5.87m | eta: 0.3m
step 00285/00300 (95.00%) | loss: 4.760328 | lrm: 0.12 | dt: 1212.42ms | tok/sec: 216,215 | bf16_mfu: 0.00 | epoch: 1 pq: 1 rg: 64 | total time: 5.89m | eta: 0.3m
step 00286/00300 (95.33%) | loss: 4.756220 | lrm: 0.12 | dt: 1206.03ms | tok/sec: 217,361 | bf16_mfu: 0.00 | epoch: 1 pq: 1 rg: 64 | total time: 5.91m | eta: 0.3m
step 00287/00300 (95.67%) | loss: 4.747526 | lrm: 0.11 | dt: 1217.03ms | tok/sec: 215,396 | bf16_mfu: 0.00 | epoch: 1 pq: 1 rg: 64 | total time: 5.93m | eta: 0.3m
step 00288/00300 (96.00%) | loss: 4.743855 | lrm: 0.11 | dt: 1207.59ms | tok/sec: 217,079 | bf16_mfu: 0.00 | epoch: 1 pq: 1 rg: 64 | total time: 5.95m | eta: 0.3m
step 00289/00300 (96.33%) | loss: 4.731483 | lrm: 0.10 | dt: 1216.35ms | tok/sec: 215,517 | bf16_mfu: 0.00 | epoch: 1 pq: 1 rg: 64 | total time: 5.97m | eta: 0.2m
step 00290/00300 (96.67%) | loss: 4.733506 | lrm: 0.10 | dt: 1207.23ms | tok/sec: 217,144 | bf16_mfu: 0.00 | epoch: 1 pq: 1 rg: 64 | total time: 5.99m | eta: 0.2m
step 00291/00300 (97.00%) | loss: 4.726541 | lrm: 0.09 | dt: 1217.37ms | tok/sec: 215,335 | bf16_mfu: 0.00 | epoch: 1 pq: 1 rg: 64 | total time: 6.01m | eta: 0.2m
step 00292/00300 (97.33%) | loss: 4.725761 | lrm: 0.09 | dt: 1207.11ms | tok/sec: 217,165 | bf16_mfu: 0.00 | epoch: 1 pq: 1 rg: 64 | total time: 6.03m | eta: 0.2m
step 00293/00300 (97.67%) | loss: 4.728897 | lrm: 0.08 | dt: 1212.92ms | tok/sec: 216,126 | bf16_mfu: 0.00 | epoch: 1 pq: 1 rg: 64 | total time: 6.05m | eta: 0.1m
step 00294/00300 (98.00%) | loss: 4.735707 | lrm: 0.08 | dt: 1208.63ms | tok/sec: 216,893 | bf16_mfu: 0.00 | epoch: 1 pq: 1 rg: 64 | total time: 6.07m | eta: 0.1m
step 00295/00300 (98.33%) | loss: 4.729957 | lrm: 0.07 | dt: 1224.20ms | tok/sec: 214,135 | bf16_mfu: 0.00 | epoch: 1 pq: 1 rg: 72 | total time: 6.09m | eta: 0.1m
step 00296/00300 (98.67%) | loss: 4.740837 | lrm: 0.07 | dt: 1207.89ms | tok/sec: 217,026 | bf16_mfu: 0.00 | epoch: 1 pq: 1 rg: 72 | total time: 6.11m | eta: 0.1m
step 00297/00300 (99.00%) | loss: 4.733636 | lrm: 0.06 | dt: 1223.74ms | tok/sec: 214,215 | bf16_mfu: 0.00 | epoch: 1 pq: 1 rg: 72 | total time: 6.13m | eta: 0.1m
step 00298/00300 (99.33%) | loss: 4.749610 | lrm: 0.06 | dt: 1218.35ms | tok/sec: 215,162 | bf16_mfu: 0.00 | epoch: 1 pq: 1 rg: 72 | total time: 6.15m | eta: 0.0m
step 00299/00300 (99.67%) | loss: 4.738932 | lrm: 0.05 | dt: 1223.79ms | tok/sec: 214,207 | bf16_mfu: 0.00 | epoch: 1 pq: 1 rg: 72 | total time: 6.17m | eta: 0.0m
2026-08-31 09:37:30,043 - nanochat.checkpoint_manager - [32m[1mINFO[0m - Saved optimizer state to: /var/lib/hytorch/arm-catalog/base_checkpoints/d12/optim_000300_rank2.pt
2026-08-31 09:37:30,044 - nanochat.checkpoint_manager - [32m[1mINFO[0m - Saved optimizer state to: /var/lib/hytorch/arm-catalog/base_checkpoints/d12/optim_000300_rank4.pt
2026-08-31 09:37:30,045 - nanochat.checkpoint_manager - [32m[1mINFO[0m - Saved optimizer state to: /var/lib/hytorch/arm-catalog/base_checkpoints/d12/optim_000300_rank7.pt
2026-08-31 09:37:30,047 - nanochat.checkpoint_manager - [32m[1mINFO[0m - Saved optimizer state to: /var/lib/hytorch/arm-catalog/base_checkpoints/d12/optim_000300_rank1.pt
2026-08-31 09:37:30,048 - nanochat.checkpoint_manager - [32m[1mINFO[0m - Saved optimizer state to: /var/lib/hytorch/arm-catalog/base_checkpoints/d12/optim_000300_rank3.pt
2026-08-31 09:37:30,048 - nanochat.checkpoint_manager - [32m[1mINFO[0m - Saved optimizer state to: /var/lib/hytorch/arm-catalog/base_checkpoints/d12/optim_000300_rank5.pt
2026-08-31 09:37:30,048 - nanochat.checkpoint_manager - [32m[1mINFO[0m - Saved optimizer state to: /var/lib/hytorch/arm-catalog/base_checkpoints/d12/optim_000300_rank6.pt
2026-08-31 09:37:30,496 - nanochat.checkpoint_manager - [32m[1mINFO[0m - Saved model parameters to: /var/lib/hytorch/arm-catalog/base_checkpoints/d12/model_000300.pt
2026-08-31 09:37:30,496 - nanochat.checkpoint_manager - [32m[1mINFO[0m - Saved metadata to: /var/lib/hytorch/arm-catalog/base_checkpoints/d12/meta_000300.json
2026-08-31 09:37:30,689 - nanochat.checkpoint_manager - [32m[1mINFO[0m - Saved optimizer state to: /var/lib/hytorch/arm-catalog/base_checkpoints/d12/optim_000300_rank0.pt
Peak memory usage: 29488.15MiB
Total training time: 6.17m
