/opt/amdgpu/share/libdrm/amdgpu.ids: No such file or directory
/opt/amdgpu/share/libdrm/amdgpu.ids: No such file or directory
/opt/amdgpu/share/libdrm/amdgpu.ids: No such file or directory
/opt/amdgpu/share/libdrm/amdgpu.ids: No such file or directory
/opt/amdgpu/share/libdrm/amdgpu.ids: No such file or directory
/opt/amdgpu/share/libdrm/amdgpu.ids: No such file or directory
/opt/amdgpu/share/libdrm/amdgpu.ids: No such file or directory
/opt/amdgpu/share/libdrm/amdgpu.ids: No such file or directory
/opt/amdgpu/share/libdrm/amdgpu.ids: No such file or directory
/opt/amdgpu/share/libdrm/amdgpu.ids: No such file or directory
/opt/amdgpu/share/libdrm/amdgpu.ids: No such file or directory
/opt/amdgpu/share/libdrm/amdgpu.ids: No such file or directory
/opt/amdgpu/share/libdrm/amdgpu.ids: No such file or directory
/opt/amdgpu/share/libdrm/amdgpu.ids: No such file or directory
/opt/amdgpu/share/libdrm/amdgpu.ids: No such file or directory
/opt/amdgpu/share/libdrm/amdgpu.ids: No such file or directory
/opt/amdgpu/share/libdrm/amdgpu.ids: No such file or directory
/opt/amdgpu/share/libdrm/amdgpu.ids: No such file or directory
/opt/amdgpu/share/libdrm/amdgpu.ids: No such file or directory
/opt/amdgpu/share/libdrm/amdgpu.ids: No such file or directory
/opt/amdgpu/share/libdrm/amdgpu.ids: No such file or directory
/opt/amdgpu/share/libdrm/amdgpu.ids: No such file or directory
/opt/amdgpu/share/libdrm/amdgpu.ids: No such file or directory
/opt/amdgpu/share/libdrm/amdgpu.ids: No such file or directory
/opt/amdgpu/share/libdrm/amdgpu.ids: No such file or directory
/opt/amdgpu/share/libdrm/amdgpu.ids: No such file or directory
/opt/amdgpu/share/libdrm/amdgpu.ids: No such file or directory
/opt/amdgpu/share/libdrm/amdgpu.ids: No such file or directory
/opt/amdgpu/share/libdrm/amdgpu.ids: No such file or directory
/opt/amdgpu/share/libdrm/amdgpu.ids: No such file or directory
/opt/amdgpu/share/libdrm/amdgpu.ids: No such file or directory
/opt/amdgpu/share/libdrm/amdgpu.ids: No such file or directory
/opt/amdgpu/share/libdrm/amdgpu.ids: No such file or directory
/opt/amdgpu/share/libdrm/amdgpu.ids: No such file or directory
/opt/amdgpu/share/libdrm/amdgpu.ids: No such file or directory
/opt/amdgpu/share/libdrm/amdgpu.ids: No such file or directory
/opt/amdgpu/share/libdrm/amdgpu.ids: No such file or directory
/opt/amdgpu/share/libdrm/amdgpu.ids: No such file or directory
/opt/amdgpu/share/libdrm/amdgpu.ids: No such file or directory
/opt/amdgpu/share/libdrm/amdgpu.ids: No such file or directory
/opt/amdgpu/share/libdrm/amdgpu.ids: No such file or directory
/opt/amdgpu/share/libdrm/amdgpu.ids: No such file or directory
/opt/amdgpu/share/libdrm/amdgpu.ids: No such file or directory
/opt/amdgpu/share/libdrm/amdgpu.ids: No such file or directory
/opt/amdgpu/share/libdrm/amdgpu.ids: No such file or directory
/opt/amdgpu/share/libdrm/amdgpu.ids: No such file or directory
/opt/amdgpu/share/libdrm/amdgpu.ids: No such file or directory
/opt/amdgpu/share/libdrm/amdgpu.ids: No such file or directory
/opt/amdgpu/share/libdrm/amdgpu.ids: No such file or directory
/opt/amdgpu/share/libdrm/amdgpu.ids: No such file or directory
/opt/amdgpu/share/libdrm/amdgpu.ids: No such file or directory
/opt/amdgpu/share/libdrm/amdgpu.ids: No such file or directory
/opt/amdgpu/share/libdrm/amdgpu.ids: No such file or directory
/opt/amdgpu/share/libdrm/amdgpu.ids: No such file or directory
/opt/amdgpu/share/libdrm/amdgpu.ids: No such file or directory
/opt/amdgpu/share/libdrm/amdgpu.ids: No such file or directory
/opt/amdgpu/share/libdrm/amdgpu.ids: No such file or directory
/opt/amdgpu/share/libdrm/amdgpu.ids: No such file or directory
/opt/amdgpu/share/libdrm/amdgpu.ids: No such file or directory
/opt/amdgpu/share/libdrm/amdgpu.ids: No such file or directory
/opt/amdgpu/share/libdrm/amdgpu.ids: No such file or directory
/opt/amdgpu/share/libdrm/amdgpu.ids: No such file or directory
/opt/amdgpu/share/libdrm/amdgpu.ids: No such file or directory
/opt/amdgpu/share/libdrm/amdgpu.ids: No such file or directory
/opt/amdgpu/share/libdrm/amdgpu.ids: No such file or directory
/opt/amdgpu/share/libdrm/amdgpu.ids: No such file or directory
/opt/amdgpu/share/libdrm/amdgpu.ids: No such file or directory
/opt/amdgpu/share/libdrm/amdgpu.ids: No such file or directory
/opt/amdgpu/share/libdrm/amdgpu.ids: No such file or directory
/opt/amdgpu/share/libdrm/amdgpu.ids: No such file or directory
/opt/amdgpu/share/libdrm/amdgpu.ids: No such file or directory
/opt/amdgpu/share/libdrm/amdgpu.ids: No such file or directory

                                                       █████                █████
                                                      ░░███                ░░███
     ████████    ██████   ████████    ██████   ██████  ░███████    ██████  ███████
    ░░███░░███  ░░░░░███ ░░███░░███  ███░░███ ███░░███ ░███░░███  ░░░░░███░░░███░
     ░███ ░███   ███████  ░███ ░███ ░███ ░███░███ ░░░  ░███ ░███   ███████  ░███
     ░███ ░███  ███░░███  ░███ ░███ ░███ ░███░███  ███ ░███ ░███  ███░░███  ░███ ███
     ████ █████░░████████ ████ █████░░██████ ░░██████  ████ █████░░███████  ░░█████
    ░░░░ ░░░░░  ░░░░░░░░ ░░░░ ░░░░░  ░░░░░░   ░░░░░░  ░░░░ ░░░░░  ░░░░░░░░   ░░░░░
    
Autodetected device type: cuda
[rank5]:[W831 09:37:43.218109296 HIPAllocatorConfig.h:40] Warning: expandable_segments not supported on this platform (function operator())
[rank7]:[W831 09:37:43.218109286 HIPAllocatorConfig.h:40] Warning: expandable_segments not supported on this platform (function operator())
[rank2]:[W831 09:37:43.218109686 HIPAllocatorConfig.h:40] Warning: expandable_segments not supported on this platform (function operator())
[rank3]:[W831 09:37:43.218148376 HIPAllocatorConfig.h:40] Warning: expandable_segments not supported on this platform (function operator())
[rank1]:[W831 09:37:43.218148406 HIPAllocatorConfig.h:40] Warning: expandable_segments not supported on this platform (function operator())
[rank0]:[W831 09:37:43.218172875 HIPAllocatorConfig.h:40] Warning: expandable_segments not supported on this platform (function operator())
[rank4]:[W831 09:37:43.218234785 HIPAllocatorConfig.h:40] Warning: expandable_segments not supported on this platform (function operator())
[rank6]:[W831 09:37:43.218268604 HIPAllocatorConfig.h:40] Warning: expandable_segments not supported on this platform (function operator())
2026-08-31 09:37:43,805 - nanochat.common - [33m[1mWARNING[0m - Peak flops undefined for: AMD Radeon Graphics, MFU will show as 0%
2026-08-31 09:37:43,805 - nanochat.common - [33m[1mWARNING[0m - Peak flops undefined for: AMD Radeon Graphics, MFU will show as 0%
2026-08-31 09:37:43,805 - nanochat.common - [33m[1mWARNING[0m - Peak flops undefined for: AMD Radeon Graphics, MFU will show as 0%
2026-08-31 09:37:43,805 - nanochat.common - [33m[1mWARNING[0m - Peak flops undefined for: AMD Radeon Graphics, MFU will show as 0%
2026-08-31 09:37:43,805 - nanochat.common - [33m[1mWARNING[0m - Peak flops undefined for: AMD Radeon Graphics, MFU will show as 0%
2026-08-31 09:37:43,805 - nanochat.common - [33m[1mWARNING[0m - Peak flops undefined for: AMD Radeon Graphics, MFU will show as 0%
2026-08-31 09:37:43,805 - nanochat.common - [33m[1mWARNING[0m - Peak flops undefined for: AMD Radeon Graphics, MFU will show as 0%
2026-08-31 09:37:43,805 - nanochat.common - [32m[1mINFO[0m - Distributed world size: 8
2026-08-31 09:37:43,805 - nanochat.common - [33m[1mWARNING[0m - Peak flops undefined for: AMD Radeon Graphics, MFU will show as 0%
GPU: AMD Radeon Graphics | Peak FLOPS (BF16): inf
COMPUTE_DTYPE: torch.bfloat16 (set via NANOCHAT_DTYPE=bfloat16)
!!!!!!!!!!!!!!!!!!!!!!!!!!!!!!!!!!!!!!!!!!!!!!!!!!!!!!!!!!!!!!!!!!!!!!!!!!!!!!!!
WARNING: Flash Attention 3 not available, using PyTorch SDPA fallback
WARNING: Training will be less efficient without FA3
WARNING: SDPA has no support for sliding window attention (window_pattern='SSSL'). Your GPU utilization will be terrible.
WARNING: Recommend using --window-pattern L for full context attention without alternating sliding window patterns.
!!!!!!!!!!!!!!!!!!!!!!!!!!!!!!!!!!!!!!!!!!!!!!!!!!!!!!!!!!!!!!!!!!!!!!!!!!!!!!!!
Vocab size: 32,768
Model config:
{
  "sequence_len": 2048,
  "vocab_size": 32768,
  "n_layer": 12,
  "n_head": 6,
  "n_kv_head": 6,
  "n_embd": 768,
  "window_pattern": "SSSL"
}
Parameter counts:
wte                     : 25,165,824
value_embeds            : 150,994,944
lm_head                 : 25,165,824
transformer_matrices    : 84,935,088
scalars                 : 50
total                   : 286,261,730
Estimated FLOPs per token: 7.596960e+08
Scaling LRs by 0.7071 for batch size 262,144 (reference: 524,288)
Scaling weight decay from 0.280000 to 0.197990 for depth 12
Scaling the LR for the AdamW parameters ∝1/√(768/768) = 1.000000
Using user-provided number of iterations: 300
Total number of training tokens: 78,643,200
Tokens : Scaling params ratio: 0.71
Total training FLOPs estimate: 5.974493e+16
Tokens / micro-batch / rank: 16 x 2048 = 32,768
Tokens / micro-batch: 262,144
Total batch size 262,144 => gradient accumulation steps: 1
step 00000/00300 (0.00%) | loss: 10.397239 | lrm: 0.03 | dt: 783.96ms | tok/sec: 334,383 | bf16_mfu: 0.00 | epoch: 1 pq: 0 rg: 8 | total time: 0.00m
step 00001/00300 (0.33%) | loss: 10.389532 | lrm: 0.05 | dt: 287.14ms | tok/sec: 912,954 | bf16_mfu: 0.00 | epoch: 1 pq: 0 rg: 8 | total time: 0.00m
step 00002/00300 (0.67%) | loss: 10.374676 | lrm: 0.07 | dt: 125.13ms | tok/sec: 2,095,006 | bf16_mfu: 0.00 | epoch: 1 pq: 0 rg: 8 | total time: 0.00m
step 00003/00300 (1.00%) | loss: 10.354965 | lrm: 0.10 | dt: 125.31ms | tok/sec: 2,092,000 | bf16_mfu: 0.00 | epoch: 1 pq: 0 rg: 8 | total time: 0.00m
step 00004/00300 (1.33%) | loss: 10.324631 | lrm: 0.12 | dt: 125.32ms | tok/sec: 2,091,722 | bf16_mfu: 0.00 | epoch: 1 pq: 0 rg: 8 | total time: 0.00m
step 00005/00300 (1.67%) | loss: 10.283657 | lrm: 0.15 | dt: 125.33ms | tok/sec: 2,091,650 | bf16_mfu: 0.00 | epoch: 1 pq: 0 rg: 8 | total time: 0.00m
step 00006/00300 (2.00%) | loss: 10.228431 | lrm: 0.17 | dt: 125.17ms | tok/sec: 2,094,367 | bf16_mfu: 0.00 | epoch: 1 pq: 0 rg: 8 | total time: 0.00m
step 00007/00300 (2.33%) | loss: 10.140108 | lrm: 0.20 | dt: 125.10ms | tok/sec: 2,095,553 | bf16_mfu: 0.00 | epoch: 1 pq: 0 rg: 8 | total time: 0.00m
step 00008/00300 (2.67%) | loss: 10.006362 | lrm: 0.23 | dt: 125.22ms | tok/sec: 2,093,530 | bf16_mfu: 0.00 | epoch: 1 pq: 0 rg: 8 | total time: 0.00m
step 00009/00300 (3.00%) | loss: 9.809238 | lrm: 0.25 | dt: 125.24ms | tok/sec: 2,093,159 | bf16_mfu: 0.00 | epoch: 1 pq: 0 rg: 8 | total time: 0.00m
step 00010/00300 (3.33%) | loss: 9.534352 | lrm: 0.28 | dt: 125.39ms | tok/sec: 2,090,568 | bf16_mfu: 0.00 | epoch: 1 pq: 0 rg: 8 | total time: 0.00m
step 00011/00300 (3.67%) | loss: 9.302337 | lrm: 0.30 | dt: 125.41ms | tok/sec: 2,090,310 | bf16_mfu: 0.00 | epoch: 1 pq: 0 rg: 8 | total time: 0.00m | eta: 0.6m
step 00012/00300 (4.00%) | loss: 9.072626 | lrm: 0.33 | dt: 125.02ms | tok/sec: 2,096,860 | bf16_mfu: 0.00 | epoch: 1 pq: 0 rg: 8 | total time: 0.00m | eta: 0.6m
step 00013/00300 (4.33%) | loss: 8.851299 | lrm: 0.35 | dt: 125.04ms | tok/sec: 2,096,436 | bf16_mfu: 0.00 | epoch: 1 pq: 0 rg: 8 | total time: 0.01m | eta: 0.6m
step 00014/00300 (4.67%) | loss: 8.634018 | lrm: 0.38 | dt: 125.09ms | tok/sec: 2,095,649 | bf16_mfu: 0.00 | epoch: 1 pq: 0 rg: 8 | total time: 0.01m | eta: 0.6m
step 00015/00300 (5.00%) | loss: 8.438546 | lrm: 0.40 | dt: 125.22ms | tok/sec: 2,093,490 | bf16_mfu: 0.00 | epoch: 1 pq: 0 rg: 8 | total time: 0.01m | eta: 0.6m
step 00016/00300 (5.33%) | loss: 8.254283 | lrm: 0.42 | dt: 125.30ms | tok/sec: 2,092,076 | bf16_mfu: 0.00 | epoch: 1 pq: 0 rg: 8 | total time: 0.01m | eta: 0.6m
step 00017/00300 (5.67%) | loss: 8.084477 | lrm: 0.45 | dt: 125.31ms | tok/sec: 2,091,968 | bf16_mfu: 0.00 | epoch: 1 pq: 0 rg: 8 | total time: 0.01m | eta: 0.6m
step 00018/00300 (6.00%) | loss: 7.912421 | lrm: 0.47 | dt: 125.54ms | tok/sec: 2,088,142 | bf16_mfu: 0.00 | epoch: 1 pq: 0 rg: 8 | total time: 0.02m | eta: 0.6m
step 00019/00300 (6.33%) | loss: 7.757679 | lrm: 0.50 | dt: 125.36ms | tok/sec: 2,091,105 | bf16_mfu: 0.00 | epoch: 1 pq: 0 rg: 8 | total time: 0.02m | eta: 0.6m
step 00020/00300 (6.67%) | loss: 7.607683 | lrm: 0.53 | dt: 127.09ms | tok/sec: 2,062,714 | bf16_mfu: 0.00 | epoch: 1 pq: 0 rg: 16 | total time: 0.02m | eta: 0.6m
step 00021/00300 (7.00%) | loss: 7.481837 | lrm: 0.55 | dt: 126.15ms | tok/sec: 2,078,102 | bf16_mfu: 0.00 | epoch: 1 pq: 0 rg: 16 | total time: 0.02m | eta: 0.6m
step 00022/00300 (7.33%) | loss: 7.344814 | lrm: 0.57 | dt: 125.19ms | tok/sec: 2,093,932 | bf16_mfu: 0.00 | epoch: 1 pq: 0 rg: 16 | total time: 0.03m | eta: 0.6m
step 00023/00300 (7.67%) | loss: 7.243083 | lrm: 0.60 | dt: 125.28ms | tok/sec: 2,092,474 | bf16_mfu: 0.00 | epoch: 1 pq: 0 rg: 16 | total time: 0.03m | eta: 0.6m
step 00024/00300 (8.00%) | loss: 7.132625 | lrm: 0.62 | dt: 125.61ms | tok/sec: 2,086,977 | bf16_mfu: 0.00 | epoch: 1 pq: 0 rg: 16 | total time: 0.03m | eta: 0.6m
step 00025/00300 (8.33%) | loss: 7.038646 | lrm: 0.65 | dt: 125.27ms | tok/sec: 2,092,589 | bf16_mfu: 0.00 | epoch: 1 pq: 0 rg: 16 | total time: 0.03m | eta: 0.6m
step 00026/00300 (8.67%) | loss: 6.947185 | lrm: 0.68 | dt: 126.23ms | tok/sec: 2,076,764 | bf16_mfu: 0.00 | epoch: 1 pq: 0 rg: 16 | total time: 0.03m | eta: 0.6m
step 00027/00300 (9.00%) | loss: 6.870730 | lrm: 0.70 | dt: 125.23ms | tok/sec: 2,093,227 | bf16_mfu: 0.00 | epoch: 1 pq: 0 rg: 16 | total time: 0.04m | eta: 0.6m
step 00028/00300 (9.33%) | loss: 6.795227 | lrm: 0.72 | dt: 125.34ms | tok/sec: 2,091,499 | bf16_mfu: 0.00 | epoch: 1 pq: 0 rg: 16 | total time: 0.04m | eta: 0.6m
step 00029/00300 (9.67%) | loss: 6.725105 | lrm: 0.75 | dt: 125.31ms | tok/sec: 2,092,000 | bf16_mfu: 0.00 | epoch: 1 pq: 0 rg: 16 | total time: 0.04m | eta: 0.6m
step 00030/00300 (10.00%) | loss: 6.654188 | lrm: 0.78 | dt: 125.30ms | tok/sec: 2,092,136 | bf16_mfu: 0.00 | epoch: 1 pq: 0 rg: 16 | total time: 0.04m | eta: 0.6m
step 00031/00300 (10.33%) | loss: 6.593255 | lrm: 0.80 | dt: 125.57ms | tok/sec: 2,087,583 | bf16_mfu: 0.00 | epoch: 1 pq: 0 rg: 16 | total time: 0.04m | eta: 0.6m
step 00032/00300 (10.67%) | loss: 6.528907 | lrm: 0.82 | dt: 125.32ms | tok/sec: 2,091,805 | bf16_mfu: 0.00 | epoch: 1 pq: 0 rg: 16 | total time: 0.05m | eta: 0.6m
step 00033/00300 (11.00%) | loss: 6.488009 | lrm: 0.85 | dt: 125.43ms | tok/sec: 2,089,881 | bf16_mfu: 0.00 | epoch: 1 pq: 0 rg: 16 | total time: 0.05m | eta: 0.6m
step 00034/00300 (11.33%) | loss: 6.440071 | lrm: 0.88 | dt: 125.28ms | tok/sec: 2,092,382 | bf16_mfu: 0.00 | epoch: 1 pq: 0 rg: 16 | total time: 0.05m | eta: 0.6m
step 00035/00300 (11.67%) | loss: 6.388648 | lrm: 0.90 | dt: 125.25ms | tok/sec: 2,093,040 | bf16_mfu: 0.00 | epoch: 1 pq: 0 rg: 16 | total time: 0.05m | eta: 0.6m
step 00036/00300 (12.00%) | loss: 6.342438 | lrm: 0.93 | dt: 125.43ms | tok/sec: 2,089,889 | bf16_mfu: 0.00 | epoch: 1 pq: 0 rg: 16 | total time: 0.05m | eta: 0.6m
step 00037/00300 (12.33%) | loss: 6.299859 | lrm: 0.95 | dt: 125.33ms | tok/sec: 2,091,646 | bf16_mfu: 0.00 | epoch: 1 pq: 0 rg: 24 | total time: 0.06m | eta: 0.5m
step 00038/00300 (12.67%) | loss: 6.267847 | lrm: 0.97 | dt: 125.47ms | tok/sec: 2,089,305 | bf16_mfu: 0.00 | epoch: 1 pq: 0 rg: 24 | total time: 0.06m | eta: 0.5m
step 00039/00300 (13.00%) | loss: 6.217859 | lrm: 1.00 | dt: 125.31ms | tok/sec: 2,091,893 | bf16_mfu: 0.00 | epoch: 1 pq: 0 rg: 24 | total time: 0.06m | eta: 0.5m
step 00040/00300 (13.33%) | loss: 6.200821 | lrm: 1.00 | dt: 125.74ms | tok/sec: 2,084,832 | bf16_mfu: 0.00 | epoch: 1 pq: 0 rg: 24 | total time: 0.06m | eta: 0.5m
step 00041/00300 (13.67%) | loss: 6.158430 | lrm: 1.00 | dt: 125.64ms | tok/sec: 2,086,534 | bf16_mfu: 0.00 | epoch: 1 pq: 0 rg: 24 | total time: 0.06m | eta: 0.5m
step 00042/00300 (14.00%) | loss: 6.140499 | lrm: 1.00 | dt: 125.34ms | tok/sec: 2,091,411 | bf16_mfu: 0.00 | epoch: 1 pq: 0 rg: 24 | total time: 0.07m | eta: 0.5m
step 00043/00300 (14.33%) | loss: 6.105492 | lrm: 1.00 | dt: 125.88ms | tok/sec: 2,082,526 | bf16_mfu: 0.00 | epoch: 1 pq: 0 rg: 24 | total time: 0.07m | eta: 0.5m
step 00044/00300 (14.67%) | loss: 6.066919 | lrm: 1.00 | dt: 125.36ms | tok/sec: 2,091,173 | bf16_mfu: 0.00 | epoch: 1 pq: 0 rg: 24 | total time: 0.07m | eta: 0.5m
step 00045/00300 (15.00%) | loss: 6.036825 | lrm: 1.00 | dt: 125.42ms | tok/sec: 2,090,068 | bf16_mfu: 0.00 | epoch: 1 pq: 0 rg: 24 | total time: 0.07m | eta: 0.5m
step 00046/00300 (15.33%) | loss: 6.022067 | lrm: 1.00 | dt: 125.19ms | tok/sec: 2,094,036 | bf16_mfu: 0.00 | epoch: 1 pq: 0 rg: 24 | total time: 0.08m | eta: 0.5m
step 00047/00300 (15.67%) | loss: 6.008090 | lrm: 1.00 | dt: 125.36ms | tok/sec: 2,091,192 | bf16_mfu: 0.00 | epoch: 1 pq: 0 rg: 24 | total time: 0.08m | eta: 0.5m
step 00048/00300 (16.00%) | loss: 5.980934 | lrm: 1.00 | dt: 125.59ms | tok/sec: 2,087,286 | bf16_mfu: 0.00 | epoch: 1 pq: 0 rg: 24 | total time: 0.08m | eta: 0.5m
step 00049/00300 (16.33%) | loss: 5.955763 | lrm: 1.00 | dt: 125.54ms | tok/sec: 2,088,158 | bf16_mfu: 0.00 | epoch: 1 pq: 0 rg: 24 | total time: 0.08m | eta: 0.5m
step 00050/00300 (16.67%) | loss: 5.938702 | lrm: 1.00 | dt: 125.27ms | tok/sec: 2,092,621 | bf16_mfu: 0.00 | epoch: 1 pq: 0 rg: 24 | total time: 0.08m | eta: 0.5m
step 00051/00300 (17.00%) | loss: 5.911286 | lrm: 1.00 | dt: 125.40ms | tok/sec: 2,090,433 | bf16_mfu: 0.00 | epoch: 1 pq: 0 rg: 24 | total time: 0.09m | eta: 0.5m
step 00052/00300 (17.33%) | loss: 5.891248 | lrm: 1.00 | dt: 125.59ms | tok/sec: 2,087,294 | bf16_mfu: 0.00 | epoch: 1 pq: 0 rg: 24 | total time: 0.09m | eta: 0.5m
step 00053/00300 (17.67%) | loss: 5.873266 | lrm: 1.00 | dt: 125.68ms | tok/sec: 2,085,849 | bf16_mfu: 0.00 | epoch: 1 pq: 0 rg: 32 | total time: 0.09m | eta: 0.5m
step 00054/00300 (18.00%) | loss: 5.846665 | lrm: 1.00 | dt: 125.18ms | tok/sec: 2,094,136 | bf16_mfu: 0.00 | epoch: 1 pq: 0 rg: 32 | total time: 0.09m | eta: 0.5m
step 00055/00300 (18.33%) | loss: 5.825418 | lrm: 1.00 | dt: 125.41ms | tok/sec: 2,090,310 | bf16_mfu: 0.00 | epoch: 1 pq: 0 rg: 32 | total time: 0.09m | eta: 0.5m
step 00056/00300 (18.67%) | loss: 5.810447 | lrm: 1.00 | dt: 125.53ms | tok/sec: 2,088,376 | bf16_mfu: 0.00 | epoch: 1 pq: 0 rg: 32 | total time: 0.10m | eta: 0.5m
step 00057/00300 (19.00%) | loss: 5.800248 | lrm: 1.00 | dt: 125.61ms | tok/sec: 2,086,922 | bf16_mfu: 0.00 | epoch: 1 pq: 0 rg: 32 | total time: 0.10m | eta: 0.5m
step 00058/00300 (19.33%) | loss: 5.770045 | lrm: 1.00 | dt: 125.20ms | tok/sec: 2,093,789 | bf16_mfu: 0.00 | epoch: 1 pq: 0 rg: 32 | total time: 0.10m | eta: 0.5m
step 00059/00300 (19.67%) | loss: 5.749591 | lrm: 1.00 | dt: 125.39ms | tok/sec: 2,090,672 | bf16_mfu: 0.00 | epoch: 1 pq: 0 rg: 32 | total time: 0.10m | eta: 0.5m
step 00060/00300 (20.00%) | loss: 5.726066 | lrm: 1.00 | dt: 125.46ms | tok/sec: 2,089,503 | bf16_mfu: 0.00 | epoch: 1 pq: 0 rg: 32 | total time: 0.10m | eta: 0.5m
step 00061/00300 (20.33%) | loss: 5.703696 | lrm: 1.00 | dt: 125.43ms | tok/sec: 2,089,956 | bf16_mfu: 0.00 | epoch: 1 pq: 0 rg: 32 | total time: 0.11m | eta: 0.5m
step 00062/00300 (20.67%) | loss: 5.693177 | lrm: 1.00 | dt: 125.35ms | tok/sec: 2,091,356 | bf16_mfu: 0.00 | epoch: 1 pq: 0 rg: 32 | total time: 0.11m | eta: 0.5m
step 00063/00300 (21.00%) | loss: 5.670761 | lrm: 1.00 | dt: 125.31ms | tok/sec: 2,091,952 | bf16_mfu: 0.00 | epoch: 1 pq: 0 rg: 32 | total time: 0.11m | eta: 0.5m
step 00064/00300 (21.33%) | loss: 5.655243 | lrm: 1.00 | dt: 125.48ms | tok/sec: 2,089,110 | bf16_mfu: 0.00 | epoch: 1 pq: 0 rg: 32 | total time: 0.11m | eta: 0.5m
step 00065/00300 (21.67%) | loss: 5.636163 | lrm: 1.00 | dt: 125.33ms | tok/sec: 2,091,702 | bf16_mfu: 0.00 | epoch: 1 pq: 0 rg: 32 | total time: 0.11m | eta: 0.5m
step 00066/00300 (22.00%) | loss: 5.617523 | lrm: 1.00 | dt: 125.57ms | tok/sec: 2,087,675 | bf16_mfu: 0.00 | epoch: 1 pq: 0 rg: 32 | total time: 0.12m | eta: 0.5m
step 00067/00300 (22.33%) | loss: 5.597202 | lrm: 1.00 | dt: 125.24ms | tok/sec: 2,093,083 | bf16_mfu: 0.00 | epoch: 1 pq: 0 rg: 32 | total time: 0.12m | eta: 0.5m
step 00068/00300 (22.67%) | loss: 5.579275 | lrm: 1.00 | dt: 125.58ms | tok/sec: 2,087,389 | bf16_mfu: 0.00 | epoch: 1 pq: 0 rg: 32 | total time: 0.12m | eta: 0.5m
step 00069/00300 (23.00%) | loss: 5.552407 | lrm: 1.00 | dt: 125.33ms | tok/sec: 2,091,570 | bf16_mfu: 0.00 | epoch: 1 pq: 0 rg: 40 | total time: 0.12m | eta: 0.5m
step 00070/00300 (23.33%) | loss: 5.531502 | lrm: 1.00 | dt: 125.46ms | tok/sec: 2,089,416 | bf16_mfu: 0.00 | epoch: 1 pq: 0 rg: 40 | total time: 0.13m | eta: 0.5m
step 00071/00300 (23.67%) | loss: 5.517282 | lrm: 1.00 | dt: 125.73ms | tok/sec: 2,084,919 | bf16_mfu: 0.00 | epoch: 1 pq: 0 rg: 40 | total time: 0.13m | eta: 0.5m
step 00072/00300 (24.00%) | loss: 5.508080 | lrm: 1.00 | dt: 125.37ms | tok/sec: 2,091,041 | bf16_mfu: 0.00 | epoch: 1 pq: 0 rg: 40 | total time: 0.13m | eta: 0.5m
step 00073/00300 (24.33%) | loss: 5.497981 | lrm: 1.00 | dt: 125.37ms | tok/sec: 2,090,986 | bf16_mfu: 0.00 | epoch: 1 pq: 0 rg: 40 | total time: 0.13m | eta: 0.5m
step 00074/00300 (24.67%) | loss: 5.492522 | lrm: 1.00 | dt: 125.56ms | tok/sec: 2,087,746 | bf16_mfu: 0.00 | epoch: 1 pq: 0 rg: 40 | total time: 0.13m | eta: 0.5m
step 00075/00300 (25.00%) | loss: 5.461539 | lrm: 1.00 | dt: 125.53ms | tok/sec: 2,088,273 | bf16_mfu: 0.00 | epoch: 1 pq: 0 rg: 40 | total time: 0.14m | eta: 0.5m
step 00076/00300 (25.33%) | loss: 5.433328 | lrm: 1.00 | dt: 125.53ms | tok/sec: 2,088,257 | bf16_mfu: 0.00 | epoch: 1 pq: 0 rg: 40 | total time: 0.14m | eta: 0.5m
step 00077/00300 (25.67%) | loss: 5.416326 | lrm: 1.00 | dt: 125.50ms | tok/sec: 2,088,809 | bf16_mfu: 0.00 | epoch: 1 pq: 0 rg: 40 | total time: 0.14m | eta: 0.5m
step 00078/00300 (26.00%) | loss: 5.407651 | lrm: 1.00 | dt: 125.31ms | tok/sec: 2,091,925 | bf16_mfu: 0.00 | epoch: 1 pq: 0 rg: 40 | total time: 0.14m | eta: 0.5m
step 00079/00300 (26.33%) | loss: 5.399435 | lrm: 1.00 | dt: 125.63ms | tok/sec: 2,086,672 | bf16_mfu: 0.00 | epoch: 1 pq: 0 rg: 40 | total time: 0.14m | eta: 0.5m
step 00080/00300 (26.67%) | loss: 5.371548 | lrm: 1.00 | dt: 125.32ms | tok/sec: 2,091,813 | bf16_mfu: 0.00 | epoch: 1 pq: 0 rg: 40 | total time: 0.15m | eta: 0.5m
step 00081/00300 (27.00%) | loss: 5.353077 | lrm: 1.00 | dt: 125.52ms | tok/sec: 2,088,499 | bf16_mfu: 0.00 | epoch: 1 pq: 0 rg: 40 | total time: 0.15m | eta: 0.5m
step 00082/00300 (27.33%) | loss: 5.348363 | lrm: 1.00 | dt: 125.39ms | tok/sec: 2,090,584 | bf16_mfu: 0.00 | epoch: 1 pq: 0 rg: 40 | total time: 0.15m | eta: 0.5m
step 00083/00300 (27.67%) | loss: 5.345244 | lrm: 1.00 | dt: 125.93ms | tok/sec: 2,081,608 | bf16_mfu: 0.00 | epoch: 1 pq: 0 rg: 40 | total time: 0.15m | eta: 0.5m
step 00084/00300 (28.00%) | loss: 5.324847 | lrm: 1.00 | dt: 125.95ms | tok/sec: 2,081,351 | bf16_mfu: 0.00 | epoch: 1 pq: 0 rg: 48 | total time: 0.15m | eta: 0.5m
step 00085/00300 (28.33%) | loss: 5.319971 | lrm: 1.00 | dt: 125.57ms | tok/sec: 2,087,560 | bf16_mfu: 0.00 | epoch: 1 pq: 0 rg: 48 | total time: 0.16m | eta: 0.4m
step 00086/00300 (28.67%) | loss: 5.295271 | lrm: 1.00 | dt: 125.56ms | tok/sec: 2,087,817 | bf16_mfu: 0.00 | epoch: 1 pq: 0 rg: 48 | total time: 0.16m | eta: 0.4m
step 00087/00300 (29.00%) | loss: 5.285418 | lrm: 1.00 | dt: 125.81ms | tok/sec: 2,083,627 | bf16_mfu: 0.00 | epoch: 1 pq: 0 rg: 48 | total time: 0.16m | eta: 0.4m
step 00088/00300 (29.33%) | loss: 5.266364 | lrm: 1.00 | dt: 125.57ms | tok/sec: 2,087,706 | bf16_mfu: 0.00 | epoch: 1 pq: 0 rg: 48 | total time: 0.16m | eta: 0.4m
step 00089/00300 (29.67%) | loss: 5.261102 | lrm: 1.00 | dt: 125.49ms | tok/sec: 2,088,900 | bf16_mfu: 0.00 | epoch: 1 pq: 0 rg: 48 | total time: 0.17m | eta: 0.4m
step 00090/00300 (30.00%) | loss: 5.245722 | lrm: 1.00 | dt: 125.37ms | tok/sec: 2,090,962 | bf16_mfu: 0.00 | epoch: 1 pq: 0 rg: 48 | total time: 0.17m | eta: 0.4m
step 00091/00300 (30.33%) | loss: 5.235654 | lrm: 1.00 | dt: 125.36ms | tok/sec: 2,091,145 | bf16_mfu: 0.00 | epoch: 1 pq: 0 rg: 48 | total time: 0.17m | eta: 0.4m
step 00092/00300 (30.67%) | loss: 5.220118 | lrm: 1.00 | dt: 125.43ms | tok/sec: 2,089,996 | bf16_mfu: 0.00 | epoch: 1 pq: 0 rg: 48 | total time: 0.17m | eta: 0.4m
step 00093/00300 (31.00%) | loss: 5.198256 | lrm: 1.00 | dt: 125.34ms | tok/sec: 2,091,507 | bf16_mfu: 0.00 | epoch: 1 pq: 0 rg: 48 | total time: 0.17m | eta: 0.4m
step 00094/00300 (31.33%) | loss: 5.182764 | lrm: 1.00 | dt: 125.39ms | tok/sec: 2,090,580 | bf16_mfu: 0.00 | epoch: 1 pq: 0 rg: 48 | total time: 0.18m | eta: 0.4m
step 00095/00300 (31.67%) | loss: 5.162134 | lrm: 1.00 | dt: 125.51ms | tok/sec: 2,088,610 | bf16_mfu: 0.00 | epoch: 1 pq: 0 rg: 48 | total time: 0.18m | eta: 0.4m
step 00096/00300 (32.00%) | loss: 5.149359 | lrm: 1.00 | dt: 125.59ms | tok/sec: 2,087,266 | bf16_mfu: 0.00 | epoch: 1 pq: 0 rg: 48 | total time: 0.18m | eta: 0.4m
step 00097/00300 (32.33%) | loss: 5.141467 | lrm: 1.00 | dt: 125.50ms | tok/sec: 2,088,872 | bf16_mfu: 0.00 | epoch: 1 pq: 0 rg: 48 | total time: 0.18m | eta: 0.4m
step 00098/00300 (32.67%) | loss: 5.126647 | lrm: 1.00 | dt: 125.58ms | tok/sec: 2,087,524 | bf16_mfu: 0.00 | epoch: 1 pq: 0 rg: 48 | total time: 0.18m | eta: 0.4m
step 00099/00300 (33.00%) | loss: 5.122281 | lrm: 1.00 | dt: 125.99ms | tok/sec: 2,080,682 | bf16_mfu: 0.00 | epoch: 1 pq: 0 rg: 56 | total time: 0.19m | eta: 0.4m
step 00100/00300 (33.33%) | loss: 5.110845 | lrm: 1.00 | dt: 125.56ms | tok/sec: 2,087,746 | bf16_mfu: 0.00 | epoch: 1 pq: 0 rg: 56 | total time: 0.19m | eta: 0.4m
step 00101/00300 (33.67%) | loss: 5.087579 | lrm: 1.00 | dt: 125.32ms | tok/sec: 2,091,757 | bf16_mfu: 0.00 | epoch: 1 pq: 0 rg: 56 | total time: 0.19m | eta: 0.4m
step 00102/00300 (34.00%) | loss: 5.090791 | lrm: 1.00 | dt: 125.46ms | tok/sec: 2,089,488 | bf16_mfu: 0.00 | epoch: 1 pq: 0 rg: 56 | total time: 0.19m | eta: 0.4m
step 00103/00300 (34.33%) | loss: 5.069762 | lrm: 1.00 | dt: 125.50ms | tok/sec: 2,088,718 | bf16_mfu: 0.00 | epoch: 1 pq: 0 rg: 56 | total time: 0.19m | eta: 0.4m
step 00104/00300 (34.67%) | loss: 5.062945 | lrm: 1.00 | dt: 125.55ms | tok/sec: 2,087,889 | bf16_mfu: 0.00 | epoch: 1 pq: 0 rg: 56 | total time: 0.20m | eta: 0.4m
step 00105/00300 (35.00%) | loss: 5.045492 | lrm: 1.00 | dt: 125.46ms | tok/sec: 2,089,456 | bf16_mfu: 0.00 | epoch: 1 pq: 0 rg: 56 | total time: 0.20m | eta: 0.4m
step 00106/00300 (35.33%) | loss: 5.045073 | lrm: 1.00 | dt: 125.53ms | tok/sec: 2,088,357 | bf16_mfu: 0.00 | epoch: 1 pq: 0 rg: 56 | total time: 0.20m | eta: 0.4m
step 00107/00300 (35.67%) | loss: 5.024665 | lrm: 0.99 | dt: 125.22ms | tok/sec: 2,093,546 | bf16_mfu: 0.00 | epoch: 1 pq: 0 rg: 56 | total time: 0.20m | eta: 0.4m
step 00108/00300 (36.00%) | loss: 5.019800 | lrm: 0.99 | dt: 125.59ms | tok/sec: 2,087,219 | bf16_mfu: 0.00 | epoch: 1 pq: 0 rg: 56 | total time: 0.20m | eta: 0.4m
step 00109/00300 (36.33%) | loss: 5.006799 | lrm: 0.98 | dt: 125.36ms | tok/sec: 2,091,185 | bf16_mfu: 0.00 | epoch: 1 pq: 0 rg: 56 | total time: 0.21m | eta: 0.4m
step 00110/00300 (36.67%) | loss: 4.998232 | lrm: 0.98 | dt: 125.47ms | tok/sec: 2,089,218 | bf16_mfu: 0.00 | epoch: 1 pq: 0 rg: 56 | total time: 0.21m | eta: 0.4m
step 00111/00300 (37.00%) | loss: 4.985599 | lrm: 0.97 | dt: 125.58ms | tok/sec: 2,087,460 | bf16_mfu: 0.00 | epoch: 1 pq: 0 rg: 56 | total time: 0.21m | eta: 0.4m
step 00112/00300 (37.33%) | loss: 4.951139 | lrm: 0.97 | dt: 125.62ms | tok/sec: 2,086,799 | bf16_mfu: 0.00 | epoch: 1 pq: 0 rg: 56 | total time: 0.21m | eta: 0.4m
step 00113/00300 (37.67%) | loss: 4.934613 | lrm: 0.96 | dt: 125.62ms | tok/sec: 2,086,799 | bf16_mfu: 0.00 | epoch: 1 pq: 0 rg: 56 | total time: 0.22m | eta: 0.4m
step 00114/00300 (38.00%) | loss: 4.928864 | lrm: 0.96 | dt: 125.51ms | tok/sec: 2,088,559 | bf16_mfu: 0.00 | epoch: 1 pq: 0 rg: 64 | total time: 0.22m | eta: 0.4m
step 00115/00300 (38.33%) | loss: 4.934585 | lrm: 0.95 | dt: 125.47ms | tok/sec: 2,089,325 | bf16_mfu: 0.00 | epoch: 1 pq: 0 rg: 64 | total time: 0.22m | eta: 0.4m
step 00116/00300 (38.67%) | loss: 4.933279 | lrm: 0.95 | dt: 125.47ms | tok/sec: 2,089,305 | bf16_mfu: 0.00 | epoch: 1 pq: 0 rg: 64 | total time: 0.22m | eta: 0.4m
step 00117/00300 (39.00%) | loss: 4.924120 | lrm: 0.94 | dt: 125.53ms | tok/sec: 2,088,313 | bf16_mfu: 0.00 | epoch: 1 pq: 0 rg: 64 | total time: 0.22m | eta: 0.4m
step 00118/00300 (39.33%) | loss: 4.904684 | lrm: 0.94 | dt: 125.47ms | tok/sec: 2,089,376 | bf16_mfu: 0.00 | epoch: 1 pq: 0 rg: 64 | total time: 0.23m | eta: 0.4m
step 00119/00300 (39.67%) | loss: 4.900190 | lrm: 0.93 | dt: 126.13ms | tok/sec: 2,078,330 | bf16_mfu: 0.00 | epoch: 1 pq: 0 rg: 64 | total time: 0.23m | eta: 0.4m
step 00120/00300 (40.00%) | loss: 4.889296 | lrm: 0.93 | dt: 125.86ms | tok/sec: 2,082,885 | bf16_mfu: 0.00 | epoch: 1 pq: 0 rg: 64 | total time: 0.23m | eta: 0.4m
step 00121/00300 (40.33%) | loss: 4.884997 | lrm: 0.92 | dt: 125.78ms | tok/sec: 2,084,212 | bf16_mfu: 0.00 | epoch: 1 pq: 0 rg: 64 | total time: 0.23m | eta: 0.4m
step 00122/00300 (40.67%) | loss: 4.867012 | lrm: 0.92 | dt: 125.60ms | tok/sec: 2,087,128 | bf16_mfu: 0.00 | epoch: 1 pq: 0 rg: 64 | total time: 0.23m | eta: 0.4m
step 00123/00300 (41.00%) | loss: 4.838570 | lrm: 0.91 | dt: 125.76ms | tok/sec: 2,084,457 | bf16_mfu: 0.00 | epoch: 1 pq: 0 rg: 64 | total time: 0.24m | eta: 0.4m
step 00124/00300 (41.33%) | loss: 4.812355 | lrm: 0.91 | dt: 125.70ms | tok/sec: 2,085,501 | bf16_mfu: 0.00 | epoch: 1 pq: 0 rg: 64 | total time: 0.24m | eta: 0.4m
step 00125/00300 (41.67%) | loss: 4.792233 | lrm: 0.90 | dt: 125.83ms | tok/sec: 2,083,323 | bf16_mfu: 0.00 | epoch: 1 pq: 0 rg: 64 | total time: 0.24m | eta: 0.4m
step 00126/00300 (42.00%) | loss: 4.779751 | lrm: 0.90 | dt: 125.94ms | tok/sec: 2,081,509 | bf16_mfu: 0.00 | epoch: 1 pq: 0 rg: 64 | total time: 0.24m | eta: 0.4m
step 00127/00300 (42.33%) | loss: 4.776220 | lrm: 0.89 | dt: 125.80ms | tok/sec: 2,083,876 | bf16_mfu: 0.00 | epoch: 1 pq: 0 rg: 64 | total time: 0.24m | eta: 0.4m
step 00128/00300 (42.67%) | loss: 4.765516 | lrm: 0.89 | dt: 125.68ms | tok/sec: 2,085,726 | bf16_mfu: 0.00 | epoch: 1 pq: 0 rg: 64 | total time: 0.25m | eta: 0.4m
step 00129/00300 (43.00%) | loss: 4.747420 | lrm: 0.88 | dt: 125.67ms | tok/sec: 2,085,964 | bf16_mfu: 0.00 | epoch: 1 pq: 0 rg: 72 | total time: 0.25m | eta: 0.4m
step 00130/00300 (43.33%) | loss: 4.735709 | lrm: 0.88 | dt: 126.05ms | tok/sec: 2,079,631 | bf16_mfu: 0.00 | epoch: 1 pq: 0 rg: 72 | total time: 0.25m | eta: 0.4m
step 00131/00300 (43.67%) | loss: 4.723998 | lrm: 0.87 | dt: 126.23ms | tok/sec: 2,076,740 | bf16_mfu: 0.00 | epoch: 1 pq: 0 rg: 72 | total time: 0.25m | eta: 0.4m
step 00132/00300 (44.00%) | loss: 4.716835 | lrm: 0.87 | dt: 125.57ms | tok/sec: 2,087,575 | bf16_mfu: 0.00 | epoch: 1 pq: 0 rg: 72 | total time: 0.26m | eta: 0.4m
step 00133/00300 (44.33%) | loss: 4.720469 | lrm: 0.86 | dt: 125.49ms | tok/sec: 2,089,031 | bf16_mfu: 0.00 | epoch: 1 pq: 0 rg: 72 | total time: 0.26m | eta: 0.3m
step 00134/00300 (44.67%) | loss: 4.708475 | lrm: 0.86 | dt: 125.43ms | tok/sec: 2,090,040 | bf16_mfu: 0.00 | epoch: 1 pq: 0 rg: 72 | total time: 0.26m | eta: 0.3m
step 00135/00300 (45.00%) | loss: 4.692090 | lrm: 0.85 | dt: 125.68ms | tok/sec: 2,085,722 | bf16_mfu: 0.00 | epoch: 1 pq: 0 rg: 72 | total time: 0.26m | eta: 0.3m
step 00136/00300 (45.33%) | loss: 4.688990 | lrm: 0.85 | dt: 125.59ms | tok/sec: 2,087,290 | bf16_mfu: 0.00 | epoch: 1 pq: 0 rg: 72 | total time: 0.26m | eta: 0.3m
step 00137/00300 (45.67%) | loss: 4.673737 | lrm: 0.84 | dt: 125.41ms | tok/sec: 2,090,218 | bf16_mfu: 0.00 | epoch: 1 pq: 0 rg: 72 | total time: 0.27m | eta: 0.3m
step 00138/00300 (46.00%) | loss: 4.657884 | lrm: 0.84 | dt: 125.53ms | tok/sec: 2,088,309 | bf16_mfu: 0.00 | epoch: 1 pq: 0 rg: 72 | total time: 0.27m | eta: 0.3m
step 00139/00300 (46.33%) | loss: 4.651275 | lrm: 0.83 | dt: 125.56ms | tok/sec: 2,087,774 | bf16_mfu: 0.00 | epoch: 1 pq: 0 rg: 72 | total time: 0.27m | eta: 0.3m
step 00140/00300 (46.67%) | loss: 4.645461 | lrm: 0.83 | dt: 125.62ms | tok/sec: 2,086,874 | bf16_mfu: 0.00 | epoch: 1 pq: 0 rg: 72 | total time: 0.27m | eta: 0.3m
step 00141/00300 (47.00%) | loss: 4.630237 | lrm: 0.82 | dt: 125.91ms | tok/sec: 2,081,994 | bf16_mfu: 0.00 | epoch: 1 pq: 0 rg: 72 | total time: 0.27m | eta: 0.3m
step 00142/00300 (47.33%) | loss: 4.615425 | lrm: 0.82 | dt: 125.40ms | tok/sec: 2,090,481 | bf16_mfu: 0.00 | epoch: 1 pq: 0 rg: 72 | total time: 0.28m | eta: 0.3m
step 00143/00300 (47.67%) | loss: 4.594098 | lrm: 0.81 | dt: 125.52ms | tok/sec: 2,088,416 | bf16_mfu: 0.00 | epoch: 1 pq: 0 rg: 72 | total time: 0.28m | eta: 0.3m
step 00144/00300 (48.00%) | loss: 4.587330 | lrm: 0.81 | dt: 125.41ms | tok/sec: 2,090,330 | bf16_mfu: 0.00 | epoch: 1 pq: 0 rg: 72 | total time: 0.28m | eta: 0.3m
step 00145/00300 (48.33%) | loss: 4.574776 | lrm: 0.81 | dt: 125.77ms | tok/sec: 2,084,390 | bf16_mfu: 0.00 | epoch: 1 pq: 0 rg: 80 | total time: 0.28m | eta: 0.3m
step 00146/00300 (48.67%) | loss: 4.570488 | lrm: 0.80 | dt: 125.46ms | tok/sec: 2,089,519 | bf16_mfu: 0.00 | epoch: 1 pq: 0 rg: 80 | total time: 0.28m | eta: 0.3m
step 00147/00300 (49.00%) | loss: 4.555659 | lrm: 0.80 | dt: 125.59ms | tok/sec: 2,087,247 | bf16_mfu: 0.00 | epoch: 1 pq: 0 rg: 80 | total time: 0.29m | eta: 0.3m
step 00148/00300 (49.33%) | loss: 4.538616 | lrm: 0.79 | dt: 125.58ms | tok/sec: 2,087,449 | bf16_mfu: 0.00 | epoch: 1 pq: 0 rg: 80 | total time: 0.29m | eta: 0.3m
step 00149/00300 (49.67%) | loss: 4.524637 | lrm: 0.79 | dt: 125.19ms | tok/sec: 2,093,905 | bf16_mfu: 0.00 | epoch: 1 pq: 0 rg: 80 | total time: 0.29m | eta: 0.3m
step 00150/00300 (50.00%) | loss: 4.534857 | lrm: 0.78 | dt: 125.67ms | tok/sec: 2,086,011 | bf16_mfu: 0.00 | epoch: 1 pq: 0 rg: 80 | total time: 0.29m | eta: 0.3m
step 00151/00300 (50.33%) | loss: 4.531013 | lrm: 0.78 | dt: 125.29ms | tok/sec: 2,092,311 | bf16_mfu: 0.00 | epoch: 1 pq: 0 rg: 80 | total time: 0.29m | eta: 0.3m
step 00152/00300 (50.67%) | loss: 4.507672 | lrm: 0.77 | dt: 125.55ms | tok/sec: 2,087,897 | bf16_mfu: 0.00 | epoch: 1 pq: 0 rg: 80 | total time: 0.30m | eta: 0.3m
step 00153/00300 (51.00%) | loss: 4.498019 | lrm: 0.77 | dt: 125.45ms | tok/sec: 2,089,619 | bf16_mfu: 0.00 | epoch: 1 pq: 0 rg: 80 | total time: 0.30m | eta: 0.3m
step 00154/00300 (51.33%) | loss: 4.496133 | lrm: 0.76 | dt: 125.44ms | tok/sec: 2,089,738 | bf16_mfu: 0.00 | epoch: 1 pq: 0 rg: 80 | total time: 0.30m | eta: 0.3m
step 00155/00300 (51.67%) | loss: 4.494375 | lrm: 0.76 | dt: 125.31ms | tok/sec: 2,091,960 | bf16_mfu: 0.00 | epoch: 1 pq: 0 rg: 80 | total time: 0.30m | eta: 0.3m
step 00156/00300 (52.00%) | loss: 4.480084 | lrm: 0.75 | dt: 125.55ms | tok/sec: 2,087,920 | bf16_mfu: 0.00 | epoch: 1 pq: 0 rg: 80 | total time: 0.31m | eta: 0.3m
step 00157/00300 (52.33%) | loss: 4.495593 | lrm: 0.75 | dt: 125.40ms | tok/sec: 2,090,501 | bf16_mfu: 0.00 | epoch: 1 pq: 0 rg: 80 | total time: 0.31m | eta: 0.3m
step 00158/00300 (52.67%) | loss: 4.472172 | lrm: 0.74 | dt: 125.55ms | tok/sec: 2,087,912 | bf16_mfu: 0.00 | epoch: 1 pq: 0 rg: 80 | total time: 0.31m | eta: 0.3m
step 00159/00300 (53.00%) | loss: 4.460581 | lrm: 0.74 | dt: 125.69ms | tok/sec: 2,085,671 | bf16_mfu: 0.00 | epoch: 1 pq: 0 rg: 80 | total time: 0.31m | eta: 0.3m
step 00160/00300 (53.33%) | loss: 4.454560 | lrm: 0.73 | dt: 125.52ms | tok/sec: 2,088,472 | bf16_mfu: 0.00 | epoch: 1 pq: 1 rg: 0 | total time: 0.31m | eta: 0.3m
step 00161/00300 (53.67%) | loss: 4.441931 | lrm: 0.73 | dt: 125.74ms | tok/sec: 2,084,828 | bf16_mfu: 0.00 | epoch: 1 pq: 1 rg: 0 | total time: 0.32m | eta: 0.3m
step 00162/00300 (54.00%) | loss: 4.428694 | lrm: 0.72 | dt: 125.44ms | tok/sec: 2,089,845 | bf16_mfu: 0.00 | epoch: 1 pq: 1 rg: 0 | total time: 0.32m | eta: 0.3m
step 00163/00300 (54.33%) | loss: 4.426404 | lrm: 0.72 | dt: 125.67ms | tok/sec: 2,085,979 | bf16_mfu: 0.00 | epoch: 1 pq: 1 rg: 0 | total time: 0.32m | eta: 0.3m
step 00164/00300 (54.67%) | loss: 4.421891 | lrm: 0.71 | dt: 125.54ms | tok/sec: 2,088,174 | bf16_mfu: 0.00 | epoch: 1 pq: 1 rg: 0 | total time: 0.32m | eta: 0.3m
step 00165/00300 (55.00%) | loss: 4.407172 | lrm: 0.71 | dt: 125.36ms | tok/sec: 2,091,133 | bf16_mfu: 0.00 | epoch: 1 pq: 1 rg: 0 | total time: 0.32m | eta: 0.3m
step 00166/00300 (55.33%) | loss: 4.409820 | lrm: 0.70 | dt: 125.46ms | tok/sec: 2,089,535 | bf16_mfu: 0.00 | epoch: 1 pq: 1 rg: 0 | total time: 0.33m | eta: 0.3m
step 00167/00300 (55.67%) | loss: 4.392347 | lrm: 0.70 | dt: 125.45ms | tok/sec: 2,089,583 | bf16_mfu: 0.00 | epoch: 1 pq: 1 rg: 0 | total time: 0.33m | eta: 0.3m
step 00168/00300 (56.00%) | loss: 4.385173 | lrm: 0.69 | dt: 125.57ms | tok/sec: 2,087,639 | bf16_mfu: 0.00 | epoch: 1 pq: 1 rg: 0 | total time: 0.33m | eta: 0.3m
step 00169/00300 (56.33%) | loss: 4.365182 | lrm: 0.69 | dt: 125.57ms | tok/sec: 2,087,615 | bf16_mfu: 0.00 | epoch: 1 pq: 1 rg: 0 | total time: 0.33m | eta: 0.3m
step 00170/00300 (56.67%) | loss: 4.369312 | lrm: 0.68 | dt: 125.50ms | tok/sec: 2,088,797 | bf16_mfu: 0.00 | epoch: 1 pq: 1 rg: 0 | total time: 0.33m | eta: 0.3m
step 00171/00300 (57.00%) | loss: 4.353820 | lrm: 0.68 | dt: 125.66ms | tok/sec: 2,086,205 | bf16_mfu: 0.00 | epoch: 1 pq: 1 rg: 0 | total time: 0.34m | eta: 0.3m
step 00172/00300 (57.33%) | loss: 4.359040 | lrm: 0.67 | dt: 125.57ms | tok/sec: 2,087,635 | bf16_mfu: 0.00 | epoch: 1 pq: 1 rg: 0 | total time: 0.34m | eta: 0.3m
step 00173/00300 (57.67%) | loss: 4.346521 | lrm: 0.67 | dt: 125.23ms | tok/sec: 2,093,358 | bf16_mfu: 0.00 | epoch: 1 pq: 1 rg: 0 | total time: 0.34m | eta: 0.3m
step 00174/00300 (58.00%) | loss: 4.343714 | lrm: 0.66 | dt: 125.35ms | tok/sec: 2,091,316 | bf16_mfu: 0.00 | epoch: 1 pq: 1 rg: 0 | total time: 0.34m | eta: 0.3m
step 00175/00300 (58.33%) | loss: 4.331771 | lrm: 0.66 | dt: 125.55ms | tok/sec: 2,088,015 | bf16_mfu: 0.00 | epoch: 1 pq: 1 rg: 8 | total time: 0.35m | eta: 0.3m
step 00176/00300 (58.67%) | loss: 4.322162 | lrm: 0.65 | dt: 125.96ms | tok/sec: 2,081,131 | bf16_mfu: 0.00 | epoch: 1 pq: 1 rg: 8 | total time: 0.35m | eta: 0.3m
step 00177/00300 (59.00%) | loss: 4.306828 | lrm: 0.65 | dt: 125.77ms | tok/sec: 2,084,338 | bf16_mfu: 0.00 | epoch: 1 pq: 1 rg: 8 | total time: 0.35m | eta: 0.3m
step 00178/00300 (59.33%) | loss: 4.289166 | lrm: 0.64 | dt: 125.64ms | tok/sec: 2,086,395 | bf16_mfu: 0.00 | epoch: 1 pq: 1 rg: 8 | total time: 0.35m | eta: 0.3m
step 00179/00300 (59.67%) | loss: 4.274560 | lrm: 0.64 | dt: 125.50ms | tok/sec: 2,088,813 | bf16_mfu: 0.00 | epoch: 1 pq: 1 rg: 8 | total time: 0.35m | eta: 0.3m
step 00180/00300 (60.00%) | loss: 4.252234 | lrm: 0.63 | dt: 125.59ms | tok/sec: 2,087,266 | bf16_mfu: 0.00 | epoch: 1 pq: 1 rg: 8 | total time: 0.36m | eta: 0.3m
step 00181/00300 (60.33%) | loss: 4.242665 | lrm: 0.63 | dt: 125.70ms | tok/sec: 2,085,497 | bf16_mfu: 0.00 | epoch: 1 pq: 1 rg: 8 | total time: 0.36m | eta: 0.2m
step 00182/00300 (60.67%) | loss: 4.227705 | lrm: 0.62 | dt: 125.58ms | tok/sec: 2,087,520 | bf16_mfu: 0.00 | epoch: 1 pq: 1 rg: 8 | total time: 0.36m | eta: 0.2m
step 00183/00300 (61.00%) | loss: 4.223310 | lrm: 0.62 | dt: 125.71ms | tok/sec: 2,085,267 | bf16_mfu: 0.00 | epoch: 1 pq: 1 rg: 8 | total time: 0.36m | eta: 0.2m
step 00184/00300 (61.33%) | loss: 4.212285 | lrm: 0.62 | dt: 125.45ms | tok/sec: 2,089,587 | bf16_mfu: 0.00 | epoch: 1 pq: 1 rg: 8 | total time: 0.36m | eta: 0.2m
step 00185/00300 (61.67%) | loss: 4.205680 | lrm: 0.61 | dt: 125.33ms | tok/sec: 2,091,638 | bf16_mfu: 0.00 | epoch: 1 pq: 1 rg: 8 | total time: 0.37m | eta: 0.2m
step 00186/00300 (62.00%) | loss: 4.192959 | lrm: 0.61 | dt: 125.54ms | tok/sec: 2,088,127 | bf16_mfu: 0.00 | epoch: 1 pq: 1 rg: 8 | total time: 0.37m | eta: 0.2m
step 00187/00300 (62.33%) | loss: 4.180912 | lrm: 0.60 | dt: 125.35ms | tok/sec: 2,091,244 | bf16_mfu: 0.00 | epoch: 1 pq: 1 rg: 8 | total time: 0.37m | eta: 0.2m
step 00188/00300 (62.67%) | loss: 4.184779 | lrm: 0.60 | dt: 125.20ms | tok/sec: 2,093,885 | bf16_mfu: 0.00 | epoch: 1 pq: 1 rg: 8 | total time: 0.37m | eta: 0.2m
step 00189/00300 (63.00%) | loss: 4.172765 | lrm: 0.59 | dt: 125.31ms | tok/sec: 2,091,960 | bf16_mfu: 0.00 | epoch: 1 pq: 1 rg: 16 | total time: 0.37m | eta: 0.2m
step 00190/00300 (63.33%) | loss: 4.168528 | lrm: 0.59 | dt: 125.41ms | tok/sec: 2,090,230 | bf16_mfu: 0.00 | epoch: 1 pq: 1 rg: 16 | total time: 0.38m | eta: 0.2m
step 00191/00300 (63.67%) | loss: 4.149335 | lrm: 0.58 | dt: 125.61ms | tok/sec: 2,087,005 | bf16_mfu: 0.00 | epoch: 1 pq: 1 rg: 16 | total time: 0.38m | eta: 0.2m
step 00192/00300 (64.00%) | loss: 4.153847 | lrm: 0.58 | dt: 125.57ms | tok/sec: 2,087,694 | bf16_mfu: 0.00 | epoch: 1 pq: 1 rg: 16 | total time: 0.38m | eta: 0.2m
step 00193/00300 (64.33%) | loss: 4.150836 | lrm: 0.57 | dt: 125.56ms | tok/sec: 2,087,865 | bf16_mfu: 0.00 | epoch: 1 pq: 1 rg: 16 | total time: 0.38m | eta: 0.2m
step 00194/00300 (64.67%) | loss: 4.160400 | lrm: 0.57 | dt: 125.53ms | tok/sec: 2,088,226 | bf16_mfu: 0.00 | epoch: 1 pq: 1 rg: 16 | total time: 0.38m | eta: 0.2m
step 00195/00300 (65.00%) | loss: 4.144702 | lrm: 0.56 | dt: 126.02ms | tok/sec: 2,080,115 | bf16_mfu: 0.00 | epoch: 1 pq: 1 rg: 16 | total time: 0.39m | eta: 0.2m
step 00196/00300 (65.33%) | loss: 4.153613 | lrm: 0.56 | dt: 125.59ms | tok/sec: 2,087,254 | bf16_mfu: 0.00 | epoch: 1 pq: 1 rg: 16 | total time: 0.39m | eta: 0.2m
step 00197/00300 (65.67%) | loss: 4.149756 | lrm: 0.55 | dt: 125.55ms | tok/sec: 2,087,984 | bf16_mfu: 0.00 | epoch: 1 pq: 1 rg: 16 | total time: 0.39m | eta: 0.2m
step 00198/00300 (66.00%) | loss: 4.153906 | lrm: 0.55 | dt: 125.32ms | tok/sec: 2,091,781 | bf16_mfu: 0.00 | epoch: 1 pq: 1 rg: 16 | total time: 0.39m | eta: 0.2m
step 00199/00300 (66.33%) | loss: 4.131907 | lrm: 0.54 | dt: 125.59ms | tok/sec: 2,087,381 | bf16_mfu: 0.00 | epoch: 1 pq: 1 rg: 16 | total time: 0.40m | eta: 0.2m
step 00200/00300 (66.67%) | loss: 4.125147 | lrm: 0.54 | dt: 125.42ms | tok/sec: 2,090,183 | bf16_mfu: 0.00 | epoch: 1 pq: 1 rg: 16 | total time: 0.40m | eta: 0.2m
step 00201/00300 (67.00%) | loss: 4.120905 | lrm: 0.53 | dt: 125.43ms | tok/sec: 2,089,948 | bf16_mfu: 0.00 | epoch: 1 pq: 1 rg: 16 | total time: 0.40m | eta: 0.2m
step 00202/00300 (67.33%) | loss: 4.113771 | lrm: 0.53 | dt: 125.66ms | tok/sec: 2,086,070 | bf16_mfu: 0.00 | epoch: 1 pq: 1 rg: 16 | total time: 0.40m | eta: 0.2m
step 00203/00300 (67.67%) | loss: 4.091415 | lrm: 0.52 | dt: 125.49ms | tok/sec: 2,088,987 | bf16_mfu: 0.00 | epoch: 1 pq: 1 rg: 16 | total time: 0.40m | eta: 0.2m
step 00204/00300 (68.00%) | loss: 4.092742 | lrm: 0.52 | dt: 125.48ms | tok/sec: 2,089,154 | bf16_mfu: 0.00 | epoch: 1 pq: 1 rg: 16 | total time: 0.41m | eta: 0.2m
step 00205/00300 (68.33%) | loss: 4.080919 | lrm: 0.51 | dt: 125.58ms | tok/sec: 2,087,496 | bf16_mfu: 0.00 | epoch: 1 pq: 1 rg: 24 | total time: 0.41m | eta: 0.2m
step 00206/00300 (68.67%) | loss: 4.072196 | lrm: 0.51 | dt: 125.32ms | tok/sec: 2,091,734 | bf16_mfu: 0.00 | epoch: 1 pq: 1 rg: 24 | total time: 0.41m | eta: 0.2m
step 00207/00300 (69.00%) | loss: 4.047065 | lrm: 0.50 | dt: 125.57ms | tok/sec: 2,087,603 | bf16_mfu: 0.00 | epoch: 1 pq: 1 rg: 24 | total time: 0.41m | eta: 0.2m
step 00208/00300 (69.33%) | loss: 4.057059 | lrm: 0.50 | dt: 125.43ms | tok/sec: 2,089,924 | bf16_mfu: 0.00 | epoch: 1 pq: 1 rg: 24 | total time: 0.41m | eta: 0.2m
step 00209/00300 (69.67%) | loss: 4.054048 | lrm: 0.49 | dt: 125.37ms | tok/sec: 2,090,970 | bf16_mfu: 0.00 | epoch: 1 pq: 1 rg: 24 | total time: 0.42m | eta: 0.2m
step 00210/00300 (70.00%) | loss: 4.053064 | lrm: 0.49 | dt: 125.33ms | tok/sec: 2,091,578 | bf16_mfu: 0.00 | epoch: 1 pq: 1 rg: 24 | total time: 0.42m | eta: 0.2m
step 00211/00300 (70.33%) | loss: 4.038153 | lrm: 0.48 | dt: 125.43ms | tok/sec: 2,089,893 | bf16_mfu: 0.00 | epoch: 1 pq: 1 rg: 24 | total time: 0.42m | eta: 0.2m
step 00212/00300 (70.67%) | loss: 4.041458 | lrm: 0.48 | dt: 125.30ms | tok/sec: 2,092,096 | bf16_mfu: 0.00 | epoch: 1 pq: 1 rg: 24 | total time: 0.42m | eta: 0.2m
step 00213/00300 (71.00%) | loss: 4.033682 | lrm: 0.47 | dt: 125.50ms | tok/sec: 2,088,876 | bf16_mfu: 0.00 | epoch: 1 pq: 1 rg: 24 | total time: 0.42m | eta: 0.2m
step 00214/00300 (71.33%) | loss: 4.019642 | lrm: 0.47 | dt: 125.47ms | tok/sec: 2,089,289 | bf16_mfu: 0.00 | epoch: 1 pq: 1 rg: 24 | total time: 0.43m | eta: 0.2m
step 00215/00300 (71.67%) | loss: 4.014687 | lrm: 0.46 | dt: 125.49ms | tok/sec: 2,089,039 | bf16_mfu: 0.00 | epoch: 1 pq: 1 rg: 24 | total time: 0.43m | eta: 0.2m
step 00216/00300 (72.00%) | loss: 3.999327 | lrm: 0.46 | dt: 125.51ms | tok/sec: 2,088,698 | bf16_mfu: 0.00 | epoch: 1 pq: 1 rg: 24 | total time: 0.43m | eta: 0.2m
step 00217/00300 (72.33%) | loss: 4.005594 | lrm: 0.45 | dt: 125.30ms | tok/sec: 2,092,088 | bf16_mfu: 0.00 | epoch: 1 pq: 1 rg: 24 | total time: 0.43m | eta: 0.2m
step 00218/00300 (72.67%) | loss: 3.993038 | lrm: 0.45 | dt: 125.45ms | tok/sec: 2,089,639 | bf16_mfu: 0.00 | epoch: 1 pq: 1 rg: 24 | total time: 0.44m | eta: 0.2m
step 00219/00300 (73.00%) | loss: 3.996210 | lrm: 0.44 | dt: 125.48ms | tok/sec: 2,089,162 | bf16_mfu: 0.00 | epoch: 1 pq: 1 rg: 24 | total time: 0.44m | eta: 0.2m
step 00220/00300 (73.33%) | loss: 3.991159 | lrm: 0.44 | dt: 125.54ms | tok/sec: 2,088,083 | bf16_mfu: 0.00 | epoch: 1 pq: 1 rg: 32 | total time: 0.44m | eta: 0.2m
step 00221/00300 (73.67%) | loss: 3.996646 | lrm: 0.43 | dt: 125.39ms | tok/sec: 2,090,564 | bf16_mfu: 0.00 | epoch: 1 pq: 1 rg: 32 | total time: 0.44m | eta: 0.2m
step 00222/00300 (74.00%) | loss: 3.983525 | lrm: 0.43 | dt: 125.46ms | tok/sec: 2,089,484 | bf16_mfu: 0.00 | epoch: 1 pq: 1 rg: 32 | total time: 0.44m | eta: 0.2m
step 00223/00300 (74.33%) | loss: 3.987118 | lrm: 0.43 | dt: 125.61ms | tok/sec: 2,086,937 | bf16_mfu: 0.00 | epoch: 1 pq: 1 rg: 32 | total time: 0.45m | eta: 0.2m
step 00224/00300 (74.67%) | loss: 3.984230 | lrm: 0.42 | dt: 125.54ms | tok/sec: 2,088,071 | bf16_mfu: 0.00 | epoch: 1 pq: 1 rg: 32 | total time: 0.45m | eta: 0.2m
step 00225/00300 (75.00%) | loss: 3.976998 | lrm: 0.42 | dt: 125.56ms | tok/sec: 2,087,861 | bf16_mfu: 0.00 | epoch: 1 pq: 1 rg: 32 | total time: 0.45m | eta: 0.2m
step 00226/00300 (75.33%) | loss: 3.959081 | lrm: 0.41 | dt: 125.50ms | tok/sec: 2,088,761 | bf16_mfu: 0.00 | epoch: 1 pq: 1 rg: 32 | total time: 0.45m | eta: 0.2m
step 00227/00300 (75.67%) | loss: 3.955699 | lrm: 0.41 | dt: 125.58ms | tok/sec: 2,087,484 | bf16_mfu: 0.00 | epoch: 1 pq: 1 rg: 32 | total time: 0.45m | eta: 0.2m
step 00228/00300 (76.00%) | loss: 3.957328 | lrm: 0.40 | dt: 125.73ms | tok/sec: 2,084,998 | bf16_mfu: 0.00 | epoch: 1 pq: 1 rg: 32 | total time: 0.46m | eta: 0.2m
step 00229/00300 (76.33%) | loss: 3.945107 | lrm: 0.40 | dt: 125.50ms | tok/sec: 2,088,745 | bf16_mfu: 0.00 | epoch: 1 pq: 1 rg: 32 | total time: 0.46m | eta: 0.1m
step 00230/00300 (76.67%) | loss: 3.933308 | lrm: 0.39 | dt: 125.42ms | tok/sec: 2,090,095 | bf16_mfu: 0.00 | epoch: 1 pq: 1 rg: 32 | total time: 0.46m | eta: 0.1m
step 00231/00300 (77.00%) | loss: 3.930694 | lrm: 0.39 | dt: 125.56ms | tok/sec: 2,087,849 | bf16_mfu: 0.00 | epoch: 1 pq: 1 rg: 32 | total time: 0.46m | eta: 0.1m
step 00232/00300 (77.33%) | loss: 3.926850 | lrm: 0.38 | dt: 125.79ms | tok/sec: 2,084,050 | bf16_mfu: 0.00 | epoch: 1 pq: 1 rg: 32 | total time: 0.46m | eta: 0.1m
step 00233/00300 (77.67%) | loss: 3.937818 | lrm: 0.38 | dt: 125.44ms | tok/sec: 2,089,805 | bf16_mfu: 0.00 | epoch: 1 pq: 1 rg: 32 | total time: 0.47m | eta: 0.1m
step 00234/00300 (78.00%) | loss: 3.937691 | lrm: 0.37 | dt: 125.46ms | tok/sec: 2,089,448 | bf16_mfu: 0.00 | epoch: 1 pq: 1 rg: 32 | total time: 0.47m | eta: 0.1m
step 00235/00300 (78.33%) | loss: 3.929367 | lrm: 0.37 | dt: 125.75ms | tok/sec: 2,084,631 | bf16_mfu: 0.00 | epoch: 1 pq: 1 rg: 40 | total time: 0.47m | eta: 0.1m
step 00236/00300 (78.67%) | loss: 3.916247 | lrm: 0.36 | dt: 125.37ms | tok/sec: 2,091,017 | bf16_mfu: 0.00 | epoch: 1 pq: 1 rg: 40 | total time: 0.47m | eta: 0.1m
step 00237/00300 (79.00%) | loss: 3.895646 | lrm: 0.36 | dt: 125.60ms | tok/sec: 2,087,084 | bf16_mfu: 0.00 | epoch: 1 pq: 1 rg: 40 | total time: 0.47m | eta: 0.1m
step 00238/00300 (79.33%) | loss: 3.910101 | lrm: 0.35 | dt: 125.11ms | tok/sec: 2,095,377 | bf16_mfu: 0.00 | epoch: 1 pq: 1 rg: 40 | total time: 0.48m | eta: 0.1m
step 00239/00300 (79.67%) | loss: 3.898951 | lrm: 0.35 | dt: 125.60ms | tok/sec: 2,087,163 | bf16_mfu: 0.00 | epoch: 1 pq: 1 rg: 40 | total time: 0.48m | eta: 0.1m
step 00240/00300 (80.00%) | loss: 3.887358 | lrm: 0.34 | dt: 125.31ms | tok/sec: 2,091,976 | bf16_mfu: 0.00 | epoch: 1 pq: 1 rg: 40 | total time: 0.48m | eta: 0.1m
step 00241/00300 (80.33%) | loss: 3.874514 | lrm: 0.34 | dt: 125.52ms | tok/sec: 2,088,483 | bf16_mfu: 0.00 | epoch: 1 pq: 1 rg: 40 | total time: 0.48m | eta: 0.1m
step 00242/00300 (80.67%) | loss: 3.867026 | lrm: 0.33 | dt: 125.42ms | tok/sec: 2,090,119 | bf16_mfu: 0.00 | epoch: 1 pq: 1 rg: 40 | total time: 0.49m | eta: 0.1m
step 00243/00300 (81.00%) | loss: 3.861279 | lrm: 0.33 | dt: 125.54ms | tok/sec: 2,088,083 | bf16_mfu: 0.00 | epoch: 1 pq: 1 rg: 40 | total time: 0.49m | eta: 0.1m
step 00244/00300 (81.33%) | loss: 3.854383 | lrm: 0.32 | dt: 125.47ms | tok/sec: 2,089,237 | bf16_mfu: 0.00 | epoch: 1 pq: 1 rg: 40 | total time: 0.49m | eta: 0.1m
step 00245/00300 (81.67%) | loss: 3.861754 | lrm: 0.32 | dt: 125.63ms | tok/sec: 2,086,696 | bf16_mfu: 0.00 | epoch: 1 pq: 1 rg: 40 | total time: 0.49m | eta: 0.1m
step 00246/00300 (82.00%) | loss: 3.841110 | lrm: 0.31 | dt: 125.46ms | tok/sec: 2,089,468 | bf16_mfu: 0.00 | epoch: 1 pq: 1 rg: 40 | total time: 0.49m | eta: 0.1m
step 00247/00300 (82.33%) | loss: 3.846818 | lrm: 0.31 | dt: 125.38ms | tok/sec: 2,090,787 | bf16_mfu: 0.00 | epoch: 1 pq: 1 rg: 40 | total time: 0.50m | eta: 0.1m
step 00248/00300 (82.67%) | loss: 3.843513 | lrm: 0.30 | dt: 125.54ms | tok/sec: 2,088,055 | bf16_mfu: 0.00 | epoch: 1 pq: 1 rg: 40 | total time: 0.50m | eta: 0.1m
step 00249/00300 (83.00%) | loss: 3.836843 | lrm: 0.30 | dt: 125.23ms | tok/sec: 2,093,342 | bf16_mfu: 0.00 | epoch: 1 pq: 1 rg: 40 | total time: 0.50m | eta: 0.1m
step 00250/00300 (83.33%) | loss: 3.826595 | lrm: 0.29 | dt: 125.69ms | tok/sec: 2,085,580 | bf16_mfu: 0.00 | epoch: 1 pq: 1 rg: 48 | total time: 0.50m | eta: 0.1m
step 00251/00300 (83.67%) | loss: 3.820801 | lrm: 0.29 | dt: 125.40ms | tok/sec: 2,090,544 | bf16_mfu: 0.00 | epoch: 1 pq: 1 rg: 48 | total time: 0.50m | eta: 0.1m
step 00252/00300 (84.00%) | loss: 3.798689 | lrm: 0.28 | dt: 125.47ms | tok/sec: 2,089,273 | bf16_mfu: 0.00 | epoch: 1 pq: 1 rg: 48 | total time: 0.51m | eta: 0.1m
step 00253/00300 (84.33%) | loss: 3.800524 | lrm: 0.28 | dt: 125.37ms | tok/sec: 2,090,978 | bf16_mfu: 0.00 | epoch: 1 pq: 1 rg: 48 | total time: 0.51m | eta: 0.1m
step 00254/00300 (84.67%) | loss: 3.792135 | lrm: 0.27 | dt: 125.40ms | tok/sec: 2,090,509 | bf16_mfu: 0.00 | epoch: 1 pq: 1 rg: 48 | total time: 0.51m | eta: 0.1m
step 00255/00300 (85.00%) | loss: 3.798716 | lrm: 0.27 | dt: 125.39ms | tok/sec: 2,090,600 | bf16_mfu: 0.00 | epoch: 1 pq: 1 rg: 48 | total time: 0.51m | eta: 0.1m
step 00256/00300 (85.33%) | loss: 3.815180 | lrm: 0.26 | dt: 125.54ms | tok/sec: 2,088,182 | bf16_mfu: 0.00 | epoch: 1 pq: 1 rg: 48 | total time: 0.51m | eta: 0.1m
step 00257/00300 (85.67%) | loss: 3.813804 | lrm: 0.26 | dt: 125.35ms | tok/sec: 2,091,304 | bf16_mfu: 0.00 | epoch: 1 pq: 1 rg: 48 | total time: 0.52m | eta: 0.1m
step 00258/00300 (86.00%) | loss: 3.806850 | lrm: 0.25 | dt: 125.65ms | tok/sec: 2,086,316 | bf16_mfu: 0.00 | epoch: 1 pq: 1 rg: 48 | total time: 0.52m | eta: 0.1m
step 00259/00300 (86.33%) | loss: 3.793109 | lrm: 0.25 | dt: 125.26ms | tok/sec: 2,092,777 | bf16_mfu: 0.00 | epoch: 1 pq: 1 rg: 48 | total time: 0.52m | eta: 0.1m
step 00260/00300 (86.67%) | loss: 3.803252 | lrm: 0.24 | dt: 126.68ms | tok/sec: 2,069,365 | bf16_mfu: 0.00 | epoch: 1 pq: 1 rg: 48 | total time: 0.52m | eta: 0.1m
step 00261/00300 (87.00%) | loss: 3.804791 | lrm: 0.24 | dt: 127.04ms | tok/sec: 2,063,415 | bf16_mfu: 0.00 | epoch: 1 pq: 1 rg: 48 | total time: 0.53m | eta: 0.1m
step 00262/00300 (87.33%) | loss: 3.808239 | lrm: 0.24 | dt: 125.58ms | tok/sec: 2,087,437 | bf16_mfu: 0.00 | epoch: 1 pq: 1 rg: 48 | total time: 0.53m | eta: 0.1m
step 00263/00300 (87.67%) | loss: 3.805217 | lrm: 0.23 | dt: 125.51ms | tok/sec: 2,088,571 | bf16_mfu: 0.00 | epoch: 1 pq: 1 rg: 48 | total time: 0.53m | eta: 0.1m
step 00264/00300 (88.00%) | loss: 3.806428 | lrm: 0.23 | dt: 125.52ms | tok/sec: 2,088,396 | bf16_mfu: 0.00 | epoch: 1 pq: 1 rg: 48 | total time: 0.53m | eta: 0.1m
step 00265/00300 (88.33%) | loss: 3.801781 | lrm: 0.22 | dt: 125.58ms | tok/sec: 2,087,437 | bf16_mfu: 0.00 | epoch: 1 pq: 1 rg: 56 | total time: 0.53m | eta: 0.1m
step 00266/00300 (88.67%) | loss: 3.794926 | lrm: 0.22 | dt: 125.41ms | tok/sec: 2,090,306 | bf16_mfu: 0.00 | epoch: 1 pq: 1 rg: 56 | total time: 0.54m | eta: 0.1m
step 00267/00300 (89.00%) | loss: 3.791944 | lrm: 0.21 | dt: 125.36ms | tok/sec: 2,091,153 | bf16_mfu: 0.00 | epoch: 1 pq: 1 rg: 56 | total time: 0.54m | eta: 0.1m
step 00268/00300 (89.33%) | loss: 3.772219 | lrm: 0.21 | dt: 125.70ms | tok/sec: 2,085,481 | bf16_mfu: 0.00 | epoch: 1 pq: 1 rg: 56 | total time: 0.54m | eta: 0.1m
step 00269/00300 (89.67%) | loss: 3.775310 | lrm: 0.20 | dt: 125.49ms | tok/sec: 2,088,983 | bf16_mfu: 0.00 | epoch: 1 pq: 1 rg: 56 | total time: 0.54m | eta: 0.1m
step 00270/00300 (90.00%) | loss: 3.761072 | lrm: 0.20 | dt: 125.46ms | tok/sec: 2,089,440 | bf16_mfu: 0.00 | epoch: 1 pq: 1 rg: 56 | total time: 0.54m | eta: 0.1m
step 00271/00300 (90.33%) | loss: 3.761704 | lrm: 0.19 | dt: 125.68ms | tok/sec: 2,085,774 | bf16_mfu: 0.00 | epoch: 1 pq: 1 rg: 56 | total time: 0.55m | eta: 0.1m
step 00272/00300 (90.67%) | loss: 3.759561 | lrm: 0.19 | dt: 125.35ms | tok/sec: 2,091,240 | bf16_mfu: 0.00 | epoch: 1 pq: 1 rg: 56 | total time: 0.55m | eta: 0.1m
step 00273/00300 (91.00%) | loss: 3.768094 | lrm: 0.18 | dt: 125.56ms | tok/sec: 2,087,813 | bf16_mfu: 0.00 | epoch: 1 pq: 1 rg: 56 | total time: 0.55m | eta: 0.1m
step 00274/00300 (91.33%) | loss: 3.755277 | lrm: 0.18 | dt: 125.44ms | tok/sec: 2,089,797 | bf16_mfu: 0.00 | epoch: 1 pq: 1 rg: 56 | total time: 0.55m | eta: 0.1m
step 00275/00300 (91.67%) | loss: 3.771732 | lrm: 0.17 | dt: 125.79ms | tok/sec: 2,084,002 | bf16_mfu: 0.00 | epoch: 1 pq: 1 rg: 56 | total time: 0.55m | eta: 0.1m
step 00276/00300 (92.00%) | loss: 3.766203 | lrm: 0.17 | dt: 125.58ms | tok/sec: 2,087,468 | bf16_mfu: 0.00 | epoch: 1 pq: 1 rg: 56 | total time: 0.56m | eta: 0.1m
step 00277/00300 (92.33%) | loss: 3.768745 | lrm: 0.16 | dt: 125.61ms | tok/sec: 2,086,910 | bf16_mfu: 0.00 | epoch: 1 pq: 1 rg: 56 | total time: 0.56m | eta: 0.0m
step 00278/00300 (92.67%) | loss: 3.766294 | lrm: 0.16 | dt: 125.55ms | tok/sec: 2,087,893 | bf16_mfu: 0.00 | epoch: 1 pq: 1 rg: 56 | total time: 0.56m | eta: 0.0m
step 00279/00300 (93.00%) | loss: 3.765196 | lrm: 0.15 | dt: 125.64ms | tok/sec: 2,086,458 | bf16_mfu: 0.00 | epoch: 1 pq: 1 rg: 56 | total time: 0.56m | eta: 0.0m
step 00280/00300 (93.33%) | loss: 3.765333 | lrm: 0.15 | dt: 125.31ms | tok/sec: 2,091,929 | bf16_mfu: 0.00 | epoch: 1 pq: 1 rg: 64 | total time: 0.56m | eta: 0.0m
step 00281/00300 (93.67%) | loss: 3.778373 | lrm: 0.14 | dt: 125.40ms | tok/sec: 2,090,528 | bf16_mfu: 0.00 | epoch: 1 pq: 1 rg: 64 | total time: 0.57m | eta: 0.0m
step 00282/00300 (94.00%) | loss: 3.779197 | lrm: 0.14 | dt: 125.43ms | tok/sec: 2,089,901 | bf16_mfu: 0.00 | epoch: 1 pq: 1 rg: 64 | total time: 0.57m | eta: 0.0m
step 00283/00300 (94.33%) | loss: 3.778168 | lrm: 0.13 | dt: 125.50ms | tok/sec: 2,088,793 | bf16_mfu: 0.00 | epoch: 1 pq: 1 rg: 64 | total time: 0.57m | eta: 0.0m
step 00284/00300 (94.67%) | loss: 3.757033 | lrm: 0.13 | dt: 125.38ms | tok/sec: 2,090,815 | bf16_mfu: 0.00 | epoch: 1 pq: 1 rg: 64 | total time: 0.57m | eta: 0.0m
step 00285/00300 (95.00%) | loss: 3.759095 | lrm: 0.12 | dt: 125.61ms | tok/sec: 2,086,910 | bf16_mfu: 0.00 | epoch: 1 pq: 1 rg: 64 | total time: 0.58m | eta: 0.0m
step 00286/00300 (95.33%) | loss: 3.758661 | lrm: 0.12 | dt: 125.52ms | tok/sec: 2,088,424 | bf16_mfu: 0.00 | epoch: 1 pq: 1 rg: 64 | total time: 0.58m | eta: 0.0m
step 00287/00300 (95.67%) | loss: 3.751671 | lrm: 0.11 | dt: 125.50ms | tok/sec: 2,088,809 | bf16_mfu: 0.00 | epoch: 1 pq: 1 rg: 64 | total time: 0.58m | eta: 0.0m
step 00288/00300 (96.00%) | loss: 3.745081 | lrm: 0.11 | dt: 125.63ms | tok/sec: 2,086,633 | bf16_mfu: 0.00 | epoch: 1 pq: 1 rg: 64 | total time: 0.58m | eta: 0.0m
step 00289/00300 (96.33%) | loss: 3.729266 | lrm: 0.10 | dt: 125.17ms | tok/sec: 2,094,224 | bf16_mfu: 0.00 | epoch: 1 pq: 1 rg: 64 | total time: 0.58m | eta: 0.0m
step 00290/00300 (96.67%) | loss: 3.725073 | lrm: 0.10 | dt: 125.44ms | tok/sec: 2,089,805 | bf16_mfu: 0.00 | epoch: 1 pq: 1 rg: 64 | total time: 0.59m | eta: 0.0m
step 00291/00300 (97.00%) | loss: 3.725584 | lrm: 0.09 | dt: 125.35ms | tok/sec: 2,091,284 | bf16_mfu: 0.00 | epoch: 1 pq: 1 rg: 64 | total time: 0.59m | eta: 0.0m
step 00292/00300 (97.33%) | loss: 3.728496 | lrm: 0.09 | dt: 125.57ms | tok/sec: 2,087,714 | bf16_mfu: 0.00 | epoch: 1 pq: 1 rg: 64 | total time: 0.59m | eta: 0.0m
step 00293/00300 (97.67%) | loss: 3.726104 | lrm: 0.08 | dt: 125.25ms | tok/sec: 2,092,884 | bf16_mfu: 0.00 | epoch: 1 pq: 1 rg: 64 | total time: 0.59m | eta: 0.0m
step 00294/00300 (98.00%) | loss: 3.734394 | lrm: 0.08 | dt: 125.46ms | tok/sec: 2,089,500 | bf16_mfu: 0.00 | epoch: 1 pq: 1 rg: 64 | total time: 0.59m | eta: 0.0m
step 00295/00300 (98.33%) | loss: 3.732808 | lrm: 0.07 | dt: 125.44ms | tok/sec: 2,089,865 | bf16_mfu: 0.00 | epoch: 1 pq: 1 rg: 72 | total time: 0.60m | eta: 0.0m
step 00296/00300 (98.67%) | loss: 3.744971 | lrm: 0.07 | dt: 125.67ms | tok/sec: 2,086,007 | bf16_mfu: 0.00 | epoch: 1 pq: 1 rg: 72 | total time: 0.60m | eta: 0.0m
step 00297/00300 (99.00%) | loss: 3.737463 | lrm: 0.06 | dt: 125.34ms | tok/sec: 2,091,379 | bf16_mfu: 0.00 | epoch: 1 pq: 1 rg: 72 | total time: 0.60m | eta: 0.0m
step 00298/00300 (99.33%) | loss: 3.761218 | lrm: 0.06 | dt: 125.49ms | tok/sec: 2,089,003 | bf16_mfu: 0.00 | epoch: 1 pq: 1 rg: 72 | total time: 0.60m | eta: 0.0m
step 00299/00300 (99.67%) | loss: 3.754390 | lrm: 0.05 | dt: 125.27ms | tok/sec: 2,092,609 | bf16_mfu: 0.00 | epoch: 1 pq: 1 rg: 72 | total time: 0.60m | eta: 0.0m
2026-08-31 09:38:22,738 - nanochat.checkpoint_manager - [32m[1mINFO[0m - Saved optimizer state to: /var/lib/hytorch/arm-vanilla/base_checkpoints/d12/optim_000300_rank5.pt
2026-08-31 09:38:22,739 - nanochat.checkpoint_manager - [32m[1mINFO[0m - Saved optimizer state to: /var/lib/hytorch/arm-vanilla/base_checkpoints/d12/optim_000300_rank1.pt
2026-08-31 09:38:22,740 - nanochat.checkpoint_manager - [32m[1mINFO[0m - Saved optimizer state to: /var/lib/hytorch/arm-vanilla/base_checkpoints/d12/optim_000300_rank3.pt
2026-08-31 09:38:22,741 - nanochat.checkpoint_manager - [32m[1mINFO[0m - Saved optimizer state to: /var/lib/hytorch/arm-vanilla/base_checkpoints/d12/optim_000300_rank7.pt
2026-08-31 09:38:22,741 - nanochat.checkpoint_manager - [32m[1mINFO[0m - Saved optimizer state to: /var/lib/hytorch/arm-vanilla/base_checkpoints/d12/optim_000300_rank6.pt
2026-08-31 09:38:22,741 - nanochat.checkpoint_manager - [32m[1mINFO[0m - Saved optimizer state to: /var/lib/hytorch/arm-vanilla/base_checkpoints/d12/optim_000300_rank4.pt
2026-08-31 09:38:22,742 - nanochat.checkpoint_manager - [32m[1mINFO[0m - Saved optimizer state to: /var/lib/hytorch/arm-vanilla/base_checkpoints/d12/optim_000300_rank2.pt
2026-08-31 09:38:23,459 - nanochat.checkpoint_manager - [32m[1mINFO[0m - Saved model parameters to: /var/lib/hytorch/arm-vanilla/base_checkpoints/d12/model_000300.pt
2026-08-31 09:38:23,459 - nanochat.checkpoint_manager - [32m[1mINFO[0m - Saved metadata to: /var/lib/hytorch/arm-vanilla/base_checkpoints/d12/meta_000300.json
2026-08-31 09:38:23,616 - nanochat.checkpoint_manager - [32m[1mINFO[0m - Saved optimizer state to: /var/lib/hytorch/arm-vanilla/base_checkpoints/d12/optim_000300_rank0.pt
Peak memory usage: 30214.34MiB
Total training time: 0.60m
