=== [1/4] gate (this silicon, both selection modes) ===
{"cases":100000,"pack_mismatch":0,"apply_mismatch":0,"verdict":"BIT_IDENTICAL"}
=== [2/4] python stack + nanochat ===
WARNING: Running pip as the 'root' user can result in broken permissions and conflicting behaviour with the system package manager. It is recommended to use a virtual environment instead: https://pip.pypa.io/warnings/venv
WARNING: Running pip as the 'root' user can result in broken permissions and conflicting behaviour with the system package manager. It is recommended to use a virtual environment instead: https://pip.pypa.io/warnings/venv
2.13.0+cu130 1 gpus
nanochat pinned at 92d63d4e8bb4df75c3b71618f31ddde2378b2bcd
gpt.py patched (law-0 seam, vanilla-identical when disabled)
base_train.py patched: codebook param group + collective barrier + step chain
patch applied
WARNING: Running pip as the 'root' user can result in broken permissions and conflicting behaviour with the system package manager. It is recommended to use a virtual environment instead: https://pip.pypa.io/warnings/venv
=== [2b/4] dataset shards + tokenizer (nanochat speedrun steps) ===
Failed to download shard_00005.parquet after 5 attempts
Done! Downloaded: 0/9 shards to /var/lib/hytorch/nanochat-cache/base_data_climbmix
Training time: 0.00s
Saved tokenizer encoding to /var/lib/hytorch/nanochat-cache/tokenizer/tokenizer.pkl
Saved token_bytes to /var/lib/hytorch/nanochat-cache/tokenizer/token_bytes.pt
  File "/opt/nanochat/scripts/tok_eval.py", line 147, in <module>
    train_docs = next(parquets_iter_batched(split="train"))
StopIteration
=== [3/4] build facts + manifest ===
manifest for d4 written
=== [4/4] arms ===
=== ARM: catalog (HYTORCH_CATALOG=1) ===
                                                       █████                █████
                                                      ░░███                ░░███
     ████████    ██████   ████████    ██████   ██████  ░███████    ██████  ███████
    ░░███░░███  ░░░░░███ ░░███░░███  ███░░███ ███░░███ ░███░░███  ░░░░░███░░░███░
     ░███ ░███   ███████  ░███ ░███ ░███ ░███░███ ░░░  ░███ ░███   ███████  ░███
     ░███ ░███  ███░░███  ░███ ░███ ░███ ░███░███  ███ ░███ ░███  ███░░███  ░███ ███
     ████ █████░░████████ ████ █████░░██████ ░░██████  ████ █████░░███████  ░░█████
    ░░░░ ░░░░░  ░░░░░░░░ ░░░░ ░░░░░  ░░░░░░   ░░░░░░  ░░░░ ░░░░░  ░░░░░░░░   ░░░░░
    
Autodetected device type: cuda
GPU: NVIDIA L40S | Peak FLOPS (BF16): 3.62e+14
COMPUTE_DTYPE: torch.bfloat16 (set via NANOCHAT_DTYPE=bfloat16)
!!!!!!!!!!!!!!!!!!!!!!!!!!!!!!!!!!!!!!!!!!!!!!!!!!!!!!!!!!!!!!!!!!!!!!!!!!!!!!!!
WARNING: Flash Attention 3 not available, using PyTorch SDPA fallback
WARNING: Training will be less efficient without FA3
WARNING: SDPA has no support for sliding window attention (window_pattern='SSSL'). Your GPU utilization will be terrible.
WARNING: Recommend using --window-pattern L for full context attention without alternating sliding window patterns.
!!!!!!!!!!!!!!!!!!!!!!!!!!!!!!!!!!!!!!!!!!!!!!!!!!!!!!!!!!!!!!!!!!!!!!!!!!!!!!!!
Vocab size: 265
Padding vocab_size from 265 to 320 for efficiency
Model config:
{
  "sequence_len": 2048,
  "vocab_size": 265,
  "n_layer": 4,
  "n_head": 2,
  "n_kv_head": 2,
  "n_embd": 256,
  "window_pattern": "SSSL"
}
Traceback (most recent call last):
  File "/usr/lib/python3.10/runpy.py", line 196, in _run_module_as_main
    return _run_code(code, main_globals, None,
  File "/usr/lib/python3.10/runpy.py", line 86, in _run_code
    exec(code, run_globals)
  File "/opt/nanochat/scripts/base_train.py", line 263, in <module>
    param_counts = model.num_scaling_params()
  File "/opt/nanochat/nanochat/gpt.py", line 416, in num_scaling_params
    assert total == sum(p.numel() for p in self.parameters()), "Parameter count mismatch"
AssertionError: Parameter count mismatch
=== ARM: vanilla (same tree, flag off) ===
Vocab size: 265
Padding vocab_size from 265 to 320 for efficiency
Model config:
{
  "sequence_len": 2048,
  "vocab_size": 265,
  "n_layer": 4,
  "n_head": 2,
  "n_kv_head": 2,
  "n_embd": 256,
  "window_pattern": "SSSL"
}
Parameter counts:
wte                     : 81,920
value_embeds            : 163,840
lm_head                 : 81,920
transformer_matrices    : 3,145,776
scalars                 : 34
total                   : 3,473,490
Estimated FLOPs per token: 3.037637e+07
Padding vocab_size from 265 to 320 for efficiency
Auto-computed optimal batch size: 131,072 tokens
Scaling LRs by 0.5000 for batch size 131,072 (reference: 524,288)
Scaling weight decay from 0.280000 to 3.694685 for depth 4
Scaling the LR for the AdamW parameters ∝1/√(256/768) = 1.732051
