
                                                       █████                █████
                                                      ░░███                ░░███
     ████████    ██████   ████████    ██████   ██████  ░███████    ██████  ███████
    ░░███░░███  ░░░░░███ ░░███░░███  ███░░███ ███░░███ ░███░░███  ░░░░░███░░░███░
     ░███ ░███   ███████  ░███ ░███ ░███ ░███░███ ░░░  ░███ ░███   ███████  ░███
     ░███ ░███  ███░░███  ░███ ░███ ░███ ░███░███  ███ ░███ ░███  ███░░███  ░███ ███
     ████ █████░░████████ ████ █████░░██████ ░░██████  ████ █████░░███████  ░░█████
    ░░░░ ░░░░░  ░░░░░░░░ ░░░░ ░░░░░  ░░░░░░   ░░░░░░  ░░░░ ░░░░░  ░░░░░░░░   ░░░░░
    
Autodetected device type: cuda
2026-08-30 22:40:37,268 - nanochat.common - [32m[1mINFO[0m - Distributed world size: 1
GPU: NVIDIA H100 80GB HBM3 | Peak FLOPS (BF16): 9.89e+14
COMPUTE_DTYPE: torch.bfloat16 (set via NANOCHAT_DTYPE=bfloat16)
!!!!!!!!!!!!!!!!!!!!!!!!!!!!!!!!!!!!!!!!!!!!!!!!!!!!!!!!!!!!!!!!!!!!!!!!!!!!!!!!
WARNING: Flash Attention 3 not available, using PyTorch SDPA fallback
WARNING: Training will be less efficient without FA3
WARNING: SDPA has no support for sliding window attention (window_pattern='SSSL'). Your GPU utilization will be terrible.
WARNING: Recommend using --window-pattern L for full context attention without alternating sliding window patterns.
!!!!!!!!!!!!!!!!!!!!!!!!!!!!!!!!!!!!!!!!!!!!!!!!!!!!!!!!!!!!!!!!!!!!!!!!!!!!!!!!
Vocab size: 32,768
Model config:
{
  "sequence_len": 2048,
  "vocab_size": 32768,
  "n_layer": 4,
  "n_head": 2,
  "n_kv_head": 2,
  "n_embd": 256,
  "window_pattern": "SSSL"
}
Parameter counts:
wte                     : 8,388,608
value_embeds            : 16,777,216
lm_head                 : 8,388,608
transformer_matrices    : 3,145,776
scalars                 : 34
total                   : 36,700,242
Estimated FLOPs per token: 8.021650e+07
Auto-computed optimal batch size: 262,144 tokens
Scaling LRs by 0.7071 for batch size 262,144 (reference: 524,288)
Scaling weight decay from 0.280000 to 1.889903 for depth 4
Scaling the LR for the AdamW parameters ∝1/√(256/768) = 1.732051
Using user-provided number of iterations: 60
Total number of training tokens: 15,728,640
Tokens : Scaling params ratio: 1.36
Total training FLOPs estimate: 1.261696e+15
Tokens / micro-batch / rank: 8 x 2048 = 16,384
Tokens / micro-batch: 16,384
Total batch size 262,144 => gradient accumulation steps: 16
step 00000/00060 (0.00%) | loss: 10.397214 | lrm: 0.03 | dt: 13843.91ms | tok/sec: 18,935 | bf16_mfu: 0.15 | epoch: 1 pq: 0 rg: 1 | total time: 0.00m
step 00001/00060 (1.67%) | loss: 10.392270 | lrm: 0.05 | dt: 153.17ms | tok/sec: 1,711,504 | bf16_mfu: 13.88 | epoch: 1 pq: 0 rg: 1 | total time: 0.00m
step 00002/00060 (3.33%) | loss: 10.383301 | lrm: 0.07 | dt: 156.06ms | tok/sec: 1,679,741 | bf16_mfu: 13.62 | epoch: 1 pq: 0 rg: 2 | total time: 0.00m
step 00003/00060 (5.00%) | loss: 10.370275 | lrm: 0.10 | dt: 152.59ms | tok/sec: 1,717,986 | bf16_mfu: 13.93 | epoch: 1 pq: 0 rg: 2 | total time: 0.00m
step 00004/00060 (6.67%) | loss: 10.349713 | lrm: 0.12 | dt: 156.45ms | tok/sec: 1,675,535 | bf16_mfu: 13.59 | epoch: 1 pq: 0 rg: 3 | total time: 0.00m
step 00005/00060 (8.33%) | loss: 10.319611 | lrm: 0.15 | dt: 157.40ms | tok/sec: 1,665,477 | bf16_mfu: 13.51 | epoch: 1 pq: 0 rg: 3 | total time: 0.00m
step 00006/00060 (10.00%) | loss: 10.271648 | lrm: 0.17 | dt: 163.38ms | tok/sec: 1,604,477 | bf16_mfu: 13.01 | epoch: 1 pq: 0 rg: 4 | total time: 0.00m
step 00007/00060 (11.67%) | loss: 10.207995 | lrm: 0.20 | dt: 152.78ms | tok/sec: 1,715,882 | bf16_mfu: 13.92 | epoch: 1 pq: 0 rg: 4 | total time: 0.00m
step 00008/00060 (13.33%) | loss: 10.110758 | lrm: 0.23 | dt: 160.87ms | tok/sec: 1,629,543 | bf16_mfu: 13.22 | epoch: 1 pq: 0 rg: 5 | total time: 0.00m
step 00009/00060 (15.00%) | loss: 9.962393 | lrm: 0.25 | dt: 153.72ms | tok/sec: 1,705,356 | bf16_mfu: 13.83 | epoch: 1 pq: 0 rg: 5 | total time: 0.00m
step 00010/00060 (16.67%) | loss: 9.758334 | lrm: 0.28 | dt: 161.42ms | tok/sec: 1,623,976 | bf16_mfu: 13.17 | epoch: 1 pq: 0 rg: 6 | total time: 0.00m
step 00011/00060 (18.33%) | loss: 9.520216 | lrm: 0.30 | dt: 165.35ms | tok/sec: 1,585,400 | bf16_mfu: 12.86 | epoch: 1 pq: 0 rg: 6 | total time: 0.00m | eta: 0.1m
step 00012/00060 (20.00%) | loss: 9.304070 | lrm: 0.33 | dt: 161.17ms | tok/sec: 1,626,537 | bf16_mfu: 13.19 | epoch: 1 pq: 0 rg: 7 | total time: 0.01m | eta: 0.1m
step 00013/00060 (21.67%) | loss: 9.121795 | lrm: 0.35 | dt: 156.20ms | tok/sec: 1,678,302 | bf16_mfu: 13.61 | epoch: 1 pq: 0 rg: 7 | total time: 0.01m | eta: 0.1m
step 00014/00060 (23.33%) | loss: 8.942243 | lrm: 0.38 | dt: 158.07ms | tok/sec: 1,658,398 | bf16_mfu: 13.45 | epoch: 1 pq: 0 rg: 8 | total time: 0.01m | eta: 0.1m
step 00015/00060 (25.00%) | loss: 8.732585 | lrm: 0.40 | dt: 154.32ms | tok/sec: 1,698,735 | bf16_mfu: 13.78 | epoch: 1 pq: 0 rg: 8 | total time: 0.01m | eta: 0.1m
step 00016/00060 (26.67%) | loss: 8.543841 | lrm: 0.42 | dt: 161.79ms | tok/sec: 1,620,240 | bf16_mfu: 13.14 | epoch: 1 pq: 0 rg: 9 | total time: 0.02m | eta: 0.1m
step 00017/00060 (28.33%) | loss: 8.363813 | lrm: 0.45 | dt: 170.23ms | tok/sec: 1,539,947 | bf16_mfu: 12.49 | epoch: 1 pq: 0 rg: 9 | total time: 0.02m | eta: 0.1m
step 00018/00060 (30.00%) | loss: 8.210718 | lrm: 0.47 | dt: 170.31ms | tok/sec: 1,539,173 | bf16_mfu: 12.48 | epoch: 1 pq: 0 rg: 10 | total time: 0.02m | eta: 0.1m
step 00019/00060 (31.67%) | loss: 8.041655 | lrm: 0.50 | dt: 159.07ms | tok/sec: 1,648,003 | bf16_mfu: 13.37 | epoch: 1 pq: 0 rg: 10 | total time: 0.02m | eta: 0.1m
step 00020/00060 (33.33%) | loss: 7.887979 | lrm: 0.53 | dt: 166.55ms | tok/sec: 1,573,932 | bf16_mfu: 12.77 | epoch: 1 pq: 0 rg: 11 | total time: 0.03m | eta: 0.1m
step 00021/00060 (35.00%) | loss: 7.751288 | lrm: 0.55 | dt: 162.27ms | tok/sec: 1,615,527 | bf16_mfu: 13.10 | epoch: 1 pq: 0 rg: 12 | total time: 0.03m | eta: 0.1m
step 00022/00060 (36.67%) | loss: 7.600620 | lrm: 0.57 | dt: 163.86ms | tok/sec: 1,599,778 | bf16_mfu: 12.98 | epoch: 1 pq: 0 rg: 12 | total time: 0.03m | eta: 0.1m
step 00023/00060 (38.33%) | loss: 7.487160 | lrm: 0.60 | dt: 160.92ms | tok/sec: 1,628,985 | bf16_mfu: 13.21 | epoch: 1 pq: 0 rg: 13 | total time: 0.04m | eta: 0.1m
step 00024/00060 (40.00%) | loss: 7.388712 | lrm: 0.62 | dt: 154.21ms | tok/sec: 1,699,948 | bf16_mfu: 13.79 | epoch: 1 pq: 0 rg: 13 | total time: 0.04m | eta: 0.1m
step 00025/00060 (41.67%) | loss: 7.285242 | lrm: 0.65 | dt: 169.49ms | tok/sec: 1,546,627 | bf16_mfu: 12.54 | epoch: 1 pq: 0 rg: 14 | total time: 0.04m | eta: 0.1m
step 00026/00060 (43.33%) | loss: 7.181596 | lrm: 0.68 | dt: 164.69ms | tok/sec: 1,591,698 | bf16_mfu: 12.91 | epoch: 1 pq: 0 rg: 14 | total time: 0.04m | eta: 0.1m
step 00027/00060 (45.00%) | loss: 7.097050 | lrm: 0.70 | dt: 163.77ms | tok/sec: 1,600,642 | bf16_mfu: 12.98 | epoch: 1 pq: 0 rg: 15 | total time: 0.05m | eta: 0.1m
step 00028/00060 (46.67%) | loss: 7.016062 | lrm: 0.72 | dt: 155.87ms | tok/sec: 1,681,776 | bf16_mfu: 13.64 | epoch: 1 pq: 0 rg: 15 | total time: 0.05m | eta: 0.1m
step 00029/00060 (48.33%) | loss: 6.943821 | lrm: 0.75 | dt: 168.55ms | tok/sec: 1,555,317 | bf16_mfu: 12.61 | epoch: 1 pq: 0 rg: 16 | total time: 0.05m | eta: 0.1m
step 00030/00060 (50.00%) | loss: 6.854287 | lrm: 0.78 | dt: 160.68ms | tok/sec: 1,631,472 | bf16_mfu: 13.23 | epoch: 1 pq: 0 rg: 16 | total time: 0.05m | eta: 0.1m
step 00031/00060 (51.67%) | loss: 6.784034 | lrm: 0.80 | dt: 158.05ms | tok/sec: 1,658,576 | bf16_mfu: 13.45 | epoch: 1 pq: 0 rg: 17 | total time: 0.06m | eta: 0.1m
step 00032/00060 (53.33%) | loss: 6.712220 | lrm: 0.82 | dt: 153.97ms | tok/sec: 1,702,597 | bf16_mfu: 13.81 | epoch: 1 pq: 0 rg: 17 | total time: 0.06m | eta: 0.1m
step 00033/00060 (55.00%) | loss: 6.650241 | lrm: 0.85 | dt: 175.14ms | tok/sec: 1,496,728 | bf16_mfu: 12.14 | epoch: 1 pq: 0 rg: 18 | total time: 0.06m | eta: 0.1m
step 00034/00060 (56.67%) | loss: 6.588879 | lrm: 0.88 | dt: 167.46ms | tok/sec: 1,565,399 | bf16_mfu: 12.70 | epoch: 1 pq: 0 rg: 19 | total time: 0.07m | eta: 0.1m
step 00035/00060 (58.33%) | loss: 6.552886 | lrm: 0.90 | dt: 153.22ms | tok/sec: 1,710,897 | bf16_mfu: 13.88 | epoch: 1 pq: 0 rg: 19 | total time: 0.07m | eta: 0.1m
step 00036/00060 (60.00%) | loss: 6.509548 | lrm: 0.93 | dt: 160.54ms | tok/sec: 1,632,856 | bf16_mfu: 13.24 | epoch: 1 pq: 0 rg: 20 | total time: 0.07m | eta: 0.1m
step 00037/00060 (61.67%) | loss: 6.474266 | lrm: 0.95 | dt: 166.15ms | tok/sec: 1,577,788 | bf16_mfu: 12.80 | epoch: 1 pq: 0 rg: 20 | total time: 0.07m | eta: 0.1m
step 00038/00060 (63.33%) | loss: 6.430374 | lrm: 0.97 | dt: 163.39ms | tok/sec: 1,604,437 | bf16_mfu: 13.01 | epoch: 1 pq: 0 rg: 21 | total time: 0.08m | eta: 0.1m
step 00039/00060 (65.00%) | loss: 6.401751 | lrm: 1.00 | dt: 157.87ms | tok/sec: 1,660,547 | bf16_mfu: 13.47 | epoch: 1 pq: 0 rg: 21 | total time: 0.08m | eta: 0.1m
step 00040/00060 (66.67%) | loss: 6.357734 | lrm: 0.54 | dt: 161.66ms | tok/sec: 1,621,538 | bf16_mfu: 13.15 | epoch: 1 pq: 0 rg: 22 | total time: 0.08m | eta: 0.1m
step 00041/00060 (68.33%) | loss: 6.318116 | lrm: 0.51 | dt: 160.16ms | tok/sec: 1,636,791 | bf16_mfu: 13.28 | epoch: 1 pq: 0 rg: 22 | total time: 0.08m | eta: 0.1m
step 00042/00060 (70.00%) | loss: 6.298032 | lrm: 0.49 | dt: 160.30ms | tok/sec: 1,635,355 | bf16_mfu: 13.26 | epoch: 1 pq: 0 rg: 23 | total time: 0.09m | eta: 0.0m
step 00043/00060 (71.67%) | loss: 6.263703 | lrm: 0.46 | dt: 154.78ms | tok/sec: 1,693,619 | bf16_mfu: 13.74 | epoch: 1 pq: 0 rg: 23 | total time: 0.09m | eta: 0.0m
step 00044/00060 (73.33%) | loss: 6.220953 | lrm: 0.44 | dt: 160.71ms | tok/sec: 1,631,138 | bf16_mfu: 13.23 | epoch: 1 pq: 0 rg: 24 | total time: 0.09m | eta: 0.0m
step 00045/00060 (75.00%) | loss: 6.183070 | lrm: 0.42 | dt: 159.85ms | tok/sec: 1,639,963 | bf16_mfu: 13.30 | epoch: 1 pq: 0 rg: 24 | total time: 0.09m | eta: 0.0m
step 00046/00060 (76.67%) | loss: 6.154628 | lrm: 0.39 | dt: 159.07ms | tok/sec: 1,647,966 | bf16_mfu: 13.37 | epoch: 1 pq: 0 rg: 25 | total time: 0.10m | eta: 0.0m
step 00047/00060 (78.33%) | loss: 6.138881 | lrm: 0.37 | dt: 153.79ms | tok/sec: 1,704,563 | bf16_mfu: 13.83 | epoch: 1 pq: 0 rg: 25 | total time: 0.10m | eta: 0.0m
step 00048/00060 (80.00%) | loss: 6.108066 | lrm: 0.34 | dt: 166.05ms | tok/sec: 1,578,694 | bf16_mfu: 12.80 | epoch: 1 pq: 0 rg: 26 | total time: 0.10m | eta: 0.0m
step 00049/00060 (81.67%) | loss: 6.084618 | lrm: 0.32 | dt: 171.45ms | tok/sec: 1,529,010 | bf16_mfu: 12.40 | epoch: 1 pq: 0 rg: 27 | total time: 0.11m | eta: 0.0m
step 00050/00060 (83.33%) | loss: 6.068922 | lrm: 0.29 | dt: 155.95ms | tok/sec: 1,680,950 | bf16_mfu: 13.63 | epoch: 1 pq: 0 rg: 27 | total time: 0.11m | eta: 0.0m
step 00051/00060 (85.00%) | loss: 6.051584 | lrm: 0.27 | dt: 161.47ms | tok/sec: 1,623,458 | bf16_mfu: 13.17 | epoch: 1 pq: 0 rg: 28 | total time: 0.11m | eta: 0.0m
step 00052/00060 (86.67%) | loss: 6.028610 | lrm: 0.24 | dt: 166.55ms | tok/sec: 1,573,923 | bf16_mfu: 12.77 | epoch: 1 pq: 0 rg: 28 | total time: 0.11m | eta: 0.0m
step 00053/00060 (88.33%) | loss: 6.002617 | lrm: 0.22 | dt: 159.19ms | tok/sec: 1,646,747 | bf16_mfu: 13.36 | epoch: 1 pq: 0 rg: 29 | total time: 0.12m | eta: 0.0m
step 00054/00060 (90.00%) | loss: 6.003583 | lrm: 0.20 | dt: 150.93ms | tok/sec: 1,736,828 | bf16_mfu: 14.09 | epoch: 1 pq: 0 rg: 29 | total time: 0.12m | eta: 0.0m
step 00055/00060 (91.67%) | loss: 5.969822 | lrm: 0.17 | dt: 162.74ms | tok/sec: 1,610,838 | bf16_mfu: 13.07 | epoch: 1 pq: 0 rg: 30 | total time: 0.12m | eta: 0.0m
step 00056/00060 (93.33%) | loss: 5.959407 | lrm: 0.15 | dt: 159.69ms | tok/sec: 1,641,576 | bf16_mfu: 13.31 | epoch: 1 pq: 0 rg: 30 | total time: 0.12m | eta: 0.0m
step 00057/00060 (95.00%) | loss: 5.940080 | lrm: 0.12 | dt: 156.28ms | tok/sec: 1,677,414 | bf16_mfu: 13.61 | epoch: 1 pq: 0 rg: 31 | total time: 0.13m | eta: 0.0m
step 00058/00060 (96.67%) | loss: 5.925831 | lrm: 0.10 | dt: 147.97ms | tok/sec: 1,771,577 | bf16_mfu: 14.37 | epoch: 1 pq: 0 rg: 31 | total time: 0.13m | eta: 0.0m
step 00059/00060 (98.33%) | loss: 5.917577 | lrm: 0.07 | dt: 157.34ms | tok/sec: 1,666,078 | bf16_mfu: 13.51 | epoch: 1 pq: 0 rg: 32 | total time: 0.13m | eta: 0.0m
2026-08-30 22:41:01,670 - nanochat.checkpoint_manager - [32m[1mINFO[0m - Saved model parameters to: /var/lib/hytorch/nanochat-cache/base_checkpoints/d4/model_000060.pt
2026-08-30 22:41:01,670 - nanochat.checkpoint_manager - [32m[1mINFO[0m - Saved metadata to: /var/lib/hytorch/nanochat-cache/base_checkpoints/d4/meta_000060.json
2026-08-30 22:41:02,003 - nanochat.checkpoint_manager - [32m[1mINFO[0m - Saved optimizer state to: /var/lib/hytorch/nanochat-cache/base_checkpoints/d4/optim_000060_rank0.pt
Peak memory usage: 2114.47MiB
Total training time: 0.13m
