/opt/amdgpu/share/libdrm/amdgpu.ids: No such file or directory
/opt/amdgpu/share/libdrm/amdgpu.ids: No such file or directory
/opt/amdgpu/share/libdrm/amdgpu.ids: No such file or directory
/opt/amdgpu/share/libdrm/amdgpu.ids: No such file or directory
/opt/amdgpu/share/libdrm/amdgpu.ids: No such file or directory
/opt/amdgpu/share/libdrm/amdgpu.ids: No such file or directory
/opt/amdgpu/share/libdrm/amdgpu.ids: No such file or directory
/opt/amdgpu/share/libdrm/amdgpu.ids: No such file or directory
/opt/amdgpu/share/libdrm/amdgpu.ids: No such file or directory
/opt/amdgpu/share/libdrm/amdgpu.ids: No such file or directory
/opt/amdgpu/share/libdrm/amdgpu.ids: No such file or directory
/opt/amdgpu/share/libdrm/amdgpu.ids: No such file or directory
/opt/amdgpu/share/libdrm/amdgpu.ids: No such file or directory
/opt/amdgpu/share/libdrm/amdgpu.ids: No such file or directory
/opt/amdgpu/share/libdrm/amdgpu.ids: No such file or directory
/opt/amdgpu/share/libdrm/amdgpu.ids: No such file or directory
/opt/amdgpu/share/libdrm/amdgpu.ids: No such file or directory
/opt/amdgpu/share/libdrm/amdgpu.ids: No such file or directory
/opt/amdgpu/share/libdrm/amdgpu.ids: No such file or directory
/opt/amdgpu/share/libdrm/amdgpu.ids: No such file or directory
/opt/amdgpu/share/libdrm/amdgpu.ids: No such file or directory
/opt/amdgpu/share/libdrm/amdgpu.ids: No such file or directory
/opt/amdgpu/share/libdrm/amdgpu.ids: No such file or directory
/opt/amdgpu/share/libdrm/amdgpu.ids: No such file or directory
/opt/amdgpu/share/libdrm/amdgpu.ids: No such file or directory
/opt/amdgpu/share/libdrm/amdgpu.ids: No such file or directory
/opt/amdgpu/share/libdrm/amdgpu.ids: No such file or directory
/opt/amdgpu/share/libdrm/amdgpu.ids: No such file or directory
/opt/amdgpu/share/libdrm/amdgpu.ids: No such file or directory
/opt/amdgpu/share/libdrm/amdgpu.ids: No such file or directory
/opt/amdgpu/share/libdrm/amdgpu.ids: No such file or directory
/opt/amdgpu/share/libdrm/amdgpu.ids: No such file or directory
/opt/amdgpu/share/libdrm/amdgpu.ids: No such file or directory
/opt/amdgpu/share/libdrm/amdgpu.ids: No such file or directory
/opt/amdgpu/share/libdrm/amdgpu.ids: No such file or directory
/opt/amdgpu/share/libdrm/amdgpu.ids: No such file or directory
/opt/amdgpu/share/libdrm/amdgpu.ids: No such file or directory
/opt/amdgpu/share/libdrm/amdgpu.ids: No such file or directory
/opt/amdgpu/share/libdrm/amdgpu.ids: No such file or directory
/opt/amdgpu/share/libdrm/amdgpu.ids: No such file or directory
/opt/amdgpu/share/libdrm/amdgpu.ids: No such file or directory
/opt/amdgpu/share/libdrm/amdgpu.ids: No such file or directory
/opt/amdgpu/share/libdrm/amdgpu.ids: No such file or directory
/opt/amdgpu/share/libdrm/amdgpu.ids: No such file or directory
/opt/amdgpu/share/libdrm/amdgpu.ids: No such file or directory
/opt/amdgpu/share/libdrm/amdgpu.ids: No such file or directory
/opt/amdgpu/share/libdrm/amdgpu.ids: No such file or directory
/opt/amdgpu/share/libdrm/amdgpu.ids: No such file or directory
/opt/amdgpu/share/libdrm/amdgpu.ids: No such file or directory
/opt/amdgpu/share/libdrm/amdgpu.ids: No such file or directory
/opt/amdgpu/share/libdrm/amdgpu.ids: No such file or directory
/opt/amdgpu/share/libdrm/amdgpu.ids: No such file or directory
/opt/amdgpu/share/libdrm/amdgpu.ids: No such file or directory
/opt/amdgpu/share/libdrm/amdgpu.ids: No such file or directory
/opt/amdgpu/share/libdrm/amdgpu.ids: No such file or directory
/opt/amdgpu/share/libdrm/amdgpu.ids: No such file or directory
/opt/amdgpu/share/libdrm/amdgpu.ids: No such file or directory
/opt/amdgpu/share/libdrm/amdgpu.ids: No such file or directory
/opt/amdgpu/share/libdrm/amdgpu.ids: No such file or directory
/opt/amdgpu/share/libdrm/amdgpu.ids: No such file or directory
/opt/amdgpu/share/libdrm/amdgpu.ids: No such file or directory
/opt/amdgpu/share/libdrm/amdgpu.ids: No such file or directory
/opt/amdgpu/share/libdrm/amdgpu.ids: No such file or directory
/opt/amdgpu/share/libdrm/amdgpu.ids: No such file or directory
/opt/amdgpu/share/libdrm/amdgpu.ids: No such file or directory
/opt/amdgpu/share/libdrm/amdgpu.ids: No such file or directory
/opt/amdgpu/share/libdrm/amdgpu.ids: No such file or directory
/opt/amdgpu/share/libdrm/amdgpu.ids: No such file or directory
/opt/amdgpu/share/libdrm/amdgpu.ids: No such file or directory
/opt/amdgpu/share/libdrm/amdgpu.ids: No such file or directory
/opt/amdgpu/share/libdrm/amdgpu.ids: No such file or directory
/opt/amdgpu/share/libdrm/amdgpu.ids: No such file or directory
Autodetected device type: cuda
[rank1]:[W903 02:37:42.806217656 HIPAllocatorConfig.h:40] Warning: expandable_segments not supported on this platform (function operator())
[rank5]:[W903 02:37:42.806467254 HIPAllocatorConfig.h:40] Warning: expandable_segments not supported on this platform (function operator())
[rank6]:[W903 02:37:42.807017051 HIPAllocatorConfig.h:40] Warning: expandable_segments not supported on this platform (function operator())
[rank7]:[W903 02:37:42.807122410 HIPAllocatorConfig.h:40] Warning: expandable_segments not supported on this platform (function operator())
[rank0]:[W903 02:37:42.807469027 HIPAllocatorConfig.h:40] Warning: expandable_segments not supported on this platform (function operator())
[rank4]:[W903 02:37:42.807469107 HIPAllocatorConfig.h:40] Warning: expandable_segments not supported on this platform (function operator())
[rank3]:[W903 02:37:42.856639212 HIPAllocatorConfig.h:40] Warning: expandable_segments not supported on this platform (function operator())
[rank2]:[W903 02:37:42.856673331 HIPAllocatorConfig.h:40] Warning: expandable_segments not supported on this platform (function operator())
2026-09-03 02:37:42,375 - nanochat.common - [32m[1mINFO[0m - Distributed world size: 8
COMPUTE_DTYPE: torch.bfloat16 (set via NANOCHAT_DTYPE=bfloat16)
2026-09-03 02:37:42,376 - nanochat.common - [33m[1mWARNING[0m - Peak flops undefined for: AMD Radeon Graphics, MFU will show as 0%
GPU: AMD Radeon Graphics | Peak FLOPS (BF16): inf
WARNING: Flash Attention 3 not available, using PyTorch SDPA fallback. Training will be less efficient.
2026-09-03 02:37:42,376 - nanochat.checkpoint_manager - [32m[1mINFO[0m - No model tag provided, guessing model tag: d20
2026-09-03 02:37:42,376 - nanochat.checkpoint_manager - [32m[1mINFO[0m - Loading model from /var/lib/hytorch/arm-catalog/base_checkpoints/d20 with step 4980
2026-09-03 02:37:42,596 - nanochat.common - [33m[1mWARNING[0m - Peak flops undefined for: AMD Radeon Graphics, MFU will show as 0%
2026-09-03 02:37:42,624 - nanochat.common - [33m[1mWARNING[0m - Peak flops undefined for: AMD Radeon Graphics, MFU will show as 0%
2026-09-03 02:37:42,910 - nanochat.common - [33m[1mWARNING[0m - Peak flops undefined for: AMD Radeon Graphics, MFU will show as 0%
2026-09-03 02:37:42,922 - nanochat.common - [33m[1mWARNING[0m - Peak flops undefined for: AMD Radeon Graphics, MFU will show as 0%
2026-09-03 02:37:42,949 - nanochat.common - [33m[1mWARNING[0m - Peak flops undefined for: AMD Radeon Graphics, MFU will show as 0%
2026-09-03 02:37:42,962 - nanochat.common - [33m[1mWARNING[0m - Peak flops undefined for: AMD Radeon Graphics, MFU will show as 0%
2026-09-03 02:37:42,988 - nanochat.common - [33m[1mWARNING[0m - Peak flops undefined for: AMD Radeon Graphics, MFU will show as 0%
2026-09-03 02:37:48,205 - nanochat.checkpoint_manager - [32m[1mINFO[0m - Building model with config: {'sequence_len': 2048, 'vocab_size': 32768, 'n_layer': 20, 'n_head': 10, 'n_kv_head': 10, 'n_embd': 1280, 'window_pattern': 'SSSL'}
[92mSuccessfully preprocessed all matching files.[0m
Inherited max_seq_len=2048 from pretrained checkpoint
Inherited device_batch_size=16 from pretrained checkpoint
Inherited total_batch_size=1048576 from pretrained checkpoint
Inherited embedding_lr=0.3 from pretrained checkpoint
Inherited unembedding_lr=0.008 from pretrained checkpoint
Inherited matrix_lr=0.02 from pretrained checkpoint
hytorch: catalog SFT runs EAGER (torch.compile skipped)
Tokens / micro-batch / rank: 16 x 2048 = 32,768
Tokens / micro-batch: 262,144
Total batch size 1,048,576 => gradient accumulation steps: 4
Scaling the LR for the AdamW parameters ∝1/√(1280/768) = 0.774597
2026-09-03 02:39:35,056 - nanochat.checkpoint_manager - [32m[1mINFO[0m - Loading optimizer state from /var/lib/hytorch/arm-catalog/base_checkpoints/d20/optim_004980_rank0.pt
Loaded optimizer state from pretrained checkpoint (momentum buffers only, LRs reset)
Training mixture: 789,759 rows (MMLU x3, GSM8K x4)
Step 00000 | Validation bpb: 1.1247
Error in sys.excepthook:
Traceback (most recent call last):
  File "/usr/local/lib/python3.12/dist-packages/torch/distributed/distributed_c10d.py", line 1842, in _distributed_excepthook
    old_hook(*args)
  File "/usr/lib/python3/dist-packages/apport_python_hook.py", line 228, in partial_apport_excepthook
    return apport_excepthook(binary, exc_type, exc_obj, exc_tb)
           ^^^^^^^^^^^^^^^^^^^^^^^^^^^^^^^^^^^^^^^^^^^^^^^^^^^^
  File "/usr/lib/python3/dist-packages/apport_python_hook.py", line 114, in apport_excepthook
    report["ExecutableTimestamp"] = str(int(os.stat(binary).st_mtime))
                                            ^^^^^^^^^^^^^^^
FileNotFoundError: [Errno 2] No such file or directory: '/opt/nanochat/-m'

Original exception was:
Traceback (most recent call last):
  File "<frozen runpy>", line 198, in _run_module_as_main
  File "<frozen runpy>", line 88, in _run_code
  File "/opt/nanochat/scripts/chat_sft.py", line 475, in <module>
    _hytorch_seam = _HytorchSeam.maybe_create(
                    ^^^^^^^^^^^^^^^^^^^^^^^^^^
  File "/opt/nanochat/nanochat/seam_shim.py", line 56, in maybe_create
    return cls(run_id, data_dir, spool, seam_bin, manifest_sha, build,
           ^^^^^^^^^^^^^^^^^^^^^^^^^^^^^^^^^^^^^^^^^^^^^^^^^^^^^^^^^^^
  File "/opt/nanochat/nanochat/seam_shim.py", line 114, in __init__
    self.client.run_start(manifest_sha, build, infra=infra,
  File "/opt/hytorch/python/hytorch/seamclient.py", line 104, in run_start
    self._wait("run-start.ack", budget_ms, consume=False)
  File "/opt/hytorch/python/hytorch/seamclient.py", line 86, in _wait
    raise BarrierTimeout(
hytorch.seamclient.BarrierTimeout: no run-start.ack within 30000 ms — KILL THE RUN (spec §5.4: no ledger-less degradation)
[rank0]:[W903 02:44:14.869536870 ProcessGroupNCCL.cpp:1553] Warning: WARNING: destroy_process_group() was not called before program exit, which can leak resources. For more info, please see https://pytorch.org/docs/stable/distributed.html#shutdown (function operator())
W0903 02:44:16.534000 15026 torch/distributed/elastic/multiprocessing/api.py:1010] Sending process 15034 closing signal SIGTERM
W0903 02:44:16.535000 15026 torch/distributed/elastic/multiprocessing/api.py:1010] Sending process 15035 closing signal SIGTERM
W0903 02:44:16.535000 15026 torch/distributed/elastic/multiprocessing/api.py:1010] Sending process 15036 closing signal SIGTERM
W0903 02:44:16.536000 15026 torch/distributed/elastic/multiprocessing/api.py:1010] Sending process 15037 closing signal SIGTERM
W0903 02:44:16.537000 15026 torch/distributed/elastic/multiprocessing/api.py:1010] Sending process 15038 closing signal SIGTERM
W0903 02:44:16.537000 15026 torch/distributed/elastic/multiprocessing/api.py:1010] Sending process 15039 closing signal SIGTERM
W0903 02:44:16.538000 15026 torch/distributed/elastic/multiprocessing/api.py:1010] Sending process 15040 closing signal SIGTERM
E0903 02:44:17.167000 15026 torch/distributed/elastic/multiprocessing/api.py:984] failed (exitcode: 1) local_rank: 0 (pid: 15033) of binary: /usr/bin/python3
Traceback (most recent call last):
  File "/usr/local/bin/torchrun", line 8, in <module>
    sys.exit(main())
             ^^^^^^
  File "/usr/local/lib/python3.12/dist-packages/torch/distributed/elastic/multiprocessing/errors/__init__.py", line 362, in wrapper
    return f(*args, **kwargs)
           ^^^^^^^^^^^^^^^^^^
  File "/usr/local/lib/python3.12/dist-packages/torch/distributed/run.py", line 991, in main
    run(args)
  File "/usr/local/lib/python3.12/dist-packages/torch/distributed/run.py", line 982, in run
    elastic_launch(
  File "/usr/local/lib/python3.12/dist-packages/torch/distributed/launcher/api.py", line 170, in __call__
    return launch_agent(self._config, self._entrypoint, list(args))
           ^^^^^^^^^^^^^^^^^^^^^^^^^^^^^^^^^^^^^^^^^^^^^^^^^^^^^^^^
  File "/usr/local/lib/python3.12/dist-packages/torch/distributed/launcher/api.py", line 317, in launch_agent
    raise ChildFailedError(
torch.distributed.elastic.multiprocessing.errors.ChildFailedError: 
============================================================
scripts.chat_sft FAILED
------------------------------------------------------------
Failures:
[1]:
  time      : 2026-09-03_02:44:17
  host      : hytorch-nano-d20-015353-a1
  rank      : 1 (local_rank: 1)
  exitcode  : -15 (pid: 15034)
  error_file: <N/A>
  traceback : Signal 15 (SIGTERM) received by PID 15034
[2]:
  time      : 2026-09-03_02:44:17
  host      : hytorch-nano-d20-015353-a1
  rank      : 2 (local_rank: 2)
  exitcode  : -15 (pid: 15035)
  error_file: <N/A>
  traceback : Signal 15 (SIGTERM) received by PID 15035
[3]:
  time      : 2026-09-03_02:44:17
  host      : hytorch-nano-d20-015353-a1
  rank      : 3 (local_rank: 3)
  exitcode  : -15 (pid: 15036)
  error_file: <N/A>
  traceback : Signal 15 (SIGTERM) received by PID 15036
[4]:
  time      : 2026-09-03_02:44:17
  host      : hytorch-nano-d20-015353-a1
  rank      : 4 (local_rank: 4)
  exitcode  : -15 (pid: 15037)
  error_file: <N/A>
  traceback : Signal 15 (SIGTERM) received by PID 15037
[5]:
  time      : 2026-09-03_02:44:17
  host      : hytorch-nano-d20-015353-a1
  rank      : 5 (local_rank: 5)
  exitcode  : -15 (pid: 15038)
  error_file: <N/A>
  traceback : Signal 15 (SIGTERM) received by PID 15038
[6]:
  time      : 2026-09-03_02:44:17
  host      : hytorch-nano-d20-015353-a1
  rank      : 6 (local_rank: 6)
  exitcode  : -15 (pid: 15039)
  error_file: <N/A>
  traceback : Signal 15 (SIGTERM) received by PID 15039
[7]:
  time      : 2026-09-03_02:44:17
  host      : hytorch-nano-d20-015353-a1
  rank      : 7 (local_rank: 7)
  exitcode  : -15 (pid: 15040)
  error_file: <N/A>
  traceback : Signal 15 (SIGTERM) received by PID 15040
------------------------------------------------------------
Root Cause (first observed failure):
[0]:
  time      : 2026-09-03_02:44:16
  host      : hytorch-nano-d20-015353-a1
  rank      : 0 (local_rank: 0)
  exitcode  : 1 (pid: 15033)
  error_file: <N/A>
  traceback : To enable traceback see: https://pytorch.org/docs/stable/elastic/errors.html
============================================================
