/opt/amdgpu/share/libdrm/amdgpu.ids: No such file or directory
/opt/amdgpu/share/libdrm/amdgpu.ids: No such file or directory
/opt/amdgpu/share/libdrm/amdgpu.ids: No such file or directory
/opt/amdgpu/share/libdrm/amdgpu.ids: No such file or directory
/opt/amdgpu/share/libdrm/amdgpu.ids: No such file or directory
/opt/amdgpu/share/libdrm/amdgpu.ids: No such file or directory
/opt/amdgpu/share/libdrm/amdgpu.ids: No such file or directory
/opt/amdgpu/share/libdrm/amdgpu.ids: No such file or directory
/opt/amdgpu/share/libdrm/amdgpu.ids: No such file or directory
/opt/amdgpu/share/libdrm/amdgpu.ids: No such file or directory
/opt/amdgpu/share/libdrm/amdgpu.ids: No such file or directory
/opt/amdgpu/share/libdrm/amdgpu.ids: No such file or directory
/opt/amdgpu/share/libdrm/amdgpu.ids: No such file or directory
/opt/amdgpu/share/libdrm/amdgpu.ids: No such file or directory
/opt/amdgpu/share/libdrm/amdgpu.ids: No such file or directory
/opt/amdgpu/share/libdrm/amdgpu.ids: No such file or directory
/opt/amdgpu/share/libdrm/amdgpu.ids: No such file or directory
/opt/amdgpu/share/libdrm/amdgpu.ids: No such file or directory
/opt/amdgpu/share/libdrm/amdgpu.ids: No such file or directory
/opt/amdgpu/share/libdrm/amdgpu.ids: No such file or directory
/opt/amdgpu/share/libdrm/amdgpu.ids: No such file or directory
/opt/amdgpu/share/libdrm/amdgpu.ids: No such file or directory
/opt/amdgpu/share/libdrm/amdgpu.ids: No such file or directory
/opt/amdgpu/share/libdrm/amdgpu.ids: No such file or directory
/opt/amdgpu/share/libdrm/amdgpu.ids: No such file or directory
/opt/amdgpu/share/libdrm/amdgpu.ids: No such file or directory
/opt/amdgpu/share/libdrm/amdgpu.ids: No such file or directory
/opt/amdgpu/share/libdrm/amdgpu.ids: No such file or directory
/opt/amdgpu/share/libdrm/amdgpu.ids: No such file or directory
/opt/amdgpu/share/libdrm/amdgpu.ids: No such file or directory
/opt/amdgpu/share/libdrm/amdgpu.ids: No such file or directory
/opt/amdgpu/share/libdrm/amdgpu.ids: No such file or directory
/opt/amdgpu/share/libdrm/amdgpu.ids: No such file or directory
/opt/amdgpu/share/libdrm/amdgpu.ids: No such file or directory
/opt/amdgpu/share/libdrm/amdgpu.ids: No such file or directory
/opt/amdgpu/share/libdrm/amdgpu.ids: No such file or directory
/opt/amdgpu/share/libdrm/amdgpu.ids: No such file or directory
/opt/amdgpu/share/libdrm/amdgpu.ids: No such file or directory
/opt/amdgpu/share/libdrm/amdgpu.ids: No such file or directory
/opt/amdgpu/share/libdrm/amdgpu.ids: No such file or directory
/opt/amdgpu/share/libdrm/amdgpu.ids: No such file or directory
/opt/amdgpu/share/libdrm/amdgpu.ids: No such file or directory
/opt/amdgpu/share/libdrm/amdgpu.ids: No such file or directory
/opt/amdgpu/share/libdrm/amdgpu.ids: No such file or directory
/opt/amdgpu/share/libdrm/amdgpu.ids: No such file or directory
/opt/amdgpu/share/libdrm/amdgpu.ids: No such file or directory
/opt/amdgpu/share/libdrm/amdgpu.ids: No such file or directory
/opt/amdgpu/share/libdrm/amdgpu.ids: No such file or directory
/opt/amdgpu/share/libdrm/amdgpu.ids: No such file or directory
/opt/amdgpu/share/libdrm/amdgpu.ids: No such file or directory
/opt/amdgpu/share/libdrm/amdgpu.ids: No such file or directory
/opt/amdgpu/share/libdrm/amdgpu.ids: No such file or directory
/opt/amdgpu/share/libdrm/amdgpu.ids: No such file or directory
/opt/amdgpu/share/libdrm/amdgpu.ids: No such file or directory
/opt/amdgpu/share/libdrm/amdgpu.ids: No such file or directory
/opt/amdgpu/share/libdrm/amdgpu.ids: No such file or directory
/opt/amdgpu/share/libdrm/amdgpu.ids: No such file or directory
/opt/amdgpu/share/libdrm/amdgpu.ids: No such file or directory
/opt/amdgpu/share/libdrm/amdgpu.ids: No such file or directory
/opt/amdgpu/share/libdrm/amdgpu.ids: No such file or directory
/opt/amdgpu/share/libdrm/amdgpu.ids: No such file or directory
/opt/amdgpu/share/libdrm/amdgpu.ids: No such file or directory
/opt/amdgpu/share/libdrm/amdgpu.ids: No such file or directory
/opt/amdgpu/share/libdrm/amdgpu.ids: No such file or directory
/opt/amdgpu/share/libdrm/amdgpu.ids: No such file or directory
/opt/amdgpu/share/libdrm/amdgpu.ids: No such file or directory
/opt/amdgpu/share/libdrm/amdgpu.ids: No such file or directory
/opt/amdgpu/share/libdrm/amdgpu.ids: No such file or directory
/opt/amdgpu/share/libdrm/amdgpu.ids: No such file or directory
/opt/amdgpu/share/libdrm/amdgpu.ids: No such file or directory
/opt/amdgpu/share/libdrm/amdgpu.ids: No such file or directory
/opt/amdgpu/share/libdrm/amdgpu.ids: No such file or directory

                                                       █████                █████
                                                      ░░███                ░░███
     ████████    ██████   ████████    ██████   ██████  ░███████    ██████  ███████
    ░░███░░███  ░░░░░███ ░░███░░███  ███░░███ ███░░███ ░███░░███  ░░░░░███░░░███░
     ░███ ░███   ███████  ░███ ░███ ░███ ░███░███ ░░░  ░███ ░███   ███████  ░███
     ░███ ░███  ███░░███  ░███ ░███ ░███ ░███░███  ███ ░███ ░███  ███░░███  ░███ ███
     ████ █████░░████████ ████ █████░░██████ ░░██████  ████ █████░░███████  ░░█████
    ░░░░ ░░░░░  ░░░░░░░░ ░░░░ ░░░░░  ░░░░░░   ░░░░░░  ░░░░ ░░░░░  ░░░░░░░░   ░░░░░
    
Autodetected device type: cuda
[rank5]:[W831 18:35:17.425029430 HIPAllocatorConfig.h:40] Warning: expandable_segments not supported on this platform (function operator())
[rank7]:[W831 18:35:17.425035159 HIPAllocatorConfig.h:40] Warning: expandable_segments not supported on this platform (function operator())
[rank1]:[W831 18:35:17.425035259 HIPAllocatorConfig.h:40] Warning: expandable_segments not supported on this platform (function operator())
[rank6]:[W831 18:35:17.425061079 HIPAllocatorConfig.h:40] Warning: expandable_segments not supported on this platform (function operator())
[rank2]:[W831 18:35:17.425061099 HIPAllocatorConfig.h:40] Warning: expandable_segments not supported on this platform (function operator())
[rank0]:[W831 18:35:17.425070689 HIPAllocatorConfig.h:40] Warning: expandable_segments not supported on this platform (function operator())
[rank3]:[W831 18:35:17.425107778 HIPAllocatorConfig.h:40] Warning: expandable_segments not supported on this platform (function operator())
[rank4]:[W831 18:35:17.425126888 HIPAllocatorConfig.h:40] Warning: expandable_segments not supported on this platform (function operator())
2026-08-31 18:35:17,401 - nanochat.common - [33m[1mWARNING[0m - Peak flops undefined for: AMD Radeon Graphics, MFU will show as 0%
2026-08-31 18:35:17,401 - nanochat.common - [33m[1mWARNING[0m - Peak flops undefined for: AMD Radeon Graphics, MFU will show as 0%
2026-08-31 18:35:17,401 - nanochat.common - [33m[1mWARNING[0m - Peak flops undefined for: AMD Radeon Graphics, MFU will show as 0%
2026-08-31 18:35:17,401 - nanochat.common - [33m[1mWARNING[0m - Peak flops undefined for: AMD Radeon Graphics, MFU will show as 0%
2026-08-31 18:35:17,401 - nanochat.common - [33m[1mWARNING[0m - Peak flops undefined for: AMD Radeon Graphics, MFU will show as 0%
2026-08-31 18:35:17,401 - nanochat.common - [33m[1mWARNING[0m - Peak flops undefined for: AMD Radeon Graphics, MFU will show as 0%
2026-08-31 18:35:17,401 - nanochat.common - [33m[1mWARNING[0m - Peak flops undefined for: AMD Radeon Graphics, MFU will show as 0%
2026-08-31 18:35:17,401 - nanochat.common - [32m[1mINFO[0m - Distributed world size: 8
2026-08-31 18:35:17,401 - nanochat.common - [33m[1mWARNING[0m - Peak flops undefined for: AMD Radeon Graphics, MFU will show as 0%
GPU: AMD Radeon Graphics | Peak FLOPS (BF16): inf
COMPUTE_DTYPE: torch.bfloat16 (set via NANOCHAT_DTYPE=bfloat16)
!!!!!!!!!!!!!!!!!!!!!!!!!!!!!!!!!!!!!!!!!!!!!!!!!!!!!!!!!!!!!!!!!!!!!!!!!!!!!!!!
WARNING: Flash Attention 3 not available, using PyTorch SDPA fallback
WARNING: Training will be less efficient without FA3
WARNING: SDPA has no support for sliding window attention (window_pattern='SSSL'). Your GPU utilization will be terrible.
WARNING: Recommend using --window-pattern L for full context attention without alternating sliding window patterns.
!!!!!!!!!!!!!!!!!!!!!!!!!!!!!!!!!!!!!!!!!!!!!!!!!!!!!!!!!!!!!!!!!!!!!!!!!!!!!!!!
Vocab size: 32,768
Model config:
{
  "sequence_len": 2048,
  "vocab_size": 32768,
  "n_layer": 12,
  "n_head": 6,
  "n_kv_head": 6,
  "n_embd": 768,
  "window_pattern": "SSSL"
}
Resuming optimization from step 160
hytorch: catalog arm runs EAGER (torch.compile skipped)
hytorch: catalog arm runs EAGER (torch.compile skipped)
hytorch: catalog arm runs EAGER (torch.compile skipped)hytorch: catalog arm runs EAGER (torch.compile skipped)

hytorch: catalog arm runs EAGER (torch.compile skipped)
hytorch: catalog arm runs EAGER (torch.compile skipped)
Parameter counts:
wte                     : 25,165,824
value_embeds            : 150,994,944
lm_head                 : 25,165,824
transformer_matrices    : 84,935,088
scalars                 : 50
total                   : 286,261,730
Estimated FLOPs per token: 7.596960e+08
hytorch: catalog arm runs EAGER (torch.compile skipped)
hytorch: catalog arm runs EAGER (torch.compile skipped)
Auto-computed optimal batch size: 524,288 tokens
Scaling the LR for the AdamW parameters ∝1/√(768/768) = 1.000000
[92mSuccessfully preprocessed all matching files.[0m
Using user-provided number of iterations: 300
Total number of training tokens: 157,286,400
Tokens : Scaling params ratio: 1.43
Total training FLOPs estimate: 1.194899e+17
Tokens / micro-batch / rank: 16 x 2048 = 32,768
Tokens / micro-batch: 262,144
Total batch size 524,288 => gradient accumulation steps: 2
step 00160/00300 (53.33%) | loss: 5.509322 | lrm: 0.73 | dt: 8095.07ms | tok/sec: 64,766 | bf16_mfu: 0.00 | epoch: 1 pq: 2 rg: 8 | total time: 7.07m | eta: 6.6m
step 00161/00300 (53.67%) | loss: 5.514819 | lrm: 0.73 | dt: 2572.74ms | tok/sec: 203,786 | bf16_mfu: 0.00 | epoch: 1 pq: 2 rg: 8 | total time: 7.12m | eta: 6.6m
step 00162/00300 (54.00%) | loss: 5.506055 | lrm: 0.72 | dt: 2406.09ms | tok/sec: 217,900 | bf16_mfu: 0.00 | epoch: 1 pq: 2 rg: 8 | total time: 7.16m | eta: 6.5m
step 00163/00300 (54.33%) | loss: 5.502543 | lrm: 0.72 | dt: 2408.53ms | tok/sec: 217,679 | bf16_mfu: 0.00 | epoch: 1 pq: 2 rg: 8 | total time: 7.20m | eta: 6.4m
step 00164/00300 (54.67%) | loss: 5.508803 | lrm: 0.71 | dt: 2426.08ms | tok/sec: 216,105 | bf16_mfu: 0.00 | epoch: 1 pq: 2 rg: 8 | total time: 7.24m | eta: 6.4m
step 00165/00300 (55.00%) | loss: 5.500392 | lrm: 0.71 | dt: 2428.55ms | tok/sec: 215,885 | bf16_mfu: 0.00 | epoch: 1 pq: 2 rg: 8 | total time: 7.28m | eta: 6.3m
step 00166/00300 (55.33%) | loss: 5.486285 | lrm: 0.70 | dt: 2425.87ms | tok/sec: 216,123 | bf16_mfu: 0.00 | epoch: 1 pq: 2 rg: 8 | total time: 7.32m | eta: 6.3m
step 00167/00300 (55.67%) | loss: 5.483653 | lrm: 0.70 | dt: 2437.86ms | tok/sec: 215,061 | bf16_mfu: 0.00 | epoch: 1 pq: 2 rg: 8 | total time: 7.36m | eta: 6.2m
step 00168/00300 (56.00%) | loss: 5.486231 | lrm: 0.69 | dt: 2408.76ms | tok/sec: 217,659 | bf16_mfu: 0.00 | epoch: 1 pq: 2 rg: 8 | total time: 7.40m | eta: 6.2m
step 00169/00300 (56.33%) | loss: 5.484700 | lrm: 0.69 | dt: 2403.61ms | tok/sec: 218,125 | bf16_mfu: 0.00 | epoch: 1 pq: 2 rg: 8 | total time: 7.44m | eta: 6.1m
step 00170/00300 (56.67%) | loss: 5.476312 | lrm: 0.68 | dt: 2454.92ms | tok/sec: 213,566 | bf16_mfu: 0.00 | epoch: 1 pq: 2 rg: 16 | total time: 7.48m | eta: 6.1m
step 00171/00300 (57.00%) | loss: 5.476271 | lrm: 0.68 | dt: 2446.39ms | tok/sec: 214,310 | bf16_mfu: 0.00 | epoch: 1 pq: 2 rg: 16 | total time: 7.52m | eta: 6.0m
step 00172/00300 (57.33%) | loss: 5.472542 | lrm: 0.67 | dt: 2442.97ms | tok/sec: 214,611 | bf16_mfu: 0.00 | epoch: 1 pq: 2 rg: 16 | total time: 7.56m | eta: 6.0m
step 00173/00300 (57.67%) | loss: 5.471953 | lrm: 0.67 | dt: 2452.35ms | tok/sec: 213,789 | bf16_mfu: 0.00 | epoch: 1 pq: 2 rg: 16 | total time: 7.60m | eta: 5.9m
step 00174/00300 (58.00%) | loss: 5.475420 | lrm: 0.66 | dt: 2439.40ms | tok/sec: 214,924 | bf16_mfu: 0.00 | epoch: 1 pq: 2 rg: 16 | total time: 7.64m | eta: 5.9m
step 00175/00300 (58.33%) | loss: 5.474257 | lrm: 0.66 | dt: 2444.86ms | tok/sec: 214,444 | bf16_mfu: 0.00 | epoch: 1 pq: 2 rg: 16 | total time: 7.68m | eta: 5.8m
step 00176/00300 (58.67%) | loss: 5.473361 | lrm: 0.65 | dt: 2448.61ms | tok/sec: 214,116 | bf16_mfu: 0.00 | epoch: 1 pq: 2 rg: 16 | total time: 7.72m | eta: 5.8m
step 00177/00300 (59.00%) | loss: 5.471522 | lrm: 0.65 | dt: 2445.29ms | tok/sec: 214,406 | bf16_mfu: 0.00 | epoch: 1 pq: 2 rg: 16 | total time: 7.77m | eta: 5.7m
step 00178/00300 (59.33%) | loss: 5.469011 | lrm: 0.64 | dt: 2463.52ms | tok/sec: 212,820 | bf16_mfu: 0.00 | epoch: 1 pq: 2 rg: 24 | total time: 7.81m | eta: 5.7m
step 00179/00300 (59.67%) | loss: 5.466132 | lrm: 0.64 | dt: 2454.39ms | tok/sec: 213,612 | bf16_mfu: 0.00 | epoch: 1 pq: 2 rg: 24 | total time: 7.85m | eta: 5.6m
step 00180/00300 (60.00%) | loss: 5.462506 | lrm: 0.63 | dt: 2443.65ms | tok/sec: 214,550 | bf16_mfu: 0.00 | epoch: 1 pq: 2 rg: 24 | total time: 7.89m | eta: 5.6m
step 00181/00300 (60.33%) | loss: 5.459658 | lrm: 0.63 | dt: 2446.88ms | tok/sec: 214,268 | bf16_mfu: 0.00 | epoch: 1 pq: 2 rg: 24 | total time: 7.93m | eta: 5.5m
step 00182/00300 (60.67%) | loss: 5.457899 | lrm: 0.62 | dt: 2487.62ms | tok/sec: 210,759 | bf16_mfu: 0.00 | epoch: 1 pq: 2 rg: 24 | total time: 7.97m | eta: 5.5m
step 00183/00300 (61.00%) | loss: 5.466705 | lrm: 0.62 | dt: 2472.98ms | tok/sec: 212,006 | bf16_mfu: 0.00 | epoch: 1 pq: 2 rg: 24 | total time: 8.01m | eta: 5.4m
step 00184/00300 (61.33%) | loss: 5.466506 | lrm: 0.62 | dt: 2475.44ms | tok/sec: 211,796 | bf16_mfu: 0.00 | epoch: 1 pq: 2 rg: 24 | total time: 8.05m | eta: 5.4m
step 00185/00300 (61.67%) | loss: 5.460113 | lrm: 0.61 | dt: 2478.28ms | tok/sec: 211,553 | bf16_mfu: 0.00 | epoch: 1 pq: 2 rg: 24 | total time: 8.09m | eta: 5.3m
step 00186/00300 (62.00%) | loss: 5.457886 | lrm: 0.61 | dt: 2488.86ms | tok/sec: 210,653 | bf16_mfu: 0.00 | epoch: 1 pq: 2 rg: 32 | total time: 8.14m | eta: 5.3m
step 00187/00300 (62.33%) | loss: 5.464246 | lrm: 0.60 | dt: 2504.08ms | tok/sec: 209,373 | bf16_mfu: 0.00 | epoch: 1 pq: 2 rg: 32 | total time: 8.18m | eta: 5.2m
step 00188/00300 (62.67%) | loss: 5.460868 | lrm: 0.60 | dt: 2469.34ms | tok/sec: 212,318 | bf16_mfu: 0.00 | epoch: 1 pq: 2 rg: 32 | total time: 8.22m | eta: 5.2m
step 00189/00300 (63.00%) | loss: 5.460234 | lrm: 0.59 | dt: 2481.69ms | tok/sec: 211,262 | bf16_mfu: 0.00 | epoch: 1 pq: 2 rg: 32 | total time: 8.26m | eta: 5.1m
step 00190/00300 (63.33%) | loss: 5.450027 | lrm: 0.59 | dt: 2472.90ms | tok/sec: 212,013 | bf16_mfu: 0.00 | epoch: 1 pq: 2 rg: 32 | total time: 8.30m | eta: 5.1m
step 00191/00300 (63.67%) | loss: 5.445736 | lrm: 0.58 | dt: 2477.64ms | tok/sec: 211,608 | bf16_mfu: 0.00 | epoch: 1 pq: 2 rg: 32 | total time: 8.34m | eta: 5.0m
step 00192/00300 (64.00%) | loss: 5.453446 | lrm: 0.58 | dt: 2494.70ms | tok/sec: 210,160 | bf16_mfu: 0.00 | epoch: 1 pq: 2 rg: 32 | total time: 8.38m | eta: 5.0m
step 00193/00300 (64.33%) | loss: 5.458099 | lrm: 0.57 | dt: 2485.15ms | tok/sec: 210,968 | bf16_mfu: 0.00 | epoch: 1 pq: 2 rg: 32 | total time: 8.43m | eta: 4.9m
step 00194/00300 (64.67%) | loss: 5.468469 | lrm: 0.57 | dt: 2495.17ms | tok/sec: 210,121 | bf16_mfu: 0.00 | epoch: 1 pq: 2 rg: 40 | total time: 8.47m | eta: 4.9m
step 00195/00300 (65.00%) | loss: 5.471801 | lrm: 0.56 | dt: 2482.19ms | tok/sec: 211,220 | bf16_mfu: 0.00 | epoch: 1 pq: 2 rg: 40 | total time: 8.51m | eta: 4.8m
step 00196/00300 (65.33%) | loss: 5.489772 | lrm: 0.56 | dt: 2486.43ms | tok/sec: 210,860 | bf16_mfu: 0.00 | epoch: 1 pq: 2 rg: 40 | total time: 8.55m | eta: 4.8m
step 00197/00300 (65.67%) | loss: 5.498642 | lrm: 0.55 | dt: 2488.62ms | tok/sec: 210,673 | bf16_mfu: 0.00 | epoch: 1 pq: 2 rg: 40 | total time: 8.59m | eta: 4.7m
step 00198/00300 (66.00%) | loss: 5.500500 | lrm: 0.55 | dt: 2483.07ms | tok/sec: 211,144 | bf16_mfu: 0.00 | epoch: 1 pq: 2 rg: 40 | total time: 8.63m | eta: 4.7m
2026-08-31 18:38:51,521 - nanochat.checkpoint_manager - [32m[1mINFO[0m - Saved optimizer state to: /var/lib/hytorch/arm-catalog/base_checkpoints/d12/optim_000200_rank4.pt
2026-08-31 18:38:51,521 - nanochat.checkpoint_manager - [32m[1mINFO[0m - Saved optimizer state to: /var/lib/hytorch/arm-catalog/base_checkpoints/d12/optim_000200_rank6.pt
2026-08-31 18:38:51,522 - nanochat.checkpoint_manager - [32m[1mINFO[0m - Saved optimizer state to: /var/lib/hytorch/arm-catalog/base_checkpoints/d12/optim_000200_rank2.pt
2026-08-31 18:38:51,522 - nanochat.checkpoint_manager - [32m[1mINFO[0m - Saved optimizer state to: /var/lib/hytorch/arm-catalog/base_checkpoints/d12/optim_000200_rank3.pt
2026-08-31 18:38:51,523 - nanochat.checkpoint_manager - [32m[1mINFO[0m - Saved optimizer state to: /var/lib/hytorch/arm-catalog/base_checkpoints/d12/optim_000200_rank7.pt
2026-08-31 18:38:51,524 - nanochat.checkpoint_manager - [32m[1mINFO[0m - Saved optimizer state to: /var/lib/hytorch/arm-catalog/base_checkpoints/d12/optim_000200_rank1.pt
2026-08-31 18:38:51,526 - nanochat.checkpoint_manager - [32m[1mINFO[0m - Saved optimizer state to: /var/lib/hytorch/arm-catalog/base_checkpoints/d12/optim_000200_rank5.pt
step 00199/00300 (66.33%) | loss: 5.488544 | lrm: 0.54 | dt: 2501.63ms | tok/sec: 209,578 | bf16_mfu: 0.00 | epoch: 1 pq: 2 rg: 40 | total time: 8.67m | eta: 4.6m
2026-08-31 18:38:51,898 - nanochat.checkpoint_manager - [32m[1mINFO[0m - Saved model parameters to: /var/lib/hytorch/arm-catalog/base_checkpoints/d12/model_000200.pt
2026-08-31 18:38:51,899 - nanochat.checkpoint_manager - [32m[1mINFO[0m - Saved metadata to: /var/lib/hytorch/arm-catalog/base_checkpoints/d12/meta_000200.json
2026-08-31 18:38:51,958 - nanochat.checkpoint_manager - [32m[1mINFO[0m - Saved optimizer state to: /var/lib/hytorch/arm-catalog/base_checkpoints/d12/optim_000200_rank0.pt
step 00200/00300 (66.67%) | loss: 5.491201 | lrm: 0.54 | dt: 22847.57ms | tok/sec: 22,947 | bf16_mfu: 0.00 | epoch: 1 pq: 2 rg: 40 | total time: 9.06m | eta: 4.8m
step 00201/00300 (67.00%) | loss: 5.483150 | lrm: 0.53 | dt: 2426.85ms | tok/sec: 216,036 | bf16_mfu: 0.00 | epoch: 1 pq: 2 rg: 48 | total time: 9.10m | eta: 4.7m
step 00202/00300 (67.33%) | loss: 5.472697 | lrm: 0.53 | dt: 2417.47ms | tok/sec: 216,874 | bf16_mfu: 0.00 | epoch: 1 pq: 2 rg: 48 | total time: 9.14m | eta: 4.7m
step 00203/00300 (67.67%) | loss: 5.469192 | lrm: 0.52 | dt: 2418.26ms | tok/sec: 216,804 | bf16_mfu: 0.00 | epoch: 1 pq: 2 rg: 48 | total time: 9.18m | eta: 4.6m
step 00204/00300 (68.00%) | loss: 5.460712 | lrm: 0.52 | dt: 2420.84ms | tok/sec: 216,572 | bf16_mfu: 0.00 | epoch: 1 pq: 2 rg: 48 | total time: 9.22m | eta: 4.6m
step 00205/00300 (68.33%) | loss: 5.457534 | lrm: 0.51 | dt: 2421.61ms | tok/sec: 216,503 | bf16_mfu: 0.00 | epoch: 1 pq: 2 rg: 48 | total time: 9.26m | eta: 4.5m
step 00206/00300 (68.67%) | loss: 5.452658 | lrm: 0.51 | dt: 2410.92ms | tok/sec: 217,463 | bf16_mfu: 0.00 | epoch: 1 pq: 2 rg: 48 | total time: 9.30m | eta: 4.5m
step 00207/00300 (69.00%) | loss: 5.452612 | lrm: 0.50 | dt: 2411.15ms | tok/sec: 217,443 | bf16_mfu: 0.00 | epoch: 1 pq: 2 rg: 48 | total time: 9.34m | eta: 4.4m
step 00208/00300 (69.33%) | loss: 5.447743 | lrm: 0.50 | dt: 2425.18ms | tok/sec: 216,185 | bf16_mfu: 0.00 | epoch: 1 pq: 2 rg: 48 | total time: 9.38m | eta: 4.4m
step 00209/00300 (69.67%) | loss: 5.442083 | lrm: 0.49 | dt: 2417.57ms | tok/sec: 216,865 | bf16_mfu: 0.00 | epoch: 1 pq: 2 rg: 56 | total time: 9.42m | eta: 4.3m
step 00210/00300 (70.00%) | loss: 5.434876 | lrm: 0.49 | dt: 2408.72ms | tok/sec: 217,662 | bf16_mfu: 0.00 | epoch: 1 pq: 2 rg: 56 | total time: 9.46m | eta: 4.3m
step 00211/00300 (70.33%) | loss: 5.431094 | lrm: 0.48 | dt: 2410.99ms | tok/sec: 217,457 | bf16_mfu: 0.00 | epoch: 1 pq: 2 rg: 56 | total time: 9.50m | eta: 4.2m
step 00212/00300 (70.67%) | loss: 5.420371 | lrm: 0.48 | dt: 2411.07ms | tok/sec: 217,450 | bf16_mfu: 0.00 | epoch: 1 pq: 2 rg: 56 | total time: 9.54m | eta: 4.2m
step 00213/00300 (71.00%) | loss: 5.425820 | lrm: 0.47 | dt: 2415.68ms | tok/sec: 217,035 | bf16_mfu: 0.00 | epoch: 1 pq: 2 rg: 56 | total time: 9.58m | eta: 4.1m
step 00214/00300 (71.33%) | loss: 5.428923 | lrm: 0.47 | dt: 2418.60ms | tok/sec: 216,773 | bf16_mfu: 0.00 | epoch: 1 pq: 2 rg: 56 | total time: 9.62m | eta: 4.1m
step 00215/00300 (71.67%) | loss: 5.431679 | lrm: 0.46 | dt: 2432.49ms | tok/sec: 215,535 | bf16_mfu: 0.00 | epoch: 1 pq: 2 rg: 56 | total time: 9.66m | eta: 4.0m
step 00216/00300 (72.00%) | loss: 5.433015 | lrm: 0.46 | dt: 2437.54ms | tok/sec: 215,088 | bf16_mfu: 0.00 | epoch: 1 pq: 2 rg: 64 | total time: 9.70m | eta: 4.0m
step 00217/00300 (72.33%) | loss: 5.431665 | lrm: 0.45 | dt: 2413.68ms | tok/sec: 217,215 | bf16_mfu: 0.00 | epoch: 1 pq: 2 rg: 64 | total time: 9.74m | eta: 3.9m
step 00218/00300 (72.67%) | loss: 5.426634 | lrm: 0.45 | dt: 2413.49ms | tok/sec: 217,232 | bf16_mfu: 0.00 | epoch: 1 pq: 2 rg: 64 | total time: 9.78m | eta: 3.9m
step 00219/00300 (73.00%) | loss: 5.426074 | lrm: 0.44 | dt: 2411.65ms | tok/sec: 217,397 | bf16_mfu: 0.00 | epoch: 1 pq: 2 rg: 64 | total time: 9.82m | eta: 3.8m
step 00220/00300 (73.33%) | loss: 5.423528 | lrm: 0.44 | dt: 2437.79ms | tok/sec: 215,067 | bf16_mfu: 0.00 | epoch: 1 pq: 2 rg: 64 | total time: 9.86m | eta: 3.8m
step 00221/00300 (73.67%) | loss: 5.419542 | lrm: 0.43 | dt: 2415.70ms | tok/sec: 217,033 | bf16_mfu: 0.00 | epoch: 1 pq: 2 rg: 64 | total time: 9.90m | eta: 3.7m
step 00222/00300 (74.00%) | loss: 5.416916 | lrm: 0.43 | dt: 2416.95ms | tok/sec: 216,921 | bf16_mfu: 0.00 | epoch: 1 pq: 2 rg: 64 | total time: 9.94m | eta: 3.7m
step 00223/00300 (74.33%) | loss: 5.408056 | lrm: 0.43 | dt: 2416.01ms | tok/sec: 217,005 | bf16_mfu: 0.00 | epoch: 1 pq: 2 rg: 64 | total time: 9.98m | eta: 3.6m
step 00224/00300 (74.67%) | loss: 5.414619 | lrm: 0.42 | dt: 2421.65ms | tok/sec: 216,500 | bf16_mfu: 0.00 | epoch: 1 pq: 2 rg: 72 | total time: 10.02m | eta: 3.6m
step 00225/00300 (75.00%) | loss: 5.407288 | lrm: 0.42 | dt: 2410.35ms | tok/sec: 217,515 | bf16_mfu: 0.00 | epoch: 1 pq: 2 rg: 72 | total time: 10.06m | eta: 3.5m
step 00226/00300 (75.33%) | loss: 5.399449 | lrm: 0.41 | dt: 2412.69ms | tok/sec: 217,304 | bf16_mfu: 0.00 | epoch: 1 pq: 2 rg: 72 | total time: 10.10m | eta: 3.5m
step 00227/00300 (75.67%) | loss: 5.388168 | lrm: 0.41 | dt: 2427.50ms | tok/sec: 215,978 | bf16_mfu: 0.00 | epoch: 1 pq: 2 rg: 72 | total time: 10.14m | eta: 3.4m
step 00228/00300 (76.00%) | loss: 5.385570 | lrm: 0.40 | dt: 2432.20ms | tok/sec: 215,561 | bf16_mfu: 0.00 | epoch: 1 pq: 2 rg: 72 | total time: 10.18m | eta: 3.4m
step 00229/00300 (76.33%) | loss: 5.391773 | lrm: 0.40 | dt: 2418.90ms | tok/sec: 216,746 | bf16_mfu: 0.00 | epoch: 1 pq: 2 rg: 72 | total time: 10.22m | eta: 3.3m
step 00230/00300 (76.67%) | loss: 5.392394 | lrm: 0.39 | dt: 2418.91ms | tok/sec: 216,745 | bf16_mfu: 0.00 | epoch: 1 pq: 2 rg: 72 | total time: 10.26m | eta: 3.3m
step 00231/00300 (77.00%) | loss: 5.405484 | lrm: 0.39 | dt: 2429.82ms | tok/sec: 215,772 | bf16_mfu: 0.00 | epoch: 1 pq: 2 rg: 72 | total time: 10.31m | eta: 3.2m
step 00232/00300 (77.33%) | loss: 5.417129 | lrm: 0.38 | dt: 2424.49ms | tok/sec: 216,246 | bf16_mfu: 0.00 | epoch: 1 pq: 2 rg: 80 | total time: 10.35m | eta: 3.2m
step 00233/00300 (77.67%) | loss: 5.423979 | lrm: 0.38 | dt: 2414.51ms | tok/sec: 217,140 | bf16_mfu: 0.00 | epoch: 1 pq: 2 rg: 80 | total time: 10.39m | eta: 3.1m
step 00234/00300 (78.00%) | loss: 5.429873 | lrm: 0.37 | dt: 2410.09ms | tok/sec: 217,539 | bf16_mfu: 0.00 | epoch: 1 pq: 2 rg: 80 | total time: 10.43m | eta: 3.1m
step 00235/00300 (78.33%) | loss: 5.438721 | lrm: 0.37 | dt: 2411.86ms | tok/sec: 217,379 | bf16_mfu: 0.00 | epoch: 1 pq: 2 rg: 80 | total time: 10.47m | eta: 3.0m
step 00236/00300 (78.67%) | loss: 5.443165 | lrm: 0.36 | dt: 2412.54ms | tok/sec: 217,318 | bf16_mfu: 0.00 | epoch: 1 pq: 2 rg: 80 | total time: 10.51m | eta: 3.0m
step 00237/00300 (79.00%) | loss: 5.445243 | lrm: 0.36 | dt: 2423.46ms | tok/sec: 216,338 | bf16_mfu: 0.00 | epoch: 1 pq: 2 rg: 80 | total time: 10.55m | eta: 2.9m
step 00238/00300 (79.33%) | loss: 5.444916 | lrm: 0.35 | dt: 2413.50ms | tok/sec: 217,231 | bf16_mfu: 0.00 | epoch: 1 pq: 2 rg: 80 | total time: 10.59m | eta: 2.9m
2026-08-31 18:40:49,156 - nanochat.checkpoint_manager - [32m[1mINFO[0m - Saved optimizer state to: /var/lib/hytorch/arm-catalog/base_checkpoints/d12/optim_000240_rank7.pt
2026-08-31 18:40:49,158 - nanochat.checkpoint_manager - [32m[1mINFO[0m - Saved optimizer state to: /var/lib/hytorch/arm-catalog/base_checkpoints/d12/optim_000240_rank6.pt
2026-08-31 18:40:49,158 - nanochat.checkpoint_manager - [32m[1mINFO[0m - Saved optimizer state to: /var/lib/hytorch/arm-catalog/base_checkpoints/d12/optim_000240_rank4.pt
2026-08-31 18:40:49,159 - nanochat.checkpoint_manager - [32m[1mINFO[0m - Saved optimizer state to: /var/lib/hytorch/arm-catalog/base_checkpoints/d12/optim_000240_rank5.pt
2026-08-31 18:40:49,159 - nanochat.checkpoint_manager - [32m[1mINFO[0m - Saved optimizer state to: /var/lib/hytorch/arm-catalog/base_checkpoints/d12/optim_000240_rank3.pt
2026-08-31 18:40:49,160 - nanochat.checkpoint_manager - [32m[1mINFO[0m - Saved optimizer state to: /var/lib/hytorch/arm-catalog/base_checkpoints/d12/optim_000240_rank1.pt
2026-08-31 18:40:49,162 - nanochat.checkpoint_manager - [32m[1mINFO[0m - Saved optimizer state to: /var/lib/hytorch/arm-catalog/base_checkpoints/d12/optim_000240_rank2.pt
step 00239/00300 (79.67%) | loss: 5.436976 | lrm: 0.35 | dt: 2443.82ms | tok/sec: 214,536 | bf16_mfu: 0.00 | epoch: 1 pq: 3 rg: 0 | total time: 10.63m | eta: 2.8m
2026-08-31 18:40:49,497 - nanochat.checkpoint_manager - [32m[1mINFO[0m - Saved model parameters to: /var/lib/hytorch/arm-catalog/base_checkpoints/d12/model_000240.pt
2026-08-31 18:40:49,497 - nanochat.checkpoint_manager - [32m[1mINFO[0m - Saved metadata to: /var/lib/hytorch/arm-catalog/base_checkpoints/d12/meta_000240.json
2026-08-31 18:40:49,554 - nanochat.checkpoint_manager - [32m[1mINFO[0m - Saved optimizer state to: /var/lib/hytorch/arm-catalog/base_checkpoints/d12/optim_000240_rank0.pt
step 00240/00300 (80.00%) | loss: 5.433903 | lrm: 0.34 | dt: 2377.92ms | tok/sec: 220,481 | bf16_mfu: 0.00 | epoch: 1 pq: 3 rg: 0 | total time: 10.67m | eta: 2.8m
step 00241/00300 (80.33%) | loss: 5.426380 | lrm: 0.34 | dt: 2395.41ms | tok/sec: 218,871 | bf16_mfu: 0.00 | epoch: 1 pq: 3 rg: 0 | total time: 10.71m | eta: 2.7m
step 00242/00300 (80.67%) | loss: 5.423811 | lrm: 0.33 | dt: 2389.78ms | tok/sec: 219,388 | bf16_mfu: 0.00 | epoch: 1 pq: 3 rg: 0 | total time: 10.75m | eta: 2.7m
step 00243/00300 (81.00%) | loss: 5.418745 | lrm: 0.33 | dt: 3138.62ms | tok/sec: 167,043 | bf16_mfu: 0.00 | epoch: 1 pq: 3 rg: 0 | total time: 10.80m | eta: 2.6m
step 00244/00300 (81.33%) | loss: 5.413471 | lrm: 0.32 | dt: 2387.45ms | tok/sec: 219,601 | bf16_mfu: 0.00 | epoch: 1 pq: 3 rg: 0 | total time: 10.84m | eta: 2.6m
step 00245/00300 (81.67%) | loss: 5.408795 | lrm: 0.32 | dt: 2459.79ms | tok/sec: 213,143 | bf16_mfu: 0.00 | epoch: 1 pq: 3 rg: 0 | total time: 10.88m | eta: 2.5m
step 00246/00300 (82.00%) | loss: 5.405541 | lrm: 0.31 | dt: 2386.31ms | tok/sec: 219,706 | bf16_mfu: 0.00 | epoch: 1 pq: 3 rg: 0 | total time: 10.92m | eta: 2.5m
step 00247/00300 (82.33%) | loss: 5.407466 | lrm: 0.31 | dt: 2395.75ms | tok/sec: 218,840 | bf16_mfu: 0.00 | epoch: 1 pq: 3 rg: 8 | total time: 10.96m | eta: 2.5m
step 00248/00300 (82.67%) | loss: 5.417285 | lrm: 0.30 | dt: 2385.88ms | tok/sec: 219,746 | bf16_mfu: 0.00 | epoch: 1 pq: 3 rg: 8 | total time: 11.00m | eta: 2.4m
step 00249/00300 (83.00%) | loss: 5.423297 | lrm: 0.30 | dt: 2381.55ms | tok/sec: 220,145 | bf16_mfu: 0.00 | epoch: 1 pq: 3 rg: 8 | total time: 11.04m | eta: 2.4m
step 00250/00300 (83.33%) | loss: 5.426015 | lrm: 0.29 | dt: 14626.07ms | tok/sec: 35,846 | bf16_mfu: 0.00 | epoch: 1 pq: 3 rg: 8 | total time: 11.28m | eta: 2.4m
step 00251/00300 (83.67%) | loss: 5.417943 | lrm: 0.29 | dt: 2382.37ms | tok/sec: 220,070 | bf16_mfu: 0.00 | epoch: 1 pq: 3 rg: 8 | total time: 11.32m | eta: 2.3m
step 00252/00300 (84.00%) | loss: 5.426363 | lrm: 0.28 | dt: 2392.30ms | tok/sec: 219,156 | bf16_mfu: 0.00 | epoch: 1 pq: 3 rg: 8 | total time: 11.36m | eta: 2.3m
step 00253/00300 (84.33%) | loss: 5.428218 | lrm: 0.28 | dt: 2394.60ms | tok/sec: 218,946 | bf16_mfu: 0.00 | epoch: 1 pq: 3 rg: 8 | total time: 11.40m | eta: 2.2m
step 00254/00300 (84.67%) | loss: 5.426061 | lrm: 0.27 | dt: 2389.44ms | tok/sec: 219,418 | bf16_mfu: 0.00 | epoch: 1 pq: 3 rg: 8 | total time: 11.44m | eta: 2.2m
step 00255/00300 (85.00%) | loss: 5.430630 | lrm: 0.27 | dt: 2412.47ms | tok/sec: 217,324 | bf16_mfu: 0.00 | epoch: 1 pq: 3 rg: 16 | total time: 11.48m | eta: 2.1m
step 00256/00300 (85.33%) | loss: 5.422722 | lrm: 0.26 | dt: 2384.61ms | tok/sec: 219,863 | bf16_mfu: 0.00 | epoch: 1 pq: 3 rg: 16 | total time: 11.52m | eta: 2.1m
step 00257/00300 (85.67%) | loss: 5.414898 | lrm: 0.26 | dt: 2435.84ms | tok/sec: 215,239 | bf16_mfu: 0.00 | epoch: 1 pq: 3 rg: 16 | total time: 11.56m | eta: 2.0m
step 00258/00300 (86.00%) | loss: 5.419092 | lrm: 0.25 | dt: 2388.73ms | tok/sec: 219,484 | bf16_mfu: 0.00 | epoch: 1 pq: 3 rg: 16 | total time: 11.60m | eta: 2.0m
step 00259/00300 (86.33%) | loss: 5.425989 | lrm: 0.25 | dt: 2395.06ms | tok/sec: 218,904 | bf16_mfu: 0.00 | epoch: 1 pq: 3 rg: 16 | total time: 11.64m | eta: 1.9m
step 00260/00300 (86.67%) | loss: 5.417228 | lrm: 0.24 | dt: 2388.89ms | tok/sec: 219,469 | bf16_mfu: 0.00 | epoch: 1 pq: 3 rg: 16 | total time: 11.68m | eta: 1.9m
step 00261/00300 (87.00%) | loss: 5.413849 | lrm: 0.24 | dt: 2425.32ms | tok/sec: 216,172 | bf16_mfu: 0.00 | epoch: 1 pq: 3 rg: 16 | total time: 11.72m | eta: 1.8m
step 00262/00300 (87.33%) | loss: 5.405361 | lrm: 0.24 | dt: 2406.41ms | tok/sec: 217,871 | bf16_mfu: 0.00 | epoch: 1 pq: 3 rg: 24 | total time: 11.76m | eta: 1.8m
step 00263/00300 (87.67%) | loss: 5.404153 | lrm: 0.23 | dt: 2397.06ms | tok/sec: 218,720 | bf16_mfu: 0.00 | epoch: 1 pq: 3 rg: 24 | total time: 11.80m | eta: 1.7m
step 00264/00300 (88.00%) | loss: 5.396992 | lrm: 0.23 | dt: 2385.88ms | tok/sec: 219,746 | bf16_mfu: 0.00 | epoch: 1 pq: 3 rg: 24 | total time: 11.84m | eta: 1.7m
step 00265/00300 (88.33%) | loss: 5.400046 | lrm: 0.22 | dt: 2410.40ms | tok/sec: 217,510 | bf16_mfu: 0.00 | epoch: 1 pq: 3 rg: 24 | total time: 11.88m | eta: 1.6m
step 00266/00300 (88.67%) | loss: 5.401753 | lrm: 0.22 | dt: 2402.26ms | tok/sec: 218,247 | bf16_mfu: 0.00 | epoch: 1 pq: 3 rg: 24 | total time: 11.92m | eta: 1.6m
step 00267/00300 (89.00%) | loss: 5.400182 | lrm: 0.21 | dt: 2402.66ms | tok/sec: 218,211 | bf16_mfu: 0.00 | epoch: 1 pq: 3 rg: 24 | total time: 11.96m | eta: 1.5m
step 00268/00300 (89.33%) | loss: 5.392668 | lrm: 0.21 | dt: 2407.17ms | tok/sec: 217,802 | bf16_mfu: 0.00 | epoch: 1 pq: 3 rg: 24 | total time: 12.00m | eta: 1.5m
step 00269/00300 (89.67%) | loss: 5.386552 | lrm: 0.20 | dt: 2401.72ms | tok/sec: 218,296 | bf16_mfu: 0.00 | epoch: 1 pq: 3 rg: 32 | total time: 12.04m | eta: 1.4m
step 00270/00300 (90.00%) | loss: 5.392501 | lrm: 0.20 | dt: 2397.06ms | tok/sec: 218,721 | bf16_mfu: 0.00 | epoch: 1 pq: 3 rg: 32 | total time: 12.08m | eta: 1.4m
step 00271/00300 (90.33%) | loss: 5.391337 | lrm: 0.19 | dt: 2400.32ms | tok/sec: 218,424 | bf16_mfu: 0.00 | epoch: 1 pq: 3 rg: 32 | total time: 12.12m | eta: 1.3m
step 00272/00300 (90.67%) | loss: 5.392017 | lrm: 0.19 | dt: 2400.08ms | tok/sec: 218,446 | bf16_mfu: 0.00 | epoch: 1 pq: 3 rg: 32 | total time: 12.16m | eta: 1.3m
step 00273/00300 (91.00%) | loss: 5.388940 | lrm: 0.18 | dt: 2410.24ms | tok/sec: 217,524 | bf16_mfu: 0.00 | epoch: 1 pq: 3 rg: 32 | total time: 12.20m | eta: 1.3m
step 00274/00300 (91.33%) | loss: 5.377606 | lrm: 0.18 | dt: 2401.06ms | tok/sec: 218,356 | bf16_mfu: 0.00 | epoch: 1 pq: 3 rg: 32 | total time: 12.24m | eta: 1.2m
step 00275/00300 (91.67%) | loss: 5.374965 | lrm: 0.17 | dt: 2402.98ms | tok/sec: 218,182 | bf16_mfu: 0.00 | epoch: 1 pq: 3 rg: 32 | total time: 12.28m | eta: 1.2m
step 00276/00300 (92.00%) | loss: 5.378440 | lrm: 0.17 | dt: 2396.99ms | tok/sec: 218,727 | bf16_mfu: 0.00 | epoch: 1 pq: 3 rg: 32 | total time: 12.32m | eta: 1.1m
step 00277/00300 (92.33%) | loss: 5.376935 | lrm: 0.16 | dt: 2405.42ms | tok/sec: 217,960 | bf16_mfu: 0.00 | epoch: 1 pq: 3 rg: 40 | total time: 12.36m | eta: 1.1m
step 00278/00300 (92.67%) | loss: 5.382649 | lrm: 0.16 | dt: 2392.83ms | tok/sec: 219,107 | bf16_mfu: 0.00 | epoch: 1 pq: 3 rg: 40 | total time: 12.40m | eta: 1.0m
2026-08-31 18:42:38,507 - nanochat.checkpoint_manager - [32m[1mINFO[0m - Saved optimizer state to: /var/lib/hytorch/arm-catalog/base_checkpoints/d12/optim_000280_rank4.pt
2026-08-31 18:42:38,509 - nanochat.checkpoint_manager - [32m[1mINFO[0m - Saved optimizer state to: /var/lib/hytorch/arm-catalog/base_checkpoints/d12/optim_000280_rank5.pt
2026-08-31 18:42:38,509 - nanochat.checkpoint_manager - [32m[1mINFO[0m - Saved optimizer state to: /var/lib/hytorch/arm-catalog/base_checkpoints/d12/optim_000280_rank7.pt
2026-08-31 18:42:38,510 - nanochat.checkpoint_manager - [32m[1mINFO[0m - Saved optimizer state to: /var/lib/hytorch/arm-catalog/base_checkpoints/d12/optim_000280_rank3.pt
2026-08-31 18:42:38,510 - nanochat.checkpoint_manager - [32m[1mINFO[0m - Saved optimizer state to: /var/lib/hytorch/arm-catalog/base_checkpoints/d12/optim_000280_rank1.pt
2026-08-31 18:42:38,511 - nanochat.checkpoint_manager - [32m[1mINFO[0m - Saved optimizer state to: /var/lib/hytorch/arm-catalog/base_checkpoints/d12/optim_000280_rank6.pt
2026-08-31 18:42:38,511 - nanochat.checkpoint_manager - [32m[1mINFO[0m - Saved optimizer state to: /var/lib/hytorch/arm-catalog/base_checkpoints/d12/optim_000280_rank2.pt
step 00279/00300 (93.00%) | loss: 5.385486 | lrm: 0.15 | dt: 2420.27ms | tok/sec: 216,623 | bf16_mfu: 0.00 | epoch: 1 pq: 3 rg: 40 | total time: 12.44m | eta: 1.0m
2026-08-31 18:42:38,856 - nanochat.checkpoint_manager - [32m[1mINFO[0m - Saved model parameters to: /var/lib/hytorch/arm-catalog/base_checkpoints/d12/model_000280.pt
2026-08-31 18:42:38,856 - nanochat.checkpoint_manager - [32m[1mINFO[0m - Saved metadata to: /var/lib/hytorch/arm-catalog/base_checkpoints/d12/meta_000280.json
2026-08-31 18:42:38,913 - nanochat.checkpoint_manager - [32m[1mINFO[0m - Saved optimizer state to: /var/lib/hytorch/arm-catalog/base_checkpoints/d12/optim_000280_rank0.pt
step 00280/00300 (93.33%) | loss: 5.386856 | lrm: 0.15 | dt: 2383.85ms | tok/sec: 219,933 | bf16_mfu: 0.00 | epoch: 1 pq: 3 rg: 40 | total time: 12.48m | eta: 0.9m
step 00281/00300 (93.67%) | loss: 5.394782 | lrm: 0.14 | dt: 2381.67ms | tok/sec: 220,134 | bf16_mfu: 0.00 | epoch: 1 pq: 3 rg: 40 | total time: 12.52m | eta: 0.9m
step 00282/00300 (94.00%) | loss: 5.396882 | lrm: 0.14 | dt: 2382.55ms | tok/sec: 220,053 | bf16_mfu: 0.00 | epoch: 1 pq: 3 rg: 40 | total time: 12.56m | eta: 0.8m
step 00283/00300 (94.33%) | loss: 5.399413 | lrm: 0.13 | dt: 3056.16ms | tok/sec: 171,551 | bf16_mfu: 0.00 | epoch: 1 pq: 3 rg: 40 | total time: 12.61m | eta: 0.8m
step 00284/00300 (94.67%) | loss: 5.398119 | lrm: 0.13 | dt: 2379.57ms | tok/sec: 220,328 | bf16_mfu: 0.00 | epoch: 1 pq: 3 rg: 48 | total time: 12.65m | eta: 0.7m
step 00285/00300 (95.00%) | loss: 5.390385 | lrm: 0.12 | dt: 2373.50ms | tok/sec: 220,892 | bf16_mfu: 0.00 | epoch: 1 pq: 3 rg: 48 | total time: 12.69m | eta: 0.7m
step 00286/00300 (95.33%) | loss: 5.390407 | lrm: 0.12 | dt: 2375.06ms | tok/sec: 220,747 | bf16_mfu: 0.00 | epoch: 1 pq: 3 rg: 48 | total time: 12.73m | eta: 0.6m
step 00287/00300 (95.67%) | loss: 5.382294 | lrm: 0.11 | dt: 2370.63ms | tok/sec: 221,159 | bf16_mfu: 0.00 | epoch: 1 pq: 3 rg: 48 | total time: 12.77m | eta: 0.6m
step 00288/00300 (96.00%) | loss: 5.385039 | lrm: 0.11 | dt: 2375.85ms | tok/sec: 220,673 | bf16_mfu: 0.00 | epoch: 1 pq: 3 rg: 48 | total time: 12.81m | eta: 0.6m
step 00289/00300 (96.33%) | loss: 5.381639 | lrm: 0.10 | dt: 2378.53ms | tok/sec: 220,425 | bf16_mfu: 0.00 | epoch: 1 pq: 3 rg: 48 | total time: 12.85m | eta: 0.5m
step 00290/00300 (96.67%) | loss: 5.388641 | lrm: 0.10 | dt: 2386.08ms | tok/sec: 219,727 | bf16_mfu: 0.00 | epoch: 1 pq: 3 rg: 48 | total time: 12.89m | eta: 0.5m
step 00291/00300 (97.00%) | loss: 5.394808 | lrm: 0.09 | dt: 2395.97ms | tok/sec: 218,820 | bf16_mfu: 0.00 | epoch: 1 pq: 3 rg: 48 | total time: 12.93m | eta: 0.4m
step 00292/00300 (97.33%) | loss: 5.404266 | lrm: 0.09 | dt: 2398.57ms | tok/sec: 218,583 | bf16_mfu: 0.00 | epoch: 1 pq: 3 rg: 56 | total time: 12.97m | eta: 0.4m
step 00293/00300 (97.67%) | loss: 5.411054 | lrm: 0.08 | dt: 2385.03ms | tok/sec: 219,824 | bf16_mfu: 0.00 | epoch: 1 pq: 3 rg: 56 | total time: 13.01m | eta: 0.3m
step 00294/00300 (98.00%) | loss: 5.424686 | lrm: 0.08 | dt: 2379.79ms | tok/sec: 220,308 | bf16_mfu: 0.00 | epoch: 1 pq: 3 rg: 56 | total time: 13.05m | eta: 0.3m
step 00295/00300 (98.33%) | loss: 5.422323 | lrm: 0.07 | dt: 2380.37ms | tok/sec: 220,254 | bf16_mfu: 0.00 | epoch: 1 pq: 3 rg: 56 | total time: 13.09m | eta: 0.2m
step 00296/00300 (98.67%) | loss: 5.422424 | lrm: 0.07 | dt: 2387.80ms | tok/sec: 219,569 | bf16_mfu: 0.00 | epoch: 1 pq: 3 rg: 56 | total time: 13.13m | eta: 0.2m
step 00297/00300 (99.00%) | loss: 5.418897 | lrm: 0.06 | dt: 2375.24ms | tok/sec: 220,730 | bf16_mfu: 0.00 | epoch: 1 pq: 3 rg: 56 | total time: 13.17m | eta: 0.1m
step 00298/00300 (99.33%) | loss: 5.413233 | lrm: 0.06 | dt: 2381.48ms | tok/sec: 220,152 | bf16_mfu: 0.00 | epoch: 1 pq: 3 rg: 56 | total time: 13.21m | eta: 0.1m
step 00299/00300 (99.67%) | loss: 5.406926 | lrm: 0.05 | dt: 2402.38ms | tok/sec: 218,237 | bf16_mfu: 0.00 | epoch: 1 pq: 3 rg: 64 | total time: 13.25m | eta: 0.0m
2026-08-31 18:43:27,250 - nanochat.checkpoint_manager - [32m[1mINFO[0m - Saved optimizer state to: /var/lib/hytorch/arm-catalog/base_checkpoints/d12/optim_000300_rank4.pt
2026-08-31 18:43:27,252 - nanochat.checkpoint_manager - [32m[1mINFO[0m - Saved optimizer state to: /var/lib/hytorch/arm-catalog/base_checkpoints/d12/optim_000300_rank7.pt
2026-08-31 18:43:27,255 - nanochat.checkpoint_manager - [32m[1mINFO[0m - Saved optimizer state to: /var/lib/hytorch/arm-catalog/base_checkpoints/d12/optim_000300_rank1.pt
2026-08-31 18:43:27,255 - nanochat.checkpoint_manager - [32m[1mINFO[0m - Saved optimizer state to: /var/lib/hytorch/arm-catalog/base_checkpoints/d12/optim_000300_rank3.pt
2026-08-31 18:43:27,255 - nanochat.checkpoint_manager - [32m[1mINFO[0m - Saved optimizer state to: /var/lib/hytorch/arm-catalog/base_checkpoints/d12/optim_000300_rank5.pt
2026-08-31 18:43:27,255 - nanochat.checkpoint_manager - [32m[1mINFO[0m - Saved optimizer state to: /var/lib/hytorch/arm-catalog/base_checkpoints/d12/optim_000300_rank6.pt
2026-08-31 18:43:27,256 - nanochat.checkpoint_manager - [32m[1mINFO[0m - Saved optimizer state to: /var/lib/hytorch/arm-catalog/base_checkpoints/d12/optim_000300_rank2.pt
2026-08-31 18:43:28,236 - nanochat.checkpoint_manager - [32m[1mINFO[0m - Saved model parameters to: /var/lib/hytorch/arm-catalog/base_checkpoints/d12/model_000300.pt
2026-08-31 18:43:28,237 - nanochat.checkpoint_manager - [32m[1mINFO[0m - Saved metadata to: /var/lib/hytorch/arm-catalog/base_checkpoints/d12/meta_000300.json
2026-08-31 18:43:28,419 - nanochat.checkpoint_manager - [32m[1mINFO[0m - Saved optimizer state to: /var/lib/hytorch/arm-catalog/base_checkpoints/d12/optim_000300_rank0.pt
Peak memory usage: 30613.16MiB
Total training time: 13.25m
